[0.490s] DEBUG:colcon:Command line arguments: ['/usr/bin/colcon', 'build', '--packages-select', 'rt_ros2']
[0.491s] DEBUG:colcon:Parsed command line arguments: Namespace(log_base=None, log_level=None, verb_name='build', build_base='build', install_base='install', merge_install=False, symlink_install=False, test_result_base=None, continue_on_error=False, executor='parallel', parallel_workers=4, event_handlers=None, ignore_user_meta=False, metas=['./colcon.meta'], base_paths=['.'], packages_ignore=None, packages_ignore_regex=None, paths=None, packages_up_to=None, packages_up_to_regex=None, packages_above=None, packages_above_and_dependencies=None, packages_above_depth=None, packages_select_by_dep=None, packages_skip_by_dep=None, packages_skip_up_to=None, packages_select_build_failed=False, packages_skip_build_finished=False, packages_select_test_failures=False, packages_skip_test_passed=False, packages_select=['rt_ros2'], packages_skip=None, packages_select_regex=None, packages_skip_regex=None, packages_start=None, packages_end=None, allow_overriding=[], cmake_args=None, cmake_target=None, cmake_target_skip_unavailable=False, cmake_clean_cache=False, cmake_clean_first=False, cmake_force_configure=False, ament_cmake_args=None, catkin_cmake_args=None, catkin_skip_building_tests=False, verb_parser=<colcon_defaults.argument_parser.defaults.DefaultArgumentsDecorator object at 0xffffb42d1d20>, verb_extension=<colcon_core.verb.build.BuildVerb object at 0xffffb42d1840>, main=<bound method BuildVerb.main of <colcon_core.verb.build.BuildVerb object at 0xffffb42d1840>>)
[1.306s] Level 1:colcon.colcon_core.package_discovery:discover_packages(colcon_meta) check parameters
[1.306s] Level 1:colcon.colcon_core.package_discovery:discover_packages(recursive) check parameters
[1.307s] Level 1:colcon.colcon_core.package_discovery:discover_packages(ignore) check parameters
[1.307s] Level 1:colcon.colcon_core.package_discovery:discover_packages(path) check parameters
[1.307s] Level 1:colcon.colcon_core.package_discovery:discover_packages(colcon_meta) discover
[1.307s] Level 1:colcon.colcon_core.package_discovery:discover_packages(recursive) discover
[1.308s] INFO:colcon.colcon_core.package_discovery:Crawling recursively for packages in '/code/brickpi'
[1.308s] Level 1:colcon.colcon_core.package_identification:_identify(.) by extensions ['ignore', 'ignore_ament_install']
[1.309s] Level 1:colcon.colcon_core.package_identification:_identify(.) by extension 'ignore'
[1.309s] Level 1:colcon.colcon_core.package_identification:_identify(.) by extension 'ignore_ament_install'
[1.309s] Level 1:colcon.colcon_core.package_identification:_identify(.) by extensions ['colcon_pkg']
[1.309s] Level 1:colcon.colcon_core.package_identification:_identify(.) by extension 'colcon_pkg'
[1.310s] Level 1:colcon.colcon_core.package_identification:_identify(.) by extensions ['colcon_meta']
[1.310s] Level 1:colcon.colcon_core.package_identification:_identify(.) by extension 'colcon_meta'
[1.310s] Level 1:colcon.colcon_core.package_identification:_identify(.) by extensions ['ros']
[1.310s] Level 1:colcon.colcon_core.package_identification:_identify(.) by extension 'ros'
[1.362s] Level 1:colcon.colcon_core.package_identification:_identify(.) by extensions ['cmake', 'python']
[1.363s] Level 1:colcon.colcon_core.package_identification:_identify(.) by extension 'cmake'
[1.363s] Level 1:colcon.colcon_core.package_identification:_identify(.) by extension 'python'
[1.363s] Level 1:colcon.colcon_core.package_identification:_identify(.) by extensions ['python_setup_py']
[1.363s] Level 1:colcon.colcon_core.package_identification:_identify(.) by extension 'python_setup_py'
[1.364s] Level 1:colcon.colcon_core.package_identification:_identify(brickpi3_charlie) by extensions ['ignore', 'ignore_ament_install']
[1.365s] Level 1:colcon.colcon_core.package_identification:_identify(brickpi3_charlie) by extension 'ignore'
[1.365s] Level 1:colcon.colcon_core.package_identification:_identify(brickpi3_charlie) by extension 'ignore_ament_install'
[1.365s] Level 1:colcon.colcon_core.package_identification:_identify(brickpi3_charlie) by extensions ['colcon_pkg']
[1.366s] Level 1:colcon.colcon_core.package_identification:_identify(brickpi3_charlie) by extension 'colcon_pkg'
[1.366s] Level 1:colcon.colcon_core.package_identification:_identify(brickpi3_charlie) by extensions ['colcon_meta']
[1.366s] Level 1:colcon.colcon_core.package_identification:_identify(brickpi3_charlie) by extension 'colcon_meta'
[1.366s] Level 1:colcon.colcon_core.package_identification:_identify(brickpi3_charlie) by extensions ['ros']
[1.366s] Level 1:colcon.colcon_core.package_identification:_identify(brickpi3_charlie) by extension 'ros'
[1.377s] DEBUG:colcon.colcon_core.package_identification:Package 'brickpi3_charlie' with type 'ros.ament_python' and name 'brickpi3_charlie'
[1.378s] Level 1:colcon.colcon_core.package_identification:_identify(brickpi3_motors) by extensions ['ignore', 'ignore_ament_install']
[1.378s] Level 1:colcon.colcon_core.package_identification:_identify(brickpi3_motors) by extension 'ignore'
[1.378s] Level 1:colcon.colcon_core.package_identification:_identify(brickpi3_motors) by extension 'ignore_ament_install'
[1.379s] Level 1:colcon.colcon_core.package_identification:_identify(brickpi3_motors) by extensions ['colcon_pkg']
[1.379s] Level 1:colcon.colcon_core.package_identification:_identify(brickpi3_motors) by extension 'colcon_pkg'
[1.379s] Level 1:colcon.colcon_core.package_identification:_identify(brickpi3_motors) by extensions ['colcon_meta']
[1.379s] Level 1:colcon.colcon_core.package_identification:_identify(brickpi3_motors) by extension 'colcon_meta'
[1.379s] Level 1:colcon.colcon_core.package_identification:_identify(brickpi3_motors) by extensions ['ros']
[1.380s] Level 1:colcon.colcon_core.package_identification:_identify(brickpi3_motors) by extension 'ros'
[1.382s] DEBUG:colcon.colcon_core.package_identification:Package 'brickpi3_motors' with type 'ros.ament_cmake' and name 'brickpi3_motors'
[1.383s] Level 1:colcon.colcon_core.package_identification:_identify(brickpi3_sensors) by extensions ['ignore', 'ignore_ament_install']
[1.383s] Level 1:colcon.colcon_core.package_identification:_identify(brickpi3_sensors) by extension 'ignore'
[1.384s] Level 1:colcon.colcon_core.package_identification:_identify(brickpi3_sensors) by extension 'ignore_ament_install'
[1.384s] Level 1:colcon.colcon_core.package_identification:_identify(brickpi3_sensors) by extensions ['colcon_pkg']
[1.384s] Level 1:colcon.colcon_core.package_identification:_identify(brickpi3_sensors) by extension 'colcon_pkg'
[1.385s] Level 1:colcon.colcon_core.package_identification:_identify(brickpi3_sensors) by extensions ['colcon_meta']
[1.385s] Level 1:colcon.colcon_core.package_identification:_identify(brickpi3_sensors) by extension 'colcon_meta'
[1.385s] Level 1:colcon.colcon_core.package_identification:_identify(brickpi3_sensors) by extensions ['ros']
[1.386s] Level 1:colcon.colcon_core.package_identification:_identify(brickpi3_sensors) by extension 'ros'
[1.388s] DEBUG:colcon.colcon_core.package_identification:Package 'brickpi3_sensors' with type 'ros.ament_python' and name 'brickpi3_sensors'
[1.389s] Level 1:colcon.colcon_core.package_identification:_identify(build) by extensions ['ignore', 'ignore_ament_install']
[1.389s] Level 1:colcon.colcon_core.package_identification:_identify(build) by extension 'ignore'
[1.390s] Level 1:colcon.colcon_core.package_identification:_identify(build) ignored
[1.390s] Level 1:colcon.colcon_core.package_identification:_identify(docker) by extensions ['ignore', 'ignore_ament_install']
[1.391s] Level 1:colcon.colcon_core.package_identification:_identify(docker) by extension 'ignore'
[1.392s] Level 1:colcon.colcon_core.package_identification:_identify(docker) by extension 'ignore_ament_install'
[1.392s] Level 1:colcon.colcon_core.package_identification:_identify(docker) by extensions ['colcon_pkg']
[1.392s] Level 1:colcon.colcon_core.package_identification:_identify(docker) by extension 'colcon_pkg'
[1.393s] Level 1:colcon.colcon_core.package_identification:_identify(docker) by extensions ['colcon_meta']
[1.393s] Level 1:colcon.colcon_core.package_identification:_identify(docker) by extension 'colcon_meta'
[1.393s] Level 1:colcon.colcon_core.package_identification:_identify(docker) by extensions ['ros']
[1.393s] Level 1:colcon.colcon_core.package_identification:_identify(docker) by extension 'ros'
[1.394s] Level 1:colcon.colcon_core.package_identification:_identify(docker) by extensions ['cmake', 'python']
[1.394s] Level 1:colcon.colcon_core.package_identification:_identify(docker) by extension 'cmake'
[1.394s] Level 1:colcon.colcon_core.package_identification:_identify(docker) by extension 'python'
[1.395s] Level 1:colcon.colcon_core.package_identification:_identify(docker) by extensions ['python_setup_py']
[1.395s] Level 1:colcon.colcon_core.package_identification:_identify(docker) by extension 'python_setup_py'
[1.395s] Level 1:colcon.colcon_core.package_identification:_identify(docker/brickpi3) by extensions ['ignore', 'ignore_ament_install']
[1.396s] Level 1:colcon.colcon_core.package_identification:_identify(docker/brickpi3) by extension 'ignore'
[1.396s] Level 1:colcon.colcon_core.package_identification:_identify(docker/brickpi3) by extension 'ignore_ament_install'
[1.396s] Level 1:colcon.colcon_core.package_identification:_identify(docker/brickpi3) by extensions ['colcon_pkg']
[1.397s] Level 1:colcon.colcon_core.package_identification:_identify(docker/brickpi3) by extension 'colcon_pkg'
[1.397s] Level 1:colcon.colcon_core.package_identification:_identify(docker/brickpi3) by extensions ['colcon_meta']
[1.397s] Level 1:colcon.colcon_core.package_identification:_identify(docker/brickpi3) by extension 'colcon_meta'
[1.397s] Level 1:colcon.colcon_core.package_identification:_identify(docker/brickpi3) by extensions ['ros']
[1.397s] Level 1:colcon.colcon_core.package_identification:_identify(docker/brickpi3) by extension 'ros'
[1.398s] Level 1:colcon.colcon_core.package_identification:_identify(docker/brickpi3) by extensions ['cmake', 'python']
[1.398s] Level 1:colcon.colcon_core.package_identification:_identify(docker/brickpi3) by extension 'cmake'
[1.398s] Level 1:colcon.colcon_core.package_identification:_identify(docker/brickpi3) by extension 'python'
[1.398s] Level 1:colcon.colcon_core.package_identification:_identify(docker/brickpi3) by extensions ['python_setup_py']
[1.399s] Level 1:colcon.colcon_core.package_identification:_identify(docker/brickpi3) by extension 'python_setup_py'
[1.399s] Level 1:colcon.colcon_core.package_identification:_identify(ev3_sensor_msgs) by extensions ['ignore', 'ignore_ament_install']
[1.400s] Level 1:colcon.colcon_core.package_identification:_identify(ev3_sensor_msgs) by extension 'ignore'
[1.400s] Level 1:colcon.colcon_core.package_identification:_identify(ev3_sensor_msgs) by extension 'ignore_ament_install'
[1.400s] Level 1:colcon.colcon_core.package_identification:_identify(ev3_sensor_msgs) by extensions ['colcon_pkg']
[1.400s] Level 1:colcon.colcon_core.package_identification:_identify(ev3_sensor_msgs) by extension 'colcon_pkg'
[1.401s] Level 1:colcon.colcon_core.package_identification:_identify(ev3_sensor_msgs) by extensions ['colcon_meta']
[1.401s] Level 1:colcon.colcon_core.package_identification:_identify(ev3_sensor_msgs) by extension 'colcon_meta'
[1.401s] Level 1:colcon.colcon_core.package_identification:_identify(ev3_sensor_msgs) by extensions ['ros']
[1.401s] Level 1:colcon.colcon_core.package_identification:_identify(ev3_sensor_msgs) by extension 'ros'
[1.404s] DEBUG:colcon.colcon_core.package_identification:Package 'ev3_sensor_msgs' with type 'ros.ament_cmake' and name 'ev3_sensor_msgs'
[1.405s] Level 1:colcon.colcon_core.package_identification:_identify(install) by extensions ['ignore', 'ignore_ament_install']
[1.405s] Level 1:colcon.colcon_core.package_identification:_identify(install) by extension 'ignore'
[1.405s] Level 1:colcon.colcon_core.package_identification:_identify(install) ignored
[1.406s] Level 1:colcon.colcon_core.package_identification:_identify(log) by extensions ['ignore', 'ignore_ament_install']
[1.412s] Level 1:colcon.colcon_core.package_identification:_identify(log) by extension 'ignore'
[1.413s] Level 1:colcon.colcon_core.package_identification:_identify(log) ignored
[1.413s] Level 1:colcon.colcon_core.package_identification:_identify(rt_ros2) by extensions ['ignore', 'ignore_ament_install']
[1.414s] Level 1:colcon.colcon_core.package_identification:_identify(rt_ros2) by extension 'ignore'
[1.414s] Level 1:colcon.colcon_core.package_identification:_identify(rt_ros2) by extension 'ignore_ament_install'
[1.415s] Level 1:colcon.colcon_core.package_identification:_identify(rt_ros2) by extensions ['colcon_pkg']
[1.415s] Level 1:colcon.colcon_core.package_identification:_identify(rt_ros2) by extension 'colcon_pkg'
[1.415s] Level 1:colcon.colcon_core.package_identification:_identify(rt_ros2) by extensions ['colcon_meta']
[1.415s] Level 1:colcon.colcon_core.package_identification:_identify(rt_ros2) by extension 'colcon_meta'
[1.415s] Level 1:colcon.colcon_core.package_identification:_identify(rt_ros2) by extensions ['ros']
[1.416s] Level 1:colcon.colcon_core.package_identification:_identify(rt_ros2) by extension 'ros'
[1.419s] DEBUG:colcon.colcon_core.package_identification:Package 'rt_ros2' with type 'ros.ament_cmake' and name 'rt_ros2'
[1.420s] Level 1:colcon.colcon_core.package_discovery:discover_packages(recursive) using defaults
[1.420s] Level 1:colcon.colcon_core.package_discovery:discover_packages(ignore) discover
[1.420s] Level 1:colcon.colcon_core.package_discovery:discover_packages(ignore) using defaults
[1.420s] Level 1:colcon.colcon_core.package_discovery:discover_packages(path) discover
[1.420s] Level 1:colcon.colcon_core.package_discovery:discover_packages(path) using defaults
[1.508s] INFO:colcon.colcon_core.package_selection:Skipping not selected package 'brickpi3_motors' in 'brickpi3_motors'
[1.508s] INFO:colcon.colcon_core.package_selection:Skipping not selected package 'brickpi3_sensors' in 'brickpi3_sensors'
[1.508s] INFO:colcon.colcon_core.package_selection:Skipping not selected package 'ev3_sensor_msgs' in 'ev3_sensor_msgs'
[1.508s] INFO:colcon.colcon_core.package_selection:Skipping not selected package 'brickpi3_charlie' in 'brickpi3_charlie'
[1.510s] Level 1:colcon.colcon_core.package_discovery:discover_packages(prefix_path) check parameters
[1.511s] Level 1:colcon.colcon_core.package_discovery:discover_packages(prefix_path) discover
[1.524s] DEBUG:colcon.colcon_installed_package_information.package_discovery:Found 200 installed packages in /opt/ros/humble
[1.530s] Level 1:colcon.colcon_core.package_discovery:discover_packages(prefix_path) using defaults
[1.715s] Level 5:colcon.colcon_core.verb:set package 'rt_ros2' build argument 'cmake_args' from command line to 'None'
[1.715s] Level 5:colcon.colcon_core.verb:set package 'rt_ros2' build argument 'cmake_target' from command line to 'None'
[1.715s] Level 5:colcon.colcon_core.verb:set package 'rt_ros2' build argument 'cmake_target_skip_unavailable' from command line to 'False'
[1.715s] Level 5:colcon.colcon_core.verb:set package 'rt_ros2' build argument 'cmake_clean_cache' from command line to 'False'
[1.715s] Level 5:colcon.colcon_core.verb:set package 'rt_ros2' build argument 'cmake_clean_first' from command line to 'False'
[1.716s] Level 5:colcon.colcon_core.verb:set package 'rt_ros2' build argument 'cmake_force_configure' from command line to 'False'
[1.716s] Level 5:colcon.colcon_core.verb:set package 'rt_ros2' build argument 'ament_cmake_args' from command line to 'None'
[1.716s] Level 5:colcon.colcon_core.verb:set package 'rt_ros2' build argument 'catkin_cmake_args' from command line to 'None'
[1.716s] Level 5:colcon.colcon_core.verb:set package 'rt_ros2' build argument 'catkin_skip_building_tests' from command line to 'False'
[1.716s] DEBUG:colcon.colcon_core.verb:Building package 'rt_ros2' with the following arguments: {'ament_cmake_args': None, 'build_base': '/code/brickpi/build/rt_ros2', 'catkin_cmake_args': None, 'catkin_skip_building_tests': False, 'cmake_args': None, 'cmake_clean_cache': False, 'cmake_clean_first': False, 'cmake_force_configure': False, 'cmake_target': None, 'cmake_target_skip_unavailable': False, 'install_base': '/code/brickpi/install/rt_ros2', 'merge_install': False, 'path': '/code/brickpi/rt_ros2', 'symlink_install': False, 'test_result_base': None}
[1.717s] INFO:colcon.colcon_core.executor:Executing jobs using 'parallel' executor
[1.721s] DEBUG:colcon.colcon_parallel_executor.executor.parallel:run_until_complete
[1.722s] INFO:colcon.colcon_ros.task.ament_cmake.build:Building ROS package in '/code/brickpi/rt_ros2' with build type 'ament_cmake'
[1.723s] INFO:colcon.colcon_cmake.task.cmake.build:Building CMake package in '/code/brickpi/rt_ros2'
[1.734s] INFO:colcon.colcon_core.plugin_system:Skipping extension 'colcon_core.shell.bat': Not used on non-Windows systems
[1.735s] INFO:colcon.colcon_core.shell:Skip shell extension 'powershell' for command environment: Not usable outside of PowerShell
[1.735s] DEBUG:colcon.colcon_core.shell:Skip shell extension 'dsv' for command environment
[1.777s] DEBUG:colcon.colcon_core.event_handler.log_command:Invoking command in '/code/brickpi/build/rt_ros2': CMAKE_PREFIX_PATH=/opt/ros/humble /usr/bin/cmake --build /code/brickpi/build/rt_ros2 -- -j4 -l4
[23.601s] DEBUG:colcon.colcon_core.event_handler.log_command:Invoked command in '/code/brickpi/build/rt_ros2' returned '2': CMAKE_PREFIX_PATH=/opt/ros/humble /usr/bin/cmake --build /code/brickpi/build/rt_ros2 -- -j4 -l4
[23.603s] Level 1:colcon.colcon_core.environment:create_environment_scripts_only(rt_ros2)
[23.615s] Level 1:colcon.colcon_core.environment:checking '/code/brickpi/install/rt_ros2' for CMake module files
[23.618s] Level 1:colcon.colcon_core.environment:checking '/code/brickpi/install/rt_ros2' for CMake config files
[23.620s] Level 1:colcon.colcon_core.environment:checking '/code/brickpi/install/rt_ros2/bin'
[23.620s] Level 1:colcon.colcon_core.environment:checking '/code/brickpi/install/rt_ros2/lib/pkgconfig/rt_ros2.pc'
[23.622s] Level 1:colcon.colcon_core.environment:checking '/code/brickpi/install/rt_ros2/lib/python3.10/site-packages'
[23.624s] Level 1:colcon.colcon_core.environment:checking '/code/brickpi/install/rt_ros2/bin'
[23.625s] INFO:colcon.colcon_core.shell:Creating package script '/code/brickpi/install/rt_ros2/share/rt_ros2/package.ps1'
[23.629s] INFO:colcon.colcon_core.shell:Creating package descriptor '/code/brickpi/install/rt_ros2/share/rt_ros2/package.dsv'
[23.632s] INFO:colcon.colcon_core.shell:Creating package script '/code/brickpi/install/rt_ros2/share/rt_ros2/package.sh'
[23.637s] INFO:colcon.colcon_core.shell:Creating package script '/code/brickpi/install/rt_ros2/share/rt_ros2/package.bash'
[23.641s] INFO:colcon.colcon_core.shell:Creating package script '/code/brickpi/install/rt_ros2/share/rt_ros2/package.zsh'
[23.645s] Level 1:colcon.colcon_core.environment:create_file_with_runtime_dependencies(/code/brickpi/install/rt_ros2/share/colcon-core/packages/rt_ros2)
[23.657s] DEBUG:colcon.colcon_parallel_executor.executor.parallel:closing loop
[23.658s] DEBUG:colcon.colcon_parallel_executor.executor.parallel:loop closed
[23.658s] DEBUG:colcon.colcon_parallel_executor.executor.parallel:run_until_complete finished with '2'
[23.658s] DEBUG:colcon.colcon_core.event_reactor:joining thread
[23.682s] INFO:colcon.colcon_core.plugin_system:Skipping extension 'colcon_notification.desktop_notification.notify_send': Could not find 'notify-send'
[23.682s] INFO:colcon.colcon_core.plugin_system:Skipping extension 'colcon_notification.desktop_notification.terminal_notifier': Not used on non-Darwin systems
[23.683s] INFO:colcon.colcon_core.plugin_system:Skipping extension 'colcon_notification.desktop_notification.win32': Not used on non-Windows systems
[23.683s] INFO:colcon.colcon_notification.desktop_notification:Sending desktop notification using 'notify2'
[23.687s] DEBUG:colcon.colcon_notification.desktop_notification.notify2:Failed to initialize notify2: org.freedesktop.DBus.Error.ServiceUnknown: The name org.freedesktop.Notifications was not provided by any .service files
[23.687s] DEBUG:colcon.colcon_core.event_reactor:joined thread
[23.689s] INFO:colcon.colcon_core.shell:Creating prefix script '/code/brickpi/install/local_setup.ps1'
[23.693s] INFO:colcon.colcon_core.shell:Creating prefix util module '/code/brickpi/install/_local_setup_util_ps1.py'
[23.701s] INFO:colcon.colcon_core.shell:Creating prefix chain script '/code/brickpi/install/setup.ps1'
[23.705s] INFO:colcon.colcon_core.shell:Creating prefix script '/code/brickpi/install/local_setup.sh'
[23.709s] INFO:colcon.colcon_core.shell:Creating prefix util module '/code/brickpi/install/_local_setup_util_sh.py'
[23.712s] INFO:colcon.colcon_core.shell:Creating prefix chain script '/code/brickpi/install/setup.sh'
[23.717s] INFO:colcon.colcon_core.shell:Creating prefix script '/code/brickpi/install/local_setup.bash'
[23.720s] INFO:colcon.colcon_core.shell:Creating prefix chain script '/code/brickpi/install/setup.bash'
[23.725s] INFO:colcon.colcon_core.shell:Creating prefix script '/code/brickpi/install/local_setup.zsh'
[23.728s] INFO:colcon.colcon_core.shell:Creating prefix chain script '/code/brickpi/install/setup.zsh'
