-- The CXX compiler identification is GNU 11.4.0
-- Detecting CXX compiler ABI info
-- Detecting CXX compiler ABI info - done
-- Check for working CXX compiler: /usr/bin/c++ - skipped
-- Detecting CXX compile features
-- Detecting CXX compile features - done
-- Found ament_cmake: 1.3.14 (/opt/ros/humble/share/ament_cmake/cmake)
-- Found Python3: /usr/bin/python3 (found version "3.10.12") found components: Interpreter 
-- Override CMake install command with custom implementation using symlinks instead of copying resources
-- Found hardware_interface: 2.53.1 (/opt/ros/humble/share/hardware_interface/cmake)
-- Found rosidl_generator_c: 3.1.8 (/opt/ros/humble/share/rosidl_generator_c/cmake)
-- Found rosidl_adapter: 3.1.8 (/opt/ros/humble/share/rosidl_adapter/cmake)
-- Found rosidl_generator_cpp: 3.1.8 (/opt/ros/humble/share/rosidl_generator_cpp/cmake)
-- Using all available rosidl_typesupport_c: rosidl_typesupport_fastrtps_c;rosidl_typesupport_introspection_c
-- Using all available rosidl_typesupport_cpp: rosidl_typesupport_fastrtps_cpp;rosidl_typesupport_introspection_cpp
-- Found rmw_implementation_cmake: 6.1.2 (/opt/ros/humble/share/rmw_implementation_cmake/cmake)
-- Found rmw_fastrtps_cpp: 6.2.10 (/opt/ros/humble/share/rmw_fastrtps_cpp/cmake)
-- Found TinyXML2 via Config file: TinyXML2_DIR-NOTFOUND
-- Found OpenSSL: /usr/lib/aarch64-linux-gnu/libcrypto.so (found version "3.0.2")  
-- Found TinyXML2 via Config file: TinyXML2_DIR-NOTFOUND
-- Found FastRTPS: /opt/ros/humble/include  
-- Found TinyXML2 via Config file: TinyXML2_DIR-NOTFOUND
-- Found TinyXML2 via Config file: TinyXML2_DIR-NOTFOUND
-- Using RMW implementation 'rmw_fastrtps_cpp' as default
-- Looking for C++ include pthread.h
-- Looking for C++ include pthread.h - found
-- Performing Test CMAKE_HAVE_LIBC_PTHREAD
-- Performing Test CMAKE_HAVE_LIBC_PTHREAD - Success
-- Found Threads: TRUE  
-- Configuring done
-- Generating done
-- Build files have been written to: /code/brickpi/build/brickpi3_motors
[ 50%] [32mBuilding CXX object CMakeFiles/brickpi3_motors.dir/src/brickpi3_motors.cpp.o[0m
[100%] [32m[1mLinking CXX shared library libbrickpi3_motors.so[0m
[100%] Built target brickpi3_motors
-- Install configuration: ""
-- Execute custom install script
-- Symlinking: /code/brickpi/install/brickpi3_motors/share/brickpi3_motors//brickpi3_motors.xml
-- Symlinking: /code/brickpi/install/brickpi3_motors/include/brickpi3_motors/.DS_Store
-- Symlinking: /code/brickpi/install/brickpi3_motors/include/brickpi3_motors/._.DS_Store
-- Symlinking: /code/brickpi/install/brickpi3_motors/include/brickpi3_motors/brickpi3_motors/brickpi3_motors.hpp
-- Symlinking: /code/brickpi/install/brickpi3_motors/share/brickpi3_motors/environment/library_path.sh
-- Symlinking: /code/brickpi/install/brickpi3_motors/share/brickpi3_motors/environment/library_path.dsv
-- Symlinking: /code/brickpi/install/brickpi3_motors/share/ament_index/resource_index/package_run_dependencies/brickpi3_motors
-- Symlinking: /code/brickpi/install/brickpi3_motors/share/ament_index/resource_index/parent_prefix_path/brickpi3_motors
-- Symlinking: /code/brickpi/install/brickpi3_motors/share/brickpi3_motors/environment/ament_prefix_path.sh
-- Symlinking: /code/brickpi/install/brickpi3_motors/share/brickpi3_motors/environment/ament_prefix_path.dsv
-- Symlinking: /code/brickpi/install/brickpi3_motors/share/brickpi3_motors/environment/path.sh
-- Symlinking: /code/brickpi/install/brickpi3_motors/share/brickpi3_motors/environment/path.dsv
-- Symlinking: /code/brickpi/install/brickpi3_motors/share/brickpi3_motors/local_setup.bash
-- Symlinking: /code/brickpi/install/brickpi3_motors/share/brickpi3_motors/local_setup.sh
-- Symlinking: /code/brickpi/install/brickpi3_motors/share/brickpi3_motors/local_setup.zsh
-- Symlinking: /code/brickpi/install/brickpi3_motors/share/brickpi3_motors/local_setup.dsv
-- Symlinking: /code/brickpi/install/brickpi3_motors/share/brickpi3_motors/package.dsv
-- Symlinking: /code/brickpi/install/brickpi3_motors/share/ament_index/resource_index/packages/brickpi3_motors
-- Symlinking: /code/brickpi/install/brickpi3_motors/share/ament_index/resource_index/hardware_interface__pluginlib__plugin/brickpi3_motors
-- Symlinking: /code/brickpi/install/brickpi3_motors/share/brickpi3_motors/cmake/ament_cmake_export_targets-extras.cmake
-- Symlinking: /code/brickpi/install/brickpi3_motors/share/brickpi3_motors/cmake/ament_cmake_export_dependencies-extras.cmake
-- Symlinking: /code/brickpi/install/brickpi3_motors/share/brickpi3_motors/cmake/brickpi3_motorsConfig.cmake
-- Symlinking: /code/brickpi/install/brickpi3_motors/share/brickpi3_motors/cmake/brickpi3_motorsConfig-version.cmake
-- Symlinking: /code/brickpi/install/brickpi3_motors/share/brickpi3_motors/package.xml
-- Installing: /code/brickpi/install/brickpi3_motors/lib/libbrickpi3_motors.so
-- Set runtime path of "/code/brickpi/install/brickpi3_motors/lib/libbrickpi3_motors.so" to ""
-- Installing: /code/brickpi/install/brickpi3_motors/share/brickpi3_motors/cmake/export_brickpi3_motorsExport.cmake
-- Installing: /code/brickpi/install/brickpi3_motors/share/brickpi3_motors/cmake/export_brickpi3_motorsExport-noconfig.cmake
