[0.056s] Invoking command in '/code/brickpi/build/rt_ros2': CMAKE_PREFIX_PATH=/opt/ros/humble /usr/bin/cmake --build /code/brickpi/build/rt_ros2 -- -j4 -l4
[0.275s] [35m[1mConsolidate compiler generated dependencies of target rt_ros2[0m
[0.421s] [ 50%] [32mBuilding CXX object CMakeFiles/rt_ros2.dir/src/nodo_maquina_estados.cpp.o[0m
[0.424s] [ 50%] [32mBuilding CXX object CMakeFiles/rt_ros2.dir/src/main.cc.o[0m
[44.352s] [ 75%] [32m[1mLinking CXX executable rt_ros2[0m
[46.864s] [100%] Built target rt_ros2
[46.922s] Invoked command in '/code/brickpi/build/rt_ros2' returned '0': CMAKE_PREFIX_PATH=/opt/ros/humble /usr/bin/cmake --build /code/brickpi/build/rt_ros2 -- -j4 -l4
[46.962s] Invoking command in '/code/brickpi/build/rt_ros2': CMAKE_PREFIX_PATH=/opt/ros/humble /usr/bin/cmake --install /code/brickpi/build/rt_ros2
[46.995s] -- Install configuration: ""
[46.996s] -- Installing: /code/brickpi/install/rt_ros2/lib/rt_ros2/rt_ros2
[47.031s] -- Set runtime path of "/code/brickpi/install/rt_ros2/lib/rt_ros2/rt_ros2" to ""
[47.032s] -- Installing: /code/brickpi/install/rt_ros2/share/ament_index/resource_index/package_run_dependencies/rt_ros2
[47.035s] -- Installing: /code/brickpi/install/rt_ros2/share/ament_index/resource_index/parent_prefix_path/rt_ros2
[47.036s] -- Installing: /code/brickpi/install/rt_ros2/share/rt_ros2/environment/ament_prefix_path.sh
[47.038s] -- Installing: /code/brickpi/install/rt_ros2/share/rt_ros2/environment/ament_prefix_path.dsv
[47.040s] -- Installing: /code/brickpi/install/rt_ros2/share/rt_ros2/environment/path.sh
[47.041s] -- Installing: /code/brickpi/install/rt_ros2/share/rt_ros2/environment/path.dsv
[47.042s] -- Installing: /code/brickpi/install/rt_ros2/share/rt_ros2/local_setup.bash
[47.044s] -- Installing: /code/brickpi/install/rt_ros2/share/rt_ros2/local_setup.sh
[47.046s] -- Installing: /code/brickpi/install/rt_ros2/share/rt_ros2/local_setup.zsh
[47.048s] -- Installing: /code/brickpi/install/rt_ros2/share/rt_ros2/local_setup.dsv
[47.049s] -- Installing: /code/brickpi/install/rt_ros2/share/rt_ros2/package.dsv
[47.052s] -- Installing: /code/brickpi/install/rt_ros2/share/ament_index/resource_index/packages/rt_ros2
[47.052s] -- Installing: /code/brickpi/install/rt_ros2/share/rt_ros2/cmake/rt_ros2Config.cmake
[47.055s] -- Installing: /code/brickpi/install/rt_ros2/share/rt_ros2/cmake/rt_ros2Config-version.cmake
[47.056s] -- Installing: /code/brickpi/install/rt_ros2/share/rt_ros2/package.xml
[47.064s] Invoked command in '/code/brickpi/build/rt_ros2' returned '0': CMAKE_PREFIX_PATH=/opt/ros/humble /usr/bin/cmake --install /code/brickpi/build/rt_ros2
