[0.488s] DEBUG:colcon:Command line arguments: ['/usr/bin/colcon', 'build', '--symlink-install']
[0.488s] DEBUG:colcon:Parsed command line arguments: Namespace(log_base=None, log_level=None, verb_name='build', build_base='build', install_base='install', merge_install=False, symlink_install=True, test_result_base=None, continue_on_error=False, executor='parallel', parallel_workers=4, event_handlers=None, ignore_user_meta=False, metas=['./colcon.meta'], base_paths=['.'], packages_ignore=None, packages_ignore_regex=None, paths=None, packages_up_to=None, packages_up_to_regex=None, packages_above=None, packages_above_and_dependencies=None, packages_above_depth=None, packages_select_by_dep=None, packages_skip_by_dep=None, packages_skip_up_to=None, packages_select_build_failed=False, packages_skip_build_finished=False, packages_select_test_failures=False, packages_skip_test_passed=False, packages_select=None, packages_skip=None, packages_select_regex=None, packages_skip_regex=None, packages_start=None, packages_end=None, allow_overriding=[], cmake_args=None, cmake_target=None, cmake_target_skip_unavailable=False, cmake_clean_cache=False, cmake_clean_first=False, cmake_force_configure=False, ament_cmake_args=None, catkin_cmake_args=None, catkin_skip_building_tests=False, verb_parser=<colcon_defaults.argument_parser.defaults.DefaultArgumentsDecorator object at 0xffff9c9c5c30>, verb_extension=<colcon_core.verb.build.BuildVerb object at 0xffff9c9c5750>, main=<bound method BuildVerb.main of <colcon_core.verb.build.BuildVerb object at 0xffff9c9c5750>>)
[1.247s] Level 1:colcon.colcon_core.package_discovery:discover_packages(colcon_meta) check parameters
[1.248s] Level 1:colcon.colcon_core.package_discovery:discover_packages(recursive) check parameters
[1.248s] Level 1:colcon.colcon_core.package_discovery:discover_packages(ignore) check parameters
[1.248s] Level 1:colcon.colcon_core.package_discovery:discover_packages(path) check parameters
[1.248s] Level 1:colcon.colcon_core.package_discovery:discover_packages(colcon_meta) discover
[1.249s] Level 1:colcon.colcon_core.package_discovery:discover_packages(recursive) discover
[1.249s] INFO:colcon.colcon_core.package_discovery:Crawling recursively for packages in '/code/brickpi'
[1.249s] Level 1:colcon.colcon_core.package_identification:_identify(.) by extensions ['ignore', 'ignore_ament_install']
[1.250s] Level 1:colcon.colcon_core.package_identification:_identify(.) by extension 'ignore'
[1.250s] Level 1:colcon.colcon_core.package_identification:_identify(.) by extension 'ignore_ament_install'
[1.250s] Level 1:colcon.colcon_core.package_identification:_identify(.) by extensions ['colcon_pkg']
[1.250s] Level 1:colcon.colcon_core.package_identification:_identify(.) by extension 'colcon_pkg'
[1.251s] Level 1:colcon.colcon_core.package_identification:_identify(.) by extensions ['colcon_meta']
[1.251s] Level 1:colcon.colcon_core.package_identification:_identify(.) by extension 'colcon_meta'
[1.251s] Level 1:colcon.colcon_core.package_identification:_identify(.) by extensions ['ros']
[1.251s] Level 1:colcon.colcon_core.package_identification:_identify(.) by extension 'ros'
[1.302s] Level 1:colcon.colcon_core.package_identification:_identify(.) by extensions ['cmake', 'python']
[1.303s] Level 1:colcon.colcon_core.package_identification:_identify(.) by extension 'cmake'
[1.303s] Level 1:colcon.colcon_core.package_identification:_identify(.) by extension 'python'
[1.303s] Level 1:colcon.colcon_core.package_identification:_identify(.) by extensions ['python_setup_py']
[1.303s] Level 1:colcon.colcon_core.package_identification:_identify(.) by extension 'python_setup_py'
[1.304s] Level 1:colcon.colcon_core.package_identification:_identify(brickpi3_charlie) by extensions ['ignore', 'ignore_ament_install']
[1.304s] Level 1:colcon.colcon_core.package_identification:_identify(brickpi3_charlie) by extension 'ignore'
[1.305s] Level 1:colcon.colcon_core.package_identification:_identify(brickpi3_charlie) by extension 'ignore_ament_install'
[1.305s] Level 1:colcon.colcon_core.package_identification:_identify(brickpi3_charlie) by extensions ['colcon_pkg']
[1.305s] Level 1:colcon.colcon_core.package_identification:_identify(brickpi3_charlie) by extension 'colcon_pkg'
[1.305s] Level 1:colcon.colcon_core.package_identification:_identify(brickpi3_charlie) by extensions ['colcon_meta']
[1.305s] Level 1:colcon.colcon_core.package_identification:_identify(brickpi3_charlie) by extension 'colcon_meta'
[1.306s] Level 1:colcon.colcon_core.package_identification:_identify(brickpi3_charlie) by extensions ['ros']
[1.306s] Level 1:colcon.colcon_core.package_identification:_identify(brickpi3_charlie) by extension 'ros'
[1.316s] DEBUG:colcon.colcon_core.package_identification:Package 'brickpi3_charlie' with type 'ros.ament_python' and name 'brickpi3_charlie'
[1.317s] Level 1:colcon.colcon_core.package_identification:_identify(brickpi3_motors) by extensions ['ignore', 'ignore_ament_install']
[1.317s] Level 1:colcon.colcon_core.package_identification:_identify(brickpi3_motors) by extension 'ignore'
[1.317s] Level 1:colcon.colcon_core.package_identification:_identify(brickpi3_motors) by extension 'ignore_ament_install'
[1.318s] Level 1:colcon.colcon_core.package_identification:_identify(brickpi3_motors) by extensions ['colcon_pkg']
[1.318s] Level 1:colcon.colcon_core.package_identification:_identify(brickpi3_motors) by extension 'colcon_pkg'
[1.318s] Level 1:colcon.colcon_core.package_identification:_identify(brickpi3_motors) by extensions ['colcon_meta']
[1.318s] Level 1:colcon.colcon_core.package_identification:_identify(brickpi3_motors) by extension 'colcon_meta'
[1.318s] Level 1:colcon.colcon_core.package_identification:_identify(brickpi3_motors) by extensions ['ros']
[1.319s] Level 1:colcon.colcon_core.package_identification:_identify(brickpi3_motors) by extension 'ros'
[1.321s] DEBUG:colcon.colcon_core.package_identification:Package 'brickpi3_motors' with type 'ros.ament_cmake' and name 'brickpi3_motors'
[1.322s] Level 1:colcon.colcon_core.package_identification:_identify(brickpi3_sensors) by extensions ['ignore', 'ignore_ament_install']
[1.322s] Level 1:colcon.colcon_core.package_identification:_identify(brickpi3_sensors) by extension 'ignore'
[1.322s] Level 1:colcon.colcon_core.package_identification:_identify(brickpi3_sensors) by extension 'ignore_ament_install'
[1.323s] Level 1:colcon.colcon_core.package_identification:_identify(brickpi3_sensors) by extensions ['colcon_pkg']
[1.323s] Level 1:colcon.colcon_core.package_identification:_identify(brickpi3_sensors) by extension 'colcon_pkg'
[1.323s] Level 1:colcon.colcon_core.package_identification:_identify(brickpi3_sensors) by extensions ['colcon_meta']
[1.323s] Level 1:colcon.colcon_core.package_identification:_identify(brickpi3_sensors) by extension 'colcon_meta'
[1.323s] Level 1:colcon.colcon_core.package_identification:_identify(brickpi3_sensors) by extensions ['ros']
[1.324s] Level 1:colcon.colcon_core.package_identification:_identify(brickpi3_sensors) by extension 'ros'
[1.326s] DEBUG:colcon.colcon_core.package_identification:Package 'brickpi3_sensors' with type 'ros.ament_python' and name 'brickpi3_sensors'
[1.327s] Level 1:colcon.colcon_core.package_identification:_identify(build) by extensions ['ignore', 'ignore_ament_install']
[1.327s] Level 1:colcon.colcon_core.package_identification:_identify(build) by extension 'ignore'
[1.327s] Level 1:colcon.colcon_core.package_identification:_identify(build) ignored
[1.328s] Level 1:colcon.colcon_core.package_identification:_identify(docker) by extensions ['ignore', 'ignore_ament_install']
[1.328s] Level 1:colcon.colcon_core.package_identification:_identify(docker) by extension 'ignore'
[1.328s] Level 1:colcon.colcon_core.package_identification:_identify(docker) by extension 'ignore_ament_install'
[1.329s] Level 1:colcon.colcon_core.package_identification:_identify(docker) by extensions ['colcon_pkg']
[1.329s] Level 1:colcon.colcon_core.package_identification:_identify(docker) by extension 'colcon_pkg'
[1.329s] Level 1:colcon.colcon_core.package_identification:_identify(docker) by extensions ['colcon_meta']
[1.329s] Level 1:colcon.colcon_core.package_identification:_identify(docker) by extension 'colcon_meta'
[1.329s] Level 1:colcon.colcon_core.package_identification:_identify(docker) by extensions ['ros']
[1.330s] Level 1:colcon.colcon_core.package_identification:_identify(docker) by extension 'ros'
[1.330s] Level 1:colcon.colcon_core.package_identification:_identify(docker) by extensions ['cmake', 'python']
[1.330s] Level 1:colcon.colcon_core.package_identification:_identify(docker) by extension 'cmake'
[1.330s] Level 1:colcon.colcon_core.package_identification:_identify(docker) by extension 'python'
[1.331s] Level 1:colcon.colcon_core.package_identification:_identify(docker) by extensions ['python_setup_py']
[1.331s] Level 1:colcon.colcon_core.package_identification:_identify(docker) by extension 'python_setup_py'
[1.331s] Level 1:colcon.colcon_core.package_identification:_identify(docker/brickpi3) by extensions ['ignore', 'ignore_ament_install']
[1.332s] Level 1:colcon.colcon_core.package_identification:_identify(docker/brickpi3) by extension 'ignore'
[1.332s] Level 1:colcon.colcon_core.package_identification:_identify(docker/brickpi3) by extension 'ignore_ament_install'
[1.332s] Level 1:colcon.colcon_core.package_identification:_identify(docker/brickpi3) by extensions ['colcon_pkg']
[1.332s] Level 1:colcon.colcon_core.package_identification:_identify(docker/brickpi3) by extension 'colcon_pkg'
[1.332s] Level 1:colcon.colcon_core.package_identification:_identify(docker/brickpi3) by extensions ['colcon_meta']
[1.333s] Level 1:colcon.colcon_core.package_identification:_identify(docker/brickpi3) by extension 'colcon_meta'
[1.333s] Level 1:colcon.colcon_core.package_identification:_identify(docker/brickpi3) by extensions ['ros']
[1.333s] Level 1:colcon.colcon_core.package_identification:_identify(docker/brickpi3) by extension 'ros'
[1.333s] Level 1:colcon.colcon_core.package_identification:_identify(docker/brickpi3) by extensions ['cmake', 'python']
[1.334s] Level 1:colcon.colcon_core.package_identification:_identify(docker/brickpi3) by extension 'cmake'
[1.334s] Level 1:colcon.colcon_core.package_identification:_identify(docker/brickpi3) by extension 'python'
[1.334s] Level 1:colcon.colcon_core.package_identification:_identify(docker/brickpi3) by extensions ['python_setup_py']
[1.334s] Level 1:colcon.colcon_core.package_identification:_identify(docker/brickpi3) by extension 'python_setup_py'
[1.335s] Level 1:colcon.colcon_core.package_identification:_identify(ev3_sensor_msgs) by extensions ['ignore', 'ignore_ament_install']
[1.335s] Level 1:colcon.colcon_core.package_identification:_identify(ev3_sensor_msgs) by extension 'ignore'
[1.335s] Level 1:colcon.colcon_core.package_identification:_identify(ev3_sensor_msgs) by extension 'ignore_ament_install'
[1.335s] Level 1:colcon.colcon_core.package_identification:_identify(ev3_sensor_msgs) by extensions ['colcon_pkg']
[1.336s] Level 1:colcon.colcon_core.package_identification:_identify(ev3_sensor_msgs) by extension 'colcon_pkg'
[1.336s] Level 1:colcon.colcon_core.package_identification:_identify(ev3_sensor_msgs) by extensions ['colcon_meta']
[1.336s] Level 1:colcon.colcon_core.package_identification:_identify(ev3_sensor_msgs) by extension 'colcon_meta'
[1.336s] Level 1:colcon.colcon_core.package_identification:_identify(ev3_sensor_msgs) by extensions ['ros']
[1.336s] Level 1:colcon.colcon_core.package_identification:_identify(ev3_sensor_msgs) by extension 'ros'
[1.339s] DEBUG:colcon.colcon_core.package_identification:Package 'ev3_sensor_msgs' with type 'ros.ament_cmake' and name 'ev3_sensor_msgs'
[1.340s] Level 1:colcon.colcon_core.package_identification:_identify(install) by extensions ['ignore', 'ignore_ament_install']
[1.340s] Level 1:colcon.colcon_core.package_identification:_identify(install) by extension 'ignore'
[1.340s] Level 1:colcon.colcon_core.package_identification:_identify(install) ignored
[1.341s] Level 1:colcon.colcon_core.package_identification:_identify(log) by extensions ['ignore', 'ignore_ament_install']
[1.347s] Level 1:colcon.colcon_core.package_identification:_identify(log) by extension 'ignore'
[1.347s] Level 1:colcon.colcon_core.package_identification:_identify(log) ignored
[1.348s] Level 1:colcon.colcon_core.package_discovery:discover_packages(recursive) using defaults
[1.348s] Level 1:colcon.colcon_core.package_discovery:discover_packages(ignore) discover
[1.348s] Level 1:colcon.colcon_core.package_discovery:discover_packages(ignore) using defaults
[1.348s] Level 1:colcon.colcon_core.package_discovery:discover_packages(path) discover
[1.348s] Level 1:colcon.colcon_core.package_discovery:discover_packages(path) using defaults
[1.437s] Level 1:colcon.colcon_core.package_discovery:discover_packages(prefix_path) check parameters
[1.437s] Level 1:colcon.colcon_core.package_discovery:discover_packages(prefix_path) discover
[1.451s] DEBUG:colcon.colcon_installed_package_information.package_discovery:Found 200 installed packages in /opt/ros/humble
[1.457s] Level 1:colcon.colcon_core.package_discovery:discover_packages(prefix_path) using defaults
[1.636s] Level 5:colcon.colcon_core.verb:set package 'brickpi3_motors' build argument 'cmake_args' from command line to 'None'
[1.637s] Level 5:colcon.colcon_core.verb:set package 'brickpi3_motors' build argument 'cmake_target' from command line to 'None'
[1.637s] Level 5:colcon.colcon_core.verb:set package 'brickpi3_motors' build argument 'cmake_target_skip_unavailable' from command line to 'False'
[1.637s] Level 5:colcon.colcon_core.verb:set package 'brickpi3_motors' build argument 'cmake_clean_cache' from command line to 'False'
[1.637s] Level 5:colcon.colcon_core.verb:set package 'brickpi3_motors' build argument 'cmake_clean_first' from command line to 'False'
[1.637s] Level 5:colcon.colcon_core.verb:set package 'brickpi3_motors' build argument 'cmake_force_configure' from command line to 'False'
[1.637s] Level 5:colcon.colcon_core.verb:set package 'brickpi3_motors' build argument 'ament_cmake_args' from command line to 'None'
[1.637s] Level 5:colcon.colcon_core.verb:set package 'brickpi3_motors' build argument 'catkin_cmake_args' from command line to 'None'
[1.638s] Level 5:colcon.colcon_core.verb:set package 'brickpi3_motors' build argument 'catkin_skip_building_tests' from command line to 'False'
[1.638s] DEBUG:colcon.colcon_core.verb:Building package 'brickpi3_motors' with the following arguments: {'ament_cmake_args': None, 'build_base': '/code/brickpi/build/brickpi3_motors', 'catkin_cmake_args': None, 'catkin_skip_building_tests': False, 'cmake_args': None, 'cmake_clean_cache': False, 'cmake_clean_first': False, 'cmake_force_configure': False, 'cmake_target': None, 'cmake_target_skip_unavailable': False, 'install_base': '/code/brickpi/install/brickpi3_motors', 'merge_install': False, 'path': '/code/brickpi/brickpi3_motors', 'symlink_install': True, 'test_result_base': None}
[1.639s] Level 5:colcon.colcon_core.verb:set package 'brickpi3_sensors' build argument 'cmake_args' from command line to 'None'
[1.640s] Level 5:colcon.colcon_core.verb:set package 'brickpi3_sensors' build argument 'cmake_target' from command line to 'None'
[1.640s] Level 5:colcon.colcon_core.verb:set package 'brickpi3_sensors' build argument 'cmake_target_skip_unavailable' from command line to 'False'
[1.640s] Level 5:colcon.colcon_core.verb:set package 'brickpi3_sensors' build argument 'cmake_clean_cache' from command line to 'False'
[1.640s] Level 5:colcon.colcon_core.verb:set package 'brickpi3_sensors' build argument 'cmake_clean_first' from command line to 'False'
[1.640s] Level 5:colcon.colcon_core.verb:set package 'brickpi3_sensors' build argument 'cmake_force_configure' from command line to 'False'
[1.640s] Level 5:colcon.colcon_core.verb:set package 'brickpi3_sensors' build argument 'ament_cmake_args' from command line to 'None'
[1.640s] Level 5:colcon.colcon_core.verb:set package 'brickpi3_sensors' build argument 'catkin_cmake_args' from command line to 'None'
[1.641s] Level 5:colcon.colcon_core.verb:set package 'brickpi3_sensors' build argument 'catkin_skip_building_tests' from command line to 'False'
[1.641s] DEBUG:colcon.colcon_core.verb:Building package 'brickpi3_sensors' with the following arguments: {'ament_cmake_args': None, 'build_base': '/code/brickpi/build/brickpi3_sensors', 'catkin_cmake_args': None, 'catkin_skip_building_tests': False, 'cmake_args': None, 'cmake_clean_cache': False, 'cmake_clean_first': False, 'cmake_force_configure': False, 'cmake_target': None, 'cmake_target_skip_unavailable': False, 'install_base': '/code/brickpi/install/brickpi3_sensors', 'merge_install': False, 'path': '/code/brickpi/brickpi3_sensors', 'symlink_install': True, 'test_result_base': None}
[1.642s] Level 5:colcon.colcon_core.verb:set package 'ev3_sensor_msgs' build argument 'cmake_args' from command line to 'None'
[1.642s] Level 5:colcon.colcon_core.verb:set package 'ev3_sensor_msgs' build argument 'cmake_target' from command line to 'None'
[1.643s] Level 5:colcon.colcon_core.verb:set package 'ev3_sensor_msgs' build argument 'cmake_target_skip_unavailable' from command line to 'False'
[1.643s] Level 5:colcon.colcon_core.verb:set package 'ev3_sensor_msgs' build argument 'cmake_clean_cache' from command line to 'False'
[1.643s] Level 5:colcon.colcon_core.verb:set package 'ev3_sensor_msgs' build argument 'cmake_clean_first' from command line to 'False'
[1.643s] Level 5:colcon.colcon_core.verb:set package 'ev3_sensor_msgs' build argument 'cmake_force_configure' from command line to 'False'
[1.643s] Level 5:colcon.colcon_core.verb:set package 'ev3_sensor_msgs' build argument 'ament_cmake_args' from command line to 'None'
[1.643s] Level 5:colcon.colcon_core.verb:set package 'ev3_sensor_msgs' build argument 'catkin_cmake_args' from command line to 'None'
[1.643s] Level 5:colcon.colcon_core.verb:set package 'ev3_sensor_msgs' build argument 'catkin_skip_building_tests' from command line to 'False'
[1.643s] DEBUG:colcon.colcon_core.verb:Building package 'ev3_sensor_msgs' with the following arguments: {'ament_cmake_args': None, 'build_base': '/code/brickpi/build/ev3_sensor_msgs', 'catkin_cmake_args': None, 'catkin_skip_building_tests': False, 'cmake_args': None, 'cmake_clean_cache': False, 'cmake_clean_first': False, 'cmake_force_configure': False, 'cmake_target': None, 'cmake_target_skip_unavailable': False, 'install_base': '/code/brickpi/install/ev3_sensor_msgs', 'merge_install': False, 'path': '/code/brickpi/ev3_sensor_msgs', 'symlink_install': True, 'test_result_base': None}
[1.645s] Level 5:colcon.colcon_core.verb:set package 'brickpi3_charlie' build argument 'cmake_args' from command line to 'None'
[1.645s] Level 5:colcon.colcon_core.verb:set package 'brickpi3_charlie' build argument 'cmake_target' from command line to 'None'
[1.645s] Level 5:colcon.colcon_core.verb:set package 'brickpi3_charlie' build argument 'cmake_target_skip_unavailable' from command line to 'False'
[1.645s] Level 5:colcon.colcon_core.verb:set package 'brickpi3_charlie' build argument 'cmake_clean_cache' from command line to 'False'
[1.646s] Level 5:colcon.colcon_core.verb:set package 'brickpi3_charlie' build argument 'cmake_clean_first' from command line to 'False'
[1.646s] Level 5:colcon.colcon_core.verb:set package 'brickpi3_charlie' build argument 'cmake_force_configure' from command line to 'False'
[1.646s] Level 5:colcon.colcon_core.verb:set package 'brickpi3_charlie' build argument 'ament_cmake_args' from command line to 'None'
[1.646s] Level 5:colcon.colcon_core.verb:set package 'brickpi3_charlie' build argument 'catkin_cmake_args' from command line to 'None'
[1.646s] Level 5:colcon.colcon_core.verb:set package 'brickpi3_charlie' build argument 'catkin_skip_building_tests' from command line to 'False'
[1.646s] DEBUG:colcon.colcon_core.verb:Building package 'brickpi3_charlie' with the following arguments: {'ament_cmake_args': None, 'build_base': '/code/brickpi/build/brickpi3_charlie', 'catkin_cmake_args': None, 'catkin_skip_building_tests': False, 'cmake_args': None, 'cmake_clean_cache': False, 'cmake_clean_first': False, 'cmake_force_configure': False, 'cmake_target': None, 'cmake_target_skip_unavailable': False, 'install_base': '/code/brickpi/install/brickpi3_charlie', 'merge_install': False, 'path': '/code/brickpi/brickpi3_charlie', 'symlink_install': True, 'test_result_base': None}
[1.647s] INFO:colcon.colcon_core.executor:Executing jobs using 'parallel' executor
[1.651s] DEBUG:colcon.colcon_parallel_executor.executor.parallel:run_until_complete
[1.652s] INFO:colcon.colcon_ros.task.ament_cmake.build:Building ROS package in '/code/brickpi/brickpi3_motors' with build type 'ament_cmake'
[1.653s] INFO:colcon.colcon_cmake.task.cmake.build:Building CMake package in '/code/brickpi/brickpi3_motors'
[1.663s] INFO:colcon.colcon_core.plugin_system:Skipping extension 'colcon_core.shell.bat': Not used on non-Windows systems
[1.663s] INFO:colcon.colcon_core.shell:Skip shell extension 'powershell' for command environment: Not usable outside of PowerShell
[1.664s] DEBUG:colcon.colcon_core.shell:Skip shell extension 'dsv' for command environment
[1.679s] INFO:colcon.colcon_ros.task.ament_python.build:Building ROS package in '/code/brickpi/brickpi3_sensors' with build type 'ament_python'
[1.679s] Level 1:colcon.colcon_core.shell:create_environment_hook('brickpi3_sensors', 'ament_prefix_path')
[1.681s] INFO:colcon.colcon_core.shell:Creating environment hook '/code/brickpi/install/brickpi3_sensors/share/brickpi3_sensors/hook/ament_prefix_path.ps1'
[1.684s] INFO:colcon.colcon_core.shell:Creating environment descriptor '/code/brickpi/install/brickpi3_sensors/share/brickpi3_sensors/hook/ament_prefix_path.dsv'
[1.687s] INFO:colcon.colcon_core.shell:Creating environment hook '/code/brickpi/install/brickpi3_sensors/share/brickpi3_sensors/hook/ament_prefix_path.sh'
[1.691s] INFO:colcon.colcon_core.shell:Skip shell extension 'powershell' for command environment: Not usable outside of PowerShell
[1.691s] DEBUG:colcon.colcon_core.shell:Skip shell extension 'dsv' for command environment
[1.705s] INFO:colcon.colcon_ros.task.ament_cmake.build:Building ROS package in '/code/brickpi/ev3_sensor_msgs' with build type 'ament_cmake'
[1.705s] INFO:colcon.colcon_cmake.task.cmake.build:Building CMake package in '/code/brickpi/ev3_sensor_msgs'
[1.707s] INFO:colcon.colcon_core.shell:Skip shell extension 'powershell' for command environment: Not usable outside of PowerShell
[1.707s] DEBUG:colcon.colcon_core.shell:Skip shell extension 'dsv' for command environment
[1.740s] DEBUG:colcon.colcon_core.event_handler.log_command:Invoking command in '/code/brickpi/build/brickpi3_motors': CMAKE_PREFIX_PATH=/opt/ros/humble /usr/bin/cmake /code/brickpi/brickpi3_motors -DAMENT_CMAKE_SYMLINK_INSTALL=1 -DCMAKE_INSTALL_PREFIX=/code/brickpi/install/brickpi3_motors
[3.171s] INFO:colcon.colcon_core.task.python.build:Building Python package in '/code/brickpi/brickpi3_sensors'
[3.172s] INFO:colcon.colcon_core.shell:Skip shell extension 'powershell' for command environment: Not usable outside of PowerShell
[3.172s] DEBUG:colcon.colcon_core.shell:Skip shell extension 'dsv' for command environment
[3.214s] DEBUG:colcon.colcon_core.event_handler.log_command:Invoking command in '/code/brickpi/build/ev3_sensor_msgs': CMAKE_PREFIX_PATH=/opt/ros/humble /usr/bin/cmake --build /code/brickpi/build/ev3_sensor_msgs -- -j4 -l4
[6.809s] DEBUG:colcon.colcon_core.event_handler.log_command:Invoking command in '/code/brickpi/build/brickpi3_sensors': PYTHONPATH=/code/brickpi/build/brickpi3_sensors/prefix_override:/usr/lib/python3/dist-packages/colcon_core/task/python/colcon_distutils_commands:/code/brickpi/install/brickpi3_sensors/lib/python3.10/site-packages:${PYTHONPATH} /usr/bin/python3 -W ignore:setup.py install is deprecated -W ignore:easy_install command is deprecated setup.py develop --editable --build-directory /code/brickpi/build/brickpi3_sensors/build --no-deps symlink_data
[12.520s] Level 1:colcon.colcon_core.shell:create_environment_hook('brickpi3_sensors', 'pythonpath_develop')
[12.523s] INFO:colcon.colcon_core.shell:Creating environment hook '/code/brickpi/build/brickpi3_sensors/share/brickpi3_sensors/hook/pythonpath_develop.ps1'
[12.527s] DEBUG:colcon.colcon_core.event_handler.log_command:Invoked command in '/code/brickpi/build/brickpi3_sensors' returned '0': PYTHONPATH=/code/brickpi/build/brickpi3_sensors/prefix_override:/usr/lib/python3/dist-packages/colcon_core/task/python/colcon_distutils_commands:/code/brickpi/install/brickpi3_sensors/lib/python3.10/site-packages:${PYTHONPATH} /usr/bin/python3 -W ignore:setup.py install is deprecated -W ignore:easy_install command is deprecated setup.py develop --editable --build-directory /code/brickpi/build/brickpi3_sensors/build --no-deps symlink_data
[12.534s] INFO:colcon.colcon_core.shell:Creating environment descriptor '/code/brickpi/build/brickpi3_sensors/share/brickpi3_sensors/hook/pythonpath_develop.dsv'
[12.542s] INFO:colcon.colcon_core.shell:Creating environment hook '/code/brickpi/build/brickpi3_sensors/share/brickpi3_sensors/hook/pythonpath_develop.sh'
[12.580s] Level 1:colcon.colcon_core.environment:checking '/code/brickpi/install/brickpi3_sensors' for CMake module files
[12.585s] Level 1:colcon.colcon_core.environment:checking '/code/brickpi/install/brickpi3_sensors' for CMake config files
[12.591s] Level 1:colcon.colcon_core.environment:checking '/code/brickpi/install/brickpi3_sensors/lib'
[12.593s] Level 1:colcon.colcon_core.environment:checking '/code/brickpi/install/brickpi3_sensors/bin'
[12.594s] Level 1:colcon.colcon_core.environment:checking '/code/brickpi/install/brickpi3_sensors/lib/pkgconfig/brickpi3_sensors.pc'
[12.596s] Level 1:colcon.colcon_core.environment:checking '/code/brickpi/install/brickpi3_sensors/lib/python3.10/site-packages'
[12.596s] Level 1:colcon.colcon_core.shell:create_environment_hook('brickpi3_sensors', 'pythonpath')
[12.598s] INFO:colcon.colcon_core.shell:Creating environment hook '/code/brickpi/install/brickpi3_sensors/share/brickpi3_sensors/hook/pythonpath.ps1'
[12.602s] INFO:colcon.colcon_core.shell:Creating environment descriptor '/code/brickpi/install/brickpi3_sensors/share/brickpi3_sensors/hook/pythonpath.dsv'
[12.606s] INFO:colcon.colcon_core.shell:Creating environment hook '/code/brickpi/install/brickpi3_sensors/share/brickpi3_sensors/hook/pythonpath.sh'
[12.612s] Level 1:colcon.colcon_core.environment:checking '/code/brickpi/install/brickpi3_sensors/bin'
[12.612s] Level 1:colcon.colcon_core.environment:create_environment_scripts_only(brickpi3_sensors)
[12.615s] INFO:colcon.colcon_core.shell:Creating package script '/code/brickpi/install/brickpi3_sensors/share/brickpi3_sensors/package.ps1'
[12.623s] INFO:colcon.colcon_core.shell:Creating package descriptor '/code/brickpi/install/brickpi3_sensors/share/brickpi3_sensors/package.dsv'
[12.630s] INFO:colcon.colcon_core.shell:Creating package script '/code/brickpi/install/brickpi3_sensors/share/brickpi3_sensors/package.sh'
[12.637s] INFO:colcon.colcon_core.shell:Creating package script '/code/brickpi/install/brickpi3_sensors/share/brickpi3_sensors/package.bash'
[12.643s] INFO:colcon.colcon_core.shell:Creating package script '/code/brickpi/install/brickpi3_sensors/share/brickpi3_sensors/package.zsh'
[12.649s] Level 1:colcon.colcon_core.environment:create_file_with_runtime_dependencies(/code/brickpi/install/brickpi3_sensors/share/colcon-core/packages/brickpi3_sensors)
[12.662s] DEBUG:colcon.colcon_core.event_handler.log_command:Invoked command in '/code/brickpi/build/brickpi3_motors' returned '0': CMAKE_PREFIX_PATH=/opt/ros/humble /usr/bin/cmake /code/brickpi/brickpi3_motors -DAMENT_CMAKE_SYMLINK_INSTALL=1 -DCMAKE_INSTALL_PREFIX=/code/brickpi/install/brickpi3_motors
[12.668s] DEBUG:colcon.colcon_core.event_handler.log_command:Invoking command in '/code/brickpi/build/brickpi3_motors': CMAKE_PREFIX_PATH=/opt/ros/humble /usr/bin/cmake --build /code/brickpi/build/brickpi3_motors -- -j4 -l4
[24.090s] DEBUG:colcon.colcon_core.event_handler.log_command:Invoked command in '/code/brickpi/build/ev3_sensor_msgs' returned '0': CMAKE_PREFIX_PATH=/opt/ros/humble /usr/bin/cmake --build /code/brickpi/build/ev3_sensor_msgs -- -j4 -l4
[24.135s] DEBUG:colcon.colcon_core.event_handler.log_command:Invoking command in '/code/brickpi/build/ev3_sensor_msgs': CMAKE_PREFIX_PATH=/opt/ros/humble /usr/bin/cmake --install /code/brickpi/build/ev3_sensor_msgs
[27.841s] Level 1:colcon.colcon_core.environment:create_environment_scripts_only(ev3_sensor_msgs)
[27.842s] Level 1:colcon.colcon_core.environment:checking '/code/brickpi/install/ev3_sensor_msgs' for CMake module files
[27.845s] DEBUG:colcon.colcon_core.event_handler.log_command:Invoked command in '/code/brickpi/build/ev3_sensor_msgs' returned '0': CMAKE_PREFIX_PATH=/opt/ros/humble /usr/bin/cmake --install /code/brickpi/build/ev3_sensor_msgs
[27.849s] Level 1:colcon.colcon_core.environment:checking '/code/brickpi/install/ev3_sensor_msgs' for CMake config files
[27.857s] Level 1:colcon.colcon_core.shell:create_environment_hook('ev3_sensor_msgs', 'cmake_prefix_path')
[27.859s] INFO:colcon.colcon_core.shell:Creating environment hook '/code/brickpi/install/ev3_sensor_msgs/share/ev3_sensor_msgs/hook/cmake_prefix_path.ps1'
[27.862s] INFO:colcon.colcon_core.shell:Creating environment descriptor '/code/brickpi/install/ev3_sensor_msgs/share/ev3_sensor_msgs/hook/cmake_prefix_path.dsv'
[27.865s] INFO:colcon.colcon_core.shell:Creating environment hook '/code/brickpi/install/ev3_sensor_msgs/share/ev3_sensor_msgs/hook/cmake_prefix_path.sh'
[27.868s] Level 1:colcon.colcon_core.environment:checking '/code/brickpi/install/ev3_sensor_msgs/lib'
[27.869s] Level 1:colcon.colcon_core.shell:create_environment_hook('ev3_sensor_msgs', 'ld_library_path_lib')
[27.870s] INFO:colcon.colcon_core.shell:Creating environment hook '/code/brickpi/install/ev3_sensor_msgs/share/ev3_sensor_msgs/hook/ld_library_path_lib.ps1'
[27.873s] INFO:colcon.colcon_core.shell:Creating environment descriptor '/code/brickpi/install/ev3_sensor_msgs/share/ev3_sensor_msgs/hook/ld_library_path_lib.dsv'
[27.875s] INFO:colcon.colcon_core.shell:Creating environment hook '/code/brickpi/install/ev3_sensor_msgs/share/ev3_sensor_msgs/hook/ld_library_path_lib.sh'
[27.878s] Level 1:colcon.colcon_core.environment:checking '/code/brickpi/install/ev3_sensor_msgs/bin'
[27.878s] Level 1:colcon.colcon_core.environment:checking '/code/brickpi/install/ev3_sensor_msgs/lib/pkgconfig/ev3_sensor_msgs.pc'
[27.880s] Level 1:colcon.colcon_core.environment:checking '/code/brickpi/install/ev3_sensor_msgs/lib/python3.10/site-packages'
[27.882s] Level 1:colcon.colcon_core.environment:checking '/code/brickpi/install/ev3_sensor_msgs/bin'
[27.884s] INFO:colcon.colcon_core.shell:Creating package script '/code/brickpi/install/ev3_sensor_msgs/share/ev3_sensor_msgs/package.ps1'
[27.887s] INFO:colcon.colcon_core.shell:Creating package descriptor '/code/brickpi/install/ev3_sensor_msgs/share/ev3_sensor_msgs/package.dsv'
[27.890s] INFO:colcon.colcon_core.shell:Creating package script '/code/brickpi/install/ev3_sensor_msgs/share/ev3_sensor_msgs/package.sh'
[27.893s] INFO:colcon.colcon_core.shell:Creating package script '/code/brickpi/install/ev3_sensor_msgs/share/ev3_sensor_msgs/package.bash'
[27.895s] INFO:colcon.colcon_core.shell:Creating package script '/code/brickpi/install/ev3_sensor_msgs/share/ev3_sensor_msgs/package.zsh'
[27.897s] Level 1:colcon.colcon_core.environment:create_file_with_runtime_dependencies(/code/brickpi/install/ev3_sensor_msgs/share/colcon-core/packages/ev3_sensor_msgs)
[27.902s] Level 1:colcon.colcon_core.environment:create_environment_scripts_only(ev3_sensor_msgs)
[27.903s] Level 1:colcon.colcon_core.environment:checking '/code/brickpi/install/ev3_sensor_msgs' for CMake module files
[27.908s] Level 1:colcon.colcon_core.environment:checking '/code/brickpi/install/ev3_sensor_msgs' for CMake config files
[27.916s] Level 1:colcon.colcon_core.shell:create_environment_hook('ev3_sensor_msgs', 'cmake_prefix_path')
[27.918s] INFO:colcon.colcon_core.shell:Creating environment hook '/code/brickpi/install/ev3_sensor_msgs/share/ev3_sensor_msgs/hook/cmake_prefix_path.ps1'
[27.920s] INFO:colcon.colcon_core.shell:Creating environment descriptor '/code/brickpi/install/ev3_sensor_msgs/share/ev3_sensor_msgs/hook/cmake_prefix_path.dsv'
[27.923s] INFO:colcon.colcon_core.shell:Creating environment hook '/code/brickpi/install/ev3_sensor_msgs/share/ev3_sensor_msgs/hook/cmake_prefix_path.sh'
[27.927s] Level 1:colcon.colcon_core.environment:checking '/code/brickpi/install/ev3_sensor_msgs/lib'
[27.929s] Level 1:colcon.colcon_core.shell:create_environment_hook('ev3_sensor_msgs', 'ld_library_path_lib')
[27.930s] INFO:colcon.colcon_core.shell:Creating environment hook '/code/brickpi/install/ev3_sensor_msgs/share/ev3_sensor_msgs/hook/ld_library_path_lib.ps1'
[27.934s] INFO:colcon.colcon_core.shell:Creating environment descriptor '/code/brickpi/install/ev3_sensor_msgs/share/ev3_sensor_msgs/hook/ld_library_path_lib.dsv'
[27.938s] INFO:colcon.colcon_core.shell:Creating environment hook '/code/brickpi/install/ev3_sensor_msgs/share/ev3_sensor_msgs/hook/ld_library_path_lib.sh'
[27.942s] Level 1:colcon.colcon_core.environment:checking '/code/brickpi/install/ev3_sensor_msgs/bin'
[27.943s] Level 1:colcon.colcon_core.environment:checking '/code/brickpi/install/ev3_sensor_msgs/lib/pkgconfig/ev3_sensor_msgs.pc'
[27.944s] Level 1:colcon.colcon_core.environment:checking '/code/brickpi/install/ev3_sensor_msgs/lib/python3.10/site-packages'
[27.947s] Level 1:colcon.colcon_core.environment:checking '/code/brickpi/install/ev3_sensor_msgs/bin'
[27.948s] INFO:colcon.colcon_core.shell:Creating package script '/code/brickpi/install/ev3_sensor_msgs/share/ev3_sensor_msgs/package.ps1'
[27.952s] INFO:colcon.colcon_core.shell:Creating package descriptor '/code/brickpi/install/ev3_sensor_msgs/share/ev3_sensor_msgs/package.dsv'
[27.956s] INFO:colcon.colcon_core.shell:Creating package script '/code/brickpi/install/ev3_sensor_msgs/share/ev3_sensor_msgs/package.sh'
[27.959s] INFO:colcon.colcon_core.shell:Creating package script '/code/brickpi/install/ev3_sensor_msgs/share/ev3_sensor_msgs/package.bash'
[27.962s] INFO:colcon.colcon_core.shell:Creating package script '/code/brickpi/install/ev3_sensor_msgs/share/ev3_sensor_msgs/package.zsh'
[27.966s] Level 1:colcon.colcon_core.environment:create_file_with_runtime_dependencies(/code/brickpi/install/ev3_sensor_msgs/share/colcon-core/packages/ev3_sensor_msgs)
[32.160s] DEBUG:colcon.colcon_core.event_handler.log_command:Invoked command in '/code/brickpi/build/brickpi3_motors' returned '2': CMAKE_PREFIX_PATH=/opt/ros/humble /usr/bin/cmake --build /code/brickpi/build/brickpi3_motors -- -j4 -l4
[32.162s] Level 1:colcon.colcon_core.environment:create_environment_scripts_only(brickpi3_motors)
[32.163s] Level 1:colcon.colcon_core.environment:checking '/code/brickpi/install/brickpi3_motors' for CMake module files
[32.166s] Level 1:colcon.colcon_core.environment:checking '/code/brickpi/install/brickpi3_motors' for CMake config files
[32.167s] Level 1:colcon.colcon_core.environment:checking '/code/brickpi/install/brickpi3_motors/bin'
[32.168s] Level 1:colcon.colcon_core.environment:checking '/code/brickpi/install/brickpi3_motors/lib/pkgconfig/brickpi3_motors.pc'
[32.169s] Level 1:colcon.colcon_core.environment:checking '/code/brickpi/install/brickpi3_motors/lib/python3.10/site-packages'
[32.170s] Level 1:colcon.colcon_core.environment:checking '/code/brickpi/install/brickpi3_motors/bin'
[32.172s] INFO:colcon.colcon_core.shell:Creating package script '/code/brickpi/install/brickpi3_motors/share/brickpi3_motors/package.ps1'
[32.174s] INFO:colcon.colcon_core.shell:Creating package descriptor '/code/brickpi/install/brickpi3_motors/share/brickpi3_motors/package.dsv'
[32.177s] INFO:colcon.colcon_core.shell:Creating package script '/code/brickpi/install/brickpi3_motors/share/brickpi3_motors/package.sh'
[32.179s] INFO:colcon.colcon_core.shell:Creating package script '/code/brickpi/install/brickpi3_motors/share/brickpi3_motors/package.bash'
[32.182s] INFO:colcon.colcon_core.shell:Creating package script '/code/brickpi/install/brickpi3_motors/share/brickpi3_motors/package.zsh'
[32.185s] Level 1:colcon.colcon_core.environment:create_file_with_runtime_dependencies(/code/brickpi/install/brickpi3_motors/share/colcon-core/packages/brickpi3_motors)
[32.196s] DEBUG:colcon.colcon_parallel_executor.executor.parallel:closing loop
[32.197s] DEBUG:colcon.colcon_parallel_executor.executor.parallel:loop closed
[32.197s] DEBUG:colcon.colcon_parallel_executor.executor.parallel:run_until_complete finished with '2'
[32.197s] DEBUG:colcon.colcon_core.event_reactor:joining thread
[32.219s] INFO:colcon.colcon_core.plugin_system:Skipping extension 'colcon_notification.desktop_notification.notify_send': Could not find 'notify-send'
[32.220s] INFO:colcon.colcon_core.plugin_system:Skipping extension 'colcon_notification.desktop_notification.terminal_notifier': Not used on non-Darwin systems
[32.220s] INFO:colcon.colcon_core.plugin_system:Skipping extension 'colcon_notification.desktop_notification.win32': Not used on non-Windows systems
[32.220s] INFO:colcon.colcon_notification.desktop_notification:Sending desktop notification using 'notify2'
[32.223s] DEBUG:colcon.colcon_notification.desktop_notification.notify2:Failed to initialize notify2: org.freedesktop.DBus.Error.ServiceUnknown: The name org.freedesktop.Notifications was not provided by any .service files
[32.224s] DEBUG:colcon.colcon_core.event_reactor:joined thread
[32.225s] INFO:colcon.colcon_core.shell:Creating prefix script '/code/brickpi/install/local_setup.ps1'
[32.229s] INFO:colcon.colcon_core.shell:Creating prefix util module '/code/brickpi/install/_local_setup_util_ps1.py'
[32.236s] INFO:colcon.colcon_core.shell:Creating prefix chain script '/code/brickpi/install/setup.ps1'
[32.241s] INFO:colcon.colcon_core.shell:Creating prefix script '/code/brickpi/install/local_setup.sh'
[32.244s] INFO:colcon.colcon_core.shell:Creating prefix util module '/code/brickpi/install/_local_setup_util_sh.py'
[32.248s] INFO:colcon.colcon_core.shell:Creating prefix chain script '/code/brickpi/install/setup.sh'
[32.252s] INFO:colcon.colcon_core.shell:Creating prefix script '/code/brickpi/install/local_setup.bash'
[32.255s] INFO:colcon.colcon_core.shell:Creating prefix chain script '/code/brickpi/install/setup.bash'
[32.260s] INFO:colcon.colcon_core.shell:Creating prefix script '/code/brickpi/install/local_setup.zsh'
[32.263s] INFO:colcon.colcon_core.shell:Creating prefix chain script '/code/brickpi/install/setup.zsh'
