[0.492s] DEBUG:colcon:Command line arguments: ['/usr/bin/colcon', 'build', '--packages-select', 'rt_ros2']
[0.492s] DEBUG:colcon:Parsed command line arguments: Namespace(log_base=None, log_level=None, verb_name='build', build_base='build', install_base='install', merge_install=False, symlink_install=False, test_result_base=None, continue_on_error=False, executor='parallel', parallel_workers=4, event_handlers=None, ignore_user_meta=False, metas=['./colcon.meta'], base_paths=['.'], packages_ignore=None, packages_ignore_regex=None, paths=None, packages_up_to=None, packages_up_to_regex=None, packages_above=None, packages_above_and_dependencies=None, packages_above_depth=None, packages_select_by_dep=None, packages_skip_by_dep=None, packages_skip_up_to=None, packages_select_build_failed=False, packages_skip_build_finished=False, packages_select_test_failures=False, packages_skip_test_passed=False, packages_select=['rt_ros2'], packages_skip=None, packages_select_regex=None, packages_skip_regex=None, packages_start=None, packages_end=None, allow_overriding=[], cmake_args=None, cmake_target=None, cmake_target_skip_unavailable=False, cmake_clean_cache=False, cmake_clean_first=False, cmake_force_configure=False, ament_cmake_args=None, catkin_cmake_args=None, catkin_skip_building_tests=False, verb_parser=<colcon_defaults.argument_parser.defaults.DefaultArgumentsDecorator object at 0xffffb1405c30>, verb_extension=<colcon_core.verb.build.BuildVerb object at 0xffffb1405750>, main=<bound method BuildVerb.main of <colcon_core.verb.build.BuildVerb object at 0xffffb1405750>>)
[1.248s] Level 1:colcon.colcon_core.package_discovery:discover_packages(colcon_meta) check parameters
[1.249s] Level 1:colcon.colcon_core.package_discovery:discover_packages(recursive) check parameters
[1.249s] Level 1:colcon.colcon_core.package_discovery:discover_packages(ignore) check parameters
[1.249s] Level 1:colcon.colcon_core.package_discovery:discover_packages(path) check parameters
[1.249s] Level 1:colcon.colcon_core.package_discovery:discover_packages(colcon_meta) discover
[1.250s] Level 1:colcon.colcon_core.package_discovery:discover_packages(recursive) discover
[1.250s] INFO:colcon.colcon_core.package_discovery:Crawling recursively for packages in '/code/brickpi/rt_ros2'
[1.251s] Level 1:colcon.colcon_core.package_identification:_identify(.) by extensions ['ignore', 'ignore_ament_install']
[1.251s] Level 1:colcon.colcon_core.package_identification:_identify(.) by extension 'ignore'
[1.251s] Level 1:colcon.colcon_core.package_identification:_identify(.) by extension 'ignore_ament_install'
[1.252s] Level 1:colcon.colcon_core.package_identification:_identify(.) by extensions ['colcon_pkg']
[1.252s] Level 1:colcon.colcon_core.package_identification:_identify(.) by extension 'colcon_pkg'
[1.252s] Level 1:colcon.colcon_core.package_identification:_identify(.) by extensions ['colcon_meta']
[1.252s] Level 1:colcon.colcon_core.package_identification:_identify(.) by extension 'colcon_meta'
[1.252s] Level 1:colcon.colcon_core.package_identification:_identify(.) by extensions ['ros']
[1.253s] Level 1:colcon.colcon_core.package_identification:_identify(.) by extension 'ros'
[1.315s] DEBUG:colcon.colcon_core.package_identification:Package '.' with type 'ros.ament_cmake' and name 'rt_ros2'
[1.315s] Level 1:colcon.colcon_core.package_discovery:discover_packages(recursive) using defaults
[1.316s] Level 1:colcon.colcon_core.package_discovery:discover_packages(ignore) discover
[1.316s] Level 1:colcon.colcon_core.package_discovery:discover_packages(ignore) using defaults
[1.316s] Level 1:colcon.colcon_core.package_discovery:discover_packages(path) discover
[1.316s] Level 1:colcon.colcon_core.package_discovery:discover_packages(path) using defaults
[1.409s] Level 1:colcon.colcon_core.package_discovery:discover_packages(prefix_path) check parameters
[1.409s] Level 1:colcon.colcon_core.package_discovery:discover_packages(prefix_path) discover
[1.418s] DEBUG:colcon.colcon_installed_package_information.package_discovery:Found 1 installed packages in /code/brickpi/rt_ros2/install
[1.426s] DEBUG:colcon.colcon_installed_package_information.package_discovery:Found 200 installed packages in /opt/ros/humble
[1.432s] Level 1:colcon.colcon_core.package_discovery:discover_packages(prefix_path) using defaults
[1.612s] Level 5:colcon.colcon_core.verb:set package 'rt_ros2' build argument 'cmake_args' from command line to 'None'
[1.613s] Level 5:colcon.colcon_core.verb:set package 'rt_ros2' build argument 'cmake_target' from command line to 'None'
[1.613s] Level 5:colcon.colcon_core.verb:set package 'rt_ros2' build argument 'cmake_target_skip_unavailable' from command line to 'False'
[1.613s] Level 5:colcon.colcon_core.verb:set package 'rt_ros2' build argument 'cmake_clean_cache' from command line to 'False'
[1.613s] Level 5:colcon.colcon_core.verb:set package 'rt_ros2' build argument 'cmake_clean_first' from command line to 'False'
[1.613s] Level 5:colcon.colcon_core.verb:set package 'rt_ros2' build argument 'cmake_force_configure' from command line to 'False'
[1.613s] Level 5:colcon.colcon_core.verb:set package 'rt_ros2' build argument 'ament_cmake_args' from command line to 'None'
[1.613s] Level 5:colcon.colcon_core.verb:set package 'rt_ros2' build argument 'catkin_cmake_args' from command line to 'None'
[1.614s] Level 5:colcon.colcon_core.verb:set package 'rt_ros2' build argument 'catkin_skip_building_tests' from command line to 'False'
[1.614s] DEBUG:colcon.colcon_core.verb:Building package 'rt_ros2' with the following arguments: {'ament_cmake_args': None, 'build_base': '/code/brickpi/rt_ros2/build/rt_ros2', 'catkin_cmake_args': None, 'catkin_skip_building_tests': False, 'cmake_args': None, 'cmake_clean_cache': False, 'cmake_clean_first': False, 'cmake_force_configure': False, 'cmake_target': None, 'cmake_target_skip_unavailable': False, 'install_base': '/code/brickpi/rt_ros2/install/rt_ros2', 'merge_install': False, 'path': '/code/brickpi/rt_ros2', 'symlink_install': False, 'test_result_base': None}
[1.614s] INFO:colcon.colcon_core.executor:Executing jobs using 'parallel' executor
[1.618s] DEBUG:colcon.colcon_parallel_executor.executor.parallel:run_until_complete
[1.620s] INFO:colcon.colcon_ros.task.ament_cmake.build:Building ROS package in '/code/brickpi/rt_ros2' with build type 'ament_cmake'
[1.620s] INFO:colcon.colcon_cmake.task.cmake.build:Building CMake package in '/code/brickpi/rt_ros2'
[1.630s] INFO:colcon.colcon_core.plugin_system:Skipping extension 'colcon_core.shell.bat': Not used on non-Windows systems
[1.631s] INFO:colcon.colcon_core.shell:Skip shell extension 'powershell' for command environment: Not usable outside of PowerShell
[1.631s] DEBUG:colcon.colcon_core.shell:Skip shell extension 'dsv' for command environment
[1.680s] DEBUG:colcon.colcon_core.event_handler.log_command:Invoking command in '/code/brickpi/rt_ros2/build/rt_ros2': CMAKE_PREFIX_PATH=${CMAKE_PREFIX_PATH}:/opt/ros/humble /usr/bin/cmake --build /code/brickpi/rt_ros2/build/rt_ros2 -- -j4 -l4
[65.341s] DEBUG:colcon.colcon_core.event_handler.log_command:Invoked command in '/code/brickpi/rt_ros2/build/rt_ros2' returned '0': CMAKE_PREFIX_PATH=${CMAKE_PREFIX_PATH}:/opt/ros/humble /usr/bin/cmake --build /code/brickpi/rt_ros2/build/rt_ros2 -- -j4 -l4
[65.382s] DEBUG:colcon.colcon_core.event_handler.log_command:Invoking command in '/code/brickpi/rt_ros2/build/rt_ros2': CMAKE_PREFIX_PATH=${CMAKE_PREFIX_PATH}:/opt/ros/humble /usr/bin/cmake --install /code/brickpi/rt_ros2/build/rt_ros2
[65.469s] Level 1:colcon.colcon_core.environment:create_environment_scripts_only(rt_ros2)
[65.471s] DEBUG:colcon.colcon_core.event_handler.log_command:Invoked command in '/code/brickpi/rt_ros2/build/rt_ros2' returned '0': CMAKE_PREFIX_PATH=${CMAKE_PREFIX_PATH}:/opt/ros/humble /usr/bin/cmake --install /code/brickpi/rt_ros2/build/rt_ros2
[65.482s] Level 1:colcon.colcon_core.environment:checking '/code/brickpi/rt_ros2/install/rt_ros2' for CMake module files
[65.485s] Level 1:colcon.colcon_core.environment:checking '/code/brickpi/rt_ros2/install/rt_ros2' for CMake config files
[65.487s] Level 1:colcon.colcon_core.shell:create_environment_hook('rt_ros2', 'cmake_prefix_path')
[65.488s] INFO:colcon.colcon_core.shell:Creating environment hook '/code/brickpi/rt_ros2/install/rt_ros2/share/rt_ros2/hook/cmake_prefix_path.ps1'
[65.491s] INFO:colcon.colcon_core.shell:Creating environment descriptor '/code/brickpi/rt_ros2/install/rt_ros2/share/rt_ros2/hook/cmake_prefix_path.dsv'
[65.494s] INFO:colcon.colcon_core.shell:Creating environment hook '/code/brickpi/rt_ros2/install/rt_ros2/share/rt_ros2/hook/cmake_prefix_path.sh'
[65.498s] Level 1:colcon.colcon_core.environment:checking '/code/brickpi/rt_ros2/install/rt_ros2/lib'
[65.499s] Level 1:colcon.colcon_core.environment:checking '/code/brickpi/rt_ros2/install/rt_ros2/bin'
[65.500s] Level 1:colcon.colcon_core.environment:checking '/code/brickpi/rt_ros2/install/rt_ros2/lib/pkgconfig/rt_ros2.pc'
[65.501s] Level 1:colcon.colcon_core.environment:checking '/code/brickpi/rt_ros2/install/rt_ros2/lib/python3.10/site-packages'
[65.502s] Level 1:colcon.colcon_core.environment:checking '/code/brickpi/rt_ros2/install/rt_ros2/bin'
[65.504s] INFO:colcon.colcon_core.shell:Creating package script '/code/brickpi/rt_ros2/install/rt_ros2/share/rt_ros2/package.ps1'
[65.508s] INFO:colcon.colcon_core.shell:Creating package descriptor '/code/brickpi/rt_ros2/install/rt_ros2/share/rt_ros2/package.dsv'
[65.511s] INFO:colcon.colcon_core.shell:Creating package script '/code/brickpi/rt_ros2/install/rt_ros2/share/rt_ros2/package.sh'
[65.515s] INFO:colcon.colcon_core.shell:Creating package script '/code/brickpi/rt_ros2/install/rt_ros2/share/rt_ros2/package.bash'
[65.519s] INFO:colcon.colcon_core.shell:Creating package script '/code/brickpi/rt_ros2/install/rt_ros2/share/rt_ros2/package.zsh'
[65.524s] Level 1:colcon.colcon_core.environment:create_file_with_runtime_dependencies(/code/brickpi/rt_ros2/install/rt_ros2/share/colcon-core/packages/rt_ros2)
[65.527s] Level 1:colcon.colcon_core.environment:create_environment_scripts_only(rt_ros2)
[65.528s] Level 1:colcon.colcon_core.environment:checking '/code/brickpi/rt_ros2/install/rt_ros2' for CMake module files
[65.531s] Level 1:colcon.colcon_core.environment:checking '/code/brickpi/rt_ros2/install/rt_ros2' for CMake config files
[65.533s] Level 1:colcon.colcon_core.shell:create_environment_hook('rt_ros2', 'cmake_prefix_path')
[65.534s] INFO:colcon.colcon_core.shell:Creating environment hook '/code/brickpi/rt_ros2/install/rt_ros2/share/rt_ros2/hook/cmake_prefix_path.ps1'
[65.536s] INFO:colcon.colcon_core.shell:Creating environment descriptor '/code/brickpi/rt_ros2/install/rt_ros2/share/rt_ros2/hook/cmake_prefix_path.dsv'
[65.539s] INFO:colcon.colcon_core.shell:Creating environment hook '/code/brickpi/rt_ros2/install/rt_ros2/share/rt_ros2/hook/cmake_prefix_path.sh'
[65.542s] Level 1:colcon.colcon_core.environment:checking '/code/brickpi/rt_ros2/install/rt_ros2/lib'
[65.542s] Level 1:colcon.colcon_core.environment:checking '/code/brickpi/rt_ros2/install/rt_ros2/bin'
[65.543s] Level 1:colcon.colcon_core.environment:checking '/code/brickpi/rt_ros2/install/rt_ros2/lib/pkgconfig/rt_ros2.pc'
[65.544s] Level 1:colcon.colcon_core.environment:checking '/code/brickpi/rt_ros2/install/rt_ros2/lib/python3.10/site-packages'
[65.546s] Level 1:colcon.colcon_core.environment:checking '/code/brickpi/rt_ros2/install/rt_ros2/bin'
[65.547s] INFO:colcon.colcon_core.shell:Creating package script '/code/brickpi/rt_ros2/install/rt_ros2/share/rt_ros2/package.ps1'
[65.550s] INFO:colcon.colcon_core.shell:Creating package descriptor '/code/brickpi/rt_ros2/install/rt_ros2/share/rt_ros2/package.dsv'
[65.553s] INFO:colcon.colcon_core.shell:Creating package script '/code/brickpi/rt_ros2/install/rt_ros2/share/rt_ros2/package.sh'
[65.555s] INFO:colcon.colcon_core.shell:Creating package script '/code/brickpi/rt_ros2/install/rt_ros2/share/rt_ros2/package.bash'
[65.558s] INFO:colcon.colcon_core.shell:Creating package script '/code/brickpi/rt_ros2/install/rt_ros2/share/rt_ros2/package.zsh'
[65.560s] Level 1:colcon.colcon_core.environment:create_file_with_runtime_dependencies(/code/brickpi/rt_ros2/install/rt_ros2/share/colcon-core/packages/rt_ros2)
[65.562s] DEBUG:colcon.colcon_parallel_executor.executor.parallel:closing loop
[65.563s] DEBUG:colcon.colcon_parallel_executor.executor.parallel:loop closed
[65.564s] DEBUG:colcon.colcon_parallel_executor.executor.parallel:run_until_complete finished with '0'
[65.564s] DEBUG:colcon.colcon_core.event_reactor:joining thread
[65.587s] INFO:colcon.colcon_core.plugin_system:Skipping extension 'colcon_notification.desktop_notification.notify_send': Could not find 'notify-send'
[65.588s] INFO:colcon.colcon_core.plugin_system:Skipping extension 'colcon_notification.desktop_notification.terminal_notifier': Not used on non-Darwin systems
[65.588s] INFO:colcon.colcon_core.plugin_system:Skipping extension 'colcon_notification.desktop_notification.win32': Not used on non-Windows systems
[65.589s] INFO:colcon.colcon_notification.desktop_notification:Sending desktop notification using 'notify2'
[65.592s] DEBUG:colcon.colcon_notification.desktop_notification.notify2:Failed to initialize notify2: org.freedesktop.DBus.Error.ServiceUnknown: The name org.freedesktop.Notifications was not provided by any .service files
[65.592s] DEBUG:colcon.colcon_core.event_reactor:joined thread
[65.593s] INFO:colcon.colcon_core.shell:Creating prefix script '/code/brickpi/rt_ros2/install/local_setup.ps1'
[65.598s] INFO:colcon.colcon_core.shell:Creating prefix util module '/code/brickpi/rt_ros2/install/_local_setup_util_ps1.py'
[65.605s] INFO:colcon.colcon_core.shell:Creating prefix chain script '/code/brickpi/rt_ros2/install/setup.ps1'
[65.611s] INFO:colcon.colcon_core.shell:Creating prefix script '/code/brickpi/rt_ros2/install/local_setup.sh'
[65.614s] INFO:colcon.colcon_core.shell:Creating prefix util module '/code/brickpi/rt_ros2/install/_local_setup_util_sh.py'
[65.617s] INFO:colcon.colcon_core.shell:Creating prefix chain script '/code/brickpi/rt_ros2/install/setup.sh'
[65.622s] INFO:colcon.colcon_core.shell:Creating prefix script '/code/brickpi/rt_ros2/install/local_setup.bash'
[65.625s] INFO:colcon.colcon_core.shell:Creating prefix chain script '/code/brickpi/rt_ros2/install/setup.bash'
[65.630s] INFO:colcon.colcon_core.shell:Creating prefix script '/code/brickpi/rt_ros2/install/local_setup.zsh'
[65.633s] INFO:colcon.colcon_core.shell:Creating prefix chain script '/code/brickpi/rt_ros2/install/setup.zsh'
