[0.854s] DEBUG:colcon:Command line arguments: ['/usr/bin/colcon', 'build', '--packages-select', 'rt_ros2']
[0.855s] DEBUG:colcon:Parsed command line arguments: Namespace(log_base=None, log_level=None, verb_name='build', build_base='build', install_base='install', merge_install=False, symlink_install=False, test_result_base=None, continue_on_error=False, executor='parallel', parallel_workers=4, event_handlers=None, ignore_user_meta=False, metas=['./colcon.meta'], base_paths=['.'], packages_ignore=None, packages_ignore_regex=None, paths=None, packages_up_to=None, packages_up_to_regex=None, packages_above=None, packages_above_and_dependencies=None, packages_above_depth=None, packages_select_by_dep=None, packages_skip_by_dep=None, packages_skip_up_to=None, packages_select_build_failed=False, packages_skip_build_finished=False, packages_select_test_failures=False, packages_skip_test_passed=False, packages_select=['rt_ros2'], packages_skip=None, packages_select_regex=None, packages_skip_regex=None, packages_start=None, packages_end=None, allow_overriding=[], cmake_args=None, cmake_target=None, cmake_target_skip_unavailable=False, cmake_clean_cache=False, cmake_clean_first=False, cmake_force_configure=False, ament_cmake_args=None, catkin_cmake_args=None, catkin_skip_building_tests=False, verb_parser=<colcon_defaults.argument_parser.defaults.DefaultArgumentsDecorator object at 0xffff9ee31d20>, verb_extension=<colcon_core.verb.build.BuildVerb object at 0xffff9ee31840>, main=<bound method BuildVerb.main of <colcon_core.verb.build.BuildVerb object at 0xffff9ee31840>>)
[1.937s] Level 1:colcon.colcon_core.package_discovery:discover_packages(colcon_meta) check parameters
[1.937s] Level 1:colcon.colcon_core.package_discovery:discover_packages(recursive) check parameters
[1.938s] Level 1:colcon.colcon_core.package_discovery:discover_packages(ignore) check parameters
[1.938s] Level 1:colcon.colcon_core.package_discovery:discover_packages(path) check parameters
[1.938s] Level 1:colcon.colcon_core.package_discovery:discover_packages(colcon_meta) discover
[1.939s] Level 1:colcon.colcon_core.package_discovery:discover_packages(recursive) discover
[1.939s] INFO:colcon.colcon_core.package_discovery:Crawling recursively for packages in '/code/brickpi'
[1.940s] Level 1:colcon.colcon_core.package_identification:_identify(.) by extensions ['ignore', 'ignore_ament_install']
[1.941s] Level 1:colcon.colcon_core.package_identification:_identify(.) by extension 'ignore'
[1.941s] Level 1:colcon.colcon_core.package_identification:_identify(.) by extension 'ignore_ament_install'
[1.942s] Level 1:colcon.colcon_core.package_identification:_identify(.) by extensions ['colcon_pkg']
[1.943s] Level 1:colcon.colcon_core.package_identification:_identify(.) by extension 'colcon_pkg'
[1.943s] Level 1:colcon.colcon_core.package_identification:_identify(.) by extensions ['colcon_meta']
[1.944s] Level 1:colcon.colcon_core.package_identification:_identify(.) by extension 'colcon_meta'
[1.944s] Level 1:colcon.colcon_core.package_identification:_identify(.) by extensions ['ros']
[1.945s] Level 1:colcon.colcon_core.package_identification:_identify(.) by extension 'ros'
[2.015s] Level 1:colcon.colcon_core.package_identification:_identify(.) by extensions ['cmake', 'python']
[2.015s] Level 1:colcon.colcon_core.package_identification:_identify(.) by extension 'cmake'
[2.016s] Level 1:colcon.colcon_core.package_identification:_identify(.) by extension 'python'
[2.017s] Level 1:colcon.colcon_core.package_identification:_identify(.) by extensions ['python_setup_py']
[2.018s] Level 1:colcon.colcon_core.package_identification:_identify(.) by extension 'python_setup_py'
[2.019s] Level 1:colcon.colcon_core.package_identification:_identify(brickpi3_charlie) by extensions ['ignore', 'ignore_ament_install']
[2.020s] Level 1:colcon.colcon_core.package_identification:_identify(brickpi3_charlie) by extension 'ignore'
[2.021s] Level 1:colcon.colcon_core.package_identification:_identify(brickpi3_charlie) by extension 'ignore_ament_install'
[2.021s] Level 1:colcon.colcon_core.package_identification:_identify(brickpi3_charlie) by extensions ['colcon_pkg']
[2.022s] Level 1:colcon.colcon_core.package_identification:_identify(brickpi3_charlie) by extension 'colcon_pkg'
[2.022s] Level 1:colcon.colcon_core.package_identification:_identify(brickpi3_charlie) by extensions ['colcon_meta']
[2.022s] Level 1:colcon.colcon_core.package_identification:_identify(brickpi3_charlie) by extension 'colcon_meta'
[2.023s] Level 1:colcon.colcon_core.package_identification:_identify(brickpi3_charlie) by extensions ['ros']
[2.023s] Level 1:colcon.colcon_core.package_identification:_identify(brickpi3_charlie) by extension 'ros'
[2.037s] DEBUG:colcon.colcon_core.package_identification:Package 'brickpi3_charlie' with type 'ros.ament_python' and name 'brickpi3_charlie'
[2.039s] Level 1:colcon.colcon_core.package_identification:_identify(brickpi3_motors) by extensions ['ignore', 'ignore_ament_install']
[2.039s] Level 1:colcon.colcon_core.package_identification:_identify(brickpi3_motors) by extension 'ignore'
[2.040s] Level 1:colcon.colcon_core.package_identification:_identify(brickpi3_motors) by extension 'ignore_ament_install'
[2.041s] Level 1:colcon.colcon_core.package_identification:_identify(brickpi3_motors) by extensions ['colcon_pkg']
[2.041s] Level 1:colcon.colcon_core.package_identification:_identify(brickpi3_motors) by extension 'colcon_pkg'
[2.041s] Level 1:colcon.colcon_core.package_identification:_identify(brickpi3_motors) by extensions ['colcon_meta']
[2.042s] Level 1:colcon.colcon_core.package_identification:_identify(brickpi3_motors) by extension 'colcon_meta'
[2.042s] Level 1:colcon.colcon_core.package_identification:_identify(brickpi3_motors) by extensions ['ros']
[2.042s] Level 1:colcon.colcon_core.package_identification:_identify(brickpi3_motors) by extension 'ros'
[2.046s] DEBUG:colcon.colcon_core.package_identification:Package 'brickpi3_motors' with type 'ros.ament_cmake' and name 'brickpi3_motors'
[2.047s] Level 1:colcon.colcon_core.package_identification:_identify(brickpi3_sensors) by extensions ['ignore', 'ignore_ament_install']
[2.048s] Level 1:colcon.colcon_core.package_identification:_identify(brickpi3_sensors) by extension 'ignore'
[2.048s] Level 1:colcon.colcon_core.package_identification:_identify(brickpi3_sensors) by extension 'ignore_ament_install'
[2.049s] Level 1:colcon.colcon_core.package_identification:_identify(brickpi3_sensors) by extensions ['colcon_pkg']
[2.049s] Level 1:colcon.colcon_core.package_identification:_identify(brickpi3_sensors) by extension 'colcon_pkg'
[2.050s] Level 1:colcon.colcon_core.package_identification:_identify(brickpi3_sensors) by extensions ['colcon_meta']
[2.050s] Level 1:colcon.colcon_core.package_identification:_identify(brickpi3_sensors) by extension 'colcon_meta'
[2.050s] Level 1:colcon.colcon_core.package_identification:_identify(brickpi3_sensors) by extensions ['ros']
[2.050s] Level 1:colcon.colcon_core.package_identification:_identify(brickpi3_sensors) by extension 'ros'
[2.055s] DEBUG:colcon.colcon_core.package_identification:Package 'brickpi3_sensors' with type 'ros.ament_python' and name 'brickpi3_sensors'
[2.056s] Level 1:colcon.colcon_core.package_identification:_identify(build) by extensions ['ignore', 'ignore_ament_install']
[2.057s] Level 1:colcon.colcon_core.package_identification:_identify(build) by extension 'ignore'
[2.058s] Level 1:colcon.colcon_core.package_identification:_identify(build) ignored
[2.058s] Level 1:colcon.colcon_core.package_identification:_identify(docker) by extensions ['ignore', 'ignore_ament_install']
[2.059s] Level 1:colcon.colcon_core.package_identification:_identify(docker) by extension 'ignore'
[2.059s] Level 1:colcon.colcon_core.package_identification:_identify(docker) by extension 'ignore_ament_install'
[2.060s] Level 1:colcon.colcon_core.package_identification:_identify(docker) by extensions ['colcon_pkg']
[2.060s] Level 1:colcon.colcon_core.package_identification:_identify(docker) by extension 'colcon_pkg'
[2.060s] Level 1:colcon.colcon_core.package_identification:_identify(docker) by extensions ['colcon_meta']
[2.060s] Level 1:colcon.colcon_core.package_identification:_identify(docker) by extension 'colcon_meta'
[2.061s] Level 1:colcon.colcon_core.package_identification:_identify(docker) by extensions ['ros']
[2.061s] Level 1:colcon.colcon_core.package_identification:_identify(docker) by extension 'ros'
[2.061s] Level 1:colcon.colcon_core.package_identification:_identify(docker) by extensions ['cmake', 'python']
[2.062s] Level 1:colcon.colcon_core.package_identification:_identify(docker) by extension 'cmake'
[2.062s] Level 1:colcon.colcon_core.package_identification:_identify(docker) by extension 'python'
[2.062s] Level 1:colcon.colcon_core.package_identification:_identify(docker) by extensions ['python_setup_py']
[2.062s] Level 1:colcon.colcon_core.package_identification:_identify(docker) by extension 'python_setup_py'
[2.063s] Level 1:colcon.colcon_core.package_identification:_identify(docker/brickpi3) by extensions ['ignore', 'ignore_ament_install']
[2.063s] Level 1:colcon.colcon_core.package_identification:_identify(docker/brickpi3) by extension 'ignore'
[2.064s] Level 1:colcon.colcon_core.package_identification:_identify(docker/brickpi3) by extension 'ignore_ament_install'
[2.064s] Level 1:colcon.colcon_core.package_identification:_identify(docker/brickpi3) by extensions ['colcon_pkg']
[2.064s] Level 1:colcon.colcon_core.package_identification:_identify(docker/brickpi3) by extension 'colcon_pkg'
[2.065s] Level 1:colcon.colcon_core.package_identification:_identify(docker/brickpi3) by extensions ['colcon_meta']
[2.065s] Level 1:colcon.colcon_core.package_identification:_identify(docker/brickpi3) by extension 'colcon_meta'
[2.065s] Level 1:colcon.colcon_core.package_identification:_identify(docker/brickpi3) by extensions ['ros']
[2.066s] Level 1:colcon.colcon_core.package_identification:_identify(docker/brickpi3) by extension 'ros'
[2.067s] Level 1:colcon.colcon_core.package_identification:_identify(docker/brickpi3) by extensions ['cmake', 'python']
[2.068s] Level 1:colcon.colcon_core.package_identification:_identify(docker/brickpi3) by extension 'cmake'
[2.068s] Level 1:colcon.colcon_core.package_identification:_identify(docker/brickpi3) by extension 'python'
[2.069s] Level 1:colcon.colcon_core.package_identification:_identify(docker/brickpi3) by extensions ['python_setup_py']
[2.069s] Level 1:colcon.colcon_core.package_identification:_identify(docker/brickpi3) by extension 'python_setup_py'
[2.071s] Level 1:colcon.colcon_core.package_identification:_identify(ev3_sensor_msgs) by extensions ['ignore', 'ignore_ament_install']
[2.072s] Level 1:colcon.colcon_core.package_identification:_identify(ev3_sensor_msgs) by extension 'ignore'
[2.073s] Level 1:colcon.colcon_core.package_identification:_identify(ev3_sensor_msgs) by extension 'ignore_ament_install'
[2.073s] Level 1:colcon.colcon_core.package_identification:_identify(ev3_sensor_msgs) by extensions ['colcon_pkg']
[2.074s] Level 1:colcon.colcon_core.package_identification:_identify(ev3_sensor_msgs) by extension 'colcon_pkg'
[2.074s] Level 1:colcon.colcon_core.package_identification:_identify(ev3_sensor_msgs) by extensions ['colcon_meta']
[2.075s] Level 1:colcon.colcon_core.package_identification:_identify(ev3_sensor_msgs) by extension 'colcon_meta'
[2.075s] Level 1:colcon.colcon_core.package_identification:_identify(ev3_sensor_msgs) by extensions ['ros']
[2.076s] Level 1:colcon.colcon_core.package_identification:_identify(ev3_sensor_msgs) by extension 'ros'
[2.080s] DEBUG:colcon.colcon_core.package_identification:Package 'ev3_sensor_msgs' with type 'ros.ament_cmake' and name 'ev3_sensor_msgs'
[2.081s] Level 1:colcon.colcon_core.package_identification:_identify(install) by extensions ['ignore', 'ignore_ament_install']
[2.082s] Level 1:colcon.colcon_core.package_identification:_identify(install) by extension 'ignore'
[2.082s] Level 1:colcon.colcon_core.package_identification:_identify(install) ignored
[2.084s] Level 1:colcon.colcon_core.package_identification:_identify(log) by extensions ['ignore', 'ignore_ament_install']
[2.092s] Level 1:colcon.colcon_core.package_identification:_identify(log) by extension 'ignore'
[2.093s] Level 1:colcon.colcon_core.package_identification:_identify(log) ignored
[2.093s] Level 1:colcon.colcon_core.package_identification:_identify(rt_ros2) by extensions ['ignore', 'ignore_ament_install']
[2.094s] Level 1:colcon.colcon_core.package_identification:_identify(rt_ros2) by extension 'ignore'
[2.094s] Level 1:colcon.colcon_core.package_identification:_identify(rt_ros2) by extension 'ignore_ament_install'
[2.095s] Level 1:colcon.colcon_core.package_identification:_identify(rt_ros2) by extensions ['colcon_pkg']
[2.095s] Level 1:colcon.colcon_core.package_identification:_identify(rt_ros2) by extension 'colcon_pkg'
[2.095s] Level 1:colcon.colcon_core.package_identification:_identify(rt_ros2) by extensions ['colcon_meta']
[2.095s] Level 1:colcon.colcon_core.package_identification:_identify(rt_ros2) by extension 'colcon_meta'
[2.096s] Level 1:colcon.colcon_core.package_identification:_identify(rt_ros2) by extensions ['ros']
[2.096s] Level 1:colcon.colcon_core.package_identification:_identify(rt_ros2) by extension 'ros'
[2.102s] DEBUG:colcon.colcon_core.package_identification:Package 'rt_ros2' with type 'ros.ament_cmake' and name 'rt_ros2'
[2.102s] Level 1:colcon.colcon_core.package_discovery:discover_packages(recursive) using defaults
[2.103s] Level 1:colcon.colcon_core.package_discovery:discover_packages(ignore) discover
[2.103s] Level 1:colcon.colcon_core.package_discovery:discover_packages(ignore) using defaults
[2.103s] Level 1:colcon.colcon_core.package_discovery:discover_packages(path) discover
[2.103s] Level 1:colcon.colcon_core.package_discovery:discover_packages(path) using defaults
[2.250s] INFO:colcon.colcon_core.package_selection:Skipping not selected package 'brickpi3_motors' in 'brickpi3_motors'
[2.251s] INFO:colcon.colcon_core.package_selection:Skipping not selected package 'brickpi3_sensors' in 'brickpi3_sensors'
[2.251s] INFO:colcon.colcon_core.package_selection:Skipping not selected package 'ev3_sensor_msgs' in 'ev3_sensor_msgs'
[2.251s] INFO:colcon.colcon_core.package_selection:Skipping not selected package 'brickpi3_charlie' in 'brickpi3_charlie'
[2.254s] Level 1:colcon.colcon_core.package_discovery:discover_packages(prefix_path) check parameters
[2.254s] Level 1:colcon.colcon_core.package_discovery:discover_packages(prefix_path) discover
[2.277s] DEBUG:colcon.colcon_installed_package_information.package_discovery:Found 200 installed packages in /opt/ros/humble
[2.283s] Level 1:colcon.colcon_core.package_discovery:discover_packages(prefix_path) using defaults
[2.506s] Level 5:colcon.colcon_core.verb:set package 'rt_ros2' build argument 'cmake_args' from command line to 'None'
[2.506s] Level 5:colcon.colcon_core.verb:set package 'rt_ros2' build argument 'cmake_target' from command line to 'None'
[2.506s] Level 5:colcon.colcon_core.verb:set package 'rt_ros2' build argument 'cmake_target_skip_unavailable' from command line to 'False'
[2.507s] Level 5:colcon.colcon_core.verb:set package 'rt_ros2' build argument 'cmake_clean_cache' from command line to 'False'
[2.507s] Level 5:colcon.colcon_core.verb:set package 'rt_ros2' build argument 'cmake_clean_first' from command line to 'False'
[2.507s] Level 5:colcon.colcon_core.verb:set package 'rt_ros2' build argument 'cmake_force_configure' from command line to 'False'
[2.507s] Level 5:colcon.colcon_core.verb:set package 'rt_ros2' build argument 'ament_cmake_args' from command line to 'None'
[2.507s] Level 5:colcon.colcon_core.verb:set package 'rt_ros2' build argument 'catkin_cmake_args' from command line to 'None'
[2.508s] Level 5:colcon.colcon_core.verb:set package 'rt_ros2' build argument 'catkin_skip_building_tests' from command line to 'False'
[2.508s] DEBUG:colcon.colcon_core.verb:Building package 'rt_ros2' with the following arguments: {'ament_cmake_args': None, 'build_base': '/code/brickpi/build/rt_ros2', 'catkin_cmake_args': None, 'catkin_skip_building_tests': False, 'cmake_args': None, 'cmake_clean_cache': False, 'cmake_clean_first': False, 'cmake_force_configure': False, 'cmake_target': None, 'cmake_target_skip_unavailable': False, 'install_base': '/code/brickpi/install/rt_ros2', 'merge_install': False, 'path': '/code/brickpi/rt_ros2', 'symlink_install': False, 'test_result_base': None}
[2.509s] INFO:colcon.colcon_core.executor:Executing jobs using 'parallel' executor
[2.513s] DEBUG:colcon.colcon_parallel_executor.executor.parallel:run_until_complete
[2.515s] INFO:colcon.colcon_ros.task.ament_cmake.build:Building ROS package in '/code/brickpi/rt_ros2' with build type 'ament_cmake'
[2.516s] INFO:colcon.colcon_cmake.task.cmake.build:Building CMake package in '/code/brickpi/rt_ros2'
[2.543s] INFO:colcon.colcon_core.plugin_system:Skipping extension 'colcon_core.shell.bat': Not used on non-Windows systems
[2.544s] INFO:colcon.colcon_core.shell:Skip shell extension 'powershell' for command environment: Not usable outside of PowerShell
[2.544s] DEBUG:colcon.colcon_core.shell:Skip shell extension 'dsv' for command environment
[2.610s] DEBUG:colcon.colcon_core.event_handler.log_command:Invoking command in '/code/brickpi/build/rt_ros2': AMENT_PREFIX_PATH=/code/brickpi/install/ev3_sensor_msgs:${AMENT_PREFIX_PATH} CMAKE_PREFIX_PATH=/code/brickpi/install/ev3_sensor_msgs:/opt/ros/humble LD_LIBRARY_PATH=/code/brickpi/install/ev3_sensor_msgs/lib:${LD_LIBRARY_PATH} PYTHONPATH=/code/brickpi/install/ev3_sensor_msgs/local/lib/python3.10/dist-packages:${PYTHONPATH} /usr/bin/cmake /code/brickpi/rt_ros2 -DCMAKE_INSTALL_PREFIX=/code/brickpi/install/rt_ros2
[8.938s] DEBUG:colcon.colcon_core.event_handler.log_command:Invoked command in '/code/brickpi/build/rt_ros2' returned '0': AMENT_PREFIX_PATH=/code/brickpi/install/ev3_sensor_msgs:${AMENT_PREFIX_PATH} CMAKE_PREFIX_PATH=/code/brickpi/install/ev3_sensor_msgs:/opt/ros/humble LD_LIBRARY_PATH=/code/brickpi/install/ev3_sensor_msgs/lib:${LD_LIBRARY_PATH} PYTHONPATH=/code/brickpi/install/ev3_sensor_msgs/local/lib/python3.10/dist-packages:${PYTHONPATH} /usr/bin/cmake /code/brickpi/rt_ros2 -DCMAKE_INSTALL_PREFIX=/code/brickpi/install/rt_ros2
[8.948s] DEBUG:colcon.colcon_core.event_handler.log_command:Invoking command in '/code/brickpi/build/rt_ros2': AMENT_PREFIX_PATH=/code/brickpi/install/ev3_sensor_msgs:${AMENT_PREFIX_PATH} CMAKE_PREFIX_PATH=/code/brickpi/install/ev3_sensor_msgs:/opt/ros/humble LD_LIBRARY_PATH=/code/brickpi/install/ev3_sensor_msgs/lib:${LD_LIBRARY_PATH} PYTHONPATH=/code/brickpi/install/ev3_sensor_msgs/local/lib/python3.10/dist-packages:${PYTHONPATH} /usr/bin/cmake --build /code/brickpi/build/rt_ros2 -- -j4 -l4
[11.339s] DEBUG:colcon.colcon_core.event_handler.log_command:Invoked command in '/code/brickpi/build/rt_ros2' returned '2': AMENT_PREFIX_PATH=/code/brickpi/install/ev3_sensor_msgs:${AMENT_PREFIX_PATH} CMAKE_PREFIX_PATH=/code/brickpi/install/ev3_sensor_msgs:/opt/ros/humble LD_LIBRARY_PATH=/code/brickpi/install/ev3_sensor_msgs/lib:${LD_LIBRARY_PATH} PYTHONPATH=/code/brickpi/install/ev3_sensor_msgs/local/lib/python3.10/dist-packages:${PYTHONPATH} /usr/bin/cmake --build /code/brickpi/build/rt_ros2 -- -j4 -l4
[11.341s] Level 1:colcon.colcon_core.environment:create_environment_scripts_only(rt_ros2)
[11.366s] Level 1:colcon.colcon_core.environment:checking '/code/brickpi/install/rt_ros2' for CMake module files
[11.368s] Level 1:colcon.colcon_core.environment:checking '/code/brickpi/install/rt_ros2' for CMake config files
[11.369s] Level 1:colcon.colcon_core.environment:checking '/code/brickpi/install/rt_ros2/bin'
[11.369s] Level 1:colcon.colcon_core.environment:checking '/code/brickpi/install/rt_ros2/lib/pkgconfig/rt_ros2.pc'
[11.370s] Level 1:colcon.colcon_core.environment:checking '/code/brickpi/install/rt_ros2/lib/python3.10/site-packages'
[11.372s] Level 1:colcon.colcon_core.environment:checking '/code/brickpi/install/rt_ros2/bin'
[11.373s] INFO:colcon.colcon_core.shell:Creating package script '/code/brickpi/install/rt_ros2/share/rt_ros2/package.ps1'
[11.380s] INFO:colcon.colcon_core.shell:Creating package descriptor '/code/brickpi/install/rt_ros2/share/rt_ros2/package.dsv'
[11.384s] INFO:colcon.colcon_core.shell:Creating package script '/code/brickpi/install/rt_ros2/share/rt_ros2/package.sh'
[11.389s] INFO:colcon.colcon_core.shell:Creating package script '/code/brickpi/install/rt_ros2/share/rt_ros2/package.bash'
[11.394s] INFO:colcon.colcon_core.shell:Creating package script '/code/brickpi/install/rt_ros2/share/rt_ros2/package.zsh'
[11.399s] Level 1:colcon.colcon_core.environment:create_file_with_runtime_dependencies(/code/brickpi/install/rt_ros2/share/colcon-core/packages/rt_ros2)
[11.412s] DEBUG:colcon.colcon_parallel_executor.executor.parallel:closing loop
[11.413s] DEBUG:colcon.colcon_parallel_executor.executor.parallel:loop closed
[11.414s] DEBUG:colcon.colcon_parallel_executor.executor.parallel:run_until_complete finished with '2'
[11.414s] DEBUG:colcon.colcon_core.event_reactor:joining thread
[11.445s] INFO:colcon.colcon_core.plugin_system:Skipping extension 'colcon_notification.desktop_notification.notify_send': Could not find 'notify-send'
[11.445s] INFO:colcon.colcon_core.plugin_system:Skipping extension 'colcon_notification.desktop_notification.terminal_notifier': Not used on non-Darwin systems
[11.446s] INFO:colcon.colcon_core.plugin_system:Skipping extension 'colcon_notification.desktop_notification.win32': Not used on non-Windows systems
[11.446s] INFO:colcon.colcon_notification.desktop_notification:Sending desktop notification using 'notify2'
[11.498s] DEBUG:colcon.colcon_notification.desktop_notification.notify2:Failed to initialize notify2: org.freedesktop.DBus.Error.ServiceUnknown: The name org.freedesktop.Notifications was not provided by any .service files
[11.499s] DEBUG:colcon.colcon_core.event_reactor:joined thread
[11.500s] INFO:colcon.colcon_core.shell:Creating prefix script '/code/brickpi/install/local_setup.ps1'
[11.505s] INFO:colcon.colcon_core.shell:Creating prefix util module '/code/brickpi/install/_local_setup_util_ps1.py'
[11.514s] INFO:colcon.colcon_core.shell:Creating prefix chain script '/code/brickpi/install/setup.ps1'
[11.519s] INFO:colcon.colcon_core.shell:Creating prefix script '/code/brickpi/install/local_setup.sh'
[11.524s] INFO:colcon.colcon_core.shell:Creating prefix util module '/code/brickpi/install/_local_setup_util_sh.py'
[11.527s] INFO:colcon.colcon_core.shell:Creating prefix chain script '/code/brickpi/install/setup.sh'
[11.533s] INFO:colcon.colcon_core.shell:Creating prefix script '/code/brickpi/install/local_setup.bash'
[11.537s] INFO:colcon.colcon_core.shell:Creating prefix chain script '/code/brickpi/install/setup.bash'
[11.543s] INFO:colcon.colcon_core.shell:Creating prefix script '/code/brickpi/install/local_setup.zsh'
[11.548s] INFO:colcon.colcon_core.shell:Creating prefix chain script '/code/brickpi/install/setup.zsh'
