/code/brickpi/install/brickpi3_sensors/lib/python3.10/site-packages/brickpi3_sensors/ultrasonic_distance_node.py
/code/brickpi/install/brickpi3_sensors/lib/python3.10/site-packages/brickpi3_sensors/touch_sensor_node.py
/code/brickpi/install/brickpi3_sensors/lib/python3.10/site-packages/brickpi3_sensors/light_sensor_node.py
/code/brickpi/install/brickpi3_sensors/lib/python3.10/site-packages/brickpi3_sensors/infrared_distance_node.py
/code/brickpi/install/brickpi3_sensors/lib/python3.10/site-packages/brickpi3_sensors/compass_node.py
/code/brickpi/install/brickpi3_sensors/lib/python3.10/site-packages/brickpi3_sensors/battery_node.py
/code/brickpi/install/brickpi3_sensors/lib/python3.10/site-packages/brickpi3_sensors/color_sensor_node.py
/code/brickpi/install/brickpi3_sensors/lib/python3.10/site-packages/brickpi3_sensors/__init__.py
/code/brickpi/install/brickpi3_sensors/lib/python3.10/site-packages/brickpi3_sensors/gyro_node.py
/code/brickpi/install/brickpi3_sensors/lib/python3.10/site-packages/brickpi3_sensors/__pycache__/ultrasonic_distance_node.cpython-310.pyc
/code/brickpi/install/brickpi3_sensors/lib/python3.10/site-packages/brickpi3_sensors/__pycache__/touch_sensor_node.cpython-310.pyc
/code/brickpi/install/brickpi3_sensors/lib/python3.10/site-packages/brickpi3_sensors/__pycache__/light_sensor_node.cpython-310.pyc
/code/brickpi/install/brickpi3_sensors/lib/python3.10/site-packages/brickpi3_sensors/__pycache__/infrared_distance_node.cpython-310.pyc
/code/brickpi/install/brickpi3_sensors/lib/python3.10/site-packages/brickpi3_sensors/__pycache__/compass_node.cpython-310.pyc
/code/brickpi/install/brickpi3_sensors/lib/python3.10/site-packages/brickpi3_sensors/__pycache__/battery_node.cpython-310.pyc
/code/brickpi/install/brickpi3_sensors/lib/python3.10/site-packages/brickpi3_sensors/__pycache__/color_sensor_node.cpython-310.pyc
/code/brickpi/install/brickpi3_sensors/lib/python3.10/site-packages/brickpi3_sensors/__pycache__/__init__.cpython-310.pyc
/code/brickpi/install/brickpi3_sensors/lib/python3.10/site-packages/brickpi3_sensors/__pycache__/gyro_node.cpython-310.pyc
/code/brickpi/install/brickpi3_sensors/share/ament_index/resource_index/packages/brickpi3_sensors
/code/brickpi/install/brickpi3_sensors/share/brickpi3_sensors/package.xml
/code/brickpi/install/brickpi3_sensors/share/brickpi3_sensors/launch
/code/brickpi/install/brickpi3_sensors/lib/python3.10/site-packages/brickpi3_sensors-0.0.0-py3.10.egg-info/entry_points.txt
/code/brickpi/install/brickpi3_sensors/lib/python3.10/site-packages/brickpi3_sensors-0.0.0-py3.10.egg-info/SOURCES.txt
/code/brickpi/install/brickpi3_sensors/lib/python3.10/site-packages/brickpi3_sensors-0.0.0-py3.10.egg-info/dependency_links.txt
/code/brickpi/install/brickpi3_sensors/lib/python3.10/site-packages/brickpi3_sensors-0.0.0-py3.10.egg-info/PKG-INFO
/code/brickpi/install/brickpi3_sensors/lib/python3.10/site-packages/brickpi3_sensors-0.0.0-py3.10.egg-info/zip-safe
/code/brickpi/install/brickpi3_sensors/lib/python3.10/site-packages/brickpi3_sensors-0.0.0-py3.10.egg-info/requires.txt
/code/brickpi/install/brickpi3_sensors/lib/python3.10/site-packages/brickpi3_sensors-0.0.0-py3.10.egg-info/top_level.txt
/code/brickpi/install/brickpi3_sensors/lib/brickpi3_sensors/battery_node
/code/brickpi/install/brickpi3_sensors/lib/brickpi3_sensors/color_sensor_node
/code/brickpi/install/brickpi3_sensors/lib/brickpi3_sensors/compass_node
/code/brickpi/install/brickpi3_sensors/lib/brickpi3_sensors/differential_drive_node
/code/brickpi/install/brickpi3_sensors/lib/brickpi3_sensors/gyro_node
/code/brickpi/install/brickpi3_sensors/lib/brickpi3_sensors/infrared_distance_node
/code/brickpi/install/brickpi3_sensors/lib/brickpi3_sensors/light_sensor_node
/code/brickpi/install/brickpi3_sensors/lib/brickpi3_sensors/touch_sensor_node
/code/brickpi/install/brickpi3_sensors/lib/brickpi3_sensors/ultrasonic_distance_node
