[0.053s] Invoking command in '/code/brickpi/build/rt_ros2': CMAKE_PREFIX_PATH=${CMAKE_PREFIX_PATH}:/code/brickpi/install/brickpi3_sensors:/code/brickpi/install/brickpi3_charlie:/opt/ros/humble /usr/bin/cmake --build /code/brickpi/build/rt_ros2 -- -j4 -l4
[0.363s] [  3%] Built target nodo_test
[0.379s] [ 30%] Built target cactus_tracing_embedded_perfetto_protos
[0.402s] [ 69%] Built target quill
[0.549s] [ 84%] Built target cactus_rt
[0.655s] [35m[1mConsolidate compiler generated dependencies of target main_rt[0m
[0.686s] [35m[1mConsolidate compiler generated dependencies of target main_be[0m
[0.909s] [ 85%] [32mBuilding CXX object CMakeFiles/main_rt.dir/src/mainRT.cc.o[0m
[0.978s] [ 93%] Built target main_be
[30.643s] [ 95%] [32m[1mLinking CXX executable main_rt[0m
[32.355s] [100%] Built target main_rt
[32.411s] Invoked command in '/code/brickpi/build/rt_ros2' returned '0': CMAKE_PREFIX_PATH=${CMAKE_PREFIX_PATH}:/code/brickpi/install/brickpi3_sensors:/code/brickpi/install/brickpi3_charlie:/opt/ros/humble /usr/bin/cmake --build /code/brickpi/build/rt_ros2 -- -j4 -l4
[32.455s] Invoking command in '/code/brickpi/build/rt_ros2': CMAKE_PREFIX_PATH=${CMAKE_PREFIX_PATH}:/code/brickpi/install/brickpi3_sensors:/code/brickpi/install/brickpi3_charlie:/opt/ros/humble /usr/bin/cmake --install /code/brickpi/build/rt_ros2
[32.485s] -- Install configuration: "Release"
[32.487s] -- Execute custom install script
[32.488s] -- Up-to-date symlink: /code/brickpi/install/rt_ros2/include/readerwriterqueue/atomicops.h
[32.489s] -- Up-to-date symlink: /code/brickpi/install/rt_ros2/include/readerwriterqueue/readerwriterqueue.h
[32.490s] -- Up-to-date symlink: /code/brickpi/install/rt_ros2/include/readerwriterqueue/readerwritercircularbuffer.h
[32.491s] -- Up-to-date symlink: /code/brickpi/install/rt_ros2/include/readerwriterqueue/LICENSE.md
[32.492s] -- Up-to-date symlink: /code/brickpi/install/rt_ros2/lib/rt_ros2/main_rt
[32.493s] -- Up-to-date symlink: /code/brickpi/install/rt_ros2/lib/rt_ros2/main_be
[32.495s] -- Up-to-date symlink: /code/brickpi/install/rt_ros2/share/rt_ros2/._infraestructura.launch.py
[32.496s] -- Up-to-date symlink: /code/brickpi/install/rt_ros2/share/rt_ros2/infraestructura.launch.py
[32.497s] -- Up-to-date symlink: /code/brickpi/install/rt_ros2/lib/rt_ros2/nodo_test
[32.499s] -- Up-to-date symlink: /code/brickpi/install/rt_ros2/share/ament_index/resource_index/package_run_dependencies/rt_ros2
[32.500s] -- Up-to-date symlink: /code/brickpi/install/rt_ros2/share/ament_index/resource_index/parent_prefix_path/rt_ros2
[32.501s] -- Up-to-date symlink: /code/brickpi/install/rt_ros2/share/rt_ros2/environment/ament_prefix_path.sh
[32.502s] -- Up-to-date symlink: /code/brickpi/install/rt_ros2/share/rt_ros2/environment/ament_prefix_path.dsv
[32.503s] -- Up-to-date symlink: /code/brickpi/install/rt_ros2/share/rt_ros2/environment/path.sh
[32.504s] -- Up-to-date symlink: /code/brickpi/install/rt_ros2/share/rt_ros2/environment/path.dsv
[32.505s] -- Up-to-date symlink: /code/brickpi/install/rt_ros2/share/rt_ros2/local_setup.bash
[32.506s] -- Up-to-date symlink: /code/brickpi/install/rt_ros2/share/rt_ros2/local_setup.sh
[32.507s] -- Up-to-date symlink: /code/brickpi/install/rt_ros2/share/rt_ros2/local_setup.zsh
[32.509s] -- Up-to-date symlink: /code/brickpi/install/rt_ros2/share/rt_ros2/local_setup.dsv
[32.509s] -- Symlinking: /code/brickpi/install/rt_ros2/share/rt_ros2/package.dsv
[32.551s] -- Up-to-date symlink: /code/brickpi/install/rt_ros2/share/ament_index/resource_index/packages/rt_ros2
[32.552s] -- Up-to-date symlink: /code/brickpi/install/rt_ros2/share/rt_ros2/cmake/rt_ros2Config.cmake
[32.553s] -- Up-to-date symlink: /code/brickpi/install/rt_ros2/share/rt_ros2/cmake/rt_ros2Config-version.cmake
[32.554s] -- Up-to-date symlink: /code/brickpi/install/rt_ros2/share/rt_ros2/package.xml
[32.565s] Invoked command in '/code/brickpi/build/rt_ros2' returned '0': CMAKE_PREFIX_PATH=${CMAKE_PREFIX_PATH}:/code/brickpi/install/brickpi3_sensors:/code/brickpi/install/brickpi3_charlie:/opt/ros/humble /usr/bin/cmake --install /code/brickpi/build/rt_ros2
