-- Found ament_cmake: 1.3.14 (/opt/ros/humble/share/ament_cmake/cmake)
-- Found rclcpp: 16.0.18 (/opt/ros/humble/share/rclcpp/cmake)
-- Found rosidl_generator_c: 3.1.8 (/opt/ros/humble/share/rosidl_generator_c/cmake)
-- Found rosidl_adapter: 3.1.8 (/opt/ros/humble/share/rosidl_adapter/cmake)
-- Found rosidl_generator_cpp: 3.1.8 (/opt/ros/humble/share/rosidl_generator_cpp/cmake)
-- Using all available rosidl_typesupport_c: rosidl_typesupport_fastrtps_c;rosidl_typesupport_introspection_c
-- Using all available rosidl_typesupport_cpp: rosidl_typesupport_fastrtps_cpp;rosidl_typesupport_introspection_cpp
-- Found rmw_implementation_cmake: 6.1.2 (/opt/ros/humble/share/rmw_implementation_cmake/cmake)
-- Found rmw_fastrtps_cpp: 6.2.10 (/opt/ros/humble/share/rmw_fastrtps_cpp/cmake)
-- Using RMW implementation 'rmw_fastrtps_cpp' as default
-- Found geometry_msgs: 4.9.1 (/opt/ros/humble/share/geometry_msgs/cmake)
-- Found sensor_msgs: 4.9.1 (/opt/ros/humble/share/sensor_msgs/cmake)
-- QUILL_NO_EXCEPTIONS: OFF
-- QUILL_FMT_EXTERNAL: OFF
-- QUILL_NO_THREAD_NAME_SUPPORT: OFF
-- Configuring done
-- Generating done
-- Build files have been written to: /code/brickpi/rt_ros2/build/rt_ros2
[35m[1mConsolidate compiler generated dependencies of target nodo_test[0m
[35m[1mConsolidate compiler generated dependencies of target quill[0m
[35m[1mConsolidate compiler generated dependencies of target cactus_tracing_embedded_perfetto_protos[0m
[  1%] [32mBuilding CXX object CMakeFiles/nodo_test.dir/test/nodo_test.cpp.o[0m
[ 31%] Built target cactus_tracing_embedded_perfetto_protos
[ 75%] Built target quill
[35m[1mConsolidate compiler generated dependencies of target cactus_rt[0m
[ 91%] Built target cactus_rt
[35m[1mConsolidate compiler generated dependencies of target rt_ros2[0m
[ 92%] [32mBuilding CXX object CMakeFiles/rt_ros2.dir/src/main.cc.o[0m
[ 94%] [32mBuilding CXX object CMakeFiles/rt_ros2.dir/src/nodo_actuador.cpp.o[0m
[ 96%] [32mBuilding CXX object CMakeFiles/rt_ros2.dir/src/nodo_maquina_estados.cpp.o[0m
[01m[K/code/brickpi/rt_ros2/test/nodo_test.cpp:[m[K In constructor ‘[01m[Krt_ros2::TestAutomatico::TestAutomatico()[m[K’:
[01m[K/code/brickpi/rt_ros2/test/nodo_test.cpp:43:49:[m[K [01;31m[Kerror: [m[Kclass ‘[01m[Krt_ros2::TestAutomatico[m[K’ does not have any field named ‘[01m[Ktick_[m[K’
   43 |     TestAutomatico() : Node("test_automatico"), [01;31m[Ktick_[m[K(0)
      |                                                 [01;31m[K^~~~~[m[K
gmake[2]: *** [CMakeFiles/nodo_test.dir/build.make:76: CMakeFiles/nodo_test.dir/test/nodo_test.cpp.o] Error 1
gmake[1]: *** [CMakeFiles/Makefile2:267: CMakeFiles/nodo_test.dir/all] Error 2
gmake[1]: *** Waiting for unfinished jobs....
[ 98%] [32m[1mLinking CXX executable rt_ros2[0m
[ 98%] Built target rt_ros2
gmake: *** [Makefile:146: all] Error 2
