[0.051s] Invoking command in '/code/brickpi/rt_ros2/build/rt_ros2': CMAKE_PREFIX_PATH=${CMAKE_PREFIX_PATH}:/opt/ros/humble /usr/bin/cmake --build /code/brickpi/rt_ros2/build/rt_ros2 -- -j4 -l4
[0.160s] -- Found ament_cmake: 1.3.14 (/opt/ros/humble/share/ament_cmake/cmake)
[0.775s] -- Found rclcpp: 16.0.18 (/opt/ros/humble/share/rclcpp/cmake)
[0.929s] -- Found rosidl_generator_c: 3.1.8 (/opt/ros/humble/share/rosidl_generator_c/cmake)
[0.942s] -- Found rosidl_adapter: 3.1.8 (/opt/ros/humble/share/rosidl_adapter/cmake)
[0.971s] -- Found rosidl_generator_cpp: 3.1.8 (/opt/ros/humble/share/rosidl_generator_cpp/cmake)
[1.016s] -- Using all available rosidl_typesupport_c: rosidl_typesupport_fastrtps_c;rosidl_typesupport_introspection_c
[1.076s] -- Using all available rosidl_typesupport_cpp: rosidl_typesupport_fastrtps_cpp;rosidl_typesupport_introspection_cpp
[1.228s] -- Found rmw_implementation_cmake: 6.1.2 (/opt/ros/humble/share/rmw_implementation_cmake/cmake)
[1.235s] -- Found rmw_fastrtps_cpp: 6.2.10 (/opt/ros/humble/share/rmw_fastrtps_cpp/cmake)
[1.758s] -- Using RMW implementation 'rmw_fastrtps_cpp' as default
[1.978s] -- Found geometry_msgs: 4.9.1 (/opt/ros/humble/share/geometry_msgs/cmake)
[2.035s] -- Found sensor_msgs: 4.9.1 (/opt/ros/humble/share/sensor_msgs/cmake)
[2.132s] -- QUILL_NO_EXCEPTIONS: OFF
[2.132s] -- QUILL_FMT_EXTERNAL: OFF
[2.133s] -- QUILL_NO_THREAD_NAME_SUPPORT: OFF
[2.216s] -- Configuring done
[2.388s] -- Generating done
[2.434s] -- Build files have been written to: /code/brickpi/rt_ros2/build/rt_ros2
[2.564s] [35m[1mConsolidate compiler generated dependencies of target nodo_test[0m
[2.587s] [35m[1mConsolidate compiler generated dependencies of target quill[0m
[2.593s] [35m[1mConsolidate compiler generated dependencies of target cactus_tracing_embedded_perfetto_protos[0m
[2.684s] [  1%] [32mBuilding CXX object CMakeFiles/nodo_test.dir/test/nodo_test.cpp.o[0m
[2.748s] [ 31%] Built target cactus_tracing_embedded_perfetto_protos
[2.861s] [ 75%] Built target quill
[2.916s] [35m[1mConsolidate compiler generated dependencies of target cactus_rt[0m
[3.076s] [ 91%] Built target cactus_rt
[3.134s] [35m[1mConsolidate compiler generated dependencies of target rt_ros2[0m
[3.299s] [ 92%] [32mBuilding CXX object CMakeFiles/rt_ros2.dir/src/main.cc.o[0m
[3.305s] [ 94%] [32mBuilding CXX object CMakeFiles/rt_ros2.dir/src/nodo_actuador.cpp.o[0m
[3.356s] [ 96%] [32mBuilding CXX object CMakeFiles/rt_ros2.dir/src/nodo_maquina_estados.cpp.o[0m
[37.295s] [01m[K/code/brickpi/rt_ros2/test/nodo_test.cpp:[m[K In constructor ‘[01m[Krt_ros2::TestAutomatico::TestAutomatico()[m[K’:
[37.296s] [01m[K/code/brickpi/rt_ros2/test/nodo_test.cpp:43:49:[m[K [01;31m[Kerror: [m[Kclass ‘[01m[Krt_ros2::TestAutomatico[m[K’ does not have any field named ‘[01m[Ktick_[m[K’
[37.296s]    43 |     TestAutomatico() : Node("test_automatico"), [01;31m[Ktick_[m[K(0)
[37.297s]       |                                                 [01;31m[K^~~~~[m[K
[81.669s] gmake[2]: *** [CMakeFiles/nodo_test.dir/build.make:76: CMakeFiles/nodo_test.dir/test/nodo_test.cpp.o] Error 1
[81.674s] gmake[1]: *** [CMakeFiles/Makefile2:267: CMakeFiles/nodo_test.dir/all] Error 2
[81.682s] gmake[1]: *** Waiting for unfinished jobs....
[152.547s] [ 98%] [32m[1mLinking CXX executable rt_ros2[0m
[154.173s] [ 98%] Built target rt_ros2
[154.178s] gmake: *** [Makefile:146: all] Error 2
[154.187s] Invoked command in '/code/brickpi/rt_ros2/build/rt_ros2' returned '2': CMAKE_PREFIX_PATH=${CMAKE_PREFIX_PATH}:/opt/ros/humble /usr/bin/cmake --build /code/brickpi/rt_ros2/build/rt_ros2 -- -j4 -l4
