[0.686s] DEBUG:colcon:Command line arguments: ['/usr/bin/colcon', 'build']
[0.686s] DEBUG:colcon:Parsed command line arguments: Namespace(log_base=None, log_level=None, verb_name='build', build_base='build', install_base='install', merge_install=False, symlink_install=False, test_result_base=None, continue_on_error=False, executor='parallel', parallel_workers=4, event_handlers=None, ignore_user_meta=False, metas=['./colcon.meta'], base_paths=['.'], packages_ignore=None, packages_ignore_regex=None, paths=None, packages_up_to=None, packages_up_to_regex=None, packages_above=None, packages_above_and_dependencies=None, packages_above_depth=None, packages_select_by_dep=None, packages_skip_by_dep=None, packages_skip_up_to=None, packages_select_build_failed=False, packages_skip_build_finished=False, packages_select_test_failures=False, packages_skip_test_passed=False, packages_select=None, packages_skip=None, packages_select_regex=None, packages_skip_regex=None, packages_start=None, packages_end=None, allow_overriding=[], cmake_args=None, cmake_target=None, cmake_target_skip_unavailable=False, cmake_clean_cache=False, cmake_clean_first=False, cmake_force_configure=False, ament_cmake_args=None, catkin_cmake_args=None, catkin_skip_building_tests=False, verb_parser=<colcon_defaults.argument_parser.defaults.DefaultArgumentsDecorator object at 0xffffbbddb010>, verb_extension=<colcon_core.verb.build.BuildVerb object at 0xffffbbddab30>, main=<bound method BuildVerb.main of <colcon_core.verb.build.BuildVerb object at 0xffffbbddab30>>)
[1.793s] Level 1:colcon.colcon_core.package_discovery:discover_packages(colcon_meta) check parameters
[1.794s] Level 1:colcon.colcon_core.package_discovery:discover_packages(recursive) check parameters
[1.794s] Level 1:colcon.colcon_core.package_discovery:discover_packages(ignore) check parameters
[1.795s] Level 1:colcon.colcon_core.package_discovery:discover_packages(path) check parameters
[1.795s] Level 1:colcon.colcon_core.package_discovery:discover_packages(colcon_meta) discover
[1.795s] Level 1:colcon.colcon_core.package_discovery:discover_packages(recursive) discover
[1.795s] INFO:colcon.colcon_core.package_discovery:Crawling recursively for packages in '/code/brickpi'
[1.796s] Level 1:colcon.colcon_core.package_identification:_identify(.) by extensions ['ignore', 'ignore_ament_install']
[1.797s] Level 1:colcon.colcon_core.package_identification:_identify(.) by extension 'ignore'
[1.798s] Level 1:colcon.colcon_core.package_identification:_identify(.) by extension 'ignore_ament_install'
[1.799s] Level 1:colcon.colcon_core.package_identification:_identify(.) by extensions ['colcon_pkg']
[1.799s] Level 1:colcon.colcon_core.package_identification:_identify(.) by extension 'colcon_pkg'
[1.800s] Level 1:colcon.colcon_core.package_identification:_identify(.) by extensions ['colcon_meta']
[1.800s] Level 1:colcon.colcon_core.package_identification:_identify(.) by extension 'colcon_meta'
[1.801s] Level 1:colcon.colcon_core.package_identification:_identify(.) by extensions ['ros']
[1.801s] Level 1:colcon.colcon_core.package_identification:_identify(.) by extension 'ros'
[1.872s] Level 1:colcon.colcon_core.package_identification:_identify(.) by extensions ['cmake', 'python']
[1.873s] Level 1:colcon.colcon_core.package_identification:_identify(.) by extension 'cmake'
[1.873s] Level 1:colcon.colcon_core.package_identification:_identify(.) by extension 'python'
[1.874s] Level 1:colcon.colcon_core.package_identification:_identify(.) by extensions ['python_setup_py']
[1.874s] Level 1:colcon.colcon_core.package_identification:_identify(.) by extension 'python_setup_py'
[1.875s] Level 1:colcon.colcon_core.package_identification:_identify(brickpi3_charlie) by extensions ['ignore', 'ignore_ament_install']
[1.875s] Level 1:colcon.colcon_core.package_identification:_identify(brickpi3_charlie) by extension 'ignore'
[1.876s] Level 1:colcon.colcon_core.package_identification:_identify(brickpi3_charlie) by extension 'ignore_ament_install'
[1.876s] Level 1:colcon.colcon_core.package_identification:_identify(brickpi3_charlie) by extensions ['colcon_pkg']
[1.876s] Level 1:colcon.colcon_core.package_identification:_identify(brickpi3_charlie) by extension 'colcon_pkg'
[1.877s] Level 1:colcon.colcon_core.package_identification:_identify(brickpi3_charlie) by extensions ['colcon_meta']
[1.877s] Level 1:colcon.colcon_core.package_identification:_identify(brickpi3_charlie) by extension 'colcon_meta'
[1.878s] Level 1:colcon.colcon_core.package_identification:_identify(brickpi3_charlie) by extensions ['ros']
[1.878s] Level 1:colcon.colcon_core.package_identification:_identify(brickpi3_charlie) by extension 'ros'
[1.905s] DEBUG:colcon.colcon_core.package_identification:Package 'brickpi3_charlie' with type 'ros.ament_python' and name 'brickpi3_charlie'
[1.906s] Level 1:colcon.colcon_core.package_identification:_identify(brickpi3_motors) by extensions ['ignore', 'ignore_ament_install']
[1.907s] Level 1:colcon.colcon_core.package_identification:_identify(brickpi3_motors) by extension 'ignore'
[1.907s] Level 1:colcon.colcon_core.package_identification:_identify(brickpi3_motors) by extension 'ignore_ament_install'
[1.908s] Level 1:colcon.colcon_core.package_identification:_identify(brickpi3_motors) by extensions ['colcon_pkg']
[1.908s] Level 1:colcon.colcon_core.package_identification:_identify(brickpi3_motors) by extension 'colcon_pkg'
[1.908s] Level 1:colcon.colcon_core.package_identification:_identify(brickpi3_motors) by extensions ['colcon_meta']
[1.908s] Level 1:colcon.colcon_core.package_identification:_identify(brickpi3_motors) by extension 'colcon_meta'
[1.909s] Level 1:colcon.colcon_core.package_identification:_identify(brickpi3_motors) by extensions ['ros']
[1.909s] Level 1:colcon.colcon_core.package_identification:_identify(brickpi3_motors) by extension 'ros'
[1.912s] DEBUG:colcon.colcon_core.package_identification:Package 'brickpi3_motors' with type 'ros.ament_cmake' and name 'brickpi3_motors'
[1.912s] Level 1:colcon.colcon_core.package_identification:_identify(brickpi3_sensors) by extensions ['ignore', 'ignore_ament_install']
[1.913s] Level 1:colcon.colcon_core.package_identification:_identify(brickpi3_sensors) by extension 'ignore'
[1.913s] Level 1:colcon.colcon_core.package_identification:_identify(brickpi3_sensors) by extension 'ignore_ament_install'
[1.914s] Level 1:colcon.colcon_core.package_identification:_identify(brickpi3_sensors) by extensions ['colcon_pkg']
[1.914s] Level 1:colcon.colcon_core.package_identification:_identify(brickpi3_sensors) by extension 'colcon_pkg'
[1.914s] Level 1:colcon.colcon_core.package_identification:_identify(brickpi3_sensors) by extensions ['colcon_meta']
[1.915s] Level 1:colcon.colcon_core.package_identification:_identify(brickpi3_sensors) by extension 'colcon_meta'
[1.915s] Level 1:colcon.colcon_core.package_identification:_identify(brickpi3_sensors) by extensions ['ros']
[1.915s] Level 1:colcon.colcon_core.package_identification:_identify(brickpi3_sensors) by extension 'ros'
[1.918s] DEBUG:colcon.colcon_core.package_identification:Package 'brickpi3_sensors' with type 'ros.ament_python' and name 'brickpi3_sensors'
[1.919s] Level 1:colcon.colcon_core.package_identification:_identify(build) by extensions ['ignore', 'ignore_ament_install']
[1.920s] Level 1:colcon.colcon_core.package_identification:_identify(build) by extension 'ignore'
[1.920s] Level 1:colcon.colcon_core.package_identification:_identify(build) ignored
[1.921s] Level 1:colcon.colcon_core.package_identification:_identify(docker) by extensions ['ignore', 'ignore_ament_install']
[1.921s] Level 1:colcon.colcon_core.package_identification:_identify(docker) by extension 'ignore'
[1.922s] Level 1:colcon.colcon_core.package_identification:_identify(docker) by extension 'ignore_ament_install'
[1.922s] Level 1:colcon.colcon_core.package_identification:_identify(docker) by extensions ['colcon_pkg']
[1.922s] Level 1:colcon.colcon_core.package_identification:_identify(docker) by extension 'colcon_pkg'
[1.923s] Level 1:colcon.colcon_core.package_identification:_identify(docker) by extensions ['colcon_meta']
[1.923s] Level 1:colcon.colcon_core.package_identification:_identify(docker) by extension 'colcon_meta'
[1.923s] Level 1:colcon.colcon_core.package_identification:_identify(docker) by extensions ['ros']
[1.924s] Level 1:colcon.colcon_core.package_identification:_identify(docker) by extension 'ros'
[1.924s] Level 1:colcon.colcon_core.package_identification:_identify(docker) by extensions ['cmake', 'python']
[1.924s] Level 1:colcon.colcon_core.package_identification:_identify(docker) by extension 'cmake'
[1.925s] Level 1:colcon.colcon_core.package_identification:_identify(docker) by extension 'python'
[1.925s] Level 1:colcon.colcon_core.package_identification:_identify(docker) by extensions ['python_setup_py']
[1.925s] Level 1:colcon.colcon_core.package_identification:_identify(docker) by extension 'python_setup_py'
[1.926s] Level 1:colcon.colcon_core.package_identification:_identify(docker/brickpi3) by extensions ['ignore', 'ignore_ament_install']
[1.926s] Level 1:colcon.colcon_core.package_identification:_identify(docker/brickpi3) by extension 'ignore'
[1.927s] Level 1:colcon.colcon_core.package_identification:_identify(docker/brickpi3) by extension 'ignore_ament_install'
[1.927s] Level 1:colcon.colcon_core.package_identification:_identify(docker/brickpi3) by extensions ['colcon_pkg']
[1.927s] Level 1:colcon.colcon_core.package_identification:_identify(docker/brickpi3) by extension 'colcon_pkg'
[1.928s] Level 1:colcon.colcon_core.package_identification:_identify(docker/brickpi3) by extensions ['colcon_meta']
[1.928s] Level 1:colcon.colcon_core.package_identification:_identify(docker/brickpi3) by extension 'colcon_meta'
[1.928s] Level 1:colcon.colcon_core.package_identification:_identify(docker/brickpi3) by extensions ['ros']
[1.928s] Level 1:colcon.colcon_core.package_identification:_identify(docker/brickpi3) by extension 'ros'
[1.929s] Level 1:colcon.colcon_core.package_identification:_identify(docker/brickpi3) by extensions ['cmake', 'python']
[1.930s] Level 1:colcon.colcon_core.package_identification:_identify(docker/brickpi3) by extension 'cmake'
[1.931s] Level 1:colcon.colcon_core.package_identification:_identify(docker/brickpi3) by extension 'python'
[1.931s] Level 1:colcon.colcon_core.package_identification:_identify(docker/brickpi3) by extensions ['python_setup_py']
[1.932s] Level 1:colcon.colcon_core.package_identification:_identify(docker/brickpi3) by extension 'python_setup_py'
[1.933s] Level 1:colcon.colcon_core.package_identification:_identify(ev3_sensor_msgs) by extensions ['ignore', 'ignore_ament_install']
[1.933s] Level 1:colcon.colcon_core.package_identification:_identify(ev3_sensor_msgs) by extension 'ignore'
[1.934s] Level 1:colcon.colcon_core.package_identification:_identify(ev3_sensor_msgs) by extension 'ignore_ament_install'
[1.934s] Level 1:colcon.colcon_core.package_identification:_identify(ev3_sensor_msgs) by extensions ['colcon_pkg']
[1.934s] Level 1:colcon.colcon_core.package_identification:_identify(ev3_sensor_msgs) by extension 'colcon_pkg'
[1.935s] Level 1:colcon.colcon_core.package_identification:_identify(ev3_sensor_msgs) by extensions ['colcon_meta']
[1.935s] Level 1:colcon.colcon_core.package_identification:_identify(ev3_sensor_msgs) by extension 'colcon_meta'
[1.935s] Level 1:colcon.colcon_core.package_identification:_identify(ev3_sensor_msgs) by extensions ['ros']
[1.935s] Level 1:colcon.colcon_core.package_identification:_identify(ev3_sensor_msgs) by extension 'ros'
[1.940s] DEBUG:colcon.colcon_core.package_identification:Package 'ev3_sensor_msgs' with type 'ros.ament_cmake' and name 'ev3_sensor_msgs'
[1.941s] Level 1:colcon.colcon_core.package_identification:_identify(install) by extensions ['ignore', 'ignore_ament_install']
[1.942s] Level 1:colcon.colcon_core.package_identification:_identify(install) by extension 'ignore'
[1.943s] Level 1:colcon.colcon_core.package_identification:_identify(install) ignored
[1.945s] Level 1:colcon.colcon_core.package_identification:_identify(log) by extensions ['ignore', 'ignore_ament_install']
[1.946s] Level 1:colcon.colcon_core.package_identification:_identify(log) by extension 'ignore'
[1.947s] Level 1:colcon.colcon_core.package_identification:_identify(log) ignored
[1.948s] Level 1:colcon.colcon_core.package_identification:_identify(rt_ros2) by extensions ['ignore', 'ignore_ament_install']
[1.949s] Level 1:colcon.colcon_core.package_identification:_identify(rt_ros2) by extension 'ignore'
[1.950s] Level 1:colcon.colcon_core.package_identification:_identify(rt_ros2) by extension 'ignore_ament_install'
[1.950s] Level 1:colcon.colcon_core.package_identification:_identify(rt_ros2) by extensions ['colcon_pkg']
[1.951s] Level 1:colcon.colcon_core.package_identification:_identify(rt_ros2) by extension 'colcon_pkg'
[1.952s] Level 1:colcon.colcon_core.package_identification:_identify(rt_ros2) by extensions ['colcon_meta']
[1.952s] Level 1:colcon.colcon_core.package_identification:_identify(rt_ros2) by extension 'colcon_meta'
[1.953s] Level 1:colcon.colcon_core.package_identification:_identify(rt_ros2) by extensions ['ros']
[1.953s] Level 1:colcon.colcon_core.package_identification:_identify(rt_ros2) by extension 'ros'
[1.958s] DEBUG:colcon.colcon_core.package_identification:Package 'rt_ros2' with type 'ros.ament_cmake' and name 'rt_ros2'
[1.960s] Level 1:colcon.colcon_core.package_identification:_identify(trazas) by extensions ['ignore', 'ignore_ament_install']
[1.960s] Level 1:colcon.colcon_core.package_identification:_identify(trazas) by extension 'ignore'
[1.961s] Level 1:colcon.colcon_core.package_identification:_identify(trazas) by extension 'ignore_ament_install'
[1.961s] Level 1:colcon.colcon_core.package_identification:_identify(trazas) by extensions ['colcon_pkg']
[1.962s] Level 1:colcon.colcon_core.package_identification:_identify(trazas) by extension 'colcon_pkg'
[1.962s] Level 1:colcon.colcon_core.package_identification:_identify(trazas) by extensions ['colcon_meta']
[1.963s] Level 1:colcon.colcon_core.package_identification:_identify(trazas) by extension 'colcon_meta'
[1.963s] Level 1:colcon.colcon_core.package_identification:_identify(trazas) by extensions ['ros']
[1.963s] Level 1:colcon.colcon_core.package_identification:_identify(trazas) by extension 'ros'
[1.964s] Level 1:colcon.colcon_core.package_identification:_identify(trazas) by extensions ['cmake', 'python']
[1.964s] Level 1:colcon.colcon_core.package_identification:_identify(trazas) by extension 'cmake'
[1.965s] Level 1:colcon.colcon_core.package_identification:_identify(trazas) by extension 'python'
[1.965s] Level 1:colcon.colcon_core.package_identification:_identify(trazas) by extensions ['python_setup_py']
[1.965s] Level 1:colcon.colcon_core.package_identification:_identify(trazas) by extension 'python_setup_py'
[1.965s] Level 1:colcon.colcon_core.package_discovery:discover_packages(recursive) using defaults
[1.966s] Level 1:colcon.colcon_core.package_discovery:discover_packages(ignore) discover
[1.966s] Level 1:colcon.colcon_core.package_discovery:discover_packages(ignore) using defaults
[1.966s] Level 1:colcon.colcon_core.package_discovery:discover_packages(path) discover
[1.966s] Level 1:colcon.colcon_core.package_discovery:discover_packages(path) using defaults
[2.112s] Level 1:colcon.colcon_core.package_discovery:discover_packages(prefix_path) check parameters
[2.112s] Level 1:colcon.colcon_core.package_discovery:discover_packages(prefix_path) discover
[2.129s] DEBUG:colcon.colcon_installed_package_information.package_discovery:Found 5 installed packages in /code/brickpi/install
[2.137s] DEBUG:colcon.colcon_installed_package_information.package_discovery:Found 200 installed packages in /opt/ros/humble
[2.143s] Level 1:colcon.colcon_core.package_discovery:discover_packages(prefix_path) using defaults
[2.334s] Level 5:colcon.colcon_core.verb:set package 'brickpi3_motors' build argument 'cmake_args' from command line to 'None'
[2.335s] Level 5:colcon.colcon_core.verb:set package 'brickpi3_motors' build argument 'cmake_target' from command line to 'None'
[2.335s] Level 5:colcon.colcon_core.verb:set package 'brickpi3_motors' build argument 'cmake_target_skip_unavailable' from command line to 'False'
[2.335s] Level 5:colcon.colcon_core.verb:set package 'brickpi3_motors' build argument 'cmake_clean_cache' from command line to 'False'
[2.335s] Level 5:colcon.colcon_core.verb:set package 'brickpi3_motors' build argument 'cmake_clean_first' from command line to 'False'
[2.335s] Level 5:colcon.colcon_core.verb:set package 'brickpi3_motors' build argument 'cmake_force_configure' from command line to 'False'
[2.335s] Level 5:colcon.colcon_core.verb:set package 'brickpi3_motors' build argument 'ament_cmake_args' from command line to 'None'
[2.335s] Level 5:colcon.colcon_core.verb:set package 'brickpi3_motors' build argument 'catkin_cmake_args' from command line to 'None'
[2.336s] Level 5:colcon.colcon_core.verb:set package 'brickpi3_motors' build argument 'catkin_skip_building_tests' from command line to 'False'
[2.336s] DEBUG:colcon.colcon_core.verb:Building package 'brickpi3_motors' with the following arguments: {'ament_cmake_args': None, 'build_base': '/code/brickpi/build/brickpi3_motors', 'catkin_cmake_args': None, 'catkin_skip_building_tests': False, 'cmake_args': None, 'cmake_clean_cache': False, 'cmake_clean_first': False, 'cmake_force_configure': False, 'cmake_target': None, 'cmake_target_skip_unavailable': False, 'install_base': '/code/brickpi/install/brickpi3_motors', 'merge_install': False, 'path': '/code/brickpi/brickpi3_motors', 'symlink_install': False, 'test_result_base': None}
[2.338s] Level 5:colcon.colcon_core.verb:set package 'brickpi3_sensors' build argument 'cmake_args' from command line to 'None'
[2.338s] Level 5:colcon.colcon_core.verb:set package 'brickpi3_sensors' build argument 'cmake_target' from command line to 'None'
[2.338s] Level 5:colcon.colcon_core.verb:set package 'brickpi3_sensors' build argument 'cmake_target_skip_unavailable' from command line to 'False'
[2.338s] Level 5:colcon.colcon_core.verb:set package 'brickpi3_sensors' build argument 'cmake_clean_cache' from command line to 'False'
[2.338s] Level 5:colcon.colcon_core.verb:set package 'brickpi3_sensors' build argument 'cmake_clean_first' from command line to 'False'
[2.338s] Level 5:colcon.colcon_core.verb:set package 'brickpi3_sensors' build argument 'cmake_force_configure' from command line to 'False'
[2.339s] Level 5:colcon.colcon_core.verb:set package 'brickpi3_sensors' build argument 'ament_cmake_args' from command line to 'None'
[2.339s] Level 5:colcon.colcon_core.verb:set package 'brickpi3_sensors' build argument 'catkin_cmake_args' from command line to 'None'
[2.339s] Level 5:colcon.colcon_core.verb:set package 'brickpi3_sensors' build argument 'catkin_skip_building_tests' from command line to 'False'
[2.339s] DEBUG:colcon.colcon_core.verb:Building package 'brickpi3_sensors' with the following arguments: {'ament_cmake_args': None, 'build_base': '/code/brickpi/build/brickpi3_sensors', 'catkin_cmake_args': None, 'catkin_skip_building_tests': False, 'cmake_args': None, 'cmake_clean_cache': False, 'cmake_clean_first': False, 'cmake_force_configure': False, 'cmake_target': None, 'cmake_target_skip_unavailable': False, 'install_base': '/code/brickpi/install/brickpi3_sensors', 'merge_install': False, 'path': '/code/brickpi/brickpi3_sensors', 'symlink_install': False, 'test_result_base': None}
[2.341s] Level 5:colcon.colcon_core.verb:set package 'ev3_sensor_msgs' build argument 'cmake_args' from command line to 'None'
[2.341s] Level 5:colcon.colcon_core.verb:set package 'ev3_sensor_msgs' build argument 'cmake_target' from command line to 'None'
[2.341s] Level 5:colcon.colcon_core.verb:set package 'ev3_sensor_msgs' build argument 'cmake_target_skip_unavailable' from command line to 'False'
[2.341s] Level 5:colcon.colcon_core.verb:set package 'ev3_sensor_msgs' build argument 'cmake_clean_cache' from command line to 'False'
[2.341s] Level 5:colcon.colcon_core.verb:set package 'ev3_sensor_msgs' build argument 'cmake_clean_first' from command line to 'False'
[2.342s] Level 5:colcon.colcon_core.verb:set package 'ev3_sensor_msgs' build argument 'cmake_force_configure' from command line to 'False'
[2.342s] Level 5:colcon.colcon_core.verb:set package 'ev3_sensor_msgs' build argument 'ament_cmake_args' from command line to 'None'
[2.342s] Level 5:colcon.colcon_core.verb:set package 'ev3_sensor_msgs' build argument 'catkin_cmake_args' from command line to 'None'
[2.342s] Level 5:colcon.colcon_core.verb:set package 'ev3_sensor_msgs' build argument 'catkin_skip_building_tests' from command line to 'False'
[2.342s] DEBUG:colcon.colcon_core.verb:Building package 'ev3_sensor_msgs' with the following arguments: {'ament_cmake_args': None, 'build_base': '/code/brickpi/build/ev3_sensor_msgs', 'catkin_cmake_args': None, 'catkin_skip_building_tests': False, 'cmake_args': None, 'cmake_clean_cache': False, 'cmake_clean_first': False, 'cmake_force_configure': False, 'cmake_target': None, 'cmake_target_skip_unavailable': False, 'install_base': '/code/brickpi/install/ev3_sensor_msgs', 'merge_install': False, 'path': '/code/brickpi/ev3_sensor_msgs', 'symlink_install': False, 'test_result_base': None}
[2.344s] Level 5:colcon.colcon_core.verb:set package 'rt_ros2' build argument 'cmake_args' from command line to 'None'
[2.344s] Level 5:colcon.colcon_core.verb:set package 'rt_ros2' build argument 'cmake_target' from command line to 'None'
[2.344s] Level 5:colcon.colcon_core.verb:set package 'rt_ros2' build argument 'cmake_target_skip_unavailable' from command line to 'False'
[2.344s] Level 5:colcon.colcon_core.verb:set package 'rt_ros2' build argument 'cmake_clean_cache' from command line to 'False'
[2.345s] Level 5:colcon.colcon_core.verb:set package 'rt_ros2' build argument 'cmake_clean_first' from command line to 'False'
[2.345s] Level 5:colcon.colcon_core.verb:set package 'rt_ros2' build argument 'cmake_force_configure' from command line to 'False'
[2.345s] Level 5:colcon.colcon_core.verb:set package 'rt_ros2' build argument 'ament_cmake_args' from command line to 'None'
[2.345s] Level 5:colcon.colcon_core.verb:set package 'rt_ros2' build argument 'catkin_cmake_args' from command line to 'None'
[2.345s] Level 5:colcon.colcon_core.verb:set package 'rt_ros2' build argument 'catkin_skip_building_tests' from command line to 'False'
[2.345s] DEBUG:colcon.colcon_core.verb:Building package 'rt_ros2' with the following arguments: {'ament_cmake_args': None, 'build_base': '/code/brickpi/build/rt_ros2', 'catkin_cmake_args': None, 'catkin_skip_building_tests': False, 'cmake_args': None, 'cmake_clean_cache': False, 'cmake_clean_first': False, 'cmake_force_configure': False, 'cmake_target': None, 'cmake_target_skip_unavailable': False, 'install_base': '/code/brickpi/install/rt_ros2', 'merge_install': False, 'path': '/code/brickpi/rt_ros2', 'symlink_install': False, 'test_result_base': None}
[2.347s] Level 5:colcon.colcon_core.verb:set package 'brickpi3_charlie' build argument 'cmake_args' from command line to 'None'
[2.347s] Level 5:colcon.colcon_core.verb:set package 'brickpi3_charlie' build argument 'cmake_target' from command line to 'None'
[2.347s] Level 5:colcon.colcon_core.verb:set package 'brickpi3_charlie' build argument 'cmake_target_skip_unavailable' from command line to 'False'
[2.347s] Level 5:colcon.colcon_core.verb:set package 'brickpi3_charlie' build argument 'cmake_clean_cache' from command line to 'False'
[2.348s] Level 5:colcon.colcon_core.verb:set package 'brickpi3_charlie' build argument 'cmake_clean_first' from command line to 'False'
[2.348s] Level 5:colcon.colcon_core.verb:set package 'brickpi3_charlie' build argument 'cmake_force_configure' from command line to 'False'
[2.348s] Level 5:colcon.colcon_core.verb:set package 'brickpi3_charlie' build argument 'ament_cmake_args' from command line to 'None'
[2.348s] Level 5:colcon.colcon_core.verb:set package 'brickpi3_charlie' build argument 'catkin_cmake_args' from command line to 'None'
[2.348s] Level 5:colcon.colcon_core.verb:set package 'brickpi3_charlie' build argument 'catkin_skip_building_tests' from command line to 'False'
[2.348s] DEBUG:colcon.colcon_core.verb:Building package 'brickpi3_charlie' with the following arguments: {'ament_cmake_args': None, 'build_base': '/code/brickpi/build/brickpi3_charlie', 'catkin_cmake_args': None, 'catkin_skip_building_tests': False, 'cmake_args': None, 'cmake_clean_cache': False, 'cmake_clean_first': False, 'cmake_force_configure': False, 'cmake_target': None, 'cmake_target_skip_unavailable': False, 'install_base': '/code/brickpi/install/brickpi3_charlie', 'merge_install': False, 'path': '/code/brickpi/brickpi3_charlie', 'symlink_install': False, 'test_result_base': None}
[2.349s] INFO:colcon.colcon_core.executor:Executing jobs using 'parallel' executor
[2.353s] DEBUG:colcon.colcon_parallel_executor.executor.parallel:run_until_complete
[2.354s] INFO:colcon.colcon_ros.task.ament_cmake.build:Building ROS package in '/code/brickpi/brickpi3_motors' with build type 'ament_cmake'
[2.355s] INFO:colcon.colcon_cmake.task.cmake.build:Building CMake package in '/code/brickpi/brickpi3_motors'
[2.377s] INFO:colcon.colcon_core.plugin_system:Skipping extension 'colcon_core.shell.bat': Not used on non-Windows systems
[2.378s] INFO:colcon.colcon_core.shell:Skip shell extension 'powershell' for command environment: Not usable outside of PowerShell
[2.379s] DEBUG:colcon.colcon_core.shell:Skip shell extension 'dsv' for command environment
[2.402s] INFO:colcon.colcon_ros.task.ament_python.build:Building ROS package in '/code/brickpi/brickpi3_sensors' with build type 'ament_python'
[2.404s] Level 1:colcon.colcon_core.shell:create_environment_hook('brickpi3_sensors', 'ament_prefix_path')
[2.406s] INFO:colcon.colcon_core.shell:Creating environment hook '/code/brickpi/install/brickpi3_sensors/share/brickpi3_sensors/hook/ament_prefix_path.ps1'
[2.412s] INFO:colcon.colcon_core.shell:Creating environment descriptor '/code/brickpi/install/brickpi3_sensors/share/brickpi3_sensors/hook/ament_prefix_path.dsv'
[2.418s] INFO:colcon.colcon_core.shell:Creating environment hook '/code/brickpi/install/brickpi3_sensors/share/brickpi3_sensors/hook/ament_prefix_path.sh'
[2.425s] INFO:colcon.colcon_core.shell:Skip shell extension 'powershell' for command environment: Not usable outside of PowerShell
[2.426s] DEBUG:colcon.colcon_core.shell:Skip shell extension 'dsv' for command environment
[2.448s] INFO:colcon.colcon_ros.task.ament_cmake.build:Building ROS package in '/code/brickpi/ev3_sensor_msgs' with build type 'ament_cmake'
[2.449s] INFO:colcon.colcon_cmake.task.cmake.build:Building CMake package in '/code/brickpi/ev3_sensor_msgs'
[2.450s] INFO:colcon.colcon_core.shell:Skip shell extension 'powershell' for command environment: Not usable outside of PowerShell
[2.451s] DEBUG:colcon.colcon_core.shell:Skip shell extension 'dsv' for command environment
[2.472s] INFO:colcon.colcon_ros.task.ament_cmake.build:Building ROS package in '/code/brickpi/rt_ros2' with build type 'ament_cmake'
[2.473s] INFO:colcon.colcon_cmake.task.cmake.build:Building CMake package in '/code/brickpi/rt_ros2'
[2.474s] INFO:colcon.colcon_core.shell:Skip shell extension 'powershell' for command environment: Not usable outside of PowerShell
[2.475s] DEBUG:colcon.colcon_core.shell:Skip shell extension 'dsv' for command environment
[2.517s] DEBUG:colcon.colcon_core.event_handler.log_command:Invoking command in '/code/brickpi/build/brickpi3_motors': CMAKE_PREFIX_PATH=${CMAKE_PREFIX_PATH}:/code/brickpi/install/brickpi3_sensors:/code/brickpi/install/brickpi3_charlie:/opt/ros/humble /usr/bin/cmake /code/brickpi/brickpi3_motors -DCMAKE_INSTALL_PREFIX=/code/brickpi/install/brickpi3_motors
[4.037s] INFO:colcon.colcon_core.task.python.build:Building Python package in '/code/brickpi/brickpi3_sensors'
[4.040s] INFO:colcon.colcon_core.shell:Skip shell extension 'powershell' for command environment: Not usable outside of PowerShell
[4.040s] DEBUG:colcon.colcon_core.shell:Skip shell extension 'dsv' for command environment
[4.087s] DEBUG:colcon.colcon_core.event_handler.log_command:Invoking command in '/code/brickpi/build/ev3_sensor_msgs': CMAKE_PREFIX_PATH=${CMAKE_PREFIX_PATH}:/code/brickpi/install/brickpi3_sensors:/code/brickpi/install/brickpi3_charlie:/opt/ros/humble /usr/bin/cmake /code/brickpi/ev3_sensor_msgs -DCMAKE_INSTALL_PREFIX=/code/brickpi/install/ev3_sensor_msgs
[4.138s] DEBUG:colcon.colcon_core.event_handler.log_command:Invoking command in '/code/brickpi/build/rt_ros2': CMAKE_PREFIX_PATH=${CMAKE_PREFIX_PATH}:/code/brickpi/install/brickpi3_sensors:/code/brickpi/install/brickpi3_charlie:/opt/ros/humble /usr/bin/cmake --build /code/brickpi/build/rt_ros2 -- -j4 -l4
[7.296s] DEBUG:colcon.colcon_core.event_handler.log_command:Invoked command in '/code/brickpi/build/brickpi3_motors' returned '0': CMAKE_PREFIX_PATH=${CMAKE_PREFIX_PATH}:/code/brickpi/install/brickpi3_sensors:/code/brickpi/install/brickpi3_charlie:/opt/ros/humble /usr/bin/cmake /code/brickpi/brickpi3_motors -DCMAKE_INSTALL_PREFIX=/code/brickpi/install/brickpi3_motors
[7.308s] DEBUG:colcon.colcon_core.event_handler.log_command:Invoking command in '/code/brickpi/build/brickpi3_motors': CMAKE_PREFIX_PATH=${CMAKE_PREFIX_PATH}:/code/brickpi/install/brickpi3_sensors:/code/brickpi/install/brickpi3_charlie:/opt/ros/humble /usr/bin/cmake --build /code/brickpi/build/brickpi3_motors -- -j4 -l4
[7.914s] DEBUG:colcon.colcon_core.event_handler.log_command:Invoked command in '/code/brickpi/build/brickpi3_motors' returned '0': CMAKE_PREFIX_PATH=${CMAKE_PREFIX_PATH}:/code/brickpi/install/brickpi3_sensors:/code/brickpi/install/brickpi3_charlie:/opt/ros/humble /usr/bin/cmake --build /code/brickpi/build/brickpi3_motors -- -j4 -l4
[7.970s] DEBUG:colcon.colcon_core.event_handler.log_command:Invoking command in '/code/brickpi/build/brickpi3_motors': CMAKE_PREFIX_PATH=${CMAKE_PREFIX_PATH}:/code/brickpi/install/brickpi3_sensors:/code/brickpi/install/brickpi3_charlie:/opt/ros/humble /usr/bin/cmake --install /code/brickpi/build/brickpi3_motors
[8.170s] Level 1:colcon.colcon_core.environment:create_environment_scripts_only(brickpi3_motors)
[8.173s] DEBUG:colcon.colcon_core.event_handler.log_command:Invoked command in '/code/brickpi/build/brickpi3_motors' returned '0': CMAKE_PREFIX_PATH=${CMAKE_PREFIX_PATH}:/code/brickpi/install/brickpi3_sensors:/code/brickpi/install/brickpi3_charlie:/opt/ros/humble /usr/bin/cmake --install /code/brickpi/build/brickpi3_motors
[8.211s] Level 1:colcon.colcon_core.environment:checking '/code/brickpi/install/brickpi3_motors' for CMake module files
[8.223s] Level 1:colcon.colcon_core.environment:checking '/code/brickpi/install/brickpi3_motors' for CMake config files
[8.228s] Level 1:colcon.colcon_core.shell:create_environment_hook('brickpi3_motors', 'cmake_prefix_path')
[8.231s] INFO:colcon.colcon_core.shell:Creating environment hook '/code/brickpi/install/brickpi3_motors/share/brickpi3_motors/hook/cmake_prefix_path.ps1'
[8.238s] INFO:colcon.colcon_core.shell:Creating environment descriptor '/code/brickpi/install/brickpi3_motors/share/brickpi3_motors/hook/cmake_prefix_path.dsv'
[8.245s] INFO:colcon.colcon_core.shell:Creating environment hook '/code/brickpi/install/brickpi3_motors/share/brickpi3_motors/hook/cmake_prefix_path.sh'
[8.254s] Level 1:colcon.colcon_core.environment:checking '/code/brickpi/install/brickpi3_motors/lib'
[8.259s] Level 1:colcon.colcon_core.shell:create_environment_hook('brickpi3_motors', 'ld_library_path_lib')
[8.262s] INFO:colcon.colcon_core.shell:Creating environment hook '/code/brickpi/install/brickpi3_motors/share/brickpi3_motors/hook/ld_library_path_lib.ps1'
[8.273s] INFO:colcon.colcon_core.shell:Creating environment descriptor '/code/brickpi/install/brickpi3_motors/share/brickpi3_motors/hook/ld_library_path_lib.dsv'
[8.281s] INFO:colcon.colcon_core.shell:Creating environment hook '/code/brickpi/install/brickpi3_motors/share/brickpi3_motors/hook/ld_library_path_lib.sh'
[8.296s] Level 1:colcon.colcon_core.environment:checking '/code/brickpi/install/brickpi3_motors/bin'
[8.298s] Level 1:colcon.colcon_core.environment:checking '/code/brickpi/install/brickpi3_motors/lib/pkgconfig/brickpi3_motors.pc'
[8.301s] Level 1:colcon.colcon_core.environment:checking '/code/brickpi/install/brickpi3_motors/lib/python3.10/site-packages'
[8.305s] Level 1:colcon.colcon_core.environment:checking '/code/brickpi/install/brickpi3_motors/bin'
[8.309s] INFO:colcon.colcon_core.shell:Creating package script '/code/brickpi/install/brickpi3_motors/share/brickpi3_motors/package.ps1'
[8.320s] INFO:colcon.colcon_core.shell:Creating package descriptor '/code/brickpi/install/brickpi3_motors/share/brickpi3_motors/package.dsv'
[8.332s] INFO:colcon.colcon_core.shell:Creating package script '/code/brickpi/install/brickpi3_motors/share/brickpi3_motors/package.sh'
[8.341s] INFO:colcon.colcon_core.shell:Creating package script '/code/brickpi/install/brickpi3_motors/share/brickpi3_motors/package.bash'
[8.350s] INFO:colcon.colcon_core.shell:Creating package script '/code/brickpi/install/brickpi3_motors/share/brickpi3_motors/package.zsh'
[8.365s] Level 1:colcon.colcon_core.environment:create_file_with_runtime_dependencies(/code/brickpi/install/brickpi3_motors/share/colcon-core/packages/brickpi3_motors)
[8.372s] Level 1:colcon.colcon_core.environment:create_environment_scripts_only(brickpi3_motors)
[8.375s] Level 1:colcon.colcon_core.environment:checking '/code/brickpi/install/brickpi3_motors' for CMake module files
[8.383s] Level 1:colcon.colcon_core.environment:checking '/code/brickpi/install/brickpi3_motors' for CMake config files
[8.417s] Level 1:colcon.colcon_core.shell:create_environment_hook('brickpi3_motors', 'cmake_prefix_path')
[8.428s] INFO:colcon.colcon_core.shell:Creating environment hook '/code/brickpi/install/brickpi3_motors/share/brickpi3_motors/hook/cmake_prefix_path.ps1'
[8.441s] INFO:colcon.colcon_core.shell:Creating environment descriptor '/code/brickpi/install/brickpi3_motors/share/brickpi3_motors/hook/cmake_prefix_path.dsv'
[8.446s] INFO:colcon.colcon_core.shell:Creating environment hook '/code/brickpi/install/brickpi3_motors/share/brickpi3_motors/hook/cmake_prefix_path.sh'
[8.452s] Level 1:colcon.colcon_core.environment:checking '/code/brickpi/install/brickpi3_motors/lib'
[8.453s] Level 1:colcon.colcon_core.shell:create_environment_hook('brickpi3_motors', 'ld_library_path_lib')
[8.455s] INFO:colcon.colcon_core.shell:Creating environment hook '/code/brickpi/install/brickpi3_motors/share/brickpi3_motors/hook/ld_library_path_lib.ps1'
[8.458s] INFO:colcon.colcon_core.shell:Creating environment descriptor '/code/brickpi/install/brickpi3_motors/share/brickpi3_motors/hook/ld_library_path_lib.dsv'
[8.461s] INFO:colcon.colcon_core.shell:Creating environment hook '/code/brickpi/install/brickpi3_motors/share/brickpi3_motors/hook/ld_library_path_lib.sh'
[8.465s] Level 1:colcon.colcon_core.environment:checking '/code/brickpi/install/brickpi3_motors/bin'
[8.466s] Level 1:colcon.colcon_core.environment:checking '/code/brickpi/install/brickpi3_motors/lib/pkgconfig/brickpi3_motors.pc'
[8.468s] Level 1:colcon.colcon_core.environment:checking '/code/brickpi/install/brickpi3_motors/lib/python3.10/site-packages'
[8.470s] Level 1:colcon.colcon_core.environment:checking '/code/brickpi/install/brickpi3_motors/bin'
[8.472s] INFO:colcon.colcon_core.shell:Creating package script '/code/brickpi/install/brickpi3_motors/share/brickpi3_motors/package.ps1'
[8.476s] INFO:colcon.colcon_core.shell:Creating package descriptor '/code/brickpi/install/brickpi3_motors/share/brickpi3_motors/package.dsv'
[8.479s] INFO:colcon.colcon_core.shell:Creating package script '/code/brickpi/install/brickpi3_motors/share/brickpi3_motors/package.sh'
[8.483s] INFO:colcon.colcon_core.shell:Creating package script '/code/brickpi/install/brickpi3_motors/share/brickpi3_motors/package.bash'
[8.486s] INFO:colcon.colcon_core.shell:Creating package script '/code/brickpi/install/brickpi3_motors/share/brickpi3_motors/package.zsh'
[8.489s] Level 1:colcon.colcon_core.environment:create_file_with_runtime_dependencies(/code/brickpi/install/brickpi3_motors/share/colcon-core/packages/brickpi3_motors)
[8.494s] INFO:colcon.colcon_ros.task.ament_python.build:Building ROS package in '/code/brickpi/brickpi3_charlie' with build type 'ament_python'
[8.496s] Level 1:colcon.colcon_core.shell:create_environment_hook('brickpi3_charlie', 'ament_prefix_path')
[8.502s] INFO:colcon.colcon_core.shell:Creating environment hook '/code/brickpi/install/brickpi3_charlie/share/brickpi3_charlie/hook/ament_prefix_path.ps1'
[8.505s] INFO:colcon.colcon_core.shell:Creating environment descriptor '/code/brickpi/install/brickpi3_charlie/share/brickpi3_charlie/hook/ament_prefix_path.dsv'
[8.508s] INFO:colcon.colcon_core.shell:Creating environment hook '/code/brickpi/install/brickpi3_charlie/share/brickpi3_charlie/hook/ament_prefix_path.sh'
[8.512s] INFO:colcon.colcon_core.shell:Skip shell extension 'powershell' for command environment: Not usable outside of PowerShell
[8.512s] DEBUG:colcon.colcon_core.shell:Skip shell extension 'dsv' for command environment
[8.545s] DEBUG:colcon.colcon_core.event_handler.log_command:Invoking command in '/code/brickpi/brickpi3_sensors': PYTHONPATH=/code/brickpi/build/brickpi3_sensors/prefix_override:/usr/lib/python3/dist-packages/colcon_core/task/python/colcon_distutils_commands:/code/brickpi/install/brickpi3_sensors/lib/python3.10/site-packages:${PYTHONPATH} /usr/bin/python3 -W ignore:setup.py install is deprecated -W ignore:easy_install command is deprecated setup.py egg_info --egg-base ../build/brickpi3_sensors build --build-base /code/brickpi/build/brickpi3_sensors/build install --record /code/brickpi/build/brickpi3_sensors/install.log --single-version-externally-managed install_data
[10.874s] INFO:colcon.colcon_core.task.python.build:Building Python package in '/code/brickpi/brickpi3_charlie'
[10.876s] INFO:colcon.colcon_core.shell:Skip shell extension 'powershell' for command environment: Not usable outside of PowerShell
[10.877s] DEBUG:colcon.colcon_core.shell:Skip shell extension 'dsv' for command environment
[11.395s] DEBUG:colcon.colcon_core.event_handler.log_command:Invoked command in '/code/brickpi/brickpi3_sensors' returned '0': PYTHONPATH=/code/brickpi/build/brickpi3_sensors/prefix_override:/usr/lib/python3/dist-packages/colcon_core/task/python/colcon_distutils_commands:/code/brickpi/install/brickpi3_sensors/lib/python3.10/site-packages:${PYTHONPATH} /usr/bin/python3 -W ignore:setup.py install is deprecated -W ignore:easy_install command is deprecated setup.py egg_info --egg-base ../build/brickpi3_sensors build --build-base /code/brickpi/build/brickpi3_sensors/build install --record /code/brickpi/build/brickpi3_sensors/install.log --single-version-externally-managed install_data
[11.397s] Level 1:colcon.colcon_core.environment:checking '/code/brickpi/install/brickpi3_sensors' for CMake module files
[11.414s] Level 1:colcon.colcon_core.environment:checking '/code/brickpi/install/brickpi3_sensors' for CMake config files
[11.423s] Level 1:colcon.colcon_core.environment:checking '/code/brickpi/install/brickpi3_sensors/lib'
[11.424s] Level 1:colcon.colcon_core.environment:checking '/code/brickpi/install/brickpi3_sensors/bin'
[11.426s] Level 1:colcon.colcon_core.environment:checking '/code/brickpi/install/brickpi3_sensors/lib/pkgconfig/brickpi3_sensors.pc'
[11.428s] Level 1:colcon.colcon_core.environment:checking '/code/brickpi/install/brickpi3_sensors/lib/python3.10/site-packages'
[11.430s] Level 1:colcon.colcon_core.shell:create_environment_hook('brickpi3_sensors', 'pythonpath')
[11.432s] INFO:colcon.colcon_core.shell:Creating environment hook '/code/brickpi/install/brickpi3_sensors/share/brickpi3_sensors/hook/pythonpath.ps1'
[11.438s] INFO:colcon.colcon_core.shell:Creating environment descriptor '/code/brickpi/install/brickpi3_sensors/share/brickpi3_sensors/hook/pythonpath.dsv'
[11.447s] INFO:colcon.colcon_core.shell:Creating environment hook '/code/brickpi/install/brickpi3_sensors/share/brickpi3_sensors/hook/pythonpath.sh'
[11.457s] Level 1:colcon.colcon_core.environment:checking '/code/brickpi/install/brickpi3_sensors/bin'
[11.459s] Level 1:colcon.colcon_core.environment:create_environment_scripts_only(brickpi3_sensors)
[11.462s] INFO:colcon.colcon_core.shell:Creating package script '/code/brickpi/install/brickpi3_sensors/share/brickpi3_sensors/package.ps1'
[11.468s] INFO:colcon.colcon_core.shell:Creating package descriptor '/code/brickpi/install/brickpi3_sensors/share/brickpi3_sensors/package.dsv'
[11.475s] INFO:colcon.colcon_core.shell:Creating package script '/code/brickpi/install/brickpi3_sensors/share/brickpi3_sensors/package.sh'
[11.482s] INFO:colcon.colcon_core.shell:Creating package script '/code/brickpi/install/brickpi3_sensors/share/brickpi3_sensors/package.bash'
[11.488s] INFO:colcon.colcon_core.shell:Creating package script '/code/brickpi/install/brickpi3_sensors/share/brickpi3_sensors/package.zsh'
[11.494s] Level 1:colcon.colcon_core.environment:create_file_with_runtime_dependencies(/code/brickpi/install/brickpi3_sensors/share/colcon-core/packages/brickpi3_sensors)
[14.024s] DEBUG:colcon.colcon_core.event_handler.log_command:Invoking command in '/code/brickpi/build/brickpi3_charlie': CMAKE_PREFIX_PATH=/code/brickpi/install/brickpi3_motors:/code/brickpi/install/rt_ros2:/code/brickpi/install/ev3_sensor_msgs LD_LIBRARY_PATH=/code/brickpi/install/brickpi3_motors/lib:/code/brickpi/install/ev3_sensor_msgs/lib:/opt/ros/humble/lib/aarch64-linux-gnu:/opt/ros/humble/lib PYTHONPATH=/code/brickpi/build/brickpi3_charlie/prefix_override:/usr/lib/python3/dist-packages/colcon_core/task/python/colcon_distutils_commands:/code/brickpi/install/brickpi3_charlie/lib/python3.10/site-packages:${PYTHONPATH} /usr/bin/python3 -W ignore:setup.py install is deprecated -W ignore:easy_install command is deprecated setup.py develop --uninstall --editable --build-directory /code/brickpi/build/brickpi3_charlie/build
[15.318s] DEBUG:colcon.colcon_core.event_handler.log_command:Invoked command in '/code/brickpi/build/ev3_sensor_msgs' returned '0': CMAKE_PREFIX_PATH=${CMAKE_PREFIX_PATH}:/code/brickpi/install/brickpi3_sensors:/code/brickpi/install/brickpi3_charlie:/opt/ros/humble /usr/bin/cmake /code/brickpi/ev3_sensor_msgs -DCMAKE_INSTALL_PREFIX=/code/brickpi/install/ev3_sensor_msgs
[15.323s] DEBUG:colcon.colcon_core.event_handler.log_command:Invoking command in '/code/brickpi/build/ev3_sensor_msgs': CMAKE_PREFIX_PATH=${CMAKE_PREFIX_PATH}:/code/brickpi/install/brickpi3_sensors:/code/brickpi/install/brickpi3_charlie:/opt/ros/humble /usr/bin/cmake --build /code/brickpi/build/ev3_sensor_msgs -- -j4 -l4
[18.294s] DEBUG:colcon.colcon_core.event_handler.log_command:Invoked command in '/code/brickpi/build/brickpi3_charlie' returned '0': CMAKE_PREFIX_PATH=/code/brickpi/install/brickpi3_motors:/code/brickpi/install/rt_ros2:/code/brickpi/install/ev3_sensor_msgs LD_LIBRARY_PATH=/code/brickpi/install/brickpi3_motors/lib:/code/brickpi/install/ev3_sensor_msgs/lib:/opt/ros/humble/lib/aarch64-linux-gnu:/opt/ros/humble/lib PYTHONPATH=/code/brickpi/build/brickpi3_charlie/prefix_override:/usr/lib/python3/dist-packages/colcon_core/task/python/colcon_distutils_commands:/code/brickpi/install/brickpi3_charlie/lib/python3.10/site-packages:${PYTHONPATH} /usr/bin/python3 -W ignore:setup.py install is deprecated -W ignore:easy_install command is deprecated setup.py develop --uninstall --editable --build-directory /code/brickpi/build/brickpi3_charlie/build
[18.310s] DEBUG:colcon.colcon_core.event_handler.log_command:Invoking command in '/code/brickpi/brickpi3_charlie': CMAKE_PREFIX_PATH=/code/brickpi/install/brickpi3_motors:/code/brickpi/install/rt_ros2:/code/brickpi/install/ev3_sensor_msgs LD_LIBRARY_PATH=/code/brickpi/install/brickpi3_motors/lib:/code/brickpi/install/ev3_sensor_msgs/lib:/opt/ros/humble/lib/aarch64-linux-gnu:/opt/ros/humble/lib PYTHONPATH=/code/brickpi/build/brickpi3_charlie/prefix_override:/usr/lib/python3/dist-packages/colcon_core/task/python/colcon_distutils_commands:/code/brickpi/install/brickpi3_charlie/lib/python3.10/site-packages:${PYTHONPATH} /usr/bin/python3 -W ignore:setup.py install is deprecated -W ignore:easy_install command is deprecated setup.py egg_info --egg-base ../build/brickpi3_charlie build --build-base /code/brickpi/build/brickpi3_charlie/build install --record /code/brickpi/build/brickpi3_charlie/install.log --single-version-externally-managed install_data --force
[18.947s] DEBUG:colcon.colcon_core.event_handler.log_command:Invoked command in '/code/brickpi/build/ev3_sensor_msgs' returned '0': CMAKE_PREFIX_PATH=${CMAKE_PREFIX_PATH}:/code/brickpi/install/brickpi3_sensors:/code/brickpi/install/brickpi3_charlie:/opt/ros/humble /usr/bin/cmake --build /code/brickpi/build/ev3_sensor_msgs -- -j4 -l4
[18.963s] DEBUG:colcon.colcon_core.event_handler.log_command:Invoking command in '/code/brickpi/build/ev3_sensor_msgs': CMAKE_PREFIX_PATH=${CMAKE_PREFIX_PATH}:/code/brickpi/install/brickpi3_sensors:/code/brickpi/install/brickpi3_charlie:/opt/ros/humble /usr/bin/cmake --install /code/brickpi/build/ev3_sensor_msgs
[19.675s] Level 1:colcon.colcon_core.environment:create_environment_scripts_only(ev3_sensor_msgs)
[19.677s] DEBUG:colcon.colcon_core.event_handler.log_command:Invoked command in '/code/brickpi/build/ev3_sensor_msgs' returned '0': CMAKE_PREFIX_PATH=${CMAKE_PREFIX_PATH}:/code/brickpi/install/brickpi3_sensors:/code/brickpi/install/brickpi3_charlie:/opt/ros/humble /usr/bin/cmake --install /code/brickpi/build/ev3_sensor_msgs
[19.679s] Level 1:colcon.colcon_core.environment:checking '/code/brickpi/install/ev3_sensor_msgs' for CMake module files
[19.687s] Level 1:colcon.colcon_core.environment:checking '/code/brickpi/install/ev3_sensor_msgs' for CMake config files
[19.697s] Level 1:colcon.colcon_core.shell:create_environment_hook('ev3_sensor_msgs', 'cmake_prefix_path')
[19.699s] INFO:colcon.colcon_core.shell:Creating environment hook '/code/brickpi/install/ev3_sensor_msgs/share/ev3_sensor_msgs/hook/cmake_prefix_path.ps1'
[19.704s] INFO:colcon.colcon_core.shell:Creating environment descriptor '/code/brickpi/install/ev3_sensor_msgs/share/ev3_sensor_msgs/hook/cmake_prefix_path.dsv'
[19.710s] INFO:colcon.colcon_core.shell:Creating environment hook '/code/brickpi/install/ev3_sensor_msgs/share/ev3_sensor_msgs/hook/cmake_prefix_path.sh'
[19.716s] Level 1:colcon.colcon_core.environment:checking '/code/brickpi/install/ev3_sensor_msgs/lib'
[19.718s] Level 1:colcon.colcon_core.shell:create_environment_hook('ev3_sensor_msgs', 'ld_library_path_lib')
[19.720s] INFO:colcon.colcon_core.shell:Creating environment hook '/code/brickpi/install/ev3_sensor_msgs/share/ev3_sensor_msgs/hook/ld_library_path_lib.ps1'
[19.725s] INFO:colcon.colcon_core.shell:Creating environment descriptor '/code/brickpi/install/ev3_sensor_msgs/share/ev3_sensor_msgs/hook/ld_library_path_lib.dsv'
[19.729s] INFO:colcon.colcon_core.shell:Creating environment hook '/code/brickpi/install/ev3_sensor_msgs/share/ev3_sensor_msgs/hook/ld_library_path_lib.sh'
[19.734s] Level 1:colcon.colcon_core.environment:checking '/code/brickpi/install/ev3_sensor_msgs/bin'
[19.736s] Level 1:colcon.colcon_core.environment:checking '/code/brickpi/install/ev3_sensor_msgs/lib/pkgconfig/ev3_sensor_msgs.pc'
[19.738s] Level 1:colcon.colcon_core.environment:checking '/code/brickpi/install/ev3_sensor_msgs/lib/python3.10/site-packages'
[19.744s] Level 1:colcon.colcon_core.environment:checking '/code/brickpi/install/ev3_sensor_msgs/bin'
[19.747s] INFO:colcon.colcon_core.shell:Creating package script '/code/brickpi/install/ev3_sensor_msgs/share/ev3_sensor_msgs/package.ps1'
[19.751s] INFO:colcon.colcon_core.shell:Creating package descriptor '/code/brickpi/install/ev3_sensor_msgs/share/ev3_sensor_msgs/package.dsv'
[19.757s] INFO:colcon.colcon_core.shell:Creating package script '/code/brickpi/install/ev3_sensor_msgs/share/ev3_sensor_msgs/package.sh'
[19.762s] INFO:colcon.colcon_core.shell:Creating package script '/code/brickpi/install/ev3_sensor_msgs/share/ev3_sensor_msgs/package.bash'
[19.767s] INFO:colcon.colcon_core.shell:Creating package script '/code/brickpi/install/ev3_sensor_msgs/share/ev3_sensor_msgs/package.zsh'
[19.771s] Level 1:colcon.colcon_core.environment:create_file_with_runtime_dependencies(/code/brickpi/install/ev3_sensor_msgs/share/colcon-core/packages/ev3_sensor_msgs)
[19.777s] Level 1:colcon.colcon_core.environment:create_environment_scripts_only(ev3_sensor_msgs)
[19.778s] Level 1:colcon.colcon_core.environment:checking '/code/brickpi/install/ev3_sensor_msgs' for CMake module files
[19.785s] Level 1:colcon.colcon_core.environment:checking '/code/brickpi/install/ev3_sensor_msgs' for CMake config files
[19.794s] Level 1:colcon.colcon_core.shell:create_environment_hook('ev3_sensor_msgs', 'cmake_prefix_path')
[19.796s] INFO:colcon.colcon_core.shell:Creating environment hook '/code/brickpi/install/ev3_sensor_msgs/share/ev3_sensor_msgs/hook/cmake_prefix_path.ps1'
[19.801s] INFO:colcon.colcon_core.shell:Creating environment descriptor '/code/brickpi/install/ev3_sensor_msgs/share/ev3_sensor_msgs/hook/cmake_prefix_path.dsv'
[19.806s] INFO:colcon.colcon_core.shell:Creating environment hook '/code/brickpi/install/ev3_sensor_msgs/share/ev3_sensor_msgs/hook/cmake_prefix_path.sh'
[19.811s] Level 1:colcon.colcon_core.environment:checking '/code/brickpi/install/ev3_sensor_msgs/lib'
[19.813s] Level 1:colcon.colcon_core.shell:create_environment_hook('ev3_sensor_msgs', 'ld_library_path_lib')
[19.815s] INFO:colcon.colcon_core.shell:Creating environment hook '/code/brickpi/install/ev3_sensor_msgs/share/ev3_sensor_msgs/hook/ld_library_path_lib.ps1'
[19.819s] INFO:colcon.colcon_core.shell:Creating environment descriptor '/code/brickpi/install/ev3_sensor_msgs/share/ev3_sensor_msgs/hook/ld_library_path_lib.dsv'
[19.823s] INFO:colcon.colcon_core.shell:Creating environment hook '/code/brickpi/install/ev3_sensor_msgs/share/ev3_sensor_msgs/hook/ld_library_path_lib.sh'
[19.828s] Level 1:colcon.colcon_core.environment:checking '/code/brickpi/install/ev3_sensor_msgs/bin'
[19.829s] Level 1:colcon.colcon_core.environment:checking '/code/brickpi/install/ev3_sensor_msgs/lib/pkgconfig/ev3_sensor_msgs.pc'
[19.831s] Level 1:colcon.colcon_core.environment:checking '/code/brickpi/install/ev3_sensor_msgs/lib/python3.10/site-packages'
[19.834s] Level 1:colcon.colcon_core.environment:checking '/code/brickpi/install/ev3_sensor_msgs/bin'
[19.836s] INFO:colcon.colcon_core.shell:Creating package script '/code/brickpi/install/ev3_sensor_msgs/share/ev3_sensor_msgs/package.ps1'
[19.844s] INFO:colcon.colcon_core.shell:Creating package descriptor '/code/brickpi/install/ev3_sensor_msgs/share/ev3_sensor_msgs/package.dsv'
[19.851s] INFO:colcon.colcon_core.shell:Creating package script '/code/brickpi/install/ev3_sensor_msgs/share/ev3_sensor_msgs/package.sh'
[19.856s] INFO:colcon.colcon_core.shell:Creating package script '/code/brickpi/install/ev3_sensor_msgs/share/ev3_sensor_msgs/package.bash'
[19.861s] INFO:colcon.colcon_core.shell:Creating package script '/code/brickpi/install/ev3_sensor_msgs/share/ev3_sensor_msgs/package.zsh'
[19.867s] Level 1:colcon.colcon_core.environment:create_file_with_runtime_dependencies(/code/brickpi/install/ev3_sensor_msgs/share/colcon-core/packages/ev3_sensor_msgs)
[20.490s] Level 1:colcon.colcon_core.environment:checking '/code/brickpi/install/brickpi3_charlie' for CMake module files
[20.493s] DEBUG:colcon.colcon_core.event_handler.log_command:Invoked command in '/code/brickpi/brickpi3_charlie' returned '0': CMAKE_PREFIX_PATH=/code/brickpi/install/brickpi3_motors:/code/brickpi/install/rt_ros2:/code/brickpi/install/ev3_sensor_msgs LD_LIBRARY_PATH=/code/brickpi/install/brickpi3_motors/lib:/code/brickpi/install/ev3_sensor_msgs/lib:/opt/ros/humble/lib/aarch64-linux-gnu:/opt/ros/humble/lib PYTHONPATH=/code/brickpi/build/brickpi3_charlie/prefix_override:/usr/lib/python3/dist-packages/colcon_core/task/python/colcon_distutils_commands:/code/brickpi/install/brickpi3_charlie/lib/python3.10/site-packages:${PYTHONPATH} /usr/bin/python3 -W ignore:setup.py install is deprecated -W ignore:easy_install command is deprecated setup.py egg_info --egg-base ../build/brickpi3_charlie build --build-base /code/brickpi/build/brickpi3_charlie/build install --record /code/brickpi/build/brickpi3_charlie/install.log --single-version-externally-managed install_data --force
[20.497s] Level 1:colcon.colcon_core.environment:checking '/code/brickpi/install/brickpi3_charlie' for CMake config files
[20.506s] Level 1:colcon.colcon_core.environment:checking '/code/brickpi/install/brickpi3_charlie/lib'
[20.507s] Level 1:colcon.colcon_core.environment:checking '/code/brickpi/install/brickpi3_charlie/bin'
[20.508s] Level 1:colcon.colcon_core.environment:checking '/code/brickpi/install/brickpi3_charlie/lib/pkgconfig/brickpi3_charlie.pc'
[20.511s] Level 1:colcon.colcon_core.environment:checking '/code/brickpi/install/brickpi3_charlie/lib/python3.10/site-packages'
[20.513s] Level 1:colcon.colcon_core.shell:create_environment_hook('brickpi3_charlie', 'pythonpath')
[20.517s] INFO:colcon.colcon_core.shell:Creating environment hook '/code/brickpi/install/brickpi3_charlie/share/brickpi3_charlie/hook/pythonpath.ps1'
[20.522s] INFO:colcon.colcon_core.shell:Creating environment descriptor '/code/brickpi/install/brickpi3_charlie/share/brickpi3_charlie/hook/pythonpath.dsv'
[20.527s] INFO:colcon.colcon_core.shell:Creating environment hook '/code/brickpi/install/brickpi3_charlie/share/brickpi3_charlie/hook/pythonpath.sh'
[20.532s] Level 1:colcon.colcon_core.environment:checking '/code/brickpi/install/brickpi3_charlie/bin'
[20.533s] Level 1:colcon.colcon_core.environment:create_environment_scripts_only(brickpi3_charlie)
[20.535s] INFO:colcon.colcon_core.shell:Creating package script '/code/brickpi/install/brickpi3_charlie/share/brickpi3_charlie/package.ps1'
[20.538s] INFO:colcon.colcon_core.shell:Creating package descriptor '/code/brickpi/install/brickpi3_charlie/share/brickpi3_charlie/package.dsv'
[20.541s] INFO:colcon.colcon_core.shell:Creating package script '/code/brickpi/install/brickpi3_charlie/share/brickpi3_charlie/package.sh'
[20.545s] INFO:colcon.colcon_core.shell:Creating package script '/code/brickpi/install/brickpi3_charlie/share/brickpi3_charlie/package.bash'
[20.548s] INFO:colcon.colcon_core.shell:Creating package script '/code/brickpi/install/brickpi3_charlie/share/brickpi3_charlie/package.zsh'
[20.551s] Level 1:colcon.colcon_core.environment:create_file_with_runtime_dependencies(/code/brickpi/install/brickpi3_charlie/share/colcon-core/packages/brickpi3_charlie)
[42.011s] DEBUG:colcon.colcon_core.event_handler.log_command:Invoked command in '/code/brickpi/build/rt_ros2' returned '0': CMAKE_PREFIX_PATH=${CMAKE_PREFIX_PATH}:/code/brickpi/install/brickpi3_sensors:/code/brickpi/install/brickpi3_charlie:/opt/ros/humble /usr/bin/cmake --build /code/brickpi/build/rt_ros2 -- -j4 -l4
[42.022s] DEBUG:colcon.colcon_core.event_handler.log_command:Invoking command in '/code/brickpi/build/rt_ros2': CMAKE_PREFIX_PATH=${CMAKE_PREFIX_PATH}:/code/brickpi/install/brickpi3_sensors:/code/brickpi/install/brickpi3_charlie:/opt/ros/humble /usr/bin/cmake --install /code/brickpi/build/rt_ros2
[42.134s] Level 1:colcon.colcon_core.environment:create_environment_scripts_only(rt_ros2)
[42.135s] Level 1:colcon.colcon_core.environment:checking '/code/brickpi/install/rt_ros2' for CMake module files
[42.137s] DEBUG:colcon.colcon_core.event_handler.log_command:Invoked command in '/code/brickpi/build/rt_ros2' returned '0': CMAKE_PREFIX_PATH=${CMAKE_PREFIX_PATH}:/code/brickpi/install/brickpi3_sensors:/code/brickpi/install/brickpi3_charlie:/opt/ros/humble /usr/bin/cmake --install /code/brickpi/build/rt_ros2
[42.141s] Level 1:colcon.colcon_core.environment:checking '/code/brickpi/install/rt_ros2' for CMake config files
[42.144s] Level 1:colcon.colcon_core.shell:create_environment_hook('rt_ros2', 'cmake_prefix_path')
[42.146s] INFO:colcon.colcon_core.shell:Creating environment hook '/code/brickpi/install/rt_ros2/share/rt_ros2/hook/cmake_prefix_path.ps1'
[42.149s] INFO:colcon.colcon_core.shell:Creating environment descriptor '/code/brickpi/install/rt_ros2/share/rt_ros2/hook/cmake_prefix_path.dsv'
[42.152s] INFO:colcon.colcon_core.shell:Creating environment hook '/code/brickpi/install/rt_ros2/share/rt_ros2/hook/cmake_prefix_path.sh'
[42.155s] Level 1:colcon.colcon_core.environment:checking '/code/brickpi/install/rt_ros2/lib'
[42.156s] Level 1:colcon.colcon_core.environment:checking '/code/brickpi/install/rt_ros2/bin'
[42.157s] Level 1:colcon.colcon_core.environment:checking '/code/brickpi/install/rt_ros2/lib/pkgconfig/rt_ros2.pc'
[42.158s] Level 1:colcon.colcon_core.environment:checking '/code/brickpi/install/rt_ros2/lib/python3.10/site-packages'
[42.160s] Level 1:colcon.colcon_core.environment:checking '/code/brickpi/install/rt_ros2/bin'
[42.162s] INFO:colcon.colcon_core.shell:Creating package script '/code/brickpi/install/rt_ros2/share/rt_ros2/package.ps1'
[42.165s] INFO:colcon.colcon_core.shell:Creating package descriptor '/code/brickpi/install/rt_ros2/share/rt_ros2/package.dsv'
[42.168s] INFO:colcon.colcon_core.shell:Creating package script '/code/brickpi/install/rt_ros2/share/rt_ros2/package.sh'
[42.171s] INFO:colcon.colcon_core.shell:Creating package script '/code/brickpi/install/rt_ros2/share/rt_ros2/package.bash'
[42.174s] INFO:colcon.colcon_core.shell:Creating package script '/code/brickpi/install/rt_ros2/share/rt_ros2/package.zsh'
[42.177s] Level 1:colcon.colcon_core.environment:create_file_with_runtime_dependencies(/code/brickpi/install/rt_ros2/share/colcon-core/packages/rt_ros2)
[42.181s] Level 1:colcon.colcon_core.environment:create_environment_scripts_only(rt_ros2)
[42.183s] Level 1:colcon.colcon_core.environment:checking '/code/brickpi/install/rt_ros2' for CMake module files
[42.187s] Level 1:colcon.colcon_core.environment:checking '/code/brickpi/install/rt_ros2' for CMake config files
[42.190s] Level 1:colcon.colcon_core.shell:create_environment_hook('rt_ros2', 'cmake_prefix_path')
[42.192s] INFO:colcon.colcon_core.shell:Creating environment hook '/code/brickpi/install/rt_ros2/share/rt_ros2/hook/cmake_prefix_path.ps1'
[42.195s] INFO:colcon.colcon_core.shell:Creating environment descriptor '/code/brickpi/install/rt_ros2/share/rt_ros2/hook/cmake_prefix_path.dsv'
[42.198s] INFO:colcon.colcon_core.shell:Creating environment hook '/code/brickpi/install/rt_ros2/share/rt_ros2/hook/cmake_prefix_path.sh'
[42.202s] Level 1:colcon.colcon_core.environment:checking '/code/brickpi/install/rt_ros2/lib'
[42.202s] Level 1:colcon.colcon_core.environment:checking '/code/brickpi/install/rt_ros2/bin'
[42.203s] Level 1:colcon.colcon_core.environment:checking '/code/brickpi/install/rt_ros2/lib/pkgconfig/rt_ros2.pc'
[42.204s] Level 1:colcon.colcon_core.environment:checking '/code/brickpi/install/rt_ros2/lib/python3.10/site-packages'
[42.205s] Level 1:colcon.colcon_core.environment:checking '/code/brickpi/install/rt_ros2/bin'
[42.207s] INFO:colcon.colcon_core.shell:Creating package script '/code/brickpi/install/rt_ros2/share/rt_ros2/package.ps1'
[42.209s] INFO:colcon.colcon_core.shell:Creating package descriptor '/code/brickpi/install/rt_ros2/share/rt_ros2/package.dsv'
[42.213s] INFO:colcon.colcon_core.shell:Creating package script '/code/brickpi/install/rt_ros2/share/rt_ros2/package.sh'
[42.215s] INFO:colcon.colcon_core.shell:Creating package script '/code/brickpi/install/rt_ros2/share/rt_ros2/package.bash'
[42.219s] INFO:colcon.colcon_core.shell:Creating package script '/code/brickpi/install/rt_ros2/share/rt_ros2/package.zsh'
[42.222s] Level 1:colcon.colcon_core.environment:create_file_with_runtime_dependencies(/code/brickpi/install/rt_ros2/share/colcon-core/packages/rt_ros2)
[42.224s] DEBUG:colcon.colcon_parallel_executor.executor.parallel:closing loop
[42.226s] DEBUG:colcon.colcon_parallel_executor.executor.parallel:loop closed
[42.227s] DEBUG:colcon.colcon_parallel_executor.executor.parallel:run_until_complete finished with '0'
[42.227s] DEBUG:colcon.colcon_core.event_reactor:joining thread
[42.259s] INFO:colcon.colcon_core.plugin_system:Skipping extension 'colcon_notification.desktop_notification.notify_send': Could not find 'notify-send'
[42.260s] INFO:colcon.colcon_core.plugin_system:Skipping extension 'colcon_notification.desktop_notification.terminal_notifier': Not used on non-Darwin systems
[42.260s] INFO:colcon.colcon_core.plugin_system:Skipping extension 'colcon_notification.desktop_notification.win32': Not used on non-Windows systems
[42.261s] INFO:colcon.colcon_notification.desktop_notification:Sending desktop notification using 'notify2'
[42.342s] DEBUG:colcon.colcon_notification.desktop_notification.notify2:Failed to initialize notify2: org.freedesktop.DBus.Error.ServiceUnknown: The name org.freedesktop.Notifications was not provided by any .service files
[42.342s] DEBUG:colcon.colcon_core.event_reactor:joined thread
[42.344s] INFO:colcon.colcon_core.shell:Creating prefix script '/code/brickpi/install/local_setup.ps1'
[42.354s] INFO:colcon.colcon_core.shell:Creating prefix util module '/code/brickpi/install/_local_setup_util_ps1.py'
[42.365s] INFO:colcon.colcon_core.shell:Creating prefix chain script '/code/brickpi/install/setup.ps1'
[42.416s] INFO:colcon.colcon_core.shell:Creating prefix script '/code/brickpi/install/local_setup.sh'
[42.463s] INFO:colcon.colcon_core.shell:Creating prefix util module '/code/brickpi/install/_local_setup_util_sh.py'
[42.467s] INFO:colcon.colcon_core.shell:Creating prefix chain script '/code/brickpi/install/setup.sh'
[42.532s] INFO:colcon.colcon_core.shell:Creating prefix script '/code/brickpi/install/local_setup.bash'
[42.598s] INFO:colcon.colcon_core.shell:Creating prefix chain script '/code/brickpi/install/setup.bash'
[42.635s] INFO:colcon.colcon_core.shell:Creating prefix script '/code/brickpi/install/local_setup.zsh'
[42.672s] INFO:colcon.colcon_core.shell:Creating prefix chain script '/code/brickpi/install/setup.zsh'
