[0.134s] Invoking command in '/code/brickpi/build/brickpi3_motors': CMAKE_PREFIX_PATH=/opt/ros/humble /usr/bin/cmake --build /code/brickpi/build/brickpi3_motors -- -j4 -l4
[1.665s] -- Found ament_cmake: 1.3.14 (/opt/ros/humble/share/ament_cmake/cmake)
[1.665s] -- Override CMake install command with custom implementation using symlinks instead of copying resources
[1.666s] -- Found hardware_interface: 2.53.1 (/opt/ros/humble/share/hardware_interface/cmake)
[1.667s] -- Found rosidl_generator_c: 3.1.8 (/opt/ros/humble/share/rosidl_generator_c/cmake)
[1.667s] -- Found rosidl_adapter: 3.1.8 (/opt/ros/humble/share/rosidl_adapter/cmake)
[1.668s] -- Found rosidl_generator_cpp: 3.1.8 (/opt/ros/humble/share/rosidl_generator_cpp/cmake)
[1.669s] -- Using all available rosidl_typesupport_c: rosidl_typesupport_fastrtps_c;rosidl_typesupport_introspection_c
[1.745s] -- Using all available rosidl_typesupport_cpp: rosidl_typesupport_fastrtps_cpp;rosidl_typesupport_introspection_cpp
[4.261s] -- Found rmw_implementation_cmake: 6.1.2 (/opt/ros/humble/share/rmw_implementation_cmake/cmake)
[4.282s] -- Found rmw_fastrtps_cpp: 6.2.10 (/opt/ros/humble/share/rmw_fastrtps_cpp/cmake)
[4.465s] -- Found TinyXML2 via Config file: TinyXML2_DIR-NOTFOUND
[4.536s] -- Found TinyXML2 via Config file: TinyXML2_DIR-NOTFOUND
[4.631s] -- Found TinyXML2 via Config file: TinyXML2_DIR-NOTFOUND
[4.679s] -- Found TinyXML2 via Config file: TinyXML2_DIR-NOTFOUND
[4.735s] -- Using RMW implementation 'rmw_fastrtps_cpp' as default
[5.960s] -- Configuring done
[6.154s] -- Generating done
[6.204s] -- Build files have been written to: /code/brickpi/build/brickpi3_motors
[6.375s] [35m[1mConsolidate compiler generated dependencies of target brickpi3_motors[0m
[6.632s] [100%] Built target brickpi3_motors
[6.680s] Invoked command in '/code/brickpi/build/brickpi3_motors' returned '0': CMAKE_PREFIX_PATH=/opt/ros/humble /usr/bin/cmake --build /code/brickpi/build/brickpi3_motors -- -j4 -l4
[6.708s] Invoking command in '/code/brickpi/build/brickpi3_motors': CMAKE_PREFIX_PATH=/opt/ros/humble /usr/bin/cmake --install /code/brickpi/build/brickpi3_motors
[6.740s] -- Install configuration: ""
[6.745s] -- Execute custom install script
[6.753s] -- Up-to-date symlink: /code/brickpi/install/brickpi3_motors/share/brickpi3_motors//brickpi3_motors.xml
[6.758s] -- Symlinking: /code/brickpi/install/brickpi3_motors/include/brickpi3_motors/.DS_Store
[6.796s] -- Symlinking: /code/brickpi/install/brickpi3_motors/include/brickpi3_motors/._.DS_Store
[6.870s] -- Up-to-date symlink: /code/brickpi/install/brickpi3_motors/include/brickpi3_motors/brickpi3_motors/brickpi3_motors.hpp
[6.871s] -- Up-to-date symlink: /code/brickpi/install/brickpi3_motors/share/brickpi3_motors/environment/library_path.sh
[6.872s] -- Up-to-date symlink: /code/brickpi/install/brickpi3_motors/share/brickpi3_motors/environment/library_path.dsv
[6.873s] -- Up-to-date symlink: /code/brickpi/install/brickpi3_motors/share/ament_index/resource_index/package_run_dependencies/brickpi3_motors
[6.874s] -- Up-to-date symlink: /code/brickpi/install/brickpi3_motors/share/ament_index/resource_index/parent_prefix_path/brickpi3_motors
[6.888s] -- Up-to-date symlink: /code/brickpi/install/brickpi3_motors/share/brickpi3_motors/environment/ament_prefix_path.sh
[6.905s] -- Up-to-date symlink: /code/brickpi/install/brickpi3_motors/share/brickpi3_motors/environment/ament_prefix_path.dsv
[6.906s] -- Up-to-date symlink: /code/brickpi/install/brickpi3_motors/share/brickpi3_motors/environment/path.sh
[6.910s] -- Up-to-date symlink: /code/brickpi/install/brickpi3_motors/share/brickpi3_motors/environment/path.dsv
[6.926s] -- Up-to-date symlink: /code/brickpi/install/brickpi3_motors/share/brickpi3_motors/local_setup.bash
[6.929s] -- Up-to-date symlink: /code/brickpi/install/brickpi3_motors/share/brickpi3_motors/local_setup.sh
[6.930s] -- Up-to-date symlink: /code/brickpi/install/brickpi3_motors/share/brickpi3_motors/local_setup.zsh
[6.932s] -- Up-to-date symlink: /code/brickpi/install/brickpi3_motors/share/brickpi3_motors/local_setup.dsv
[6.933s] -- Symlinking: /code/brickpi/install/brickpi3_motors/share/brickpi3_motors/package.dsv
[7.038s] -- Up-to-date symlink: /code/brickpi/install/brickpi3_motors/share/ament_index/resource_index/packages/brickpi3_motors
[7.040s] -- Up-to-date symlink: /code/brickpi/install/brickpi3_motors/share/ament_index/resource_index/hardware_interface__pluginlib__plugin/brickpi3_motors
[7.041s] -- Up-to-date symlink: /code/brickpi/install/brickpi3_motors/share/brickpi3_motors/cmake/ament_cmake_export_targets-extras.cmake
[7.043s] -- Up-to-date symlink: /code/brickpi/install/brickpi3_motors/share/brickpi3_motors/cmake/ament_cmake_export_dependencies-extras.cmake
[7.045s] -- Up-to-date symlink: /code/brickpi/install/brickpi3_motors/share/brickpi3_motors/cmake/brickpi3_motorsConfig.cmake
[7.046s] -- Up-to-date symlink: /code/brickpi/install/brickpi3_motors/share/brickpi3_motors/cmake/brickpi3_motorsConfig-version.cmake
[7.048s] -- Up-to-date symlink: /code/brickpi/install/brickpi3_motors/share/brickpi3_motors/package.xml
[7.055s] -- Up-to-date: /code/brickpi/install/brickpi3_motors/lib/libbrickpi3_motors.so
[7.059s] -- Up-to-date: /code/brickpi/install/brickpi3_motors/share/brickpi3_motors/cmake/export_brickpi3_motorsExport.cmake
[7.059s] -- Up-to-date: /code/brickpi/install/brickpi3_motors/share/brickpi3_motors/cmake/export_brickpi3_motorsExport-noconfig.cmake
[7.078s] Invoked command in '/code/brickpi/build/brickpi3_motors' returned '0': CMAKE_PREFIX_PATH=/opt/ros/humble /usr/bin/cmake --install /code/brickpi/build/brickpi3_motors
