[1.603s] Invoking command in '/code/brickpi/build/rt_ros2': CMAKE_PREFIX_PATH=/opt/ros/humble /usr/bin/cmake /code/brickpi/rt_ros2 -DAMENT_CMAKE_SYMLINK_INSTALL=1 -DCMAKE_INSTALL_PREFIX=/code/brickpi/install/rt_ros2
[1.681s] -- Found ament_cmake: 1.3.14 (/opt/ros/humble/share/ament_cmake/cmake)
[3.036s] -- Override CMake install command with custom implementation using symlinks instead of copying resources
[3.140s] -- Found rclcpp: 16.0.18 (/opt/ros/humble/share/rclcpp/cmake)
[3.451s] -- Found rosidl_generator_c: 3.1.8 (/opt/ros/humble/share/rosidl_generator_c/cmake)
[3.470s] -- Found rosidl_adapter: 3.1.8 (/opt/ros/humble/share/rosidl_adapter/cmake)
[3.516s] -- Found rosidl_generator_cpp: 3.1.8 (/opt/ros/humble/share/rosidl_generator_cpp/cmake)
[3.597s] -- Using all available rosidl_typesupport_c: rosidl_typesupport_fastrtps_c;rosidl_typesupport_introspection_c
[3.669s] -- Using all available rosidl_typesupport_cpp: rosidl_typesupport_fastrtps_cpp;rosidl_typesupport_introspection_cpp
[4.171s] -- Found rmw_implementation_cmake: 6.1.2 (/opt/ros/humble/share/rmw_implementation_cmake/cmake)
[4.190s] -- Found rmw_fastrtps_cpp: 6.2.10 (/opt/ros/humble/share/rmw_fastrtps_cpp/cmake)
[5.086s] -- Using RMW implementation 'rmw_fastrtps_cpp' as default
[5.397s] -- Found geometry_msgs: 4.9.1 (/opt/ros/humble/share/geometry_msgs/cmake)
[5.525s] -- Found sensor_msgs: 4.9.1 (/opt/ros/humble/share/sensor_msgs/cmake)
[5.769s] -- QUILL_NO_EXCEPTIONS: OFF
[5.770s] -- QUILL_FMT_EXTERNAL: OFF
[5.771s] -- QUILL_NO_THREAD_NAME_SUPPORT: OFF
[6.072s] -- Configuring done
[6.420s] -- Generating done
[6.474s] -- Build files have been written to: /code/brickpi/build/rt_ros2
[6.533s] Invoked command in '/code/brickpi/build/rt_ros2' returned '0': CMAKE_PREFIX_PATH=/opt/ros/humble /usr/bin/cmake /code/brickpi/rt_ros2 -DAMENT_CMAKE_SYMLINK_INSTALL=1 -DCMAKE_INSTALL_PREFIX=/code/brickpi/install/rt_ros2
[6.540s] Invoking command in '/code/brickpi/build/rt_ros2': CMAKE_PREFIX_PATH=/opt/ros/humble /usr/bin/cmake --build /code/brickpi/build/rt_ros2 -- -j4 -l4
[6.827s] [35m[1mConsolidate compiler generated dependencies of target cactus_tracing_embedded_perfetto_protos[0m
[6.931s] [35m[1mConsolidate compiler generated dependencies of target quill[0m
[7.020s] [  1%] [32mBuilding CXX object CMakeFiles/nodo_test.dir/test/nodo_test.cpp.o[0m
[7.027s] [ 31%] Built target cactus_tracing_embedded_perfetto_protos
[7.313s] [ 75%] Built target quill
[7.433s] [35m[1mConsolidate compiler generated dependencies of target cactus_rt[0m
[7.640s] [ 91%] Built target cactus_rt
[7.743s] [35m[1mConsolidate compiler generated dependencies of target rt_ros2[0m
[8.077s] [ 92%] [32mBuilding CXX object CMakeFiles/rt_ros2.dir/src/main.cc.o[0m
[8.112s] [ 94%] [32mBuilding CXX object CMakeFiles/rt_ros2.dir/src/nodo_maquina_estados.cpp.o[0m
[87.589s] [ 96%] [32m[1mLinking CXX executable rt_ros2[0m
[89.614s] [ 98%] Built target rt_ros2
[92.844s] [100%] [32m[1mLinking CXX executable nodo_test[0m
[93.830s] [100%] Built target nodo_test
[93.887s] Invoked command in '/code/brickpi/build/rt_ros2' returned '0': CMAKE_PREFIX_PATH=/opt/ros/humble /usr/bin/cmake --build /code/brickpi/build/rt_ros2 -- -j4 -l4
[93.895s] Invoking command in '/code/brickpi/build/rt_ros2': CMAKE_PREFIX_PATH=/opt/ros/humble /usr/bin/cmake --install /code/brickpi/build/rt_ros2
[93.924s] -- Install configuration: "Release"
[93.926s] -- Execute custom install script
[93.926s] -- Symlinking: /code/brickpi/install/rt_ros2/include/readerwriterqueue/atomicops.h
[93.963s] -- Symlinking: /code/brickpi/install/rt_ros2/include/readerwriterqueue/readerwriterqueue.h
[93.999s] -- Symlinking: /code/brickpi/install/rt_ros2/include/readerwriterqueue/readerwritercircularbuffer.h
[94.036s] -- Symlinking: /code/brickpi/install/rt_ros2/include/readerwriterqueue/LICENSE.md
[94.073s] -- Symlinking: /code/brickpi/install/rt_ros2/lib/rt_ros2/rt_ros2
[94.109s] -- Symlinking: /code/brickpi/install/rt_ros2/lib/rt_ros2/nodo_test
[94.156s] Invoked command in '/code/brickpi/build/rt_ros2' returned '0': CMAKE_PREFIX_PATH=/opt/ros/humble /usr/bin/cmake --install /code/brickpi/build/rt_ros2
