[0.053s] Invoking command in '/code/brickpi/build/rt_ros2': CMAKE_PREFIX_PATH=${CMAKE_PREFIX_PATH}:/opt/ros/humble /usr/bin/cmake /code/brickpi/rt_ros2 -DCMAKE_INSTALL_PREFIX=/code/brickpi/install/rt_ros2
[0.381s] -- The CXX compiler identification is GNU 11.4.0
[0.422s] -- Detecting CXX compiler ABI info
[0.843s] -- Detecting CXX compiler ABI info - done
[0.879s] -- Check for working CXX compiler: /usr/bin/c++ - skipped
[0.880s] -- Detecting CXX compile features
[0.882s] -- Detecting CXX compile features - done
[0.913s] -- Found ament_cmake: 1.3.14 (/opt/ros/humble/share/ament_cmake/cmake)
[1.744s] -- Found Python3: /usr/bin/python3 (found version "3.10.12") found components: Interpreter 
[2.328s] -- Found rclcpp: 16.0.18 (/opt/ros/humble/share/rclcpp/cmake)
[2.664s] -- Found rosidl_generator_c: 3.1.8 (/opt/ros/humble/share/rosidl_generator_c/cmake)
[2.710s] -- Found rosidl_adapter: 3.1.8 (/opt/ros/humble/share/rosidl_adapter/cmake)
[2.772s] -- Found rosidl_generator_cpp: 3.1.8 (/opt/ros/humble/share/rosidl_generator_cpp/cmake)
[2.852s] -- Using all available rosidl_typesupport_c: rosidl_typesupport_fastrtps_c;rosidl_typesupport_introspection_c
[2.969s] -- Using all available rosidl_typesupport_cpp: rosidl_typesupport_fastrtps_cpp;rosidl_typesupport_introspection_cpp
[3.268s] -- Found rmw_implementation_cmake: 6.1.2 (/opt/ros/humble/share/rmw_implementation_cmake/cmake)
[3.291s] -- Found rmw_fastrtps_cpp: 6.2.10 (/opt/ros/humble/share/rmw_fastrtps_cpp/cmake)
[3.788s] -- Found OpenSSL: /usr/lib/aarch64-linux-gnu/libcrypto.so (found version "3.0.2")  
[3.924s] -- Found FastRTPS: /opt/ros/humble/include  
[4.155s] -- Using RMW implementation 'rmw_fastrtps_cpp' as default
[4.227s] -- Looking for C++ include pthread.h
[4.701s] -- Looking for C++ include pthread.h - found
[4.702s] -- Performing Test CMAKE_HAVE_LIBC_PTHREAD
[5.179s] -- Performing Test CMAKE_HAVE_LIBC_PTHREAD - Success
[5.186s] -- Found Threads: TRUE  
[5.527s] -- Found geometry_msgs: 4.9.1 (/opt/ros/humble/share/geometry_msgs/cmake)
[5.619s] -- Found sensor_msgs: 4.9.1 (/opt/ros/humble/share/sensor_msgs/cmake)
[6.052s] -- Configuring done
[6.120s] -- Generating done
[6.138s] -- Build files have been written to: /code/brickpi/build/rt_ros2
[6.176s] Invoked command in '/code/brickpi/build/rt_ros2' returned '0': CMAKE_PREFIX_PATH=${CMAKE_PREFIX_PATH}:/opt/ros/humble /usr/bin/cmake /code/brickpi/rt_ros2 -DCMAKE_INSTALL_PREFIX=/code/brickpi/install/rt_ros2
[6.185s] Invoking command in '/code/brickpi/build/rt_ros2': CMAKE_PREFIX_PATH=${CMAKE_PREFIX_PATH}:/opt/ros/humble /usr/bin/cmake --build /code/brickpi/build/rt_ros2 -- -j4 -l4
[6.460s] [ 25%] [32mBuilding CXX object CMakeFiles/rt_ros2.dir/src/nodo_maquina_estados.cpp.o[0m
[6.465s] [ 50%] [32mBuilding CXX object CMakeFiles/rt_ros2.dir/src/nodo_actuador.cpp.o[0m
[6.470s] [ 75%] [32mBuilding CXX object CMakeFiles/rt_ros2.dir/src/main.cc.o[0m
[64.925s] [100%] [32m[1mLinking CXX executable rt_ros2[0m
[68.732s] [100%] Built target rt_ros2
[68.779s] Invoked command in '/code/brickpi/build/rt_ros2' returned '0': CMAKE_PREFIX_PATH=${CMAKE_PREFIX_PATH}:/opt/ros/humble /usr/bin/cmake --build /code/brickpi/build/rt_ros2 -- -j4 -l4
[68.821s] Invoking command in '/code/brickpi/build/rt_ros2': CMAKE_PREFIX_PATH=${CMAKE_PREFIX_PATH}:/opt/ros/humble /usr/bin/cmake --install /code/brickpi/build/rt_ros2
[68.851s] -- Install configuration: ""
[68.852s] -- Installing: /code/brickpi/install/rt_ros2/lib/rt_ros2/rt_ros2
[68.919s] -- Set runtime path of "/code/brickpi/install/rt_ros2/lib/rt_ros2/rt_ros2" to ""
[68.920s] -- Installing: /code/brickpi/install/rt_ros2/share/ament_index/resource_index/package_run_dependencies/rt_ros2
[68.921s] -- Installing: /code/brickpi/install/rt_ros2/share/ament_index/resource_index/parent_prefix_path/rt_ros2
[68.923s] -- Installing: /code/brickpi/install/rt_ros2/share/rt_ros2/environment/ament_prefix_path.sh
[68.925s] -- Installing: /code/brickpi/install/rt_ros2/share/rt_ros2/environment/ament_prefix_path.dsv
[68.926s] -- Installing: /code/brickpi/install/rt_ros2/share/rt_ros2/environment/path.sh
[68.927s] -- Installing: /code/brickpi/install/rt_ros2/share/rt_ros2/environment/path.dsv
[68.928s] -- Installing: /code/brickpi/install/rt_ros2/share/rt_ros2/local_setup.bash
[68.930s] -- Installing: /code/brickpi/install/rt_ros2/share/rt_ros2/local_setup.sh
[68.931s] -- Installing: /code/brickpi/install/rt_ros2/share/rt_ros2/local_setup.zsh
[68.932s] -- Installing: /code/brickpi/install/rt_ros2/share/rt_ros2/local_setup.dsv
[68.933s] -- Installing: /code/brickpi/install/rt_ros2/share/rt_ros2/package.dsv
[68.935s] -- Installing: /code/brickpi/install/rt_ros2/share/ament_index/resource_index/packages/rt_ros2
[68.937s] -- Installing: /code/brickpi/install/rt_ros2/share/rt_ros2/cmake/rt_ros2Config.cmake
[68.938s] -- Installing: /code/brickpi/install/rt_ros2/share/rt_ros2/cmake/rt_ros2Config-version.cmake
[68.939s] -- Installing: /code/brickpi/install/rt_ros2/share/rt_ros2/package.xml
[68.947s] Invoked command in '/code/brickpi/build/rt_ros2' returned '0': CMAKE_PREFIX_PATH=${CMAKE_PREFIX_PATH}:/opt/ros/humble /usr/bin/cmake --install /code/brickpi/build/rt_ros2
