[35m[1mConsolidate compiler generated dependencies of target rt_ros2[0m
[ 25%] [32mBuilding CXX object CMakeFiles/rt_ros2.dir/src/nodo_maquina_estados.cpp.o[0m
In file included from [01m[K/opt/ros/humble/include/rclcpp/rclcpp/logging.hpp:24[m[K,
                 from [01m[K/opt/ros/humble/include/rclcpp/rclcpp/client.hpp:40[m[K,
                 from [01m[K/opt/ros/humble/include/rclcpp/rclcpp/callback_group.hpp:24[m[K,
                 from [01m[K/opt/ros/humble/include/rclcpp/rclcpp/any_executable.hpp:20[m[K,
                 from [01m[K/opt/ros/humble/include/rclcpp/rclcpp/memory_strategy.hpp:25[m[K,
                 from [01m[K/opt/ros/humble/include/rclcpp/rclcpp/memory_strategies.hpp:18[m[K,
                 from [01m[K/opt/ros/humble/include/rclcpp/rclcpp/executor_options.hpp:20[m[K,
                 from [01m[K/opt/ros/humble/include/rclcpp/rclcpp/executor.hpp:37[m[K,
                 from [01m[K/opt/ros/humble/include/rclcpp/rclcpp/executors/multi_threaded_executor.hpp:25[m[K,
                 from [01m[K/opt/ros/humble/include/rclcpp/rclcpp/executors.hpp:21[m[K,
                 from [01m[K/opt/ros/humble/include/rclcpp/rclcpp/rclcpp.hpp:155[m[K,
                 from [01m[K/code/brickpi/rt_ros2/include/rt_ros2/nodo_maquina_estados.h:4[m[K,
                 from [01m[K/code/brickpi/rt_ros2/src/nodo_maquina_estados.cpp:1[m[K:
[01m[K/code/brickpi/rt_ros2/src/nodo_maquina_estados.cpp:[m[K In member function ‘[01m[Kvoid rt_ros2::NodoMaquinaEstados::color_callback(sensor_msgs::msg::Illuminance_<std::allocator<void> >::SharedPtr)[m[K’:
[01m[K/code/brickpi/rt_ros2/src/nodo_maquina_estados.cpp:50:49:[m[K [01;35m[Kwarning: [m[Ktoo many arguments for format [[01;35m[K]8;;https://gcc.gnu.org/onlinedocs/gcc/Warning-Options.html#index-Wformat-extra-args-Wformat-extra-args]8;;[m[K]
   50 |                 RCLCPP_INFO(this->get_logger(), [01;35m[K"Línea encontrada de nuevo (iluminancia = %.2f)"[m[K, valor_sensor, valor_sensor - 0.5f);
      |                                                 [01;35m[K^~~~~~~~~~~~~~~~~~~~~~~~~~~~~~~~~~~~~~~~~~~~~~~~[m[K
[ 50%] [32m[1mLinking CXX executable rt_ros2[0m
[100%] Built target rt_ros2
-- Install configuration: ""
-- Installing: /code/brickpi/install/rt_ros2/lib/rt_ros2/rt_ros2
-- Set runtime path of "/code/brickpi/install/rt_ros2/lib/rt_ros2/rt_ros2" to ""
-- Up-to-date: /code/brickpi/install/rt_ros2/share/ament_index/resource_index/package_run_dependencies/rt_ros2
-- Up-to-date: /code/brickpi/install/rt_ros2/share/ament_index/resource_index/parent_prefix_path/rt_ros2
-- Up-to-date: /code/brickpi/install/rt_ros2/share/rt_ros2/environment/ament_prefix_path.sh
-- Up-to-date: /code/brickpi/install/rt_ros2/share/rt_ros2/environment/ament_prefix_path.dsv
-- Up-to-date: /code/brickpi/install/rt_ros2/share/rt_ros2/environment/path.sh
-- Up-to-date: /code/brickpi/install/rt_ros2/share/rt_ros2/environment/path.dsv
-- Up-to-date: /code/brickpi/install/rt_ros2/share/rt_ros2/local_setup.bash
-- Up-to-date: /code/brickpi/install/rt_ros2/share/rt_ros2/local_setup.sh
-- Up-to-date: /code/brickpi/install/rt_ros2/share/rt_ros2/local_setup.zsh
-- Up-to-date: /code/brickpi/install/rt_ros2/share/rt_ros2/local_setup.dsv
-- Installing: /code/brickpi/install/rt_ros2/share/rt_ros2/package.dsv
-- Up-to-date: /code/brickpi/install/rt_ros2/share/ament_index/resource_index/packages/rt_ros2
-- Up-to-date: /code/brickpi/install/rt_ros2/share/rt_ros2/cmake/rt_ros2Config.cmake
-- Up-to-date: /code/brickpi/install/rt_ros2/share/rt_ros2/cmake/rt_ros2Config-version.cmake
-- Up-to-date: /code/brickpi/install/rt_ros2/share/rt_ros2/package.xml
