[0.046s] Invoking command in '/code/brickpi/build/rt_ros2': CMAKE_PREFIX_PATH=/opt/ros/humble /usr/bin/cmake /code/brickpi/rt_ros2 -DCMAKE_INSTALL_PREFIX=/code/brickpi/install/rt_ros2
[0.102s] -- Found ament_cmake: 1.3.14 (/opt/ros/humble/share/ament_cmake/cmake)
[0.726s] -- Override CMake install command with custom implementation using symlinks instead of copying resources
[0.771s] -- Found rclcpp: 16.0.18 (/opt/ros/humble/share/rclcpp/cmake)
[0.933s] -- Found rosidl_generator_c: 3.1.8 (/opt/ros/humble/share/rosidl_generator_c/cmake)
[0.946s] -- Found rosidl_adapter: 3.1.8 (/opt/ros/humble/share/rosidl_adapter/cmake)
[0.977s] -- Found rosidl_generator_cpp: 3.1.8 (/opt/ros/humble/share/rosidl_generator_cpp/cmake)
[1.035s] -- Using all available rosidl_typesupport_c: rosidl_typesupport_fastrtps_c;rosidl_typesupport_introspection_c
[1.098s] -- Using all available rosidl_typesupport_cpp: rosidl_typesupport_fastrtps_cpp;rosidl_typesupport_introspection_cpp
[1.255s] -- Found rmw_implementation_cmake: 6.1.2 (/opt/ros/humble/share/rmw_implementation_cmake/cmake)
[1.262s] -- Found rmw_fastrtps_cpp: 6.2.10 (/opt/ros/humble/share/rmw_fastrtps_cpp/cmake)
[1.806s] -- Using RMW implementation 'rmw_fastrtps_cpp' as default
[2.041s] -- Found geometry_msgs: 4.9.1 (/opt/ros/humble/share/geometry_msgs/cmake)
[2.099s] -- Found sensor_msgs: 4.9.1 (/opt/ros/humble/share/sensor_msgs/cmake)
[2.201s] -- QUILL_NO_EXCEPTIONS: OFF
[2.202s] -- QUILL_FMT_EXTERNAL: OFF
[2.203s] -- QUILL_NO_THREAD_NAME_SUPPORT: OFF
[2.677s] -- Configuring done
[2.965s] -- Generating done
[3.034s] -- Build files have been written to: /code/brickpi/build/rt_ros2
[3.073s] Invoked command in '/code/brickpi/build/rt_ros2' returned '0': CMAKE_PREFIX_PATH=/opt/ros/humble /usr/bin/cmake /code/brickpi/rt_ros2 -DCMAKE_INSTALL_PREFIX=/code/brickpi/install/rt_ros2
[3.085s] Invoking command in '/code/brickpi/build/rt_ros2': CMAKE_PREFIX_PATH=/opt/ros/humble /usr/bin/cmake --build /code/brickpi/build/rt_ros2 -- -j4 -l4
[3.299s] [35m[1mConsolidate compiler generated dependencies of target nodo_test[0m
[3.351s] [35m[1mConsolidate compiler generated dependencies of target cactus_tracing_embedded_perfetto_protos[0m
[3.396s] [35m[1mConsolidate compiler generated dependencies of target quill[0m
[3.562s] [  4%] Built target nodo_test
[3.566s] [ 28%] Built target cactus_tracing_embedded_perfetto_protos
[3.741s] [ 65%] Built target quill
[3.805s] [35m[1mConsolidate compiler generated dependencies of target cactus_rt[0m
[3.993s] [ 79%] Built target cactus_rt
[4.093s] [35m[1mConsolidate compiler generated dependencies of target main_rt[0m
[4.101s] [35m[1mConsolidate compiler generated dependencies of target rt_ros2[0m
[4.186s] [35m[1mConsolidate compiler generated dependencies of target main_be[0m
[4.274s] [ 80%] [32mBuilding CXX object CMakeFiles/nodo_ruido.dir/src/nodo_ruido.cpp.o[0m
[4.336s] [ 86%] Built target main_rt
[4.402s] [ 92%] Built target rt_ros2
[4.463s] [ 98%] Built target main_be
[19.790s] [100%] [32m[1mLinking CXX executable nodo_ruido[0m
[20.617s] [100%] Built target nodo_ruido
[20.671s] Invoked command in '/code/brickpi/build/rt_ros2' returned '0': CMAKE_PREFIX_PATH=/opt/ros/humble /usr/bin/cmake --build /code/brickpi/build/rt_ros2 -- -j4 -l4
[20.714s] Invoking command in '/code/brickpi/build/rt_ros2': CMAKE_PREFIX_PATH=/opt/ros/humble /usr/bin/cmake --install /code/brickpi/build/rt_ros2
[20.743s] -- Install configuration: "Release"
[20.745s] -- Execute custom install script
[20.746s] -- Up-to-date symlink: /code/brickpi/install/rt_ros2/include/readerwriterqueue/atomicops.h
[20.747s] -- Up-to-date symlink: /code/brickpi/install/rt_ros2/include/readerwriterqueue/readerwriterqueue.h
[20.748s] -- Up-to-date symlink: /code/brickpi/install/rt_ros2/include/readerwriterqueue/readerwritercircularbuffer.h
[20.749s] -- Up-to-date symlink: /code/brickpi/install/rt_ros2/include/readerwriterqueue/LICENSE.md
[20.750s] -- Up-to-date symlink: /code/brickpi/install/rt_ros2/lib/rt_ros2/rt_ros2
[20.753s] -- Up-to-date symlink: /code/brickpi/install/rt_ros2/lib/rt_ros2/main_rt
[20.753s] -- Up-to-date symlink: /code/brickpi/install/rt_ros2/lib/rt_ros2/main_be
[20.754s] -- Symlinking: /code/brickpi/install/rt_ros2/lib/rt_ros2/nodo_ruido
[20.793s] -- Up-to-date symlink: /code/brickpi/install/rt_ros2/share/rt_ros2/._infraestructura.launch.py
[20.794s] -- Up-to-date symlink: /code/brickpi/install/rt_ros2/share/rt_ros2/infraestructura.launch.py
[20.796s] -- Up-to-date symlink: /code/brickpi/install/rt_ros2/lib/rt_ros2/nodo_test
[20.797s] -- Up-to-date symlink: /code/brickpi/install/rt_ros2/share/ament_index/resource_index/package_run_dependencies/rt_ros2
[20.798s] -- Up-to-date symlink: /code/brickpi/install/rt_ros2/share/ament_index/resource_index/parent_prefix_path/rt_ros2
[20.800s] -- Up-to-date symlink: /code/brickpi/install/rt_ros2/share/rt_ros2/environment/ament_prefix_path.sh
[20.801s] -- Up-to-date symlink: /code/brickpi/install/rt_ros2/share/rt_ros2/environment/ament_prefix_path.dsv
[20.802s] -- Up-to-date symlink: /code/brickpi/install/rt_ros2/share/rt_ros2/environment/path.sh
[20.803s] -- Up-to-date symlink: /code/brickpi/install/rt_ros2/share/rt_ros2/environment/path.dsv
[20.804s] -- Up-to-date symlink: /code/brickpi/install/rt_ros2/share/rt_ros2/local_setup.bash
[20.806s] -- Up-to-date symlink: /code/brickpi/install/rt_ros2/share/rt_ros2/local_setup.sh
[20.807s] -- Up-to-date symlink: /code/brickpi/install/rt_ros2/share/rt_ros2/local_setup.zsh
[20.807s] -- Up-to-date symlink: /code/brickpi/install/rt_ros2/share/rt_ros2/local_setup.dsv
[20.808s] -- Symlinking: /code/brickpi/install/rt_ros2/share/rt_ros2/package.dsv
[20.846s] -- Up-to-date symlink: /code/brickpi/install/rt_ros2/share/ament_index/resource_index/packages/rt_ros2
[20.847s] -- Up-to-date symlink: /code/brickpi/install/rt_ros2/share/rt_ros2/cmake/rt_ros2Config.cmake
[20.848s] -- Up-to-date symlink: /code/brickpi/install/rt_ros2/share/rt_ros2/cmake/rt_ros2Config-version.cmake
[20.849s] -- Up-to-date symlink: /code/brickpi/install/rt_ros2/share/rt_ros2/package.xml
[20.859s] Invoked command in '/code/brickpi/build/rt_ros2' returned '0': CMAKE_PREFIX_PATH=/opt/ros/humble /usr/bin/cmake --install /code/brickpi/build/rt_ros2
