[0.631s] DEBUG:colcon:Command line arguments: ['/usr/bin/colcon', 'build', '--packages-select', 'rt_ros2']
[0.631s] DEBUG:colcon:Parsed command line arguments: Namespace(log_base=None, log_level=None, verb_name='build', build_base='build', install_base='install', merge_install=False, symlink_install=False, test_result_base=None, continue_on_error=False, executor='parallel', parallel_workers=4, event_handlers=None, ignore_user_meta=False, metas=['./colcon.meta'], base_paths=['.'], packages_ignore=None, packages_ignore_regex=None, paths=None, packages_up_to=None, packages_up_to_regex=None, packages_above=None, packages_above_and_dependencies=None, packages_above_depth=None, packages_select_by_dep=None, packages_skip_by_dep=None, packages_skip_up_to=None, packages_select_build_failed=False, packages_skip_build_finished=False, packages_select_test_failures=False, packages_skip_test_passed=False, packages_select=['rt_ros2'], packages_skip=None, packages_select_regex=None, packages_skip_regex=None, packages_start=None, packages_end=None, allow_overriding=[], cmake_args=None, cmake_target=None, cmake_target_skip_unavailable=False, cmake_clean_cache=False, cmake_clean_first=False, cmake_force_configure=False, ament_cmake_args=None, catkin_cmake_args=None, catkin_skip_building_tests=False, verb_parser=<colcon_defaults.argument_parser.defaults.DefaultArgumentsDecorator object at 0xffffb62a1d50>, verb_extension=<colcon_core.verb.build.BuildVerb object at 0xffffb62a1870>, main=<bound method BuildVerb.main of <colcon_core.verb.build.BuildVerb object at 0xffffb62a1870>>)
[1.834s] Level 1:colcon.colcon_core.package_discovery:discover_packages(colcon_meta) check parameters
[2.566s] Level 1:colcon.colcon_core.package_discovery:discover_packages(recursive) check parameters
[2.567s] Level 1:colcon.colcon_core.package_discovery:discover_packages(ignore) check parameters
[2.567s] Level 1:colcon.colcon_core.package_discovery:discover_packages(path) check parameters
[2.567s] Level 1:colcon.colcon_core.package_discovery:discover_packages(colcon_meta) discover
[2.568s] Level 1:colcon.colcon_core.package_discovery:discover_packages(recursive) discover
[2.569s] INFO:colcon.colcon_core.package_discovery:Crawling recursively for packages in '/code/brickpi'
[2.570s] Level 1:colcon.colcon_core.package_identification:_identify(.) by extensions ['ignore', 'ignore_ament_install']
[2.571s] Level 1:colcon.colcon_core.package_identification:_identify(.) by extension 'ignore'
[2.572s] Level 1:colcon.colcon_core.package_identification:_identify(.) by extension 'ignore_ament_install'
[2.573s] Level 1:colcon.colcon_core.package_identification:_identify(.) by extensions ['colcon_pkg']
[2.573s] Level 1:colcon.colcon_core.package_identification:_identify(.) by extension 'colcon_pkg'
[2.574s] Level 1:colcon.colcon_core.package_identification:_identify(.) by extensions ['colcon_meta']
[2.575s] Level 1:colcon.colcon_core.package_identification:_identify(.) by extension 'colcon_meta'
[2.576s] Level 1:colcon.colcon_core.package_identification:_identify(.) by extensions ['ros']
[2.576s] Level 1:colcon.colcon_core.package_identification:_identify(.) by extension 'ros'
[2.641s] Level 1:colcon.colcon_core.package_identification:_identify(.) by extensions ['cmake', 'python']
[2.642s] Level 1:colcon.colcon_core.package_identification:_identify(.) by extension 'cmake'
[2.642s] Level 1:colcon.colcon_core.package_identification:_identify(.) by extension 'python'
[2.643s] Level 1:colcon.colcon_core.package_identification:_identify(.) by extensions ['python_setup_py']
[2.643s] Level 1:colcon.colcon_core.package_identification:_identify(.) by extension 'python_setup_py'
[2.644s] Level 1:colcon.colcon_core.package_identification:_identify(brickpi3_charlie) by extensions ['ignore', 'ignore_ament_install']
[2.645s] Level 1:colcon.colcon_core.package_identification:_identify(brickpi3_charlie) by extension 'ignore'
[2.645s] Level 1:colcon.colcon_core.package_identification:_identify(brickpi3_charlie) by extension 'ignore_ament_install'
[2.646s] Level 1:colcon.colcon_core.package_identification:_identify(brickpi3_charlie) by extensions ['colcon_pkg']
[2.646s] Level 1:colcon.colcon_core.package_identification:_identify(brickpi3_charlie) by extension 'colcon_pkg'
[2.647s] Level 1:colcon.colcon_core.package_identification:_identify(brickpi3_charlie) by extensions ['colcon_meta']
[2.647s] Level 1:colcon.colcon_core.package_identification:_identify(brickpi3_charlie) by extension 'colcon_meta'
[2.647s] Level 1:colcon.colcon_core.package_identification:_identify(brickpi3_charlie) by extensions ['ros']
[2.648s] Level 1:colcon.colcon_core.package_identification:_identify(brickpi3_charlie) by extension 'ros'
[2.661s] DEBUG:colcon.colcon_core.package_identification:Package 'brickpi3_charlie' with type 'ros.ament_python' and name 'brickpi3_charlie'
[2.662s] Level 1:colcon.colcon_core.package_identification:_identify(brickpi3_motors) by extensions ['ignore', 'ignore_ament_install']
[2.662s] Level 1:colcon.colcon_core.package_identification:_identify(brickpi3_motors) by extension 'ignore'
[2.663s] Level 1:colcon.colcon_core.package_identification:_identify(brickpi3_motors) by extension 'ignore_ament_install'
[2.664s] Level 1:colcon.colcon_core.package_identification:_identify(brickpi3_motors) by extensions ['colcon_pkg']
[2.664s] Level 1:colcon.colcon_core.package_identification:_identify(brickpi3_motors) by extension 'colcon_pkg'
[2.665s] Level 1:colcon.colcon_core.package_identification:_identify(brickpi3_motors) by extensions ['colcon_meta']
[2.665s] Level 1:colcon.colcon_core.package_identification:_identify(brickpi3_motors) by extension 'colcon_meta'
[2.666s] Level 1:colcon.colcon_core.package_identification:_identify(brickpi3_motors) by extensions ['ros']
[2.666s] Level 1:colcon.colcon_core.package_identification:_identify(brickpi3_motors) by extension 'ros'
[2.669s] DEBUG:colcon.colcon_core.package_identification:Package 'brickpi3_motors' with type 'ros.ament_cmake' and name 'brickpi3_motors'
[2.670s] Level 1:colcon.colcon_core.package_identification:_identify(brickpi3_sensors) by extensions ['ignore', 'ignore_ament_install']
[2.670s] Level 1:colcon.colcon_core.package_identification:_identify(brickpi3_sensors) by extension 'ignore'
[2.671s] Level 1:colcon.colcon_core.package_identification:_identify(brickpi3_sensors) by extension 'ignore_ament_install'
[2.671s] Level 1:colcon.colcon_core.package_identification:_identify(brickpi3_sensors) by extensions ['colcon_pkg']
[2.672s] Level 1:colcon.colcon_core.package_identification:_identify(brickpi3_sensors) by extension 'colcon_pkg'
[2.672s] Level 1:colcon.colcon_core.package_identification:_identify(brickpi3_sensors) by extensions ['colcon_meta']
[2.673s] Level 1:colcon.colcon_core.package_identification:_identify(brickpi3_sensors) by extension 'colcon_meta'
[2.673s] Level 1:colcon.colcon_core.package_identification:_identify(brickpi3_sensors) by extensions ['ros']
[2.673s] Level 1:colcon.colcon_core.package_identification:_identify(brickpi3_sensors) by extension 'ros'
[2.676s] DEBUG:colcon.colcon_core.package_identification:Package 'brickpi3_sensors' with type 'ros.ament_python' and name 'brickpi3_sensors'
[2.677s] Level 1:colcon.colcon_core.package_identification:_identify(build) by extensions ['ignore', 'ignore_ament_install']
[2.678s] Level 1:colcon.colcon_core.package_identification:_identify(build) by extension 'ignore'
[2.679s] Level 1:colcon.colcon_core.package_identification:_identify(build) ignored
[2.680s] Level 1:colcon.colcon_core.package_identification:_identify(docker) by extensions ['ignore', 'ignore_ament_install']
[2.680s] Level 1:colcon.colcon_core.package_identification:_identify(docker) by extension 'ignore'
[2.681s] Level 1:colcon.colcon_core.package_identification:_identify(docker) by extension 'ignore_ament_install'
[2.681s] Level 1:colcon.colcon_core.package_identification:_identify(docker) by extensions ['colcon_pkg']
[2.681s] Level 1:colcon.colcon_core.package_identification:_identify(docker) by extension 'colcon_pkg'
[2.682s] Level 1:colcon.colcon_core.package_identification:_identify(docker) by extensions ['colcon_meta']
[2.682s] Level 1:colcon.colcon_core.package_identification:_identify(docker) by extension 'colcon_meta'
[2.683s] Level 1:colcon.colcon_core.package_identification:_identify(docker) by extensions ['ros']
[2.683s] Level 1:colcon.colcon_core.package_identification:_identify(docker) by extension 'ros'
[2.684s] Level 1:colcon.colcon_core.package_identification:_identify(docker) by extensions ['cmake', 'python']
[2.684s] Level 1:colcon.colcon_core.package_identification:_identify(docker) by extension 'cmake'
[2.684s] Level 1:colcon.colcon_core.package_identification:_identify(docker) by extension 'python'
[2.685s] Level 1:colcon.colcon_core.package_identification:_identify(docker) by extensions ['python_setup_py']
[2.685s] Level 1:colcon.colcon_core.package_identification:_identify(docker) by extension 'python_setup_py'
[2.686s] Level 1:colcon.colcon_core.package_identification:_identify(docker/brickpi3) by extensions ['ignore', 'ignore_ament_install']
[2.686s] Level 1:colcon.colcon_core.package_identification:_identify(docker/brickpi3) by extension 'ignore'
[2.687s] Level 1:colcon.colcon_core.package_identification:_identify(docker/brickpi3) by extension 'ignore_ament_install'
[2.687s] Level 1:colcon.colcon_core.package_identification:_identify(docker/brickpi3) by extensions ['colcon_pkg']
[2.688s] Level 1:colcon.colcon_core.package_identification:_identify(docker/brickpi3) by extension 'colcon_pkg'
[2.688s] Level 1:colcon.colcon_core.package_identification:_identify(docker/brickpi3) by extensions ['colcon_meta']
[2.688s] Level 1:colcon.colcon_core.package_identification:_identify(docker/brickpi3) by extension 'colcon_meta'
[2.689s] Level 1:colcon.colcon_core.package_identification:_identify(docker/brickpi3) by extensions ['ros']
[2.689s] Level 1:colcon.colcon_core.package_identification:_identify(docker/brickpi3) by extension 'ros'
[2.690s] Level 1:colcon.colcon_core.package_identification:_identify(docker/brickpi3) by extensions ['cmake', 'python']
[2.690s] Level 1:colcon.colcon_core.package_identification:_identify(docker/brickpi3) by extension 'cmake'
[2.691s] Level 1:colcon.colcon_core.package_identification:_identify(docker/brickpi3) by extension 'python'
[2.691s] Level 1:colcon.colcon_core.package_identification:_identify(docker/brickpi3) by extensions ['python_setup_py']
[2.691s] Level 1:colcon.colcon_core.package_identification:_identify(docker/brickpi3) by extension 'python_setup_py'
[2.692s] Level 1:colcon.colcon_core.package_identification:_identify(ev3_sensor_msgs) by extensions ['ignore', 'ignore_ament_install']
[2.693s] Level 1:colcon.colcon_core.package_identification:_identify(ev3_sensor_msgs) by extension 'ignore'
[2.693s] Level 1:colcon.colcon_core.package_identification:_identify(ev3_sensor_msgs) by extension 'ignore_ament_install'
[2.694s] Level 1:colcon.colcon_core.package_identification:_identify(ev3_sensor_msgs) by extensions ['colcon_pkg']
[2.694s] Level 1:colcon.colcon_core.package_identification:_identify(ev3_sensor_msgs) by extension 'colcon_pkg'
[2.695s] Level 1:colcon.colcon_core.package_identification:_identify(ev3_sensor_msgs) by extensions ['colcon_meta']
[2.695s] Level 1:colcon.colcon_core.package_identification:_identify(ev3_sensor_msgs) by extension 'colcon_meta'
[2.696s] Level 1:colcon.colcon_core.package_identification:_identify(ev3_sensor_msgs) by extensions ['ros']
[2.696s] Level 1:colcon.colcon_core.package_identification:_identify(ev3_sensor_msgs) by extension 'ros'
[2.699s] DEBUG:colcon.colcon_core.package_identification:Package 'ev3_sensor_msgs' with type 'ros.ament_cmake' and name 'ev3_sensor_msgs'
[2.701s] Level 1:colcon.colcon_core.package_identification:_identify(install) by extensions ['ignore', 'ignore_ament_install']
[2.701s] Level 1:colcon.colcon_core.package_identification:_identify(install) by extension 'ignore'
[2.702s] Level 1:colcon.colcon_core.package_identification:_identify(install) ignored
[2.703s] Level 1:colcon.colcon_core.package_identification:_identify(log) by extensions ['ignore', 'ignore_ament_install']
[2.710s] Level 1:colcon.colcon_core.package_identification:_identify(log) by extension 'ignore'
[2.711s] Level 1:colcon.colcon_core.package_identification:_identify(log) ignored
[2.712s] Level 1:colcon.colcon_core.package_identification:_identify(rt_ros2) by extensions ['ignore', 'ignore_ament_install']
[2.712s] Level 1:colcon.colcon_core.package_identification:_identify(rt_ros2) by extension 'ignore'
[2.713s] Level 1:colcon.colcon_core.package_identification:_identify(rt_ros2) by extension 'ignore_ament_install'
[2.713s] Level 1:colcon.colcon_core.package_identification:_identify(rt_ros2) by extensions ['colcon_pkg']
[2.714s] Level 1:colcon.colcon_core.package_identification:_identify(rt_ros2) by extension 'colcon_pkg'
[2.714s] Level 1:colcon.colcon_core.package_identification:_identify(rt_ros2) by extensions ['colcon_meta']
[2.714s] Level 1:colcon.colcon_core.package_identification:_identify(rt_ros2) by extension 'colcon_meta'
[2.715s] Level 1:colcon.colcon_core.package_identification:_identify(rt_ros2) by extensions ['ros']
[2.715s] Level 1:colcon.colcon_core.package_identification:_identify(rt_ros2) by extension 'ros'
[2.720s] DEBUG:colcon.colcon_core.package_identification:Package 'rt_ros2' with type 'ros.ament_cmake' and name 'rt_ros2'
[2.721s] Level 1:colcon.colcon_core.package_identification:_identify(trazas) by extensions ['ignore', 'ignore_ament_install']
[2.721s] Level 1:colcon.colcon_core.package_identification:_identify(trazas) by extension 'ignore'
[2.722s] Level 1:colcon.colcon_core.package_identification:_identify(trazas) by extension 'ignore_ament_install'
[2.722s] Level 1:colcon.colcon_core.package_identification:_identify(trazas) by extensions ['colcon_pkg']
[2.723s] Level 1:colcon.colcon_core.package_identification:_identify(trazas) by extension 'colcon_pkg'
[2.724s] Level 1:colcon.colcon_core.package_identification:_identify(trazas) by extensions ['colcon_meta']
[2.724s] Level 1:colcon.colcon_core.package_identification:_identify(trazas) by extension 'colcon_meta'
[2.724s] Level 1:colcon.colcon_core.package_identification:_identify(trazas) by extensions ['ros']
[2.725s] Level 1:colcon.colcon_core.package_identification:_identify(trazas) by extension 'ros'
[2.725s] Level 1:colcon.colcon_core.package_identification:_identify(trazas) by extensions ['cmake', 'python']
[2.726s] Level 1:colcon.colcon_core.package_identification:_identify(trazas) by extension 'cmake'
[2.726s] Level 1:colcon.colcon_core.package_identification:_identify(trazas) by extension 'python'
[2.726s] Level 1:colcon.colcon_core.package_identification:_identify(trazas) by extensions ['python_setup_py']
[2.727s] Level 1:colcon.colcon_core.package_identification:_identify(trazas) by extension 'python_setup_py'
[2.727s] Level 1:colcon.colcon_core.package_discovery:discover_packages(recursive) using defaults
[2.728s] Level 1:colcon.colcon_core.package_discovery:discover_packages(ignore) discover
[2.728s] Level 1:colcon.colcon_core.package_discovery:discover_packages(ignore) using defaults
[2.728s] Level 1:colcon.colcon_core.package_discovery:discover_packages(path) discover
[2.728s] Level 1:colcon.colcon_core.package_discovery:discover_packages(path) using defaults
[2.837s] INFO:colcon.colcon_core.package_selection:Skipping not selected package 'brickpi3_motors' in 'brickpi3_motors'
[2.837s] INFO:colcon.colcon_core.package_selection:Skipping not selected package 'brickpi3_sensors' in 'brickpi3_sensors'
[2.837s] INFO:colcon.colcon_core.package_selection:Skipping not selected package 'ev3_sensor_msgs' in 'ev3_sensor_msgs'
[2.837s] INFO:colcon.colcon_core.package_selection:Skipping not selected package 'brickpi3_charlie' in 'brickpi3_charlie'
[2.840s] Level 1:colcon.colcon_core.package_discovery:discover_packages(prefix_path) check parameters
[2.840s] Level 1:colcon.colcon_core.package_discovery:discover_packages(prefix_path) discover
[2.857s] DEBUG:colcon.colcon_installed_package_information.package_discovery:Found 200 installed packages in /opt/ros/humble
[2.864s] Level 1:colcon.colcon_core.package_discovery:discover_packages(prefix_path) using defaults
[3.094s] Level 5:colcon.colcon_core.verb:set package 'rt_ros2' build argument 'cmake_args' from command line to 'None'
[3.095s] Level 5:colcon.colcon_core.verb:set package 'rt_ros2' build argument 'cmake_target' from command line to 'None'
[3.095s] Level 5:colcon.colcon_core.verb:set package 'rt_ros2' build argument 'cmake_target_skip_unavailable' from command line to 'False'
[3.096s] Level 5:colcon.colcon_core.verb:set package 'rt_ros2' build argument 'cmake_clean_cache' from command line to 'False'
[3.096s] Level 5:colcon.colcon_core.verb:set package 'rt_ros2' build argument 'cmake_clean_first' from command line to 'False'
[3.096s] Level 5:colcon.colcon_core.verb:set package 'rt_ros2' build argument 'cmake_force_configure' from command line to 'False'
[3.096s] Level 5:colcon.colcon_core.verb:set package 'rt_ros2' build argument 'ament_cmake_args' from command line to 'None'
[3.096s] Level 5:colcon.colcon_core.verb:set package 'rt_ros2' build argument 'catkin_cmake_args' from command line to 'None'
[3.096s] Level 5:colcon.colcon_core.verb:set package 'rt_ros2' build argument 'catkin_skip_building_tests' from command line to 'False'
[3.097s] DEBUG:colcon.colcon_core.verb:Building package 'rt_ros2' with the following arguments: {'ament_cmake_args': None, 'build_base': '/code/brickpi/build/rt_ros2', 'catkin_cmake_args': None, 'catkin_skip_building_tests': False, 'cmake_args': None, 'cmake_clean_cache': False, 'cmake_clean_first': False, 'cmake_force_configure': False, 'cmake_target': None, 'cmake_target_skip_unavailable': False, 'install_base': '/code/brickpi/install/rt_ros2', 'merge_install': False, 'path': '/code/brickpi/rt_ros2', 'symlink_install': False, 'test_result_base': None}
[3.098s] INFO:colcon.colcon_core.executor:Executing jobs using 'parallel' executor
[3.102s] DEBUG:colcon.colcon_parallel_executor.executor.parallel:run_until_complete
[3.104s] INFO:colcon.colcon_ros.task.ament_cmake.build:Building ROS package in '/code/brickpi/rt_ros2' with build type 'ament_cmake'
[3.105s] INFO:colcon.colcon_cmake.task.cmake.build:Building CMake package in '/code/brickpi/rt_ros2'
[3.120s] INFO:colcon.colcon_core.plugin_system:Skipping extension 'colcon_core.shell.bat': Not used on non-Windows systems
[3.121s] INFO:colcon.colcon_core.shell:Skip shell extension 'powershell' for command environment: Not usable outside of PowerShell
[3.122s] DEBUG:colcon.colcon_core.shell:Skip shell extension 'dsv' for command environment
[3.688s] DEBUG:colcon.colcon_core.event_handler.log_command:Invoking command in '/code/brickpi/build/rt_ros2': CMAKE_PREFIX_PATH=/opt/ros/humble /usr/bin/cmake --build /code/brickpi/build/rt_ros2 -- -j4 -l4
[27.392s] DEBUG:colcon.colcon_core.event_handler.log_command:Invoked command in '/code/brickpi/build/rt_ros2' returned '2': CMAKE_PREFIX_PATH=/opt/ros/humble /usr/bin/cmake --build /code/brickpi/build/rt_ros2 -- -j4 -l4
[27.394s] Level 1:colcon.colcon_core.environment:create_environment_scripts_only(rt_ros2)
[27.406s] Level 1:colcon.colcon_core.environment:checking '/code/brickpi/install/rt_ros2' for CMake module files
[27.409s] Level 1:colcon.colcon_core.environment:checking '/code/brickpi/install/rt_ros2' for CMake config files
[27.411s] Level 1:colcon.colcon_core.shell:create_environment_hook('rt_ros2', 'cmake_prefix_path')
[27.412s] INFO:colcon.colcon_core.shell:Creating environment hook '/code/brickpi/install/rt_ros2/share/rt_ros2/hook/cmake_prefix_path.ps1'
[27.415s] INFO:colcon.colcon_core.shell:Creating environment descriptor '/code/brickpi/install/rt_ros2/share/rt_ros2/hook/cmake_prefix_path.dsv'
[27.418s] INFO:colcon.colcon_core.shell:Creating environment hook '/code/brickpi/install/rt_ros2/share/rt_ros2/hook/cmake_prefix_path.sh'
[27.422s] Level 1:colcon.colcon_core.environment:checking '/code/brickpi/install/rt_ros2/lib'
[27.423s] Level 1:colcon.colcon_core.environment:checking '/code/brickpi/install/rt_ros2/bin'
[27.424s] Level 1:colcon.colcon_core.environment:checking '/code/brickpi/install/rt_ros2/lib/pkgconfig/rt_ros2.pc'
[27.425s] Level 1:colcon.colcon_core.environment:checking '/code/brickpi/install/rt_ros2/lib/python3.10/site-packages'
[27.426s] Level 1:colcon.colcon_core.environment:checking '/code/brickpi/install/rt_ros2/bin'
[27.428s] INFO:colcon.colcon_core.shell:Creating package script '/code/brickpi/install/rt_ros2/share/rt_ros2/package.ps1'
[27.432s] INFO:colcon.colcon_core.shell:Creating package descriptor '/code/brickpi/install/rt_ros2/share/rt_ros2/package.dsv'
[27.436s] INFO:colcon.colcon_core.shell:Creating package script '/code/brickpi/install/rt_ros2/share/rt_ros2/package.sh'
[27.441s] INFO:colcon.colcon_core.shell:Creating package script '/code/brickpi/install/rt_ros2/share/rt_ros2/package.bash'
[27.445s] INFO:colcon.colcon_core.shell:Creating package script '/code/brickpi/install/rt_ros2/share/rt_ros2/package.zsh'
[27.449s] Level 1:colcon.colcon_core.environment:create_file_with_runtime_dependencies(/code/brickpi/install/rt_ros2/share/colcon-core/packages/rt_ros2)
[27.461s] DEBUG:colcon.colcon_parallel_executor.executor.parallel:closing loop
[27.462s] DEBUG:colcon.colcon_parallel_executor.executor.parallel:loop closed
[27.462s] DEBUG:colcon.colcon_parallel_executor.executor.parallel:run_until_complete finished with '2'
[27.463s] DEBUG:colcon.colcon_core.event_reactor:joining thread
[27.491s] INFO:colcon.colcon_core.plugin_system:Skipping extension 'colcon_notification.desktop_notification.notify_send': Could not find 'notify-send'
[27.492s] INFO:colcon.colcon_core.plugin_system:Skipping extension 'colcon_notification.desktop_notification.terminal_notifier': Not used on non-Darwin systems
[27.493s] INFO:colcon.colcon_core.plugin_system:Skipping extension 'colcon_notification.desktop_notification.win32': Not used on non-Windows systems
[27.493s] INFO:colcon.colcon_notification.desktop_notification:Sending desktop notification using 'notify2'
[27.497s] DEBUG:colcon.colcon_notification.desktop_notification.notify2:Failed to initialize notify2: org.freedesktop.DBus.Error.ServiceUnknown: The name org.freedesktop.Notifications was not provided by any .service files
[27.499s] DEBUG:colcon.colcon_core.event_reactor:joined thread
[27.500s] INFO:colcon.colcon_core.shell:Creating prefix script '/code/brickpi/install/local_setup.ps1'
[27.505s] INFO:colcon.colcon_core.shell:Creating prefix util module '/code/brickpi/install/_local_setup_util_ps1.py'
[27.512s] INFO:colcon.colcon_core.shell:Creating prefix chain script '/code/brickpi/install/setup.ps1'
[27.517s] INFO:colcon.colcon_core.shell:Creating prefix script '/code/brickpi/install/local_setup.sh'
[27.520s] INFO:colcon.colcon_core.shell:Creating prefix util module '/code/brickpi/install/_local_setup_util_sh.py'
[27.523s] INFO:colcon.colcon_core.shell:Creating prefix chain script '/code/brickpi/install/setup.sh'
[27.528s] INFO:colcon.colcon_core.shell:Creating prefix script '/code/brickpi/install/local_setup.bash'
[27.531s] INFO:colcon.colcon_core.shell:Creating prefix chain script '/code/brickpi/install/setup.bash'
[27.536s] INFO:colcon.colcon_core.shell:Creating prefix script '/code/brickpi/install/local_setup.zsh'
[27.539s] INFO:colcon.colcon_core.shell:Creating prefix chain script '/code/brickpi/install/setup.zsh'
