[0.506s] DEBUG:colcon:Command line arguments: ['/usr/bin/colcon', 'build']
[0.507s] DEBUG:colcon:Parsed command line arguments: Namespace(log_base=None, log_level=None, verb_name='build', build_base='build', install_base='install', merge_install=False, symlink_install=False, test_result_base=None, continue_on_error=False, executor='parallel', parallel_workers=4, event_handlers=None, ignore_user_meta=False, metas=['./colcon.meta'], base_paths=['.'], packages_ignore=None, packages_ignore_regex=None, paths=None, packages_up_to=None, packages_up_to_regex=None, packages_above=None, packages_above_and_dependencies=None, packages_above_depth=None, packages_select_by_dep=None, packages_skip_by_dep=None, packages_skip_up_to=None, packages_select_build_failed=False, packages_skip_build_finished=False, packages_select_test_failures=False, packages_skip_test_passed=False, packages_select=None, packages_skip=None, packages_select_regex=None, packages_skip_regex=None, packages_start=None, packages_end=None, allow_overriding=[], cmake_args=None, cmake_target=None, cmake_target_skip_unavailable=False, cmake_clean_cache=False, cmake_clean_first=False, cmake_force_configure=False, ament_cmake_args=None, catkin_cmake_args=None, catkin_skip_building_tests=False, verb_parser=<colcon_defaults.argument_parser.defaults.DefaultArgumentsDecorator object at 0xffff7e39ad70>, verb_extension=<colcon_core.verb.build.BuildVerb object at 0xffff7e39a890>, main=<bound method BuildVerb.main of <colcon_core.verb.build.BuildVerb object at 0xffff7e39a890>>)
[1.370s] Level 1:colcon.colcon_core.package_discovery:discover_packages(colcon_meta) check parameters
[1.370s] Level 1:colcon.colcon_core.package_discovery:discover_packages(recursive) check parameters
[1.371s] Level 1:colcon.colcon_core.package_discovery:discover_packages(ignore) check parameters
[1.371s] Level 1:colcon.colcon_core.package_discovery:discover_packages(path) check parameters
[1.371s] Level 1:colcon.colcon_core.package_discovery:discover_packages(colcon_meta) discover
[1.371s] Level 1:colcon.colcon_core.package_discovery:discover_packages(recursive) discover
[1.372s] INFO:colcon.colcon_core.package_discovery:Crawling recursively for packages in '/code/brickpi'
[1.372s] Level 1:colcon.colcon_core.package_identification:_identify(.) by extensions ['ignore', 'ignore_ament_install']
[1.373s] Level 1:colcon.colcon_core.package_identification:_identify(.) by extension 'ignore'
[1.373s] Level 1:colcon.colcon_core.package_identification:_identify(.) by extension 'ignore_ament_install'
[1.373s] Level 1:colcon.colcon_core.package_identification:_identify(.) by extensions ['colcon_pkg']
[1.374s] Level 1:colcon.colcon_core.package_identification:_identify(.) by extension 'colcon_pkg'
[1.374s] Level 1:colcon.colcon_core.package_identification:_identify(.) by extensions ['colcon_meta']
[1.374s] Level 1:colcon.colcon_core.package_identification:_identify(.) by extension 'colcon_meta'
[1.374s] Level 1:colcon.colcon_core.package_identification:_identify(.) by extensions ['ros']
[1.374s] Level 1:colcon.colcon_core.package_identification:_identify(.) by extension 'ros'
[1.426s] Level 1:colcon.colcon_core.package_identification:_identify(.) by extensions ['cmake', 'python']
[1.426s] Level 1:colcon.colcon_core.package_identification:_identify(.) by extension 'cmake'
[1.427s] Level 1:colcon.colcon_core.package_identification:_identify(.) by extension 'python'
[1.427s] Level 1:colcon.colcon_core.package_identification:_identify(.) by extensions ['python_setup_py']
[1.427s] Level 1:colcon.colcon_core.package_identification:_identify(.) by extension 'python_setup_py'
[1.428s] Level 1:colcon.colcon_core.package_identification:_identify(brickpi3_charlie) by extensions ['ignore', 'ignore_ament_install']
[1.428s] Level 1:colcon.colcon_core.package_identification:_identify(brickpi3_charlie) by extension 'ignore'
[1.429s] Level 1:colcon.colcon_core.package_identification:_identify(brickpi3_charlie) by extension 'ignore_ament_install'
[1.429s] Level 1:colcon.colcon_core.package_identification:_identify(brickpi3_charlie) by extensions ['colcon_pkg']
[1.429s] Level 1:colcon.colcon_core.package_identification:_identify(brickpi3_charlie) by extension 'colcon_pkg'
[1.430s] Level 1:colcon.colcon_core.package_identification:_identify(brickpi3_charlie) by extensions ['colcon_meta']
[1.430s] Level 1:colcon.colcon_core.package_identification:_identify(brickpi3_charlie) by extension 'colcon_meta'
[1.430s] Level 1:colcon.colcon_core.package_identification:_identify(brickpi3_charlie) by extensions ['ros']
[1.430s] Level 1:colcon.colcon_core.package_identification:_identify(brickpi3_charlie) by extension 'ros'
[1.446s] DEBUG:colcon.colcon_core.package_identification:Package 'brickpi3_charlie' with type 'ros.ament_python' and name 'brickpi3_charlie'
[1.447s] Level 1:colcon.colcon_core.package_identification:_identify(brickpi3_motors) by extensions ['ignore', 'ignore_ament_install']
[1.448s] Level 1:colcon.colcon_core.package_identification:_identify(brickpi3_motors) by extension 'ignore'
[1.448s] Level 1:colcon.colcon_core.package_identification:_identify(brickpi3_motors) by extension 'ignore_ament_install'
[1.448s] Level 1:colcon.colcon_core.package_identification:_identify(brickpi3_motors) by extensions ['colcon_pkg']
[1.449s] Level 1:colcon.colcon_core.package_identification:_identify(brickpi3_motors) by extension 'colcon_pkg'
[1.449s] Level 1:colcon.colcon_core.package_identification:_identify(brickpi3_motors) by extensions ['colcon_meta']
[1.449s] Level 1:colcon.colcon_core.package_identification:_identify(brickpi3_motors) by extension 'colcon_meta'
[1.450s] Level 1:colcon.colcon_core.package_identification:_identify(brickpi3_motors) by extensions ['ros']
[1.450s] Level 1:colcon.colcon_core.package_identification:_identify(brickpi3_motors) by extension 'ros'
[1.452s] DEBUG:colcon.colcon_core.package_identification:Package 'brickpi3_motors' with type 'ros.ament_cmake' and name 'brickpi3_motors'
[1.453s] Level 1:colcon.colcon_core.package_identification:_identify(brickpi3_sensors) by extensions ['ignore', 'ignore_ament_install']
[1.454s] Level 1:colcon.colcon_core.package_identification:_identify(brickpi3_sensors) by extension 'ignore'
[1.454s] Level 1:colcon.colcon_core.package_identification:_identify(brickpi3_sensors) by extension 'ignore_ament_install'
[1.454s] Level 1:colcon.colcon_core.package_identification:_identify(brickpi3_sensors) by extensions ['colcon_pkg']
[1.454s] Level 1:colcon.colcon_core.package_identification:_identify(brickpi3_sensors) by extension 'colcon_pkg'
[1.455s] Level 1:colcon.colcon_core.package_identification:_identify(brickpi3_sensors) by extensions ['colcon_meta']
[1.455s] Level 1:colcon.colcon_core.package_identification:_identify(brickpi3_sensors) by extension 'colcon_meta'
[1.455s] Level 1:colcon.colcon_core.package_identification:_identify(brickpi3_sensors) by extensions ['ros']
[1.455s] Level 1:colcon.colcon_core.package_identification:_identify(brickpi3_sensors) by extension 'ros'
[1.457s] DEBUG:colcon.colcon_core.package_identification:Package 'brickpi3_sensors' with type 'ros.ament_python' and name 'brickpi3_sensors'
[1.458s] Level 1:colcon.colcon_core.package_identification:_identify(build) by extensions ['ignore', 'ignore_ament_install']
[1.459s] Level 1:colcon.colcon_core.package_identification:_identify(build) by extension 'ignore'
[1.459s] Level 1:colcon.colcon_core.package_identification:_identify(build) ignored
[1.460s] Level 1:colcon.colcon_core.package_identification:_identify(docker) by extensions ['ignore', 'ignore_ament_install']
[1.460s] Level 1:colcon.colcon_core.package_identification:_identify(docker) by extension 'ignore'
[1.460s] Level 1:colcon.colcon_core.package_identification:_identify(docker) by extension 'ignore_ament_install'
[1.461s] Level 1:colcon.colcon_core.package_identification:_identify(docker) by extensions ['colcon_pkg']
[1.461s] Level 1:colcon.colcon_core.package_identification:_identify(docker) by extension 'colcon_pkg'
[1.461s] Level 1:colcon.colcon_core.package_identification:_identify(docker) by extensions ['colcon_meta']
[1.461s] Level 1:colcon.colcon_core.package_identification:_identify(docker) by extension 'colcon_meta'
[1.462s] Level 1:colcon.colcon_core.package_identification:_identify(docker) by extensions ['ros']
[1.462s] Level 1:colcon.colcon_core.package_identification:_identify(docker) by extension 'ros'
[1.462s] Level 1:colcon.colcon_core.package_identification:_identify(docker) by extensions ['cmake', 'python']
[1.463s] Level 1:colcon.colcon_core.package_identification:_identify(docker) by extension 'cmake'
[1.463s] Level 1:colcon.colcon_core.package_identification:_identify(docker) by extension 'python'
[1.463s] Level 1:colcon.colcon_core.package_identification:_identify(docker) by extensions ['python_setup_py']
[1.463s] Level 1:colcon.colcon_core.package_identification:_identify(docker) by extension 'python_setup_py'
[1.464s] Level 1:colcon.colcon_core.package_identification:_identify(docker/brickpi3) by extensions ['ignore', 'ignore_ament_install']
[1.464s] Level 1:colcon.colcon_core.package_identification:_identify(docker/brickpi3) by extension 'ignore'
[1.464s] Level 1:colcon.colcon_core.package_identification:_identify(docker/brickpi3) by extension 'ignore_ament_install'
[1.465s] Level 1:colcon.colcon_core.package_identification:_identify(docker/brickpi3) by extensions ['colcon_pkg']
[1.465s] Level 1:colcon.colcon_core.package_identification:_identify(docker/brickpi3) by extension 'colcon_pkg'
[1.465s] Level 1:colcon.colcon_core.package_identification:_identify(docker/brickpi3) by extensions ['colcon_meta']
[1.465s] Level 1:colcon.colcon_core.package_identification:_identify(docker/brickpi3) by extension 'colcon_meta'
[1.466s] Level 1:colcon.colcon_core.package_identification:_identify(docker/brickpi3) by extensions ['ros']
[1.466s] Level 1:colcon.colcon_core.package_identification:_identify(docker/brickpi3) by extension 'ros'
[1.466s] Level 1:colcon.colcon_core.package_identification:_identify(docker/brickpi3) by extensions ['cmake', 'python']
[1.466s] Level 1:colcon.colcon_core.package_identification:_identify(docker/brickpi3) by extension 'cmake'
[1.467s] Level 1:colcon.colcon_core.package_identification:_identify(docker/brickpi3) by extension 'python'
[1.467s] Level 1:colcon.colcon_core.package_identification:_identify(docker/brickpi3) by extensions ['python_setup_py']
[1.467s] Level 1:colcon.colcon_core.package_identification:_identify(docker/brickpi3) by extension 'python_setup_py'
[1.468s] Level 1:colcon.colcon_core.package_identification:_identify(ev3_sensor_msgs) by extensions ['ignore', 'ignore_ament_install']
[1.468s] Level 1:colcon.colcon_core.package_identification:_identify(ev3_sensor_msgs) by extension 'ignore'
[1.468s] Level 1:colcon.colcon_core.package_identification:_identify(ev3_sensor_msgs) by extension 'ignore_ament_install'
[1.469s] Level 1:colcon.colcon_core.package_identification:_identify(ev3_sensor_msgs) by extensions ['colcon_pkg']
[1.469s] Level 1:colcon.colcon_core.package_identification:_identify(ev3_sensor_msgs) by extension 'colcon_pkg'
[1.469s] Level 1:colcon.colcon_core.package_identification:_identify(ev3_sensor_msgs) by extensions ['colcon_meta']
[1.469s] Level 1:colcon.colcon_core.package_identification:_identify(ev3_sensor_msgs) by extension 'colcon_meta'
[1.469s] Level 1:colcon.colcon_core.package_identification:_identify(ev3_sensor_msgs) by extensions ['ros']
[1.470s] Level 1:colcon.colcon_core.package_identification:_identify(ev3_sensor_msgs) by extension 'ros'
[1.472s] DEBUG:colcon.colcon_core.package_identification:Package 'ev3_sensor_msgs' with type 'ros.ament_cmake' and name 'ev3_sensor_msgs'
[1.473s] Level 1:colcon.colcon_core.package_identification:_identify(install) by extensions ['ignore', 'ignore_ament_install']
[1.473s] Level 1:colcon.colcon_core.package_identification:_identify(install) by extension 'ignore'
[1.474s] Level 1:colcon.colcon_core.package_identification:_identify(install) ignored
[1.475s] Level 1:colcon.colcon_core.package_identification:_identify(log) by extensions ['ignore', 'ignore_ament_install']
[1.476s] Level 1:colcon.colcon_core.package_identification:_identify(log) by extension 'ignore'
[1.476s] Level 1:colcon.colcon_core.package_identification:_identify(log) ignored
[1.477s] Level 1:colcon.colcon_core.package_identification:_identify(rt_ros2) by extensions ['ignore', 'ignore_ament_install']
[1.478s] Level 1:colcon.colcon_core.package_identification:_identify(rt_ros2) by extension 'ignore'
[1.478s] Level 1:colcon.colcon_core.package_identification:_identify(rt_ros2) by extension 'ignore_ament_install'
[1.478s] Level 1:colcon.colcon_core.package_identification:_identify(rt_ros2) by extensions ['colcon_pkg']
[1.478s] Level 1:colcon.colcon_core.package_identification:_identify(rt_ros2) by extension 'colcon_pkg'
[1.479s] Level 1:colcon.colcon_core.package_identification:_identify(rt_ros2) by extensions ['colcon_meta']
[1.479s] Level 1:colcon.colcon_core.package_identification:_identify(rt_ros2) by extension 'colcon_meta'
[1.479s] Level 1:colcon.colcon_core.package_identification:_identify(rt_ros2) by extensions ['ros']
[1.479s] Level 1:colcon.colcon_core.package_identification:_identify(rt_ros2) by extension 'ros'
[1.483s] DEBUG:colcon.colcon_core.package_identification:Package 'rt_ros2' with type 'ros.ament_cmake' and name 'rt_ros2'
[1.484s] Level 1:colcon.colcon_core.package_identification:_identify(trazas) by extensions ['ignore', 'ignore_ament_install']
[1.484s] Level 1:colcon.colcon_core.package_identification:_identify(trazas) by extension 'ignore'
[1.484s] Level 1:colcon.colcon_core.package_identification:_identify(trazas) by extension 'ignore_ament_install'
[1.485s] Level 1:colcon.colcon_core.package_identification:_identify(trazas) by extensions ['colcon_pkg']
[1.485s] Level 1:colcon.colcon_core.package_identification:_identify(trazas) by extension 'colcon_pkg'
[1.485s] Level 1:colcon.colcon_core.package_identification:_identify(trazas) by extensions ['colcon_meta']
[1.485s] Level 1:colcon.colcon_core.package_identification:_identify(trazas) by extension 'colcon_meta'
[1.486s] Level 1:colcon.colcon_core.package_identification:_identify(trazas) by extensions ['ros']
[1.486s] Level 1:colcon.colcon_core.package_identification:_identify(trazas) by extension 'ros'
[1.486s] Level 1:colcon.colcon_core.package_identification:_identify(trazas) by extensions ['cmake', 'python']
[1.486s] Level 1:colcon.colcon_core.package_identification:_identify(trazas) by extension 'cmake'
[1.487s] Level 1:colcon.colcon_core.package_identification:_identify(trazas) by extension 'python'
[1.487s] Level 1:colcon.colcon_core.package_identification:_identify(trazas) by extensions ['python_setup_py']
[1.487s] Level 1:colcon.colcon_core.package_identification:_identify(trazas) by extension 'python_setup_py'
[1.487s] Level 1:colcon.colcon_core.package_discovery:discover_packages(recursive) using defaults
[1.488s] Level 1:colcon.colcon_core.package_discovery:discover_packages(ignore) discover
[1.488s] Level 1:colcon.colcon_core.package_discovery:discover_packages(ignore) using defaults
[1.488s] Level 1:colcon.colcon_core.package_discovery:discover_packages(path) discover
[1.488s] Level 1:colcon.colcon_core.package_discovery:discover_packages(path) using defaults
[1.579s] Level 1:colcon.colcon_core.package_discovery:discover_packages(prefix_path) check parameters
[1.580s] Level 1:colcon.colcon_core.package_discovery:discover_packages(prefix_path) discover
[1.590s] DEBUG:colcon.colcon_installed_package_information.package_discovery:Found 5 installed packages in /code/brickpi/install
[1.599s] DEBUG:colcon.colcon_installed_package_information.package_discovery:Found 200 installed packages in /opt/ros/humble
[1.604s] Level 1:colcon.colcon_core.package_discovery:discover_packages(prefix_path) using defaults
[1.804s] Level 5:colcon.colcon_core.verb:set package 'brickpi3_motors' build argument 'cmake_args' from command line to 'None'
[1.805s] Level 5:colcon.colcon_core.verb:set package 'brickpi3_motors' build argument 'cmake_target' from command line to 'None'
[1.805s] Level 5:colcon.colcon_core.verb:set package 'brickpi3_motors' build argument 'cmake_target_skip_unavailable' from command line to 'False'
[1.805s] Level 5:colcon.colcon_core.verb:set package 'brickpi3_motors' build argument 'cmake_clean_cache' from command line to 'False'
[1.805s] Level 5:colcon.colcon_core.verb:set package 'brickpi3_motors' build argument 'cmake_clean_first' from command line to 'False'
[1.806s] Level 5:colcon.colcon_core.verb:set package 'brickpi3_motors' build argument 'cmake_force_configure' from command line to 'False'
[1.806s] Level 5:colcon.colcon_core.verb:set package 'brickpi3_motors' build argument 'ament_cmake_args' from command line to 'None'
[1.806s] Level 5:colcon.colcon_core.verb:set package 'brickpi3_motors' build argument 'catkin_cmake_args' from command line to 'None'
[1.806s] Level 5:colcon.colcon_core.verb:set package 'brickpi3_motors' build argument 'catkin_skip_building_tests' from command line to 'False'
[1.807s] DEBUG:colcon.colcon_core.verb:Building package 'brickpi3_motors' with the following arguments: {'ament_cmake_args': None, 'build_base': '/code/brickpi/build/brickpi3_motors', 'catkin_cmake_args': None, 'catkin_skip_building_tests': False, 'cmake_args': None, 'cmake_clean_cache': False, 'cmake_clean_first': False, 'cmake_force_configure': False, 'cmake_target': None, 'cmake_target_skip_unavailable': False, 'install_base': '/code/brickpi/install/brickpi3_motors', 'merge_install': False, 'path': '/code/brickpi/brickpi3_motors', 'symlink_install': False, 'test_result_base': None}
[1.809s] Level 5:colcon.colcon_core.verb:set package 'brickpi3_sensors' build argument 'cmake_args' from command line to 'None'
[1.810s] Level 5:colcon.colcon_core.verb:set package 'brickpi3_sensors' build argument 'cmake_target' from command line to 'None'
[1.810s] Level 5:colcon.colcon_core.verb:set package 'brickpi3_sensors' build argument 'cmake_target_skip_unavailable' from command line to 'False'
[1.810s] Level 5:colcon.colcon_core.verb:set package 'brickpi3_sensors' build argument 'cmake_clean_cache' from command line to 'False'
[1.810s] Level 5:colcon.colcon_core.verb:set package 'brickpi3_sensors' build argument 'cmake_clean_first' from command line to 'False'
[1.811s] Level 5:colcon.colcon_core.verb:set package 'brickpi3_sensors' build argument 'cmake_force_configure' from command line to 'False'
[1.811s] Level 5:colcon.colcon_core.verb:set package 'brickpi3_sensors' build argument 'ament_cmake_args' from command line to 'None'
[1.811s] Level 5:colcon.colcon_core.verb:set package 'brickpi3_sensors' build argument 'catkin_cmake_args' from command line to 'None'
[1.811s] Level 5:colcon.colcon_core.verb:set package 'brickpi3_sensors' build argument 'catkin_skip_building_tests' from command line to 'False'
[1.812s] DEBUG:colcon.colcon_core.verb:Building package 'brickpi3_sensors' with the following arguments: {'ament_cmake_args': None, 'build_base': '/code/brickpi/build/brickpi3_sensors', 'catkin_cmake_args': None, 'catkin_skip_building_tests': False, 'cmake_args': None, 'cmake_clean_cache': False, 'cmake_clean_first': False, 'cmake_force_configure': False, 'cmake_target': None, 'cmake_target_skip_unavailable': False, 'install_base': '/code/brickpi/install/brickpi3_sensors', 'merge_install': False, 'path': '/code/brickpi/brickpi3_sensors', 'symlink_install': False, 'test_result_base': None}
[1.814s] Level 5:colcon.colcon_core.verb:set package 'ev3_sensor_msgs' build argument 'cmake_args' from command line to 'None'
[1.815s] Level 5:colcon.colcon_core.verb:set package 'ev3_sensor_msgs' build argument 'cmake_target' from command line to 'None'
[1.815s] Level 5:colcon.colcon_core.verb:set package 'ev3_sensor_msgs' build argument 'cmake_target_skip_unavailable' from command line to 'False'
[1.815s] Level 5:colcon.colcon_core.verb:set package 'ev3_sensor_msgs' build argument 'cmake_clean_cache' from command line to 'False'
[1.816s] Level 5:colcon.colcon_core.verb:set package 'ev3_sensor_msgs' build argument 'cmake_clean_first' from command line to 'False'
[1.816s] Level 5:colcon.colcon_core.verb:set package 'ev3_sensor_msgs' build argument 'cmake_force_configure' from command line to 'False'
[1.816s] Level 5:colcon.colcon_core.verb:set package 'ev3_sensor_msgs' build argument 'ament_cmake_args' from command line to 'None'
[1.816s] Level 5:colcon.colcon_core.verb:set package 'ev3_sensor_msgs' build argument 'catkin_cmake_args' from command line to 'None'
[1.817s] Level 5:colcon.colcon_core.verb:set package 'ev3_sensor_msgs' build argument 'catkin_skip_building_tests' from command line to 'False'
[1.817s] DEBUG:colcon.colcon_core.verb:Building package 'ev3_sensor_msgs' with the following arguments: {'ament_cmake_args': None, 'build_base': '/code/brickpi/build/ev3_sensor_msgs', 'catkin_cmake_args': None, 'catkin_skip_building_tests': False, 'cmake_args': None, 'cmake_clean_cache': False, 'cmake_clean_first': False, 'cmake_force_configure': False, 'cmake_target': None, 'cmake_target_skip_unavailable': False, 'install_base': '/code/brickpi/install/ev3_sensor_msgs', 'merge_install': False, 'path': '/code/brickpi/ev3_sensor_msgs', 'symlink_install': False, 'test_result_base': None}
[1.821s] Level 5:colcon.colcon_core.verb:set package 'rt_ros2' build argument 'cmake_args' from command line to 'None'
[1.821s] Level 5:colcon.colcon_core.verb:set package 'rt_ros2' build argument 'cmake_target' from command line to 'None'
[1.822s] Level 5:colcon.colcon_core.verb:set package 'rt_ros2' build argument 'cmake_target_skip_unavailable' from command line to 'False'
[1.822s] Level 5:colcon.colcon_core.verb:set package 'rt_ros2' build argument 'cmake_clean_cache' from command line to 'False'
[1.823s] Level 5:colcon.colcon_core.verb:set package 'rt_ros2' build argument 'cmake_clean_first' from command line to 'False'
[1.823s] Level 5:colcon.colcon_core.verb:set package 'rt_ros2' build argument 'cmake_force_configure' from command line to 'False'
[1.823s] Level 5:colcon.colcon_core.verb:set package 'rt_ros2' build argument 'ament_cmake_args' from command line to 'None'
[1.824s] Level 5:colcon.colcon_core.verb:set package 'rt_ros2' build argument 'catkin_cmake_args' from command line to 'None'
[1.824s] Level 5:colcon.colcon_core.verb:set package 'rt_ros2' build argument 'catkin_skip_building_tests' from command line to 'False'
[1.825s] DEBUG:colcon.colcon_core.verb:Building package 'rt_ros2' with the following arguments: {'ament_cmake_args': None, 'build_base': '/code/brickpi/build/rt_ros2', 'catkin_cmake_args': None, 'catkin_skip_building_tests': False, 'cmake_args': None, 'cmake_clean_cache': False, 'cmake_clean_first': False, 'cmake_force_configure': False, 'cmake_target': None, 'cmake_target_skip_unavailable': False, 'install_base': '/code/brickpi/install/rt_ros2', 'merge_install': False, 'path': '/code/brickpi/rt_ros2', 'symlink_install': False, 'test_result_base': None}
[1.828s] Level 5:colcon.colcon_core.verb:set package 'brickpi3_charlie' build argument 'cmake_args' from command line to 'None'
[1.828s] Level 5:colcon.colcon_core.verb:set package 'brickpi3_charlie' build argument 'cmake_target' from command line to 'None'
[1.829s] Level 5:colcon.colcon_core.verb:set package 'brickpi3_charlie' build argument 'cmake_target_skip_unavailable' from command line to 'False'
[1.829s] Level 5:colcon.colcon_core.verb:set package 'brickpi3_charlie' build argument 'cmake_clean_cache' from command line to 'False'
[1.829s] Level 5:colcon.colcon_core.verb:set package 'brickpi3_charlie' build argument 'cmake_clean_first' from command line to 'False'
[1.829s] Level 5:colcon.colcon_core.verb:set package 'brickpi3_charlie' build argument 'cmake_force_configure' from command line to 'False'
[1.829s] Level 5:colcon.colcon_core.verb:set package 'brickpi3_charlie' build argument 'ament_cmake_args' from command line to 'None'
[1.830s] Level 5:colcon.colcon_core.verb:set package 'brickpi3_charlie' build argument 'catkin_cmake_args' from command line to 'None'
[1.830s] Level 5:colcon.colcon_core.verb:set package 'brickpi3_charlie' build argument 'catkin_skip_building_tests' from command line to 'False'
[1.830s] DEBUG:colcon.colcon_core.verb:Building package 'brickpi3_charlie' with the following arguments: {'ament_cmake_args': None, 'build_base': '/code/brickpi/build/brickpi3_charlie', 'catkin_cmake_args': None, 'catkin_skip_building_tests': False, 'cmake_args': None, 'cmake_clean_cache': False, 'cmake_clean_first': False, 'cmake_force_configure': False, 'cmake_target': None, 'cmake_target_skip_unavailable': False, 'install_base': '/code/brickpi/install/brickpi3_charlie', 'merge_install': False, 'path': '/code/brickpi/brickpi3_charlie', 'symlink_install': False, 'test_result_base': None}
[1.831s] INFO:colcon.colcon_core.executor:Executing jobs using 'parallel' executor
[1.842s] DEBUG:colcon.colcon_parallel_executor.executor.parallel:run_until_complete
[1.844s] INFO:colcon.colcon_ros.task.ament_cmake.build:Building ROS package in '/code/brickpi/brickpi3_motors' with build type 'ament_cmake'
[1.845s] INFO:colcon.colcon_cmake.task.cmake.build:Building CMake package in '/code/brickpi/brickpi3_motors'
[1.858s] INFO:colcon.colcon_core.plugin_system:Skipping extension 'colcon_core.shell.bat': Not used on non-Windows systems
[1.860s] INFO:colcon.colcon_core.shell:Skip shell extension 'powershell' for command environment: Not usable outside of PowerShell
[1.861s] DEBUG:colcon.colcon_core.shell:Skip shell extension 'dsv' for command environment
[1.889s] INFO:colcon.colcon_ros.task.ament_python.build:Building ROS package in '/code/brickpi/brickpi3_sensors' with build type 'ament_python'
[1.890s] Level 1:colcon.colcon_core.shell:create_environment_hook('brickpi3_sensors', 'ament_prefix_path')
[1.892s] INFO:colcon.colcon_core.shell:Creating environment hook '/code/brickpi/install/brickpi3_sensors/share/brickpi3_sensors/hook/ament_prefix_path.ps1'
[1.897s] INFO:colcon.colcon_core.shell:Creating environment descriptor '/code/brickpi/install/brickpi3_sensors/share/brickpi3_sensors/hook/ament_prefix_path.dsv'
[1.901s] INFO:colcon.colcon_core.shell:Creating environment hook '/code/brickpi/install/brickpi3_sensors/share/brickpi3_sensors/hook/ament_prefix_path.sh'
[1.906s] INFO:colcon.colcon_core.shell:Skip shell extension 'powershell' for command environment: Not usable outside of PowerShell
[1.910s] DEBUG:colcon.colcon_core.shell:Skip shell extension 'dsv' for command environment
[1.934s] INFO:colcon.colcon_ros.task.ament_cmake.build:Building ROS package in '/code/brickpi/ev3_sensor_msgs' with build type 'ament_cmake'
[1.935s] INFO:colcon.colcon_cmake.task.cmake.build:Building CMake package in '/code/brickpi/ev3_sensor_msgs'
[1.938s] INFO:colcon.colcon_core.shell:Skip shell extension 'powershell' for command environment: Not usable outside of PowerShell
[1.940s] DEBUG:colcon.colcon_core.shell:Skip shell extension 'dsv' for command environment
[1.969s] INFO:colcon.colcon_ros.task.ament_cmake.build:Building ROS package in '/code/brickpi/rt_ros2' with build type 'ament_cmake'
[1.970s] INFO:colcon.colcon_cmake.task.cmake.build:Building CMake package in '/code/brickpi/rt_ros2'
[1.972s] INFO:colcon.colcon_core.shell:Skip shell extension 'powershell' for command environment: Not usable outside of PowerShell
[1.972s] DEBUG:colcon.colcon_core.shell:Skip shell extension 'dsv' for command environment
[2.023s] DEBUG:colcon.colcon_core.event_handler.log_command:Invoking command in '/code/brickpi/build/brickpi3_motors': CMAKE_PREFIX_PATH=${CMAKE_PREFIX_PATH}:/code/brickpi/install/brickpi3_sensors:/code/brickpi/install/brickpi3_charlie:/opt/ros/humble /usr/bin/cmake --build /code/brickpi/build/brickpi3_motors -- -j4 -l4
[3.534s] INFO:colcon.colcon_core.task.python.build:Building Python package in '/code/brickpi/brickpi3_sensors'
[3.536s] INFO:colcon.colcon_core.shell:Skip shell extension 'powershell' for command environment: Not usable outside of PowerShell
[3.536s] DEBUG:colcon.colcon_core.shell:Skip shell extension 'dsv' for command environment
[3.571s] DEBUG:colcon.colcon_core.event_handler.log_command:Invoking command in '/code/brickpi/build/ev3_sensor_msgs': CMAKE_PREFIX_PATH=${CMAKE_PREFIX_PATH}:/code/brickpi/install/brickpi3_sensors:/code/brickpi/install/brickpi3_charlie:/opt/ros/humble /usr/bin/cmake --build /code/brickpi/build/ev3_sensor_msgs -- -j4 -l4
[3.605s] DEBUG:colcon.colcon_core.event_handler.log_command:Invoking command in '/code/brickpi/build/rt_ros2': CMAKE_PREFIX_PATH=${CMAKE_PREFIX_PATH}:/code/brickpi/install/brickpi3_sensors:/code/brickpi/install/brickpi3_charlie:/opt/ros/humble /usr/bin/cmake --build /code/brickpi/build/rt_ros2 -- -j4 -l4
[7.689s] DEBUG:colcon.colcon_core.event_handler.log_command:Invoking command in '/code/brickpi/brickpi3_sensors': PYTHONPATH=/code/brickpi/build/brickpi3_sensors/prefix_override:/usr/lib/python3/dist-packages/colcon_core/task/python/colcon_distutils_commands:/code/brickpi/install/brickpi3_sensors/lib/python3.10/site-packages:${PYTHONPATH} /usr/bin/python3 -W ignore:setup.py install is deprecated -W ignore:easy_install command is deprecated setup.py egg_info --egg-base ../build/brickpi3_sensors build --build-base /code/brickpi/build/brickpi3_sensors/build install --record /code/brickpi/build/brickpi3_sensors/install.log --single-version-externally-managed install_data
[9.375s] DEBUG:colcon.colcon_core.event_handler.log_command:Invoked command in '/code/brickpi/build/ev3_sensor_msgs' returned '0': CMAKE_PREFIX_PATH=${CMAKE_PREFIX_PATH}:/code/brickpi/install/brickpi3_sensors:/code/brickpi/install/brickpi3_charlie:/opt/ros/humble /usr/bin/cmake --build /code/brickpi/build/ev3_sensor_msgs -- -j4 -l4
[9.504s] DEBUG:colcon.colcon_core.event_handler.log_command:Invoking command in '/code/brickpi/build/ev3_sensor_msgs': CMAKE_PREFIX_PATH=${CMAKE_PREFIX_PATH}:/code/brickpi/install/brickpi3_sensors:/code/brickpi/install/brickpi3_charlie:/opt/ros/humble /usr/bin/cmake --install /code/brickpi/build/ev3_sensor_msgs
[10.348s] Level 1:colcon.colcon_core.environment:create_environment_scripts_only(ev3_sensor_msgs)
[10.354s] DEBUG:colcon.colcon_core.event_handler.log_command:Invoked command in '/code/brickpi/build/ev3_sensor_msgs' returned '0': CMAKE_PREFIX_PATH=${CMAKE_PREFIX_PATH}:/code/brickpi/install/brickpi3_sensors:/code/brickpi/install/brickpi3_charlie:/opt/ros/humble /usr/bin/cmake --install /code/brickpi/build/ev3_sensor_msgs
[10.371s] Level 1:colcon.colcon_core.environment:checking '/code/brickpi/install/ev3_sensor_msgs' for CMake module files
[10.380s] Level 1:colcon.colcon_core.environment:checking '/code/brickpi/install/ev3_sensor_msgs' for CMake config files
[10.391s] Level 1:colcon.colcon_core.shell:create_environment_hook('ev3_sensor_msgs', 'cmake_prefix_path')
[10.392s] INFO:colcon.colcon_core.shell:Creating environment hook '/code/brickpi/install/ev3_sensor_msgs/share/ev3_sensor_msgs/hook/cmake_prefix_path.ps1'
[10.397s] INFO:colcon.colcon_core.shell:Creating environment descriptor '/code/brickpi/install/ev3_sensor_msgs/share/ev3_sensor_msgs/hook/cmake_prefix_path.dsv'
[10.402s] INFO:colcon.colcon_core.shell:Creating environment hook '/code/brickpi/install/ev3_sensor_msgs/share/ev3_sensor_msgs/hook/cmake_prefix_path.sh'
[10.409s] Level 1:colcon.colcon_core.environment:checking '/code/brickpi/install/ev3_sensor_msgs/lib'
[10.412s] Level 1:colcon.colcon_core.shell:create_environment_hook('ev3_sensor_msgs', 'ld_library_path_lib')
[10.414s] INFO:colcon.colcon_core.shell:Creating environment hook '/code/brickpi/install/ev3_sensor_msgs/share/ev3_sensor_msgs/hook/ld_library_path_lib.ps1'
[10.422s] INFO:colcon.colcon_core.shell:Creating environment descriptor '/code/brickpi/install/ev3_sensor_msgs/share/ev3_sensor_msgs/hook/ld_library_path_lib.dsv'
[10.427s] INFO:colcon.colcon_core.shell:Creating environment hook '/code/brickpi/install/ev3_sensor_msgs/share/ev3_sensor_msgs/hook/ld_library_path_lib.sh'
[10.432s] Level 1:colcon.colcon_core.environment:checking '/code/brickpi/install/ev3_sensor_msgs/bin'
[10.433s] Level 1:colcon.colcon_core.environment:checking '/code/brickpi/install/ev3_sensor_msgs/lib/pkgconfig/ev3_sensor_msgs.pc'
[10.436s] Level 1:colcon.colcon_core.environment:checking '/code/brickpi/install/ev3_sensor_msgs/lib/python3.10/site-packages'
[10.439s] Level 1:colcon.colcon_core.environment:checking '/code/brickpi/install/ev3_sensor_msgs/bin'
[10.442s] INFO:colcon.colcon_core.shell:Creating package script '/code/brickpi/install/ev3_sensor_msgs/share/ev3_sensor_msgs/package.ps1'
[10.451s] INFO:colcon.colcon_core.shell:Creating package descriptor '/code/brickpi/install/ev3_sensor_msgs/share/ev3_sensor_msgs/package.dsv'
[10.458s] INFO:colcon.colcon_core.shell:Creating package script '/code/brickpi/install/ev3_sensor_msgs/share/ev3_sensor_msgs/package.sh'
[10.465s] INFO:colcon.colcon_core.shell:Creating package script '/code/brickpi/install/ev3_sensor_msgs/share/ev3_sensor_msgs/package.bash'
[10.472s] INFO:colcon.colcon_core.shell:Creating package script '/code/brickpi/install/ev3_sensor_msgs/share/ev3_sensor_msgs/package.zsh'
[10.482s] Level 1:colcon.colcon_core.environment:create_file_with_runtime_dependencies(/code/brickpi/install/ev3_sensor_msgs/share/colcon-core/packages/ev3_sensor_msgs)
[10.489s] Level 1:colcon.colcon_core.environment:create_environment_scripts_only(ev3_sensor_msgs)
[10.491s] Level 1:colcon.colcon_core.environment:checking '/code/brickpi/install/ev3_sensor_msgs' for CMake module files
[10.498s] Level 1:colcon.colcon_core.environment:checking '/code/brickpi/install/ev3_sensor_msgs' for CMake config files
[10.508s] Level 1:colcon.colcon_core.shell:create_environment_hook('ev3_sensor_msgs', 'cmake_prefix_path')
[10.510s] INFO:colcon.colcon_core.shell:Creating environment hook '/code/brickpi/install/ev3_sensor_msgs/share/ev3_sensor_msgs/hook/cmake_prefix_path.ps1'
[10.515s] INFO:colcon.colcon_core.shell:Creating environment descriptor '/code/brickpi/install/ev3_sensor_msgs/share/ev3_sensor_msgs/hook/cmake_prefix_path.dsv'
[10.522s] INFO:colcon.colcon_core.shell:Creating environment hook '/code/brickpi/install/ev3_sensor_msgs/share/ev3_sensor_msgs/hook/cmake_prefix_path.sh'
[10.528s] Level 1:colcon.colcon_core.environment:checking '/code/brickpi/install/ev3_sensor_msgs/lib'
[10.530s] Level 1:colcon.colcon_core.shell:create_environment_hook('ev3_sensor_msgs', 'ld_library_path_lib')
[10.531s] INFO:colcon.colcon_core.shell:Creating environment hook '/code/brickpi/install/ev3_sensor_msgs/share/ev3_sensor_msgs/hook/ld_library_path_lib.ps1'
[10.536s] INFO:colcon.colcon_core.shell:Creating environment descriptor '/code/brickpi/install/ev3_sensor_msgs/share/ev3_sensor_msgs/hook/ld_library_path_lib.dsv'
[10.542s] INFO:colcon.colcon_core.shell:Creating environment hook '/code/brickpi/install/ev3_sensor_msgs/share/ev3_sensor_msgs/hook/ld_library_path_lib.sh'
[10.547s] Level 1:colcon.colcon_core.environment:checking '/code/brickpi/install/ev3_sensor_msgs/bin'
[10.548s] Level 1:colcon.colcon_core.environment:checking '/code/brickpi/install/ev3_sensor_msgs/lib/pkgconfig/ev3_sensor_msgs.pc'
[10.550s] Level 1:colcon.colcon_core.environment:checking '/code/brickpi/install/ev3_sensor_msgs/lib/python3.10/site-packages'
[10.553s] Level 1:colcon.colcon_core.environment:checking '/code/brickpi/install/ev3_sensor_msgs/bin'
[10.556s] INFO:colcon.colcon_core.shell:Creating package script '/code/brickpi/install/ev3_sensor_msgs/share/ev3_sensor_msgs/package.ps1'
[10.562s] INFO:colcon.colcon_core.shell:Creating package descriptor '/code/brickpi/install/ev3_sensor_msgs/share/ev3_sensor_msgs/package.dsv'
[10.569s] INFO:colcon.colcon_core.shell:Creating package script '/code/brickpi/install/ev3_sensor_msgs/share/ev3_sensor_msgs/package.sh'
[10.574s] INFO:colcon.colcon_core.shell:Creating package script '/code/brickpi/install/ev3_sensor_msgs/share/ev3_sensor_msgs/package.bash'
[10.579s] INFO:colcon.colcon_core.shell:Creating package script '/code/brickpi/install/ev3_sensor_msgs/share/ev3_sensor_msgs/package.zsh'
[10.584s] Level 1:colcon.colcon_core.environment:create_file_with_runtime_dependencies(/code/brickpi/install/ev3_sensor_msgs/share/colcon-core/packages/ev3_sensor_msgs)
[11.799s] Level 1:colcon.colcon_core.environment:checking '/code/brickpi/install/brickpi3_sensors' for CMake module files
[11.801s] DEBUG:colcon.colcon_core.event_handler.log_command:Invoked command in '/code/brickpi/brickpi3_sensors' returned '0': PYTHONPATH=/code/brickpi/build/brickpi3_sensors/prefix_override:/usr/lib/python3/dist-packages/colcon_core/task/python/colcon_distutils_commands:/code/brickpi/install/brickpi3_sensors/lib/python3.10/site-packages:${PYTHONPATH} /usr/bin/python3 -W ignore:setup.py install is deprecated -W ignore:easy_install command is deprecated setup.py egg_info --egg-base ../build/brickpi3_sensors build --build-base /code/brickpi/build/brickpi3_sensors/build install --record /code/brickpi/build/brickpi3_sensors/install.log --single-version-externally-managed install_data
[11.811s] Level 1:colcon.colcon_core.environment:checking '/code/brickpi/install/brickpi3_sensors' for CMake config files
[11.834s] Level 1:colcon.colcon_core.environment:checking '/code/brickpi/install/brickpi3_sensors/lib'
[11.836s] Level 1:colcon.colcon_core.environment:checking '/code/brickpi/install/brickpi3_sensors/bin'
[11.836s] Level 1:colcon.colcon_core.environment:checking '/code/brickpi/install/brickpi3_sensors/lib/pkgconfig/brickpi3_sensors.pc'
[11.848s] Level 1:colcon.colcon_core.environment:checking '/code/brickpi/install/brickpi3_sensors/lib/python3.10/site-packages'
[11.850s] Level 1:colcon.colcon_core.shell:create_environment_hook('brickpi3_sensors', 'pythonpath')
[11.852s] INFO:colcon.colcon_core.shell:Creating environment hook '/code/brickpi/install/brickpi3_sensors/share/brickpi3_sensors/hook/pythonpath.ps1'
[11.867s] INFO:colcon.colcon_core.shell:Creating environment descriptor '/code/brickpi/install/brickpi3_sensors/share/brickpi3_sensors/hook/pythonpath.dsv'
[11.877s] INFO:colcon.colcon_core.shell:Creating environment hook '/code/brickpi/install/brickpi3_sensors/share/brickpi3_sensors/hook/pythonpath.sh'
[11.900s] Level 1:colcon.colcon_core.environment:checking '/code/brickpi/install/brickpi3_sensors/bin'
[11.901s] Level 1:colcon.colcon_core.environment:create_environment_scripts_only(brickpi3_sensors)
[11.912s] INFO:colcon.colcon_core.shell:Creating package script '/code/brickpi/install/brickpi3_sensors/share/brickpi3_sensors/package.ps1'
[11.930s] INFO:colcon.colcon_core.shell:Creating package descriptor '/code/brickpi/install/brickpi3_sensors/share/brickpi3_sensors/package.dsv'
[11.944s] INFO:colcon.colcon_core.shell:Creating package script '/code/brickpi/install/brickpi3_sensors/share/brickpi3_sensors/package.sh'
[11.957s] INFO:colcon.colcon_core.shell:Creating package script '/code/brickpi/install/brickpi3_sensors/share/brickpi3_sensors/package.bash'
[11.967s] INFO:colcon.colcon_core.shell:Creating package script '/code/brickpi/install/brickpi3_sensors/share/brickpi3_sensors/package.zsh'
[11.976s] Level 1:colcon.colcon_core.environment:create_file_with_runtime_dependencies(/code/brickpi/install/brickpi3_sensors/share/colcon-core/packages/brickpi3_sensors)
[31.838s] DEBUG:colcon.colcon_core.event_handler.log_command:Invoked command in '/code/brickpi/build/brickpi3_motors' returned '0': CMAKE_PREFIX_PATH=${CMAKE_PREFIX_PATH}:/code/brickpi/install/brickpi3_sensors:/code/brickpi/install/brickpi3_charlie:/opt/ros/humble /usr/bin/cmake --build /code/brickpi/build/brickpi3_motors -- -j4 -l4
[31.850s] DEBUG:colcon.colcon_core.event_handler.log_command:Invoking command in '/code/brickpi/build/brickpi3_motors': CMAKE_PREFIX_PATH=${CMAKE_PREFIX_PATH}:/code/brickpi/install/brickpi3_sensors:/code/brickpi/install/brickpi3_charlie:/opt/ros/humble /usr/bin/cmake --install /code/brickpi/build/brickpi3_motors
[32.135s] Level 1:colcon.colcon_core.environment:create_environment_scripts_only(brickpi3_motors)
[32.139s] Level 1:colcon.colcon_core.environment:checking '/code/brickpi/install/brickpi3_motors' for CMake module files
[32.140s] DEBUG:colcon.colcon_core.event_handler.log_command:Invoked command in '/code/brickpi/build/brickpi3_motors' returned '0': CMAKE_PREFIX_PATH=${CMAKE_PREFIX_PATH}:/code/brickpi/install/brickpi3_sensors:/code/brickpi/install/brickpi3_charlie:/opt/ros/humble /usr/bin/cmake --install /code/brickpi/build/brickpi3_motors
[32.145s] Level 1:colcon.colcon_core.environment:checking '/code/brickpi/install/brickpi3_motors' for CMake config files
[32.149s] Level 1:colcon.colcon_core.shell:create_environment_hook('brickpi3_motors', 'cmake_prefix_path')
[32.151s] INFO:colcon.colcon_core.shell:Creating environment hook '/code/brickpi/install/brickpi3_motors/share/brickpi3_motors/hook/cmake_prefix_path.ps1'
[32.155s] INFO:colcon.colcon_core.shell:Creating environment descriptor '/code/brickpi/install/brickpi3_motors/share/brickpi3_motors/hook/cmake_prefix_path.dsv'
[32.160s] INFO:colcon.colcon_core.shell:Creating environment hook '/code/brickpi/install/brickpi3_motors/share/brickpi3_motors/hook/cmake_prefix_path.sh'
[32.166s] Level 1:colcon.colcon_core.environment:checking '/code/brickpi/install/brickpi3_motors/lib'
[32.167s] Level 1:colcon.colcon_core.shell:create_environment_hook('brickpi3_motors', 'ld_library_path_lib')
[32.169s] INFO:colcon.colcon_core.shell:Creating environment hook '/code/brickpi/install/brickpi3_motors/share/brickpi3_motors/hook/ld_library_path_lib.ps1'
[32.174s] INFO:colcon.colcon_core.shell:Creating environment descriptor '/code/brickpi/install/brickpi3_motors/share/brickpi3_motors/hook/ld_library_path_lib.dsv'
[32.179s] INFO:colcon.colcon_core.shell:Creating environment hook '/code/brickpi/install/brickpi3_motors/share/brickpi3_motors/hook/ld_library_path_lib.sh'
[32.184s] Level 1:colcon.colcon_core.environment:checking '/code/brickpi/install/brickpi3_motors/bin'
[32.185s] Level 1:colcon.colcon_core.environment:checking '/code/brickpi/install/brickpi3_motors/lib/pkgconfig/brickpi3_motors.pc'
[32.187s] Level 1:colcon.colcon_core.environment:checking '/code/brickpi/install/brickpi3_motors/lib/python3.10/site-packages'
[32.190s] Level 1:colcon.colcon_core.environment:checking '/code/brickpi/install/brickpi3_motors/bin'
[32.193s] INFO:colcon.colcon_core.shell:Creating package script '/code/brickpi/install/brickpi3_motors/share/brickpi3_motors/package.ps1'
[32.198s] INFO:colcon.colcon_core.shell:Creating package descriptor '/code/brickpi/install/brickpi3_motors/share/brickpi3_motors/package.dsv'
[32.203s] INFO:colcon.colcon_core.shell:Creating package script '/code/brickpi/install/brickpi3_motors/share/brickpi3_motors/package.sh'
[32.209s] INFO:colcon.colcon_core.shell:Creating package script '/code/brickpi/install/brickpi3_motors/share/brickpi3_motors/package.bash'
[32.213s] INFO:colcon.colcon_core.shell:Creating package script '/code/brickpi/install/brickpi3_motors/share/brickpi3_motors/package.zsh'
[32.218s] Level 1:colcon.colcon_core.environment:create_file_with_runtime_dependencies(/code/brickpi/install/brickpi3_motors/share/colcon-core/packages/brickpi3_motors)
[32.223s] Level 1:colcon.colcon_core.environment:create_environment_scripts_only(brickpi3_motors)
[32.225s] Level 1:colcon.colcon_core.environment:checking '/code/brickpi/install/brickpi3_motors' for CMake module files
[32.230s] Level 1:colcon.colcon_core.environment:checking '/code/brickpi/install/brickpi3_motors' for CMake config files
[32.233s] Level 1:colcon.colcon_core.shell:create_environment_hook('brickpi3_motors', 'cmake_prefix_path')
[32.235s] INFO:colcon.colcon_core.shell:Creating environment hook '/code/brickpi/install/brickpi3_motors/share/brickpi3_motors/hook/cmake_prefix_path.ps1'
[32.240s] INFO:colcon.colcon_core.shell:Creating environment descriptor '/code/brickpi/install/brickpi3_motors/share/brickpi3_motors/hook/cmake_prefix_path.dsv'
[32.244s] INFO:colcon.colcon_core.shell:Creating environment hook '/code/brickpi/install/brickpi3_motors/share/brickpi3_motors/hook/cmake_prefix_path.sh'
[32.251s] Level 1:colcon.colcon_core.environment:checking '/code/brickpi/install/brickpi3_motors/lib'
[32.252s] Level 1:colcon.colcon_core.shell:create_environment_hook('brickpi3_motors', 'ld_library_path_lib')
[32.254s] INFO:colcon.colcon_core.shell:Creating environment hook '/code/brickpi/install/brickpi3_motors/share/brickpi3_motors/hook/ld_library_path_lib.ps1'
[32.259s] INFO:colcon.colcon_core.shell:Creating environment descriptor '/code/brickpi/install/brickpi3_motors/share/brickpi3_motors/hook/ld_library_path_lib.dsv'
[32.263s] INFO:colcon.colcon_core.shell:Creating environment hook '/code/brickpi/install/brickpi3_motors/share/brickpi3_motors/hook/ld_library_path_lib.sh'
[32.268s] Level 1:colcon.colcon_core.environment:checking '/code/brickpi/install/brickpi3_motors/bin'
[32.269s] Level 1:colcon.colcon_core.environment:checking '/code/brickpi/install/brickpi3_motors/lib/pkgconfig/brickpi3_motors.pc'
[32.271s] Level 1:colcon.colcon_core.environment:checking '/code/brickpi/install/brickpi3_motors/lib/python3.10/site-packages'
[32.275s] Level 1:colcon.colcon_core.environment:checking '/code/brickpi/install/brickpi3_motors/bin'
[32.278s] INFO:colcon.colcon_core.shell:Creating package script '/code/brickpi/install/brickpi3_motors/share/brickpi3_motors/package.ps1'
[32.283s] INFO:colcon.colcon_core.shell:Creating package descriptor '/code/brickpi/install/brickpi3_motors/share/brickpi3_motors/package.dsv'
[32.289s] INFO:colcon.colcon_core.shell:Creating package script '/code/brickpi/install/brickpi3_motors/share/brickpi3_motors/package.sh'
[32.294s] INFO:colcon.colcon_core.shell:Creating package script '/code/brickpi/install/brickpi3_motors/share/brickpi3_motors/package.bash'
[32.299s] INFO:colcon.colcon_core.shell:Creating package script '/code/brickpi/install/brickpi3_motors/share/brickpi3_motors/package.zsh'
[32.304s] Level 1:colcon.colcon_core.environment:create_file_with_runtime_dependencies(/code/brickpi/install/brickpi3_motors/share/colcon-core/packages/brickpi3_motors)
[32.307s] INFO:colcon.colcon_ros.task.ament_python.build:Building ROS package in '/code/brickpi/brickpi3_charlie' with build type 'ament_python'
[32.309s] Level 1:colcon.colcon_core.shell:create_environment_hook('brickpi3_charlie', 'ament_prefix_path')
[32.311s] INFO:colcon.colcon_core.shell:Creating environment hook '/code/brickpi/install/brickpi3_charlie/share/brickpi3_charlie/hook/ament_prefix_path.ps1'
[32.316s] INFO:colcon.colcon_core.shell:Creating environment descriptor '/code/brickpi/install/brickpi3_charlie/share/brickpi3_charlie/hook/ament_prefix_path.dsv'
[32.321s] INFO:colcon.colcon_core.shell:Creating environment hook '/code/brickpi/install/brickpi3_charlie/share/brickpi3_charlie/hook/ament_prefix_path.sh'
[32.333s] INFO:colcon.colcon_core.shell:Skip shell extension 'powershell' for command environment: Not usable outside of PowerShell
[32.334s] DEBUG:colcon.colcon_core.shell:Skip shell extension 'dsv' for command environment
[34.581s] INFO:colcon.colcon_core.task.python.build:Building Python package in '/code/brickpi/brickpi3_charlie'
[34.583s] INFO:colcon.colcon_core.shell:Skip shell extension 'powershell' for command environment: Not usable outside of PowerShell
[34.584s] DEBUG:colcon.colcon_core.shell:Skip shell extension 'dsv' for command environment
[37.531s] DEBUG:colcon.colcon_core.event_handler.log_command:Invoking command in '/code/brickpi/brickpi3_charlie': CMAKE_PREFIX_PATH=/code/brickpi/install/brickpi3_motors:/code/brickpi/install/rt_ros2:/code/brickpi/install/ev3_sensor_msgs LD_LIBRARY_PATH=/code/brickpi/install/brickpi3_motors/lib:/code/brickpi/install/ev3_sensor_msgs/lib:/opt/ros/humble/lib/aarch64-linux-gnu:/opt/ros/humble/lib PYTHONPATH=/code/brickpi/build/brickpi3_charlie/prefix_override:/usr/lib/python3/dist-packages/colcon_core/task/python/colcon_distutils_commands:/code/brickpi/install/brickpi3_charlie/lib/python3.10/site-packages:${PYTHONPATH} /usr/bin/python3 -W ignore:setup.py install is deprecated -W ignore:easy_install command is deprecated setup.py egg_info --egg-base ../build/brickpi3_charlie build --build-base /code/brickpi/build/brickpi3_charlie/build install --record /code/brickpi/build/brickpi3_charlie/install.log --single-version-externally-managed install_data
[39.875s] Level 1:colcon.colcon_core.environment:checking '/code/brickpi/install/brickpi3_charlie' for CMake module files
[39.880s] DEBUG:colcon.colcon_core.event_handler.log_command:Invoked command in '/code/brickpi/brickpi3_charlie' returned '0': CMAKE_PREFIX_PATH=/code/brickpi/install/brickpi3_motors:/code/brickpi/install/rt_ros2:/code/brickpi/install/ev3_sensor_msgs LD_LIBRARY_PATH=/code/brickpi/install/brickpi3_motors/lib:/code/brickpi/install/ev3_sensor_msgs/lib:/opt/ros/humble/lib/aarch64-linux-gnu:/opt/ros/humble/lib PYTHONPATH=/code/brickpi/build/brickpi3_charlie/prefix_override:/usr/lib/python3/dist-packages/colcon_core/task/python/colcon_distutils_commands:/code/brickpi/install/brickpi3_charlie/lib/python3.10/site-packages:${PYTHONPATH} /usr/bin/python3 -W ignore:setup.py install is deprecated -W ignore:easy_install command is deprecated setup.py egg_info --egg-base ../build/brickpi3_charlie build --build-base /code/brickpi/build/brickpi3_charlie/build install --record /code/brickpi/build/brickpi3_charlie/install.log --single-version-externally-managed install_data
[39.883s] Level 1:colcon.colcon_core.environment:checking '/code/brickpi/install/brickpi3_charlie' for CMake config files
[39.889s] Level 1:colcon.colcon_core.environment:checking '/code/brickpi/install/brickpi3_charlie/lib'
[39.890s] Level 1:colcon.colcon_core.environment:checking '/code/brickpi/install/brickpi3_charlie/bin'
[39.892s] Level 1:colcon.colcon_core.environment:checking '/code/brickpi/install/brickpi3_charlie/lib/pkgconfig/brickpi3_charlie.pc'
[39.894s] Level 1:colcon.colcon_core.environment:checking '/code/brickpi/install/brickpi3_charlie/lib/python3.10/site-packages'
[39.895s] Level 1:colcon.colcon_core.shell:create_environment_hook('brickpi3_charlie', 'pythonpath')
[39.897s] INFO:colcon.colcon_core.shell:Creating environment hook '/code/brickpi/install/brickpi3_charlie/share/brickpi3_charlie/hook/pythonpath.ps1'
[39.901s] INFO:colcon.colcon_core.shell:Creating environment descriptor '/code/brickpi/install/brickpi3_charlie/share/brickpi3_charlie/hook/pythonpath.dsv'
[39.906s] INFO:colcon.colcon_core.shell:Creating environment hook '/code/brickpi/install/brickpi3_charlie/share/brickpi3_charlie/hook/pythonpath.sh'
[39.913s] Level 1:colcon.colcon_core.environment:checking '/code/brickpi/install/brickpi3_charlie/bin'
[39.914s] Level 1:colcon.colcon_core.environment:create_environment_scripts_only(brickpi3_charlie)
[39.916s] INFO:colcon.colcon_core.shell:Creating package script '/code/brickpi/install/brickpi3_charlie/share/brickpi3_charlie/package.ps1'
[39.921s] INFO:colcon.colcon_core.shell:Creating package descriptor '/code/brickpi/install/brickpi3_charlie/share/brickpi3_charlie/package.dsv'
[39.925s] INFO:colcon.colcon_core.shell:Creating package script '/code/brickpi/install/brickpi3_charlie/share/brickpi3_charlie/package.sh'
[39.929s] INFO:colcon.colcon_core.shell:Creating package script '/code/brickpi/install/brickpi3_charlie/share/brickpi3_charlie/package.bash'
[39.932s] INFO:colcon.colcon_core.shell:Creating package script '/code/brickpi/install/brickpi3_charlie/share/brickpi3_charlie/package.zsh'
[39.936s] Level 1:colcon.colcon_core.environment:create_file_with_runtime_dependencies(/code/brickpi/install/brickpi3_charlie/share/colcon-core/packages/brickpi3_charlie)
[49.213s] DEBUG:colcon.colcon_core.event_handler.log_command:Invoked command in '/code/brickpi/build/rt_ros2' returned '0': CMAKE_PREFIX_PATH=${CMAKE_PREFIX_PATH}:/code/brickpi/install/brickpi3_sensors:/code/brickpi/install/brickpi3_charlie:/opt/ros/humble /usr/bin/cmake --build /code/brickpi/build/rt_ros2 -- -j4 -l4
[49.222s] DEBUG:colcon.colcon_core.event_handler.log_command:Invoking command in '/code/brickpi/build/rt_ros2': CMAKE_PREFIX_PATH=${CMAKE_PREFIX_PATH}:/code/brickpi/install/brickpi3_sensors:/code/brickpi/install/brickpi3_charlie:/opt/ros/humble /usr/bin/cmake --install /code/brickpi/build/rt_ros2
[49.326s] Level 1:colcon.colcon_core.environment:create_environment_scripts_only(rt_ros2)
[49.327s] Level 1:colcon.colcon_core.environment:checking '/code/brickpi/install/rt_ros2' for CMake module files
[49.330s] DEBUG:colcon.colcon_core.event_handler.log_command:Invoked command in '/code/brickpi/build/rt_ros2' returned '0': CMAKE_PREFIX_PATH=${CMAKE_PREFIX_PATH}:/code/brickpi/install/brickpi3_sensors:/code/brickpi/install/brickpi3_charlie:/opt/ros/humble /usr/bin/cmake --install /code/brickpi/build/rt_ros2
[49.333s] Level 1:colcon.colcon_core.environment:checking '/code/brickpi/install/rt_ros2' for CMake config files
[49.335s] Level 1:colcon.colcon_core.shell:create_environment_hook('rt_ros2', 'cmake_prefix_path')
[49.337s] INFO:colcon.colcon_core.shell:Creating environment hook '/code/brickpi/install/rt_ros2/share/rt_ros2/hook/cmake_prefix_path.ps1'
[49.339s] INFO:colcon.colcon_core.shell:Creating environment descriptor '/code/brickpi/install/rt_ros2/share/rt_ros2/hook/cmake_prefix_path.dsv'
[49.341s] INFO:colcon.colcon_core.shell:Creating environment hook '/code/brickpi/install/rt_ros2/share/rt_ros2/hook/cmake_prefix_path.sh'
[49.345s] Level 1:colcon.colcon_core.environment:checking '/code/brickpi/install/rt_ros2/lib'
[49.345s] Level 1:colcon.colcon_core.environment:checking '/code/brickpi/install/rt_ros2/bin'
[49.346s] Level 1:colcon.colcon_core.environment:checking '/code/brickpi/install/rt_ros2/lib/pkgconfig/rt_ros2.pc'
[49.347s] Level 1:colcon.colcon_core.environment:checking '/code/brickpi/install/rt_ros2/lib/python3.10/site-packages'
[49.348s] Level 1:colcon.colcon_core.environment:checking '/code/brickpi/install/rt_ros2/bin'
[49.350s] INFO:colcon.colcon_core.shell:Creating package script '/code/brickpi/install/rt_ros2/share/rt_ros2/package.ps1'
[49.353s] INFO:colcon.colcon_core.shell:Creating package descriptor '/code/brickpi/install/rt_ros2/share/rt_ros2/package.dsv'
[49.355s] INFO:colcon.colcon_core.shell:Creating package script '/code/brickpi/install/rt_ros2/share/rt_ros2/package.sh'
[49.357s] INFO:colcon.colcon_core.shell:Creating package script '/code/brickpi/install/rt_ros2/share/rt_ros2/package.bash'
[49.360s] INFO:colcon.colcon_core.shell:Creating package script '/code/brickpi/install/rt_ros2/share/rt_ros2/package.zsh'
[49.362s] Level 1:colcon.colcon_core.environment:create_file_with_runtime_dependencies(/code/brickpi/install/rt_ros2/share/colcon-core/packages/rt_ros2)
[49.365s] Level 1:colcon.colcon_core.environment:create_environment_scripts_only(rt_ros2)
[49.366s] Level 1:colcon.colcon_core.environment:checking '/code/brickpi/install/rt_ros2' for CMake module files
[49.370s] Level 1:colcon.colcon_core.environment:checking '/code/brickpi/install/rt_ros2' for CMake config files
[49.372s] Level 1:colcon.colcon_core.shell:create_environment_hook('rt_ros2', 'cmake_prefix_path')
[49.373s] INFO:colcon.colcon_core.shell:Creating environment hook '/code/brickpi/install/rt_ros2/share/rt_ros2/hook/cmake_prefix_path.ps1'
[49.375s] INFO:colcon.colcon_core.shell:Creating environment descriptor '/code/brickpi/install/rt_ros2/share/rt_ros2/hook/cmake_prefix_path.dsv'
[49.377s] INFO:colcon.colcon_core.shell:Creating environment hook '/code/brickpi/install/rt_ros2/share/rt_ros2/hook/cmake_prefix_path.sh'
[49.381s] Level 1:colcon.colcon_core.environment:checking '/code/brickpi/install/rt_ros2/lib'
[49.381s] Level 1:colcon.colcon_core.environment:checking '/code/brickpi/install/rt_ros2/bin'
[49.382s] Level 1:colcon.colcon_core.environment:checking '/code/brickpi/install/rt_ros2/lib/pkgconfig/rt_ros2.pc'
[49.383s] Level 1:colcon.colcon_core.environment:checking '/code/brickpi/install/rt_ros2/lib/python3.10/site-packages'
[49.384s] Level 1:colcon.colcon_core.environment:checking '/code/brickpi/install/rt_ros2/bin'
[49.386s] INFO:colcon.colcon_core.shell:Creating package script '/code/brickpi/install/rt_ros2/share/rt_ros2/package.ps1'
[49.388s] INFO:colcon.colcon_core.shell:Creating package descriptor '/code/brickpi/install/rt_ros2/share/rt_ros2/package.dsv'
[49.391s] INFO:colcon.colcon_core.shell:Creating package script '/code/brickpi/install/rt_ros2/share/rt_ros2/package.sh'
[49.394s] INFO:colcon.colcon_core.shell:Creating package script '/code/brickpi/install/rt_ros2/share/rt_ros2/package.bash'
[49.396s] INFO:colcon.colcon_core.shell:Creating package script '/code/brickpi/install/rt_ros2/share/rt_ros2/package.zsh'
[49.399s] Level 1:colcon.colcon_core.environment:create_file_with_runtime_dependencies(/code/brickpi/install/rt_ros2/share/colcon-core/packages/rt_ros2)
[49.400s] DEBUG:colcon.colcon_parallel_executor.executor.parallel:closing loop
[49.402s] DEBUG:colcon.colcon_parallel_executor.executor.parallel:loop closed
[49.403s] DEBUG:colcon.colcon_parallel_executor.executor.parallel:run_until_complete finished with '0'
[49.403s] DEBUG:colcon.colcon_core.event_reactor:joining thread
[49.429s] INFO:colcon.colcon_core.plugin_system:Skipping extension 'colcon_notification.desktop_notification.notify_send': Could not find 'notify-send'
[49.430s] INFO:colcon.colcon_core.plugin_system:Skipping extension 'colcon_notification.desktop_notification.terminal_notifier': Not used on non-Darwin systems
[49.430s] INFO:colcon.colcon_core.plugin_system:Skipping extension 'colcon_notification.desktop_notification.win32': Not used on non-Windows systems
[49.431s] INFO:colcon.colcon_notification.desktop_notification:Sending desktop notification using 'notify2'
[49.434s] DEBUG:colcon.colcon_notification.desktop_notification.notify2:Failed to initialize notify2: org.freedesktop.DBus.Error.ServiceUnknown: The name org.freedesktop.Notifications was not provided by any .service files
[49.434s] DEBUG:colcon.colcon_core.event_reactor:joined thread
[49.435s] INFO:colcon.colcon_core.shell:Creating prefix script '/code/brickpi/install/local_setup.ps1'
[49.440s] INFO:colcon.colcon_core.shell:Creating prefix util module '/code/brickpi/install/_local_setup_util_ps1.py'
[49.446s] INFO:colcon.colcon_core.shell:Creating prefix chain script '/code/brickpi/install/setup.ps1'
[49.453s] INFO:colcon.colcon_core.shell:Creating prefix script '/code/brickpi/install/local_setup.sh'
[49.456s] INFO:colcon.colcon_core.shell:Creating prefix util module '/code/brickpi/install/_local_setup_util_sh.py'
[49.459s] INFO:colcon.colcon_core.shell:Creating prefix chain script '/code/brickpi/install/setup.sh'
[49.467s] INFO:colcon.colcon_core.shell:Creating prefix script '/code/brickpi/install/local_setup.bash'
[49.470s] INFO:colcon.colcon_core.shell:Creating prefix chain script '/code/brickpi/install/setup.bash'
[49.476s] INFO:colcon.colcon_core.shell:Creating prefix script '/code/brickpi/install/local_setup.zsh'
[49.479s] INFO:colcon.colcon_core.shell:Creating prefix chain script '/code/brickpi/install/setup.zsh'
