[0.084s] Invoking command in '/code/brickpi/build/rt_ros2': CMAKE_PREFIX_PATH=/opt/ros/humble /usr/bin/cmake --build /code/brickpi/build/rt_ros2 -- -j4 -l4
[0.345s] [35m[1mConsolidate compiler generated dependencies of target rt_ros2[0m
[0.517s] [ 25%] [32mBuilding CXX object CMakeFiles/rt_ros2.dir/src/main.cc.o[0m
[0.528s] [ 50%] [32mBuilding CXX object CMakeFiles/rt_ros2.dir/src/nodo_maquina_estados.cpp.o[0m
[16.783s] [01m[K/code/brickpi/rt_ros2/src/nodo_maquina_estados.cpp:[m[K In constructor ‘[01m[Krt_ros2::NodoMaquinaEstados::NodoMaquinaEstados()[m[K’:
[16.784s] [01m[K/code/brickpi/rt_ros2/src/nodo_maquina_estados.cpp:24:31:[m[K [01;31m[Kerror: [m[K‘[01m[Kclass rt_ros2::NodoMaquinaEstados[m[K’ has no member named ‘[01m[Kcreate_timer[m[K’; did you mean ‘[01m[Kcreate_wall_timer[m[K’?
[16.786s]    24 |     timer_publicacion = this->[01;31m[Kcreate_timer[m[K( std::chrono::milliseconds(FREC_TOPIC_MS), cb_timer);
[16.790s]       |                               [01;31m[K^~~~~~~~~~~~[m[K
[16.791s]       |                               [32m[Kcreate_wall_timer[m[K
[16.833s] [01m[K/code/brickpi/rt_ros2/src/nodo_maquina_estados.cpp:[m[K In member function ‘[01m[Kvoid rt_ros2::NodoMaquinaEstados::transicion(float)[m[K’:
[16.835s] [01m[K/code/brickpi/rt_ros2/src/nodo_maquina_estados.cpp:42:17:[m[K [01;31m[Kerror: [m[K‘[01m[Kstamp_recuperar[m[K’ was not declared in this scope
[16.836s]    42 |                 [01;31m[Kstamp_recuperar[m[K = this->now();
[16.837s]       |                 [01;31m[K^~~~~~~~~~~~~~~[m[K
[16.882s] [01m[K/code/brickpi/rt_ros2/src/nodo_maquina_estados.cpp:55:58:[m[K [01;31m[Kerror: [m[K‘[01m[Kstamp_recuperar[m[K’ was not declared in this scope
[16.883s]    55 |                 double secs_recuperando = (this->now() - [01;31m[Kstamp_recuperar[m[K).seconds();
[16.884s]       |                                                          [01;31m[K^~~~~~~~~~~~~~~[m[K
[27.166s] gmake[2]: *** [CMakeFiles/rt_ros2.dir/build.make:104: CMakeFiles/rt_ros2.dir/src/nodo_maquina_estados.cpp.o] Error 1
[27.167s] gmake[1]: *** [CMakeFiles/Makefile2:137: CMakeFiles/rt_ros2.dir/all] Error 2
[27.169s] gmake: *** [Makefile:146: all] Error 2
[27.177s] Invoked command in '/code/brickpi/build/rt_ros2' returned '2': CMAKE_PREFIX_PATH=/opt/ros/humble /usr/bin/cmake --build /code/brickpi/build/rt_ros2 -- -j4 -l4
