[0.066s] Invoking command in '/code/brickpi/build/rt_ros2': CMAKE_PREFIX_PATH=/opt/ros/humble /usr/bin/cmake --build /code/brickpi/build/rt_ros2 -- -j4 -l4
[0.437s] [ 30%] Built target cactus_tracing_embedded_perfetto_protos
[0.472s] [ 76%] Built target quill
[0.640s] [ 92%] Built target cactus_rt
[0.740s] [35m[1mConsolidate compiler generated dependencies of target rt_ros2[0m
[0.957s] [ 94%] [32mBuilding CXX object CMakeFiles/rt_ros2.dir/src/main.cc.o[0m
[29.442s] [ 96%] [32m[1mLinking CXX executable rt_ros2[0m
[30.939s] [100%] Built target rt_ros2
[30.991s] Invoked command in '/code/brickpi/build/rt_ros2' returned '0': CMAKE_PREFIX_PATH=/opt/ros/humble /usr/bin/cmake --build /code/brickpi/build/rt_ros2 -- -j4 -l4
[31.038s] Invoking command in '/code/brickpi/build/rt_ros2': CMAKE_PREFIX_PATH=/opt/ros/humble /usr/bin/cmake --install /code/brickpi/build/rt_ros2
[31.070s] -- Install configuration: "Release"
[31.073s] -- Up-to-date: /code/brickpi/install/rt_ros2/include/readerwriterqueue/atomicops.h
[31.073s] -- Up-to-date: /code/brickpi/install/rt_ros2/include/readerwriterqueue/readerwriterqueue.h
[31.074s] -- Up-to-date: /code/brickpi/install/rt_ros2/include/readerwriterqueue/readerwritercircularbuffer.h
[31.075s] -- Up-to-date: /code/brickpi/install/rt_ros2/include/readerwriterqueue/LICENSE.md
[31.077s] -- Installing: /code/brickpi/install/rt_ros2/lib/rt_ros2/rt_ros2
[31.104s] -- Set runtime path of "/code/brickpi/install/rt_ros2/lib/rt_ros2/rt_ros2" to ""
[31.105s] -- Up-to-date: /code/brickpi/install/rt_ros2/share/ament_index/resource_index/package_run_dependencies/rt_ros2
[31.105s] -- Up-to-date: /code/brickpi/install/rt_ros2/share/ament_index/resource_index/parent_prefix_path/rt_ros2
[31.106s] -- Up-to-date: /code/brickpi/install/rt_ros2/share/rt_ros2/environment/ament_prefix_path.sh
[31.107s] -- Up-to-date: /code/brickpi/install/rt_ros2/share/rt_ros2/environment/ament_prefix_path.dsv
[31.107s] -- Up-to-date: /code/brickpi/install/rt_ros2/share/rt_ros2/environment/path.sh
[31.108s] -- Up-to-date: /code/brickpi/install/rt_ros2/share/rt_ros2/environment/path.dsv
[31.108s] -- Up-to-date: /code/brickpi/install/rt_ros2/share/rt_ros2/local_setup.bash
[31.109s] -- Up-to-date: /code/brickpi/install/rt_ros2/share/rt_ros2/local_setup.sh
[31.109s] -- Up-to-date: /code/brickpi/install/rt_ros2/share/rt_ros2/local_setup.zsh
[31.110s] -- Up-to-date: /code/brickpi/install/rt_ros2/share/rt_ros2/local_setup.dsv
[31.111s] -- Installing: /code/brickpi/install/rt_ros2/share/rt_ros2/package.dsv
[31.111s] -- Up-to-date: /code/brickpi/install/rt_ros2/share/ament_index/resource_index/packages/rt_ros2
[31.112s] -- Up-to-date: /code/brickpi/install/rt_ros2/share/rt_ros2/cmake/rt_ros2Config.cmake
[31.113s] -- Up-to-date: /code/brickpi/install/rt_ros2/share/rt_ros2/cmake/rt_ros2Config-version.cmake
[31.113s] -- Up-to-date: /code/brickpi/install/rt_ros2/share/rt_ros2/package.xml
[31.119s] Invoked command in '/code/brickpi/build/rt_ros2' returned '0': CMAKE_PREFIX_PATH=/opt/ros/humble /usr/bin/cmake --install /code/brickpi/build/rt_ros2
