[0.050s] Invoking command in '/code/brickpi/build/rt_ros2': CMAKE_PREFIX_PATH=/opt/ros/humble /usr/bin/cmake --build /code/brickpi/build/rt_ros2 -- -j4 -l4
[0.162s] -- Found ament_cmake: 1.3.14 (/opt/ros/humble/share/ament_cmake/cmake)
[0.829s] -- Found rclcpp: 16.0.18 (/opt/ros/humble/share/rclcpp/cmake)
[0.987s] -- Found rosidl_generator_c: 3.1.8 (/opt/ros/humble/share/rosidl_generator_c/cmake)
[0.999s] -- Found rosidl_adapter: 3.1.8 (/opt/ros/humble/share/rosidl_adapter/cmake)
[1.029s] -- Found rosidl_generator_cpp: 3.1.8 (/opt/ros/humble/share/rosidl_generator_cpp/cmake)
[1.075s] -- Using all available rosidl_typesupport_c: rosidl_typesupport_fastrtps_c;rosidl_typesupport_introspection_c
[1.135s] -- Using all available rosidl_typesupport_cpp: rosidl_typesupport_fastrtps_cpp;rosidl_typesupport_introspection_cpp
[1.292s] -- Found rmw_implementation_cmake: 6.1.2 (/opt/ros/humble/share/rmw_implementation_cmake/cmake)
[1.300s] -- Found rmw_fastrtps_cpp: 6.2.10 (/opt/ros/humble/share/rmw_fastrtps_cpp/cmake)
[1.851s] -- Using RMW implementation 'rmw_fastrtps_cpp' as default
[2.079s] -- Found geometry_msgs: 4.9.1 (/opt/ros/humble/share/geometry_msgs/cmake)
[2.151s] -- Found sensor_msgs: 4.9.1 (/opt/ros/humble/share/sensor_msgs/cmake)
[2.579s] -- Configuring done
[2.648s] -- Generating done
[2.669s] -- Build files have been written to: /code/brickpi/build/rt_ros2
[2.776s] [35m[1mConsolidate compiler generated dependencies of target rt_ros2[0m
[2.830s] [ 25%] [32mBuilding CXX object CMakeFiles/rt_ros2.dir/src/main.cc.o[0m
[2.834s] [ 50%] [32mBuilding CXX object CMakeFiles/rt_ros2.dir/src/nodo_actuador.cpp.o[0m
[2.836s] [ 75%] [32mBuilding CXX object CMakeFiles/rt_ros2.dir/src/nodo_maquina_estados.cpp.o[0m
[17.992s] [01m[K/code/brickpi/rt_ros2/src/main.cc:[m[K In function ‘[01m[Kint main(int, char**)[m[K’:
[17.992s] [01m[K/code/brickpi/rt_ros2/src/main.cc:7:32:[m[K [01;31m[Kerror: [m[K‘[01m[Krt_ros[m[K’ was not declared in this scope; did you mean ‘[01m[Krt_ros2[m[K’?
[17.993s]     7 |   auto nodo = std::make_shared<[01;31m[Krt_ros[m[K::NodoMaquinaEstados>();
[17.994s]       |                                [01;31m[K^~~~~~[m[K
[17.995s]       |                                [32m[Krt_ros2[m[K
[17.996s] [01m[K/code/brickpi/rt_ros2/src/main.cc:7:20:[m[K [01;31m[Kerror: [m[Kparse error in template argument list
[17.999s]     7 |   auto nodo = std::[01;31m[Kmake_shared<rt_ros::NodoMaquinaEstados>[m[K();
[18.001s]       |                    [01;31m[K^~~~~~~~~~~~~~~~~~~~~~~~~~~~~~~~~~~~~~~[m[K
[18.002s] [01m[K/code/brickpi/rt_ros2/src/main.cc:7:59:[m[K [01;31m[Kerror: [m[Kno matching function for call to ‘[01m[Kmake_shared<<expression error> >()[m[K’
[18.002s]     7 |   auto nodo = [01;31m[Kstd::make_shared<rt_ros::NodoMaquinaEstados>()[m[K;
[18.003s]       |               [01;31m[K~~~~~~~~~~~~~~~~~~~~~~~~~~~~~~~~~~~~~~~~~~~~^~[m[K
[18.004s] In file included from [01m[K/usr/include/c++/11/memory:77[m[K,
[18.005s]                  from [01m[K/opt/ros/humble/include/rclcpp/rclcpp/rclcpp.hpp:153[m[K,
[18.007s]                  from [01m[K/code/brickpi/rt_ros2/src/main.cc:1[m[K:
[18.008s] [01m[K/usr/include/c++/11/bits/shared_ptr.h:875:5:[m[K [01;36m[Knote: [m[Kcandidate: ‘[01m[Ktemplate<class _Tp, class ... _Args> std::shared_ptr<_Tp> std::make_shared(_Args&& ...)[m[K’
[18.009s]   875 |     [01;36m[Kmake_shared[m[K(_Args&&... __args)
[18.010s]       |     [01;36m[K^~~~~~~~~~~[m[K
[18.011s] [01m[K/usr/include/c++/11/bits/shared_ptr.h:875:5:[m[K [01;36m[Knote: [m[K  template argument deduction/substitution failed:
[18.011s] [01m[K/code/brickpi/rt_ros2/src/main.cc:7:59:[m[K [01;31m[Kerror: [m[Ktemplate argument 1 is invalid
[18.013s]     7 |   auto nodo = [01;31m[Kstd::make_shared<rt_ros::NodoMaquinaEstados>()[m[K;
[18.014s]       |               [01;31m[K~~~~~~~~~~~~~~~~~~~~~~~~~~~~~~~~~~~~~~~~~~~~^~[m[K
[18.015s] In file included from [01m[K/usr/include/c++/11/pstl/glue_algorithm_defs.h:13[m[K,
[18.016s]                  from [01m[K/usr/include/c++/11/algorithm:74[m[K,
[18.017s]                  from [01m[K/opt/ros/humble/include/rclcpp/rclcpp/executor.hpp:18[m[K,
[18.018s]                  from [01m[K/opt/ros/humble/include/rclcpp/rclcpp/executors/multi_threaded_executor.hpp:25[m[K,
[18.018s]                  from [01m[K/opt/ros/humble/include/rclcpp/rclcpp/executors.hpp:21[m[K,
[18.019s]                  from [01m[K/opt/ros/humble/include/rclcpp/rclcpp/rclcpp.hpp:155[m[K,
[18.020s]                  from [01m[K/code/brickpi/rt_ros2/include/rt_ros2/nodo_maquina_estados.h:4[m[K,
[18.021s]                  from [01m[K/code/brickpi/rt_ros2/src/nodo_maquina_estados.cpp:1[m[K:
[18.023s] /usr/include/c++/11/functional: In substitution of ‘[01m[Ktemplate<class _Functor, class ... _Bound_args> template<class _Fn, class _CallArgs, class ... _BArgs> using _Res_type_impl = typename std::result_of<_Fn&(decltype (std::_Mu<typename std::remove_cv<_BArgs>::type, std::is_bind_expression<typename std::remove_cv<_BArgs>::type>::value, (std::is_placeholder<typename std::remove_cv<_BArgs>::type>::value > 0)>()(declval<_BArgs&>(), declval<_CallArgs&>()))&& ...)>::type [with _Fn = std::_Bind<void (rt_ros2::NodoMaquinaEstados::*(rt_ros2::NodoMaquinaEstados*, std::_Placeholder<1>))(std::shared_ptr<sensor_msgs::msg::Illuminance_<std::allocator<void> > >)>; _CallArgs = _CallArgs; _BArgs = {}; _Functor = std::_Bind<void (rt_ros2::NodoMaquinaEstados::*(rt_ros2::NodoMaquinaEstados*, std::_Placeholder<1>))(std::shared_ptr<sensor_msgs::msg::Illuminance_<std::allocator<void> > >)>; _Bound_args = {}][m[K’:
[18.024s] [01m[K/usr/include/c++/11/functional:468:8:[m[K   required from ‘[01m[Kclass std::_Bind<std::_Bind<void (rt_ros2::NodoMaquinaEstados::*(rt_ros2::NodoMaquinaEstados*, std::_Placeholder<1>))(std::shared_ptr<sensor_msgs::msg::Illuminance_<std::allocator<void> > >)>()>[m[K’
[18.025s] [01m[K/code/brickpi/rt_ros2/src/nodo_maquina_estados.cpp:16:39:[m[K   required from here
[18.026s] [01m[K/usr/include/c++/11/functional:464:15:[m[K [01;31m[Kerror: [m[Kno type named ‘[01m[Ktype[m[K’ in ‘[01m[Kstruct std::result_of<std::_Bind<void (rt_ros2::NodoMaquinaEstados::*(rt_ros2::NodoMaquinaEstados*, std::_Placeholder<1>))(std::shared_ptr<sensor_msgs::msg::Illuminance_<std::allocator<void> > >)>&()>[m[K’
[18.026s]   464 |         using [01;31m[K_Res_type_impl[m[K
[18.027s]       |               [01;31m[K^~~~~~~~~~~~~~[m[K
[18.028s] /usr/include/c++/11/functional: In substitution of ‘[01m[Ktemplate<class _Functor, class ... _Bound_args> template<class _Fn, class _CallArgs, class ... _BArgs> using _Res_type_impl = typename std::result_of<_Fn&(decltype (std::_Mu<typename std::remove_cv<_BArgs>::type, std::is_bind_expression<typename std::remove_cv<_BArgs>::type>::value, (std::is_placeholder<typename std::remove_cv<_BArgs>::type>::value > 0)>()(declval<_BArgs&>(), declval<_CallArgs&>()))&& ...)>::type [with _Fn = std::_Bind<void (rt_ros2::NodoMaquinaEstados::*(rt_ros2::NodoMaquinaEstados*, std::_Placeholder<1>))(std::shared_ptr<sensor_msgs::msg::Illuminance_<std::allocator<void> > >)>; _CallArgs = std::tuple<_Tps ...>; _BArgs = {}; _Functor = std::_Bind<void (rt_ros2::NodoMaquinaEstados::*(rt_ros2::NodoMaquinaEstados*, std::_Placeholder<1>))(std::shared_ptr<sensor_msgs::msg::Illuminance_<std::allocator<void> > >)>; _Bound_args = {}][m[K’:
[18.029s] [01m[K/usr/include/c++/11/functional:468:8:[m[K   required by substitution of ‘[01m[Ktemplate<class _Functor, class ... _Bound_args> template<class _CallArgs> using _Res_type = std::_Bind<_Functor(_Bound_args ...)>::_Res_type_impl<_Functor, _CallArgs, _Bound_args ...> [with _CallArgs = std::tuple<_Tps ...>; _Functor = std::_Bind<void (rt_ros2::NodoMaquinaEstados::*(rt_ros2::NodoMaquinaEstados*, std::_Placeholder<1>))(std::shared_ptr<sensor_msgs::msg::Illuminance_<std::allocator<void> > >)>; _Bound_args = {}][m[K’
[18.030s] [01m[K/usr/include/c++/11/functional:501:2:[m[K   required from ‘[01m[Kclass std::_Bind<std::_Bind<void (rt_ros2::NodoMaquinaEstados::*(rt_ros2::NodoMaquinaEstados*, std::_Placeholder<1>))(std::shared_ptr<sensor_msgs::msg::Illuminance_<std::allocator<void> > >)>()>[m[K’
[18.031s] [01m[K/code/brickpi/rt_ros2/src/nodo_maquina_estados.cpp:16:39:[m[K   required from here
[18.031s] [01m[K/usr/include/c++/11/functional:464:15:[m[K [01;31m[Kerror: [m[Kno type named ‘[01m[Ktype[m[K’ in ‘[01m[Kstruct std::result_of<std::_Bind<void (rt_ros2::NodoMaquinaEstados::*(rt_ros2::NodoMaquinaEstados*, std::_Placeholder<1>))(std::shared_ptr<sensor_msgs::msg::Illuminance_<std::allocator<void> > >)>&()>[m[K’
[18.089s] [01m[K/code/brickpi/rt_ros2/src/nodo_maquina_estados.cpp:[m[K In constructor ‘[01m[Krt_ros2::NodoMaquinaEstados::NodoMaquinaEstados()[m[K’:
[18.090s] [01m[K/code/brickpi/rt_ros2/src/nodo_maquina_estados.cpp:23:5:[m[K [01;31m[Kerror: [m[K‘[01m[Ktimer_publicacion_[m[K’ was not declared in this scope
[18.090s]    23 |     [01;31m[Ktimer_publicacion_[m[K = this->create_timer( std::chrono::milliseconds(FREC_TOPIC_MS), std::bind(&NodoMaquinaEstados::timer_callback, this));
[18.090s]       |     [01;31m[K^~~~~~~~~~~~~~~~~~[m[K
[18.093s] [01m[K/code/brickpi/rt_ros2/src/nodo_maquina_estados.cpp:23:32:[m[K [01;31m[Kerror: [m[K‘[01m[Kclass rt_ros2::NodoMaquinaEstados[m[K’ has no member named ‘[01m[Kcreate_timer[m[K’; did you mean ‘[01m[Kcreate_wall_timer[m[K’?
[18.093s]    23 |     timer_publicacion_ = this->[01;31m[Kcreate_timer[m[K( std::chrono::milliseconds(FREC_TOPIC_MS), std::bind(&NodoMaquinaEstados::timer_callback, this));
[18.099s]       |                                [01;31m[K^~~~~~~~~~~~[m[K
[18.100s]       |                                [32m[Kcreate_wall_timer[m[K
[20.089s] gmake[2]: *** [CMakeFiles/rt_ros2.dir/build.make:76: CMakeFiles/rt_ros2.dir/src/main.cc.o] Error 1
[20.090s] gmake[2]: *** Waiting for unfinished jobs....
[20.203s] In file included from [01m[K/opt/ros/humble/include/rclcpp/rclcpp/client.hpp:39[m[K,
[20.204s]                  from [01m[K/opt/ros/humble/include/rclcpp/rclcpp/callback_group.hpp:24[m[K,
[20.205s]                  from [01m[K/opt/ros/humble/include/rclcpp/rclcpp/any_executable.hpp:20[m[K,
[20.205s]                  from [01m[K/opt/ros/humble/include/rclcpp/rclcpp/memory_strategy.hpp:25[m[K,
[20.206s]                  from [01m[K/opt/ros/humble/include/rclcpp/rclcpp/memory_strategies.hpp:18[m[K,
[20.207s]                  from [01m[K/opt/ros/humble/include/rclcpp/rclcpp/executor_options.hpp:20[m[K,
[20.208s]                  from [01m[K/opt/ros/humble/include/rclcpp/rclcpp/executor.hpp:37[m[K,
[20.209s]                  from [01m[K/opt/ros/humble/include/rclcpp/rclcpp/executors/multi_threaded_executor.hpp:25[m[K,
[20.216s]                  from [01m[K/opt/ros/humble/include/rclcpp/rclcpp/executors.hpp:21[m[K,
[20.217s]                  from [01m[K/opt/ros/humble/include/rclcpp/rclcpp/rclcpp.hpp:155[m[K,
[20.218s]                  from [01m[K/code/brickpi/rt_ros2/include/rt_ros2/nodo_maquina_estados.h:4[m[K,
[20.218s]                  from [01m[K/code/brickpi/rt_ros2/src/nodo_maquina_estados.cpp:1[m[K:
[20.219s] /opt/ros/humble/include/rclcpp/rclcpp/function_traits.hpp: In instantiation of ‘[01m[Kstruct rclcpp::function_traits::function_traits<std::_Bind<std::_Bind<void (rt_ros2::NodoMaquinaEstados::*(rt_ros2::NodoMaquinaEstados*, std::_Placeholder<1>))(std::shared_ptr<sensor_msgs::msg::Illuminance_<std::allocator<void> > >)>()> >[m[K’:
[20.219s] [01m[K/opt/ros/humble/include/rclcpp/rclcpp/any_subscription_callback.hpp:380:10:[m[K   recursively required by substitution of ‘[01m[Ktemplate<class MessageT, class CallbackT> struct rclcpp::detail::SubscriptionCallbackTypeHelper<MessageT, CallbackT, typename std::enable_if<rclcpp::function_traits::same_arguments<CallbackT, std::function<void(std::shared_ptr<_Tp>, const rclcpp::MessageInfo&)> >::value, void>::type> [with MessageT = sensor_msgs::msg::Illuminance_<std::allocator<void> >; CallbackT = std::_Bind<std::_Bind<void (rt_ros2::NodoMaquinaEstados::*(rt_ros2::NodoMaquinaEstados*, std::_Placeholder<1>))(std::shared_ptr<sensor_msgs::msg::Illuminance_<std::allocator<void> > >)>()>][m[K’
[20.227s] [01m[K/opt/ros/humble/include/rclcpp/rclcpp/any_subscription_callback.hpp:380:10:[m[K   required from ‘[01m[Krclcpp::AnySubscriptionCallback<MessageT, AllocatorT> rclcpp::AnySubscriptionCallback<MessageT, AllocatorT>::set(CallbackT) [with CallbackT = std::_Bind<std::_Bind<void (rt_ros2::NodoMaquinaEstados::*(rt_ros2::NodoMaquinaEstados*, std::_Placeholder<1>))(std::shared_ptr<sensor_msgs::msg::Illuminance_<std::allocator<void> > >)>()>; MessageT = sensor_msgs::msg::Illuminance_<std::allocator<void> >; AllocatorT = std::allocator<void>][m[K’
[20.228s] [01m[K/opt/ros/humble/include/rclcpp/rclcpp/subscription_factory.hpp:94:32:[m[K   required from ‘[01m[Krclcpp::SubscriptionFactory rclcpp::create_subscription_factory(CallbackT&&, const rclcpp::SubscriptionOptionsWithAllocator<AllocatorT>&, typename MessageMemoryStrategyT::SharedPtr, std::shared_ptr<rclcpp::topic_statistics::SubscriptionTopicStatistics<ROSMessageType> >) [with MessageT = sensor_msgs::msg::Illuminance_<std::allocator<void> >; CallbackT = std::_Bind<std::_Bind<void (rt_ros2::NodoMaquinaEstados::*(rt_ros2::NodoMaquinaEstados*, std::_Placeholder<1>))(std::shared_ptr<sensor_msgs::msg::Illuminance_<std::allocator<void> > >)>()>&; AllocatorT = std::allocator<void>; SubscriptionT = rclcpp::Subscription<sensor_msgs::msg::Illuminance_<std::allocator<void> > >; MessageMemoryStrategyT = rclcpp::message_memory_strategy::MessageMemoryStrategy<sensor_msgs::msg::Illuminance_<std::allocator<void> >, std::allocator<void> >; ROSMessageType = sensor_msgs::msg::Illuminance_<std::allocator<void> >; typename MessageMemoryStrategyT::SharedPtr = std::shared_ptr<rclcpp::message_memory_strategy::MessageMemoryStrategy<sensor_msgs::msg::Illuminance_<std::allocator<void> >, std::allocator<void> > >][m[K’
[20.229s] [01m[K/opt/ros/humble/include/rclcpp/rclcpp/create_subscription.hpp:122:63:[m[K   required from ‘[01m[Kstd::shared_ptr<ROSMessageT> rclcpp::detail::create_subscription(NodeParametersT&, NodeTopicsT&, const string&, const rclcpp::QoS&, CallbackT&&, const rclcpp::SubscriptionOptionsWithAllocator<AllocatorT>&, typename MessageMemoryStrategyT::SharedPtr) [with MessageT = sensor_msgs::msg::Illuminance_<std::allocator<void> >; CallbackT = std::_Bind<std::_Bind<void (rt_ros2::NodoMaquinaEstados::*(rt_ros2::NodoMaquinaEstados*, std::_Placeholder<1>))(std::shared_ptr<sensor_msgs::msg::Illuminance_<std::allocator<void> > >)>()>&; AllocatorT = std::allocator<void>; SubscriptionT = rclcpp::Subscription<sensor_msgs::msg::Illuminance_<std::allocator<void> > >; MessageMemoryStrategyT = rclcpp::message_memory_strategy::MessageMemoryStrategy<sensor_msgs::msg::Illuminance_<std::allocator<void> >, std::allocator<void> >; NodeParametersT = rclcpp::Node; NodeTopicsT = rclcpp::Node; ROSMessageType = sensor_msgs::msg::Illuminance_<std::allocator<void> >; std::string = std::__cxx11::basic_string<char>; typename MessageMemoryStrategyT::SharedPtr = std::shared_ptr<rclcpp::message_memory_strategy::MessageMemoryStrategy<sensor_msgs::msg::Illuminance_<std::allocator<void> >, std::allocator<void> > >][m[K’
[20.229s] [01m[K/opt/ros/humble/include/rclcpp/rclcpp/create_subscription.hpp:191:76:[m[K   required from ‘[01m[Kstd::shared_ptr<ROSMessageT> rclcpp::create_subscription(NodeT&, const string&, const rclcpp::QoS&, CallbackT&&, const rclcpp::SubscriptionOptionsWithAllocator<AllocatorT>&, typename MessageMemoryStrategyT::SharedPtr) [with MessageT = sensor_msgs::msg::Illuminance_<std::allocator<void> >; CallbackT = std::_Bind<std::_Bind<void (rt_ros2::NodoMaquinaEstados::*(rt_ros2::NodoMaquinaEstados*, std::_Placeholder<1>))(std::shared_ptr<sensor_msgs::msg::Illuminance_<std::allocator<void> > >)>()>&; AllocatorT = std::allocator<void>; SubscriptionT = rclcpp::Subscription<sensor_msgs::msg::Illuminance_<std::allocator<void> > >; MessageMemoryStrategyT = rclcpp::message_memory_strategy::MessageMemoryStrategy<sensor_msgs::msg::Illuminance_<std::allocator<void> >, std::allocator<void> >; NodeT = rclcpp::Node; std::string = std::__cxx11::basic_string<char>; typename MessageMemoryStrategyT::SharedPtr = std::shared_ptr<rclcpp::message_memory_strategy::MessageMemoryStrategy<sensor_msgs::msg::Illuminance_<std::allocator<void> >, std::allocator<void> > >][m[K’
[20.230s] [01m[K/opt/ros/humble/include/rclcpp/rclcpp/node_impl.hpp:99:47:[m[K   required from ‘[01m[Kstd::shared_ptr<ROSMessageT> rclcpp::Node::create_subscription(const string&, const rclcpp::QoS&, CallbackT&&, const rclcpp::SubscriptionOptionsWithAllocator<AllocatorT>&, typename MessageMemoryStrategyT::SharedPtr) [with MessageT = sensor_msgs::msg::Illuminance_<std::allocator<void> >; CallbackT = std::_Bind<std::_Bind<void (rt_ros2::NodoMaquinaEstados::*(rt_ros2::NodoMaquinaEstados*, std::_Placeholder<1>))(std::shared_ptr<sensor_msgs::msg::Illuminance_<std::allocator<void> > >)>()>&; AllocatorT = std::allocator<void>; SubscriptionT = rclcpp::Subscription<sensor_msgs::msg::Illuminance_<std::allocator<void> > >; MessageMemoryStrategyT = rclcpp::message_memory_strategy::MessageMemoryStrategy<sensor_msgs::msg::Illuminance_<std::allocator<void> >, std::allocator<void> >; std::string = std::__cxx11::basic_string<char>; typename MessageMemoryStrategyT::SharedPtr = std::shared_ptr<rclcpp::message_memory_strategy::MessageMemoryStrategy<sensor_msgs::msg::Illuminance_<std::allocator<void> >, std::allocator<void> > >][m[K’
[20.230s] [01m[K/code/brickpi/rt_ros2/src/nodo_maquina_estados.cpp:17:69:[m[K   required from here
[20.231s] [01m[K/opt/ros/humble/include/rclcpp/rclcpp/function_traits.hpp:51:9:[m[K [01;31m[Kerror: [m[K‘[01m[Kdecltype[m[K’ cannot resolve address of overloaded function
[20.231s]    51 |   using [01;31m[Karguments[m[K = typename tuple_tail<
[20.232s]       |         [01;31m[K^~~~~~~~~[m[K
[20.232s] [01m[K/opt/ros/humble/include/rclcpp/rclcpp/function_traits.hpp:57:9:[m[K [01;31m[Kerror: [m[K‘[01m[Kdecltype[m[K’ cannot resolve address of overloaded function
[20.233s]    57 |   using [01;31m[Kargument_type[m[K = typename std::tuple_element<N, arguments>::type;
[20.233s]       |         [01;31m[K^~~~~~~~~~~~~[m[K
[20.244s] [01m[K/opt/ros/humble/include/rclcpp/rclcpp/function_traits.hpp:59:9:[m[K [01;31m[Kerror: [m[K‘[01m[Kdecltype[m[K’ cannot resolve address of overloaded function
[20.245s]    59 |   using [01;31m[Kreturn_type[m[K = typename function_traits<decltype( &FunctionT::operator())>::return_type;
[20.245s]       |         [01;31m[K^~~~~~~~~~~[m[K
[28.603s] gmake[2]: *** [CMakeFiles/rt_ros2.dir/build.make:104: CMakeFiles/rt_ros2.dir/src/nodo_maquina_estados.cpp.o] Error 1
[28.603s] gmake[1]: *** [CMakeFiles/Makefile2:137: CMakeFiles/rt_ros2.dir/all] Error 2
[28.604s] gmake: *** [Makefile:146: all] Error 2
[28.613s] Invoked command in '/code/brickpi/build/rt_ros2' returned '2': CMAKE_PREFIX_PATH=/opt/ros/humble /usr/bin/cmake --build /code/brickpi/build/rt_ros2 -- -j4 -l4
