[0.075s] Invoking command in '/code/brickpi/build/rt_ros2': CMAKE_PREFIX_PATH=${CMAKE_PREFIX_PATH}:/opt/ros/humble /usr/bin/cmake --build /code/brickpi/build/rt_ros2 -- -j4 -l4
[0.289s] [35m[1mConsolidate compiler generated dependencies of target rt_ros2[0m
[0.456s] [ 25%] [32mBuilding CXX object CMakeFiles/rt_ros2.dir/src/main.cc.o[0m
[0.465s] [ 50%] [32mBuilding CXX object CMakeFiles/rt_ros2.dir/src/nodo_actuador.cpp.o[0m
[58.143s] [ 75%] [32m[1mLinking CXX executable rt_ros2[0m
[61.957s] [100%] Built target rt_ros2
[62.004s] Invoked command in '/code/brickpi/build/rt_ros2' returned '0': CMAKE_PREFIX_PATH=${CMAKE_PREFIX_PATH}:/opt/ros/humble /usr/bin/cmake --build /code/brickpi/build/rt_ros2 -- -j4 -l4
[62.046s] Invoking command in '/code/brickpi/build/rt_ros2': CMAKE_PREFIX_PATH=${CMAKE_PREFIX_PATH}:/opt/ros/humble /usr/bin/cmake --install /code/brickpi/build/rt_ros2
[62.074s] -- Install configuration: ""
[62.076s] -- Installing: /code/brickpi/install/rt_ros2/lib/rt_ros2/rt_ros2
[62.153s] -- Set runtime path of "/code/brickpi/install/rt_ros2/lib/rt_ros2/rt_ros2" to ""
[62.154s] -- Up-to-date: /code/brickpi/install/rt_ros2/share/ament_index/resource_index/package_run_dependencies/rt_ros2
[62.155s] -- Up-to-date: /code/brickpi/install/rt_ros2/share/ament_index/resource_index/parent_prefix_path/rt_ros2
[62.156s] -- Up-to-date: /code/brickpi/install/rt_ros2/share/rt_ros2/environment/ament_prefix_path.sh
[62.156s] -- Up-to-date: /code/brickpi/install/rt_ros2/share/rt_ros2/environment/ament_prefix_path.dsv
[62.157s] -- Up-to-date: /code/brickpi/install/rt_ros2/share/rt_ros2/environment/path.sh
[62.157s] -- Up-to-date: /code/brickpi/install/rt_ros2/share/rt_ros2/environment/path.dsv
[62.158s] -- Up-to-date: /code/brickpi/install/rt_ros2/share/rt_ros2/local_setup.bash
[62.158s] -- Up-to-date: /code/brickpi/install/rt_ros2/share/rt_ros2/local_setup.sh
[62.159s] -- Up-to-date: /code/brickpi/install/rt_ros2/share/rt_ros2/local_setup.zsh
[62.160s] -- Up-to-date: /code/brickpi/install/rt_ros2/share/rt_ros2/local_setup.dsv
[62.160s] -- Installing: /code/brickpi/install/rt_ros2/share/rt_ros2/package.dsv
[62.161s] -- Up-to-date: /code/brickpi/install/rt_ros2/share/ament_index/resource_index/packages/rt_ros2
[62.162s] -- Up-to-date: /code/brickpi/install/rt_ros2/share/rt_ros2/cmake/rt_ros2Config.cmake
[62.162s] -- Up-to-date: /code/brickpi/install/rt_ros2/share/rt_ros2/cmake/rt_ros2Config-version.cmake
[62.163s] -- Up-to-date: /code/brickpi/install/rt_ros2/share/rt_ros2/package.xml
[62.167s] Invoked command in '/code/brickpi/build/rt_ros2' returned '0': CMAKE_PREFIX_PATH=${CMAKE_PREFIX_PATH}:/opt/ros/humble /usr/bin/cmake --install /code/brickpi/build/rt_ros2
