[3.801s] Invoking command in '/code/brickpi/build/brickpi3_sensors': PYTHONPATH=/code/brickpi/build/brickpi3_sensors/prefix_override:/usr/lib/python3/dist-packages/colcon_core/task/python/colcon_distutils_commands:/code/brickpi/install/brickpi3_sensors/lib/python3.10/site-packages:${PYTHONPATH} /usr/bin/python3 -W ignore:setup.py install is deprecated -W ignore:easy_install command is deprecated setup.py develop --editable --build-directory /code/brickpi/build/brickpi3_sensors/build --no-deps symlink_data
[5.509s] running develop
[6.532s] running egg_info
[6.532s] writing brickpi3_sensors.egg-info/PKG-INFO
[6.534s] writing dependency_links to brickpi3_sensors.egg-info/dependency_links.txt
[6.536s] writing entry points to brickpi3_sensors.egg-info/entry_points.txt
[6.537s] writing requirements to brickpi3_sensors.egg-info/requires.txt
[6.538s] writing top-level names to brickpi3_sensors.egg-info/top_level.txt
[6.548s] reading manifest file 'brickpi3_sensors.egg-info/SOURCES.txt'
[6.553s] writing manifest file 'brickpi3_sensors.egg-info/SOURCES.txt'
[6.561s] running build_ext
[6.562s] Creating /code/brickpi/install/brickpi3_sensors/lib/python3.10/site-packages/brickpi3-sensors.egg-link (link to .)
[6.569s] Installing battery_node script to /code/brickpi/install/brickpi3_sensors/lib/brickpi3_sensors
[6.570s] Installing color_sensor_node script to /code/brickpi/install/brickpi3_sensors/lib/brickpi3_sensors
[6.571s] Installing compass_node script to /code/brickpi/install/brickpi3_sensors/lib/brickpi3_sensors
[6.572s] Installing differential_drive_node script to /code/brickpi/install/brickpi3_sensors/lib/brickpi3_sensors
[6.573s] Installing gyro_node script to /code/brickpi/install/brickpi3_sensors/lib/brickpi3_sensors
[6.575s] Installing infrared_distance_node script to /code/brickpi/install/brickpi3_sensors/lib/brickpi3_sensors
[6.576s] Installing touch_sensor_node script to /code/brickpi/install/brickpi3_sensors/lib/brickpi3_sensors
[6.577s] Installing ultrasonic_distance_node script to /code/brickpi/install/brickpi3_sensors/lib/brickpi3_sensors
[6.579s] 
[6.579s] Installed /code/brickpi/build/brickpi3_sensors
[6.580s] running symlink_data
[6.732s] Invoked command in '/code/brickpi/build/brickpi3_sensors' returned '0': PYTHONPATH=/code/brickpi/build/brickpi3_sensors/prefix_override:/usr/lib/python3/dist-packages/colcon_core/task/python/colcon_distutils_commands:/code/brickpi/install/brickpi3_sensors/lib/python3.10/site-packages:${PYTHONPATH} /usr/bin/python3 -W ignore:setup.py install is deprecated -W ignore:easy_install command is deprecated setup.py develop --editable --build-directory /code/brickpi/build/brickpi3_sensors/build --no-deps symlink_data
