[0.079s] Invoking command in '/code/brickpi/build/rt_ros2': CMAKE_PREFIX_PATH=${CMAKE_PREFIX_PATH}:/code/brickpi/install/brickpi3_sensors:/code/brickpi/install/brickpi3_charlie:/opt/ros/humble /usr/bin/cmake --build /code/brickpi/build/rt_ros2 -- -j4 -l4
[0.431s] [  2%] Built target nodo_test
[0.445s] [ 28%] Built target cactus_tracing_embedded_perfetto_protos
[0.474s] [ 65%] Built target quill
[0.635s] [ 79%] Built target cactus_rt
[0.740s] [35m[1mConsolidate compiler generated dependencies of target main_rt[0m
[0.775s] [35m[1mConsolidate compiler generated dependencies of target main_be[0m
[0.826s] [ 82%] Built target nodo_ruido
[0.867s] [35m[1mConsolidate compiler generated dependencies of target rt_ros2[0m
[1.040s] [ 83%] [32mBuilding CXX object CMakeFiles/main_rt.dir/src/nodo_actuador.cpp.o[0m
[1.083s] [ 85%] [32mBuilding CXX object CMakeFiles/main_be.dir/src/nodo_actuador.cpp.o[0m
[1.121s] [ 86%] [32mBuilding CXX object CMakeFiles/rt_ros2.dir/src/nodo_actuador.cpp.o[0m
[99.691s] [ 88%] [32m[1mLinking CXX executable rt_ros2[0m
[100.128s] [ 89%] [32m[1mLinking CXX executable main_rt[0m
[101.447s] [ 91%] [32m[1mLinking CXX executable main_be[0m
[101.824s] [ 94%] Built target rt_ros2
[102.203s] [ 97%] Built target main_rt
[103.146s] [100%] Built target main_be
[103.202s] Invoked command in '/code/brickpi/build/rt_ros2' returned '0': CMAKE_PREFIX_PATH=${CMAKE_PREFIX_PATH}:/code/brickpi/install/brickpi3_sensors:/code/brickpi/install/brickpi3_charlie:/opt/ros/humble /usr/bin/cmake --build /code/brickpi/build/rt_ros2 -- -j4 -l4
[103.248s] Invoking command in '/code/brickpi/build/rt_ros2': CMAKE_PREFIX_PATH=${CMAKE_PREFIX_PATH}:/code/brickpi/install/brickpi3_sensors:/code/brickpi/install/brickpi3_charlie:/opt/ros/humble /usr/bin/cmake --install /code/brickpi/build/rt_ros2
[103.280s] -- Install configuration: "Release"
[103.283s] -- Execute custom install script
[103.284s] -- Up-to-date symlink: /code/brickpi/install/rt_ros2/include/readerwriterqueue/atomicops.h
[103.285s] -- Up-to-date symlink: /code/brickpi/install/rt_ros2/include/readerwriterqueue/readerwriterqueue.h
[103.285s] -- Up-to-date symlink: /code/brickpi/install/rt_ros2/include/readerwriterqueue/readerwritercircularbuffer.h
[103.286s] -- Up-to-date symlink: /code/brickpi/install/rt_ros2/include/readerwriterqueue/LICENSE.md
[103.289s] -- Up-to-date symlink: /code/brickpi/install/rt_ros2/lib/rt_ros2/rt_ros2
[103.289s] -- Up-to-date symlink: /code/brickpi/install/rt_ros2/lib/rt_ros2/main_rt
[103.290s] -- Up-to-date symlink: /code/brickpi/install/rt_ros2/lib/rt_ros2/main_be
[103.291s] -- Up-to-date symlink: /code/brickpi/install/rt_ros2/lib/rt_ros2/nodo_ruido
[103.293s] -- Up-to-date symlink: /code/brickpi/install/rt_ros2/share/rt_ros2/._infraestructura.launch.py
[103.294s] -- Up-to-date symlink: /code/brickpi/install/rt_ros2/share/rt_ros2/infraestructura.launch.py
[103.296s] -- Up-to-date symlink: /code/brickpi/install/rt_ros2/lib/rt_ros2/nodo_test
[103.297s] -- Up-to-date symlink: /code/brickpi/install/rt_ros2/share/ament_index/resource_index/package_run_dependencies/rt_ros2
[103.298s] -- Up-to-date symlink: /code/brickpi/install/rt_ros2/share/ament_index/resource_index/parent_prefix_path/rt_ros2
[103.300s] -- Up-to-date symlink: /code/brickpi/install/rt_ros2/share/rt_ros2/environment/ament_prefix_path.sh
[103.301s] -- Up-to-date symlink: /code/brickpi/install/rt_ros2/share/rt_ros2/environment/ament_prefix_path.dsv
[103.302s] -- Up-to-date symlink: /code/brickpi/install/rt_ros2/share/rt_ros2/environment/path.sh
[103.303s] -- Up-to-date symlink: /code/brickpi/install/rt_ros2/share/rt_ros2/environment/path.dsv
[103.304s] -- Up-to-date symlink: /code/brickpi/install/rt_ros2/share/rt_ros2/local_setup.bash
[103.305s] -- Up-to-date symlink: /code/brickpi/install/rt_ros2/share/rt_ros2/local_setup.sh
[103.306s] -- Up-to-date symlink: /code/brickpi/install/rt_ros2/share/rt_ros2/local_setup.zsh
[103.307s] -- Up-to-date symlink: /code/brickpi/install/rt_ros2/share/rt_ros2/local_setup.dsv
[103.307s] -- Symlinking: /code/brickpi/install/rt_ros2/share/rt_ros2/package.dsv
[103.349s] -- Up-to-date symlink: /code/brickpi/install/rt_ros2/share/ament_index/resource_index/packages/rt_ros2
[103.350s] -- Up-to-date symlink: /code/brickpi/install/rt_ros2/share/rt_ros2/cmake/rt_ros2Config.cmake
[103.350s] -- Up-to-date symlink: /code/brickpi/install/rt_ros2/share/rt_ros2/cmake/rt_ros2Config-version.cmake
[103.351s] -- Up-to-date symlink: /code/brickpi/install/rt_ros2/share/rt_ros2/package.xml
[103.367s] Invoked command in '/code/brickpi/build/rt_ros2' returned '0': CMAKE_PREFIX_PATH=${CMAKE_PREFIX_PATH}:/code/brickpi/install/brickpi3_sensors:/code/brickpi/install/brickpi3_charlie:/opt/ros/humble /usr/bin/cmake --install /code/brickpi/build/rt_ros2
