[35m[1mConsolidate compiler generated dependencies of target brickpi3_motors[0m
[ 50%] [32mBuilding CXX object CMakeFiles/brickpi3_motors.dir/src/brickpi3_motors.cpp.o[0m
[100%] [32m[1mLinking CXX shared library libbrickpi3_motors.so[0m
[100%] Built target brickpi3_motors
-- Install configuration: ""
-- Execute custom install script
-- Symlinking: /code/brickpi/install/brickpi3_motors/share/brickpi3_motors//brickpi3_motors.xml
-- Symlinking: /code/brickpi/install/brickpi3_motors/include/brickpi3_motors/brickpi3_motors/brickpi3_motors.hpp
-- Symlinking: /code/brickpi/install/brickpi3_motors/share/brickpi3_motors/environment/library_path.sh
-- Symlinking: /code/brickpi/install/brickpi3_motors/share/brickpi3_motors/environment/library_path.dsv
-- Symlinking: /code/brickpi/install/brickpi3_motors/share/ament_index/resource_index/package_run_dependencies/brickpi3_motors
-- Symlinking: /code/brickpi/install/brickpi3_motors/share/ament_index/resource_index/parent_prefix_path/brickpi3_motors
-- Symlinking: /code/brickpi/install/brickpi3_motors/share/brickpi3_motors/environment/ament_prefix_path.sh
-- Symlinking: /code/brickpi/install/brickpi3_motors/share/brickpi3_motors/environment/ament_prefix_path.dsv
-- Symlinking: /code/brickpi/install/brickpi3_motors/share/brickpi3_motors/environment/path.sh
-- Symlinking: /code/brickpi/install/brickpi3_motors/share/brickpi3_motors/environment/path.dsv
-- Symlinking: /code/brickpi/install/brickpi3_motors/share/brickpi3_motors/local_setup.bash
-- Symlinking: /code/brickpi/install/brickpi3_motors/share/brickpi3_motors/local_setup.sh
-- Symlinking: /code/brickpi/install/brickpi3_motors/share/brickpi3_motors/local_setup.zsh
-- Symlinking: /code/brickpi/install/brickpi3_motors/share/brickpi3_motors/local_setup.dsv
-- Symlinking: /code/brickpi/install/brickpi3_motors/share/brickpi3_motors/package.dsv
-- Symlinking: /code/brickpi/install/brickpi3_motors/share/ament_index/resource_index/packages/brickpi3_motors
-- Symlinking: /code/brickpi/install/brickpi3_motors/share/ament_index/resource_index/hardware_interface__pluginlib__plugin/brickpi3_motors
-- Symlinking: /code/brickpi/install/brickpi3_motors/share/brickpi3_motors/cmake/ament_cmake_export_targets-extras.cmake
-- Symlinking: /code/brickpi/install/brickpi3_motors/share/brickpi3_motors/cmake/ament_cmake_export_dependencies-extras.cmake
-- Symlinking: /code/brickpi/install/brickpi3_motors/share/brickpi3_motors/cmake/brickpi3_motorsConfig.cmake
-- Symlinking: /code/brickpi/install/brickpi3_motors/share/brickpi3_motors/cmake/brickpi3_motorsConfig-version.cmake
-- Symlinking: /code/brickpi/install/brickpi3_motors/share/brickpi3_motors/package.xml
-- Installing: /code/brickpi/install/brickpi3_motors/lib/libbrickpi3_motors.so
-- Set runtime path of "/code/brickpi/install/brickpi3_motors/lib/libbrickpi3_motors.so" to ""
-- Installing: /code/brickpi/install/brickpi3_motors/share/brickpi3_motors/cmake/export_brickpi3_motorsExport.cmake
-- Installing: /code/brickpi/install/brickpi3_motors/share/brickpi3_motors/cmake/export_brickpi3_motorsExport-noconfig.cmake
