-- The CXX compiler identification is GNU 11.4.0
-- Detecting CXX compiler ABI info
-- Detecting CXX compiler ABI info - done
-- Check for working CXX compiler: /usr/bin/c++ - skipped
-- Detecting CXX compile features
-- Detecting CXX compile features - done
-- Found ament_cmake: 1.3.14 (/opt/ros/humble/share/ament_cmake/cmake)
-- Found Python3: /usr/bin/python3 (found version "3.10.12") found components: Interpreter 
-- Override CMake install command with custom implementation using symlinks instead of copying resources
-- Found rclcpp: 16.0.18 (/opt/ros/humble/share/rclcpp/cmake)
-- Found rosidl_generator_c: 3.1.8 (/opt/ros/humble/share/rosidl_generator_c/cmake)
-- Found rosidl_adapter: 3.1.8 (/opt/ros/humble/share/rosidl_adapter/cmake)
-- Found rosidl_generator_cpp: 3.1.8 (/opt/ros/humble/share/rosidl_generator_cpp/cmake)
-- Using all available rosidl_typesupport_c: rosidl_typesupport_fastrtps_c;rosidl_typesupport_introspection_c
-- Using all available rosidl_typesupport_cpp: rosidl_typesupport_fastrtps_cpp;rosidl_typesupport_introspection_cpp
-- Found rmw_implementation_cmake: 6.1.2 (/opt/ros/humble/share/rmw_implementation_cmake/cmake)
-- Found rmw_fastrtps_cpp: 6.2.10 (/opt/ros/humble/share/rmw_fastrtps_cpp/cmake)
-- Found OpenSSL: /usr/lib/aarch64-linux-gnu/libcrypto.so (found version "3.0.2")  
-- Found FastRTPS: /opt/ros/humble/include  
-- Using RMW implementation 'rmw_fastrtps_cpp' as default
-- Looking for C++ include pthread.h
-- Looking for C++ include pthread.h - found
-- Performing Test CMAKE_HAVE_LIBC_PTHREAD
-- Performing Test CMAKE_HAVE_LIBC_PTHREAD - Success
-- Found Threads: TRUE  
-- Found geometry_msgs: 4.9.1 (/opt/ros/humble/share/geometry_msgs/cmake)
-- Found sensor_msgs: 4.9.1 (/opt/ros/humble/share/sensor_msgs/cmake)
-- The C compiler identification is GNU 11.4.0
-- Detecting C compiler ABI info
-- Detecting C compiler ABI info - done
-- Check for working C compiler: /usr/bin/cc - skipped
-- Detecting C compile features
-- Detecting C compile features - done
-- QUILL_NO_EXCEPTIONS: OFF
-- QUILL_FMT_EXTERNAL: OFF
-- QUILL_NO_THREAD_NAME_SUPPORT: OFF
-- Found Protobuf: /usr/lib/aarch64-linux-gnu/libprotobuf.so (found version "3.12.4") 
-- Configuring done
-- Generating done
-- Build files have been written to: /code/brickpi/build/rt_ros2
[  1%] [34m[1mRunning cpp protocol buffer compiler on counter_descriptor.proto[0m
[  3%] [34m[1mRunning cpp protocol buffer compiler on track_event.proto[0m
[  4%] [32mBuilding CXX object CMakeFiles/nodo_test.dir/test/nodo_test.cpp.o[0m
[  6%] [32mBuilding CXX object vendor/quill/quill/CMakeFiles/quill.dir/src/detail/backend/BackendWorker.cpp.o[0m
[  7%] [34m[1mRunning cpp protocol buffer compiler on source_location.proto[0m
[  9%] [34m[1mRunning cpp protocol buffer compiler on process_descriptor.proto[0m
[ 10%] [34m[1mRunning cpp protocol buffer compiler on thread_descriptor.proto[0m
[ 12%] [34m[1mRunning cpp protocol buffer compiler on trace.proto[0m
[ 13%] [34m[1mRunning cpp protocol buffer compiler on trace_packet.proto[0m
[ 15%] [34m[1mRunning cpp protocol buffer compiler on track_descriptor.proto[0m
[ 16%] [32mBuilding CXX object vendor/quill/quill/CMakeFiles/quill.dir/src/detail/backend/BacktraceStorage.cpp.o[0m
[ 18%] [32mBuilding CXX object vendor/cactus-rt/protos/CMakeFiles/cactus_tracing_embedded_perfetto_protos.dir/trace.pb.cc.o[0m
[ 20%] [32mBuilding CXX object vendor/cactus-rt/protos/CMakeFiles/cactus_tracing_embedded_perfetto_protos.dir/trace_packet.pb.cc.o[0m
[ 21%] [32mBuilding CXX object vendor/quill/quill/CMakeFiles/quill.dir/src/detail/backend/TimestampFormatter.cpp.o[0m
[ 23%] [32mBuilding CXX object vendor/quill/quill/CMakeFiles/quill.dir/src/detail/backend/StringFromTime.cpp.o[0m
[ 24%] [32mBuilding CXX object vendor/cactus-rt/protos/CMakeFiles/cactus_tracing_embedded_perfetto_protos.dir/track_descriptor.pb.cc.o[0m
[ 26%] [32mBuilding CXX object vendor/quill/quill/CMakeFiles/quill.dir/src/detail/backend/TransitEventBuffer.cpp.o[0m
[ 27%] [32mBuilding CXX object vendor/quill/quill/CMakeFiles/quill.dir/src/detail/misc/FileUtilities.cpp.o[0m
[ 29%] [32mBuilding CXX object vendor/cactus-rt/protos/CMakeFiles/cactus_tracing_embedded_perfetto_protos.dir/thread_descriptor.pb.cc.o[0m
[ 30%] [32mBuilding CXX object vendor/cactus-rt/protos/CMakeFiles/cactus_tracing_embedded_perfetto_protos.dir/process_descriptor.pb.cc.o[0m
[ 32%] [32mBuilding CXX object vendor/cactus-rt/protos/CMakeFiles/cactus_tracing_embedded_perfetto_protos.dir/counter_descriptor.pb.cc.o[0m
[ 33%] [32mBuilding CXX object vendor/quill/quill/CMakeFiles/quill.dir/src/detail/misc/Os.cpp.o[0m
[ 35%] [32mBuilding CXX object vendor/cactus-rt/protos/CMakeFiles/cactus_tracing_embedded_perfetto_protos.dir/track_event.pb.cc.o[0m
[ 36%] [32mBuilding CXX object vendor/cactus-rt/protos/CMakeFiles/cactus_tracing_embedded_perfetto_protos.dir/source_location.pb.cc.o[0m
[ 38%] [32mBuilding CXX object vendor/quill/quill/CMakeFiles/quill.dir/src/detail/misc/RdtscClock.cpp.o[0m
[ 40%] [32mBuilding CXX object vendor/quill/quill/CMakeFiles/quill.dir/src/detail/misc/Utilities.cpp.o[0m
[ 41%] [32m[1mLinking CXX static library libcactus_tracing_embedded_perfetto_protos.a[0m
[ 41%] Built target cactus_tracing_embedded_perfetto_protos
[ 43%] [32mBuilding CXX object vendor/quill/quill/CMakeFiles/quill.dir/src/detail/HandlerCollection.cpp.o[0m
[ 44%] [32mBuilding CXX object vendor/quill/quill/CMakeFiles/quill.dir/src/detail/SignalHandler.cpp.o[0m
[ 46%] [32mBuilding CXX object vendor/quill/quill/CMakeFiles/quill.dir/src/handlers/ConsoleHandler.cpp.o[0m
[ 47%] [32mBuilding CXX object vendor/quill/quill/CMakeFiles/quill.dir/src/detail/LoggerCollection.cpp.o[0m
[ 49%] [32mBuilding CXX object vendor/quill/quill/CMakeFiles/quill.dir/src/handlers/Handler.cpp.o[0m
[ 50%] [32mBuilding CXX object vendor/quill/quill/CMakeFiles/quill.dir/src/handlers/JsonFileHandler.cpp.o[0m
[ 52%] [32mBuilding CXX object vendor/quill/quill/CMakeFiles/quill.dir/src/handlers/RotatingFileHandler.cpp.o[0m
[ 53%] [32mBuilding CXX object vendor/quill/quill/CMakeFiles/quill.dir/src/handlers/FileHandler.cpp.o[0m
[ 55%] [32m[1mLinking CXX executable nodo_test[0m
[ 55%] Built target nodo_test
[ 56%] [32mBuilding CXX object vendor/quill/quill/CMakeFiles/quill.dir/src/handlers/StreamHandler.cpp.o[0m
[ 58%] [32mBuilding CXX object vendor/quill/quill/CMakeFiles/quill.dir/src/LogLevel.cpp.o[0m
[ 60%] [32mBuilding CXX object vendor/quill/quill/CMakeFiles/quill.dir/src/Utility.cpp.o[0m
[ 61%] [32mBuilding CXX object vendor/quill/quill/CMakeFiles/quill.dir/src/Quill.cpp.o[0m
[ 63%] [32mBuilding CXX object vendor/quill/quill/CMakeFiles/quill.dir/src/bundled/fmt/format.cc.o[0m
[ 64%] [32mBuilding CXX object vendor/quill/quill/CMakeFiles/quill.dir/src/PatternFormatter.cpp.o[0m
[ 66%] [32mBuilding CXX object vendor/quill/quill/CMakeFiles/quill.dir/src/bundled/fmt/os.cc.o[0m
[ 67%] [32m[1mLinking CXX static library libquill.a[0m
[ 67%] Built target quill
[ 69%] [32mBuilding CXX object vendor/cactus-rt/CMakeFiles/cactus_rt.dir/src/cactus_rt/app.cc.o[0m
[ 70%] [32mBuilding CXX object vendor/cactus-rt/CMakeFiles/cactus_rt.dir/src/cactus_rt/thread.cc.o[0m
[ 72%] [32mBuilding CXX object vendor/cactus-rt/CMakeFiles/cactus_rt.dir/src/cactus_rt/cyclic_thread.cc.o[0m
[ 73%] [32mBuilding CXX object vendor/cactus-rt/CMakeFiles/cactus_rt.dir/src/cactus_rt/signal_handler.cc.o[0m
[ 75%] [32mBuilding CXX object vendor/cactus-rt/CMakeFiles/cactus_rt.dir/src/cactus_rt/tracing/tracing_enabled.cc.o[0m
[ 76%] [32mBuilding CXX object vendor/cactus-rt/CMakeFiles/cactus_rt.dir/src/cactus_rt/tracing/sink.cc.o[0m
[ 78%] [32mBuilding CXX object vendor/cactus-rt/CMakeFiles/cactus_rt.dir/src/cactus_rt/tracing/thread_tracer.cc.o[0m
[ 80%] [32mBuilding CXX object vendor/cactus-rt/CMakeFiles/cactus_rt.dir/src/cactus_rt/tracing/trace_aggregator.cc.o[0m
[ 81%] [32m[1mLinking CXX static library libcactus_rt.a[0m
[ 81%] Built target cactus_rt
[ 83%] [32mBuilding CXX object CMakeFiles/main_rt.dir/src/mainRT.cc.o[0m
[ 84%] [32mBuilding CXX object CMakeFiles/rt_ros2.dir/src/main.cc.o[0m
[ 86%] [32mBuilding CXX object CMakeFiles/rt_ros2.dir/src/nodo_actuador.cpp.o[0m
[ 87%] [32mBuilding CXX object CMakeFiles/main_rt.dir/src/nodo_actuador.cpp.o[0m
[ 89%] [32mBuilding CXX object CMakeFiles/rt_ros2.dir/src/nodo_maquina_estados.cpp.o[0m
[ 90%] [32mBuilding CXX object CMakeFiles/main_rt.dir/src/nodo_maquina_estados.cpp.o[0m
[ 92%] [32m[1mLinking CXX executable rt_ros2[0m
[ 92%] Built target rt_ros2
[ 93%] [32mBuilding CXX object CMakeFiles/main_be.dir/src/mainBE.cc.o[0m
[ 95%] [32mBuilding CXX object CMakeFiles/main_be.dir/src/nodo_actuador.cpp.o[0m
[ 96%] [32mBuilding CXX object CMakeFiles/main_be.dir/src/nodo_maquina_estados.cpp.o[0m
[ 98%] [32m[1mLinking CXX executable main_rt[0m
[ 98%] Built target main_rt
[100%] [32m[1mLinking CXX executable main_be[0m
[100%] Built target main_be
-- Install configuration: "Release"
-- Execute custom install script
-- Symlinking: /code/brickpi/install/rt_ros2/include/readerwriterqueue/atomicops.h
-- Symlinking: /code/brickpi/install/rt_ros2/include/readerwriterqueue/readerwriterqueue.h
-- Symlinking: /code/brickpi/install/rt_ros2/include/readerwriterqueue/readerwritercircularbuffer.h
-- Symlinking: /code/brickpi/install/rt_ros2/include/readerwriterqueue/LICENSE.md
-- Symlinking: /code/brickpi/install/rt_ros2/lib/rt_ros2/rt_ros2
-- Symlinking: /code/brickpi/install/rt_ros2/lib/rt_ros2/main_rt
-- Symlinking: /code/brickpi/install/rt_ros2/lib/rt_ros2/main_be
-- Symlinking: /code/brickpi/install/rt_ros2/share/rt_ros2/._infraestructura.launch.py
-- Symlinking: /code/brickpi/install/rt_ros2/share/rt_ros2/infraestructura.launch.py
-- Symlinking: /code/brickpi/install/rt_ros2/lib/rt_ros2/nodo_test
-- Symlinking: /code/brickpi/install/rt_ros2/share/ament_index/resource_index/package_run_dependencies/rt_ros2
-- Symlinking: /code/brickpi/install/rt_ros2/share/ament_index/resource_index/parent_prefix_path/rt_ros2
-- Symlinking: /code/brickpi/install/rt_ros2/share/rt_ros2/environment/ament_prefix_path.sh
-- Symlinking: /code/brickpi/install/rt_ros2/share/rt_ros2/environment/ament_prefix_path.dsv
-- Symlinking: /code/brickpi/install/rt_ros2/share/rt_ros2/environment/path.sh
-- Symlinking: /code/brickpi/install/rt_ros2/share/rt_ros2/environment/path.dsv
-- Symlinking: /code/brickpi/install/rt_ros2/share/rt_ros2/local_setup.bash
-- Symlinking: /code/brickpi/install/rt_ros2/share/rt_ros2/local_setup.sh
-- Symlinking: /code/brickpi/install/rt_ros2/share/rt_ros2/local_setup.zsh
-- Symlinking: /code/brickpi/install/rt_ros2/share/rt_ros2/local_setup.dsv
-- Symlinking: /code/brickpi/install/rt_ros2/share/rt_ros2/package.dsv
-- Symlinking: /code/brickpi/install/rt_ros2/share/ament_index/resource_index/packages/rt_ros2
-- Symlinking: /code/brickpi/install/rt_ros2/share/rt_ros2/cmake/rt_ros2Config.cmake
-- Symlinking: /code/brickpi/install/rt_ros2/share/rt_ros2/cmake/rt_ros2Config-version.cmake
-- Symlinking: /code/brickpi/install/rt_ros2/share/rt_ros2/package.xml
