[0.057s] Invoking command in '/code/brickpi/build/rt_ros2': CMAKE_PREFIX_PATH=${CMAKE_PREFIX_PATH}:/code/brickpi/install/brickpi3_sensors:/code/brickpi/install/brickpi3_charlie:/opt/ros/humble /usr/bin/cmake /code/brickpi/rt_ros2 -DAMENT_CMAKE_SYMLINK_INSTALL=1 -DCMAKE_INSTALL_PREFIX=/code/brickpi/install/rt_ros2
[0.446s] -- The CXX compiler identification is GNU 11.4.0
[0.487s] -- Detecting CXX compiler ABI info
[0.923s] -- Detecting CXX compiler ABI info - done
[0.956s] -- Check for working CXX compiler: /usr/bin/c++ - skipped
[0.957s] -- Detecting CXX compile features
[0.959s] -- Detecting CXX compile features - done
[0.985s] -- Found ament_cmake: 1.3.14 (/opt/ros/humble/share/ament_cmake/cmake)
[1.914s] -- Found Python3: /usr/bin/python3 (found version "3.10.12") found components: Interpreter 
[2.243s] -- Override CMake install command with custom implementation using symlinks instead of copying resources
[2.487s] -- Found rclcpp: 16.0.18 (/opt/ros/humble/share/rclcpp/cmake)
[2.785s] -- Found rosidl_generator_c: 3.1.8 (/opt/ros/humble/share/rosidl_generator_c/cmake)
[2.825s] -- Found rosidl_adapter: 3.1.8 (/opt/ros/humble/share/rosidl_adapter/cmake)
[2.883s] -- Found rosidl_generator_cpp: 3.1.8 (/opt/ros/humble/share/rosidl_generator_cpp/cmake)
[2.965s] -- Using all available rosidl_typesupport_c: rosidl_typesupport_fastrtps_c;rosidl_typesupport_introspection_c
[3.068s] -- Using all available rosidl_typesupport_cpp: rosidl_typesupport_fastrtps_cpp;rosidl_typesupport_introspection_cpp
[3.348s] -- Found rmw_implementation_cmake: 6.1.2 (/opt/ros/humble/share/rmw_implementation_cmake/cmake)
[3.368s] -- Found rmw_fastrtps_cpp: 6.2.10 (/opt/ros/humble/share/rmw_fastrtps_cpp/cmake)
[3.867s] -- Found OpenSSL: /usr/lib/aarch64-linux-gnu/libcrypto.so (found version "3.0.2")  
[4.004s] -- Found FastRTPS: /opt/ros/humble/include  
[4.234s] -- Using RMW implementation 'rmw_fastrtps_cpp' as default
[4.303s] -- Looking for C++ include pthread.h
[4.759s] -- Looking for C++ include pthread.h - found
[4.761s] -- Performing Test CMAKE_HAVE_LIBC_PTHREAD
[5.211s] -- Performing Test CMAKE_HAVE_LIBC_PTHREAD - Success
[5.216s] -- Found Threads: TRUE  
[5.547s] -- Found geometry_msgs: 4.9.1 (/opt/ros/humble/share/geometry_msgs/cmake)
[5.638s] -- Found sensor_msgs: 4.9.1 (/opt/ros/humble/share/sensor_msgs/cmake)
[5.988s] -- The C compiler identification is GNU 11.4.0
[6.027s] -- Detecting C compiler ABI info
[6.420s] -- Detecting C compiler ABI info - done
[6.452s] -- Check for working C compiler: /usr/bin/cc - skipped
[6.454s] -- Detecting C compile features
[6.456s] -- Detecting C compile features - done
[6.477s] -- QUILL_NO_EXCEPTIONS: OFF
[6.478s] -- QUILL_FMT_EXTERNAL: OFF
[6.479s] -- QUILL_NO_THREAD_NAME_SUPPORT: OFF
[6.576s] -- Found Protobuf: /usr/lib/aarch64-linux-gnu/libprotobuf.so (found version "3.12.4") 
[7.067s] -- Configuring done
[7.292s] -- Generating done
[7.345s] -- Build files have been written to: /code/brickpi/build/rt_ros2
[7.399s] Invoked command in '/code/brickpi/build/rt_ros2' returned '0': CMAKE_PREFIX_PATH=${CMAKE_PREFIX_PATH}:/code/brickpi/install/brickpi3_sensors:/code/brickpi/install/brickpi3_charlie:/opt/ros/humble /usr/bin/cmake /code/brickpi/rt_ros2 -DAMENT_CMAKE_SYMLINK_INSTALL=1 -DCMAKE_INSTALL_PREFIX=/code/brickpi/install/rt_ros2
[7.409s] Invoking command in '/code/brickpi/build/rt_ros2': CMAKE_PREFIX_PATH=${CMAKE_PREFIX_PATH}:/code/brickpi/install/brickpi3_sensors:/code/brickpi/install/brickpi3_charlie:/opt/ros/humble /usr/bin/cmake --build /code/brickpi/build/rt_ros2 -- -j4 -l4
[7.673s] [  1%] [34m[1mRunning cpp protocol buffer compiler on counter_descriptor.proto[0m
[7.687s] [  3%] [34m[1mRunning cpp protocol buffer compiler on track_event.proto[0m
[7.716s] [  4%] [32mBuilding CXX object CMakeFiles/nodo_test.dir/test/nodo_test.cpp.o[0m
[7.761s] [  6%] [32mBuilding CXX object vendor/quill/quill/CMakeFiles/quill.dir/src/detail/backend/BackendWorker.cpp.o[0m
[7.839s] [  7%] [34m[1mRunning cpp protocol buffer compiler on source_location.proto[0m
[7.892s] [  9%] [34m[1mRunning cpp protocol buffer compiler on process_descriptor.proto[0m
[7.948s] [ 10%] [34m[1mRunning cpp protocol buffer compiler on thread_descriptor.proto[0m
[8.041s] [ 12%] [34m[1mRunning cpp protocol buffer compiler on trace.proto[0m
[8.095s] [ 13%] [34m[1mRunning cpp protocol buffer compiler on trace_packet.proto[0m
[8.195s] [ 15%] [34m[1mRunning cpp protocol buffer compiler on track_descriptor.proto[0m
[8.548s] [ 16%] [32mBuilding CXX object vendor/quill/quill/CMakeFiles/quill.dir/src/detail/backend/BacktraceStorage.cpp.o[0m
[8.660s] [ 18%] [32mBuilding CXX object vendor/cactus-rt/protos/CMakeFiles/cactus_tracing_embedded_perfetto_protos.dir/trace.pb.cc.o[0m
[20.501s] [ 20%] [32mBuilding CXX object vendor/cactus-rt/protos/CMakeFiles/cactus_tracing_embedded_perfetto_protos.dir/trace_packet.pb.cc.o[0m
[24.921s] [ 21%] [32mBuilding CXX object vendor/quill/quill/CMakeFiles/quill.dir/src/detail/backend/TimestampFormatter.cpp.o[0m
[28.027s] [ 23%] [32mBuilding CXX object vendor/quill/quill/CMakeFiles/quill.dir/src/detail/backend/StringFromTime.cpp.o[0m
[33.666s] [ 24%] [32mBuilding CXX object vendor/cactus-rt/protos/CMakeFiles/cactus_tracing_embedded_perfetto_protos.dir/track_descriptor.pb.cc.o[0m
[37.513s] [ 26%] [32mBuilding CXX object vendor/quill/quill/CMakeFiles/quill.dir/src/detail/backend/TransitEventBuffer.cpp.o[0m
[42.266s] [ 27%] [32mBuilding CXX object vendor/quill/quill/CMakeFiles/quill.dir/src/detail/misc/FileUtilities.cpp.o[0m
[42.600s] [ 29%] [32mBuilding CXX object vendor/cactus-rt/protos/CMakeFiles/cactus_tracing_embedded_perfetto_protos.dir/thread_descriptor.pb.cc.o[0m
[48.549s] [ 30%] [32mBuilding CXX object vendor/cactus-rt/protos/CMakeFiles/cactus_tracing_embedded_perfetto_protos.dir/process_descriptor.pb.cc.o[0m
[50.884s] [ 32%] [32mBuilding CXX object vendor/cactus-rt/protos/CMakeFiles/cactus_tracing_embedded_perfetto_protos.dir/counter_descriptor.pb.cc.o[0m
[52.483s] [ 33%] [32mBuilding CXX object vendor/quill/quill/CMakeFiles/quill.dir/src/detail/misc/Os.cpp.o[0m
[56.883s] [ 35%] [32mBuilding CXX object vendor/cactus-rt/protos/CMakeFiles/cactus_tracing_embedded_perfetto_protos.dir/track_event.pb.cc.o[0m
[58.950s] [ 36%] [32mBuilding CXX object vendor/cactus-rt/protos/CMakeFiles/cactus_tracing_embedded_perfetto_protos.dir/source_location.pb.cc.o[0m
[62.555s] [ 38%] [32mBuilding CXX object vendor/quill/quill/CMakeFiles/quill.dir/src/detail/misc/RdtscClock.cpp.o[0m
[67.234s] [ 40%] [32mBuilding CXX object vendor/quill/quill/CMakeFiles/quill.dir/src/detail/misc/Utilities.cpp.o[0m
[67.700s] [ 41%] [32m[1mLinking CXX static library libcactus_tracing_embedded_perfetto_protos.a[0m
[68.105s] [ 41%] Built target cactus_tracing_embedded_perfetto_protos
[69.169s] [ 43%] [32mBuilding CXX object vendor/quill/quill/CMakeFiles/quill.dir/src/detail/HandlerCollection.cpp.o[0m
[80.697s] [ 44%] [32mBuilding CXX object vendor/quill/quill/CMakeFiles/quill.dir/src/detail/SignalHandler.cpp.o[0m
[85.752s] [ 46%] [32mBuilding CXX object vendor/quill/quill/CMakeFiles/quill.dir/src/handlers/ConsoleHandler.cpp.o[0m
[87.817s] [ 47%] [32mBuilding CXX object vendor/quill/quill/CMakeFiles/quill.dir/src/detail/LoggerCollection.cpp.o[0m
[102.000s] [ 49%] [32mBuilding CXX object vendor/quill/quill/CMakeFiles/quill.dir/src/handlers/Handler.cpp.o[0m
[109.845s] [ 50%] [32mBuilding CXX object vendor/quill/quill/CMakeFiles/quill.dir/src/handlers/JsonFileHandler.cpp.o[0m
[114.900s] [ 52%] [32mBuilding CXX object vendor/quill/quill/CMakeFiles/quill.dir/src/handlers/RotatingFileHandler.cpp.o[0m
[115.957s] [ 53%] [32mBuilding CXX object vendor/quill/quill/CMakeFiles/quill.dir/src/handlers/FileHandler.cpp.o[0m
[116.119s] [ 55%] [32m[1mLinking CXX executable nodo_test[0m
[117.569s] [ 55%] Built target nodo_test
[117.627s] [ 56%] [32mBuilding CXX object vendor/quill/quill/CMakeFiles/quill.dir/src/handlers/StreamHandler.cpp.o[0m
[118.342s] [ 58%] [32mBuilding CXX object vendor/quill/quill/CMakeFiles/quill.dir/src/LogLevel.cpp.o[0m
[135.210s] [ 60%] [32mBuilding CXX object vendor/quill/quill/CMakeFiles/quill.dir/src/Utility.cpp.o[0m
[135.211s] [ 61%] [32mBuilding CXX object vendor/quill/quill/CMakeFiles/quill.dir/src/Quill.cpp.o[0m
[136.264s] [ 63%] [32mBuilding CXX object vendor/quill/quill/CMakeFiles/quill.dir/src/bundled/fmt/format.cc.o[0m
[137.331s] [ 64%] [32mBuilding CXX object vendor/quill/quill/CMakeFiles/quill.dir/src/PatternFormatter.cpp.o[0m
[144.196s] [ 66%] [32mBuilding CXX object vendor/quill/quill/CMakeFiles/quill.dir/src/bundled/fmt/os.cc.o[0m
[160.172s] [ 67%] [32m[1mLinking CXX static library libquill.a[0m
[160.436s] [ 67%] Built target quill
[160.536s] [ 69%] [32mBuilding CXX object vendor/cactus-rt/CMakeFiles/cactus_rt.dir/src/cactus_rt/app.cc.o[0m
[160.539s] [ 70%] [32mBuilding CXX object vendor/cactus-rt/CMakeFiles/cactus_rt.dir/src/cactus_rt/thread.cc.o[0m
[160.543s] [ 72%] [32mBuilding CXX object vendor/cactus-rt/CMakeFiles/cactus_rt.dir/src/cactus_rt/cyclic_thread.cc.o[0m
[161.595s] [ 73%] [32mBuilding CXX object vendor/cactus-rt/CMakeFiles/cactus_rt.dir/src/cactus_rt/signal_handler.cc.o[0m
[179.124s] [ 75%] [32mBuilding CXX object vendor/cactus-rt/CMakeFiles/cactus_rt.dir/src/cactus_rt/tracing/tracing_enabled.cc.o[0m
[179.220s] [ 76%] [32mBuilding CXX object vendor/cactus-rt/CMakeFiles/cactus_rt.dir/src/cactus_rt/tracing/sink.cc.o[0m
[179.618s] [ 78%] [32mBuilding CXX object vendor/cactus-rt/CMakeFiles/cactus_rt.dir/src/cactus_rt/tracing/thread_tracer.cc.o[0m
[187.829s] [ 80%] [32mBuilding CXX object vendor/cactus-rt/CMakeFiles/cactus_rt.dir/src/cactus_rt/tracing/trace_aggregator.cc.o[0m
[201.481s] [ 81%] [32m[1mLinking CXX static library libcactus_rt.a[0m
[201.694s] [ 81%] Built target cactus_rt
[201.805s] [ 83%] [32mBuilding CXX object CMakeFiles/main_rt.dir/src/mainRT.cc.o[0m
[201.810s] [ 84%] [32mBuilding CXX object CMakeFiles/rt_ros2.dir/src/main.cc.o[0m
[201.815s] [ 86%] [32mBuilding CXX object CMakeFiles/rt_ros2.dir/src/nodo_actuador.cpp.o[0m
[238.828s] [ 87%] [32mBuilding CXX object CMakeFiles/main_rt.dir/src/nodo_actuador.cpp.o[0m
[238.881s] [ 89%] [32mBuilding CXX object CMakeFiles/rt_ros2.dir/src/nodo_maquina_estados.cpp.o[0m
[301.845s] [ 90%] [32mBuilding CXX object CMakeFiles/main_rt.dir/src/nodo_maquina_estados.cpp.o[0m
[321.851s] [ 92%] [32m[1mLinking CXX executable rt_ros2[0m
[323.590s] [ 92%] Built target rt_ros2
[323.712s] [ 93%] [32mBuilding CXX object CMakeFiles/main_be.dir/src/mainBE.cc.o[0m
[323.719s] [ 95%] [32mBuilding CXX object CMakeFiles/main_be.dir/src/nodo_actuador.cpp.o[0m
[341.570s] [ 96%] [32mBuilding CXX object CMakeFiles/main_be.dir/src/nodo_maquina_estados.cpp.o[0m
[397.626s] [ 98%] [32m[1mLinking CXX executable main_rt[0m
[400.336s] [ 98%] Built target main_rt
[427.781s] [100%] [32m[1mLinking CXX executable main_be[0m
[429.185s] [100%] Built target main_be
[429.240s] Invoked command in '/code/brickpi/build/rt_ros2' returned '0': CMAKE_PREFIX_PATH=${CMAKE_PREFIX_PATH}:/code/brickpi/install/brickpi3_sensors:/code/brickpi/install/brickpi3_charlie:/opt/ros/humble /usr/bin/cmake --build /code/brickpi/build/rt_ros2 -- -j4 -l4
[429.284s] Invoking command in '/code/brickpi/build/rt_ros2': CMAKE_PREFIX_PATH=${CMAKE_PREFIX_PATH}:/code/brickpi/install/brickpi3_sensors:/code/brickpi/install/brickpi3_charlie:/opt/ros/humble /usr/bin/cmake --install /code/brickpi/build/rt_ros2
[429.313s] -- Install configuration: "Release"
[429.315s] -- Execute custom install script
[429.316s] -- Symlinking: /code/brickpi/install/rt_ros2/include/readerwriterqueue/atomicops.h
[429.352s] -- Symlinking: /code/brickpi/install/rt_ros2/include/readerwriterqueue/readerwriterqueue.h
[429.391s] -- Symlinking: /code/brickpi/install/rt_ros2/include/readerwriterqueue/readerwritercircularbuffer.h
[429.428s] -- Symlinking: /code/brickpi/install/rt_ros2/include/readerwriterqueue/LICENSE.md
[429.465s] -- Symlinking: /code/brickpi/install/rt_ros2/lib/rt_ros2/rt_ros2
[429.502s] -- Symlinking: /code/brickpi/install/rt_ros2/lib/rt_ros2/main_rt
[429.539s] -- Symlinking: /code/brickpi/install/rt_ros2/lib/rt_ros2/main_be
[429.577s] -- Symlinking: /code/brickpi/install/rt_ros2/share/rt_ros2/._infraestructura.launch.py
[429.614s] -- Symlinking: /code/brickpi/install/rt_ros2/share/rt_ros2/infraestructura.launch.py
[429.651s] -- Symlinking: /code/brickpi/install/rt_ros2/lib/rt_ros2/nodo_test
[429.688s] -- Symlinking: /code/brickpi/install/rt_ros2/share/ament_index/resource_index/package_run_dependencies/rt_ros2
[429.726s] -- Symlinking: /code/brickpi/install/rt_ros2/share/ament_index/resource_index/parent_prefix_path/rt_ros2
[429.763s] -- Symlinking: /code/brickpi/install/rt_ros2/share/rt_ros2/environment/ament_prefix_path.sh
[429.800s] -- Symlinking: /code/brickpi/install/rt_ros2/share/rt_ros2/environment/ament_prefix_path.dsv
[429.837s] -- Symlinking: /code/brickpi/install/rt_ros2/share/rt_ros2/environment/path.sh
[429.873s] -- Symlinking: /code/brickpi/install/rt_ros2/share/rt_ros2/environment/path.dsv
[429.913s] -- Symlinking: /code/brickpi/install/rt_ros2/share/rt_ros2/local_setup.bash
[429.950s] -- Symlinking: /code/brickpi/install/rt_ros2/share/rt_ros2/local_setup.sh
[429.987s] -- Symlinking: /code/brickpi/install/rt_ros2/share/rt_ros2/local_setup.zsh
[430.025s] -- Symlinking: /code/brickpi/install/rt_ros2/share/rt_ros2/local_setup.dsv
[430.061s] -- Symlinking: /code/brickpi/install/rt_ros2/share/rt_ros2/package.dsv
[430.099s] -- Symlinking: /code/brickpi/install/rt_ros2/share/ament_index/resource_index/packages/rt_ros2
[430.137s] -- Symlinking: /code/brickpi/install/rt_ros2/share/rt_ros2/cmake/rt_ros2Config.cmake
[430.173s] -- Symlinking: /code/brickpi/install/rt_ros2/share/rt_ros2/cmake/rt_ros2Config-version.cmake
[430.210s] -- Symlinking: /code/brickpi/install/rt_ros2/share/rt_ros2/package.xml
[430.256s] Invoked command in '/code/brickpi/build/rt_ros2' returned '0': CMAKE_PREFIX_PATH=${CMAKE_PREFIX_PATH}:/code/brickpi/install/brickpi3_sensors:/code/brickpi/install/brickpi3_charlie:/opt/ros/humble /usr/bin/cmake --install /code/brickpi/build/rt_ros2
