[35m[1mConsolidate compiler generated dependencies of target nodo_test[0m
[35m[1mConsolidate compiler generated dependencies of target quill[0m
[35m[1mConsolidate compiler generated dependencies of target cactus_tracing_embedded_perfetto_protos[0m
[  1%] [32mBuilding CXX object CMakeFiles/nodo_test.dir/test/nodo_test.cpp.o[0m
[ 31%] Built target cactus_tracing_embedded_perfetto_protos
[ 75%] Built target quill
[ 77%] [32mBuilding CXX object vendor/cactus-rt/CMakeFiles/cactus_rt.dir/src/cactus_rt/app.cc.o[0m
[ 78%] [32mBuilding CXX object vendor/cactus-rt/CMakeFiles/cactus_rt.dir/src/cactus_rt/thread.cc.o[0m
[ 80%] [32mBuilding CXX object vendor/cactus-rt/CMakeFiles/cactus_rt.dir/src/cactus_rt/cyclic_thread.cc.o[0m
[ 82%] [32mBuilding CXX object vendor/cactus-rt/CMakeFiles/cactus_rt.dir/src/cactus_rt/signal_handler.cc.o[0m
[01m[K/code/brickpi/rt_ros2/test/nodo_test.cpp:[m[K In constructor ‘[01m[Krt_ros2::TestAutomatico::TestAutomatico()[m[K’:
[01m[K/code/brickpi/rt_ros2/test/nodo_test.cpp:43:49:[m[K [01;31m[Kerror: [m[Kclass ‘[01m[Krt_ros2::TestAutomatico[m[K’ does not have any field named ‘[01m[Ktick_[m[K’
   43 |     TestAutomatico() : Node("test_automatico"), [01;31m[Ktick_[m[K(0)
      |                                                 [01;31m[K^~~~~[m[K
[ 84%] [32mBuilding CXX object vendor/cactus-rt/CMakeFiles/cactus_rt.dir/src/cactus_rt/tracing/tracing_enabled.cc.o[0m
[ 85%] [32mBuilding CXX object vendor/cactus-rt/CMakeFiles/cactus_rt.dir/src/cactus_rt/tracing/sink.cc.o[0m
[ 87%] [32mBuilding CXX object vendor/cactus-rt/CMakeFiles/cactus_rt.dir/src/cactus_rt/tracing/thread_tracer.cc.o[0m
[ 89%] [32mBuilding CXX object vendor/cactus-rt/CMakeFiles/cactus_rt.dir/src/cactus_rt/tracing/trace_aggregator.cc.o[0m
gmake[2]: *** [CMakeFiles/nodo_test.dir/build.make:76: CMakeFiles/nodo_test.dir/test/nodo_test.cpp.o] Error 1
gmake[1]: *** [CMakeFiles/Makefile2:267: CMakeFiles/nodo_test.dir/all] Error 2
gmake[1]: *** Waiting for unfinished jobs....
[ 91%] [32m[1mLinking CXX static library libcactus_rt.a[0m
[ 91%] Built target cactus_rt
gmake: *** [Makefile:146: all] Error 2
