[0.054s] Invoking command in '/code/brickpi/rt_ros2/build/rt_ros2': CMAKE_PREFIX_PATH=${CMAKE_PREFIX_PATH}:/opt/ros/humble /usr/bin/cmake --build /code/brickpi/rt_ros2/build/rt_ros2 -- -j4 -l4
[0.245s] [35m[1mConsolidate compiler generated dependencies of target nodo_test[0m
[0.267s] [35m[1mConsolidate compiler generated dependencies of target quill[0m
[0.273s] [35m[1mConsolidate compiler generated dependencies of target cactus_tracing_embedded_perfetto_protos[0m
[0.361s] [  1%] [32mBuilding CXX object CMakeFiles/nodo_test.dir/test/nodo_test.cpp.o[0m
[0.433s] [ 31%] Built target cactus_tracing_embedded_perfetto_protos
[0.548s] [ 75%] Built target quill
[0.648s] [ 77%] [32mBuilding CXX object vendor/cactus-rt/CMakeFiles/cactus_rt.dir/src/cactus_rt/app.cc.o[0m
[0.649s] [ 78%] [32mBuilding CXX object vendor/cactus-rt/CMakeFiles/cactus_rt.dir/src/cactus_rt/thread.cc.o[0m
[0.678s] [ 80%] [32mBuilding CXX object vendor/cactus-rt/CMakeFiles/cactus_rt.dir/src/cactus_rt/cyclic_thread.cc.o[0m
[18.857s] [ 82%] [32mBuilding CXX object vendor/cactus-rt/CMakeFiles/cactus_rt.dir/src/cactus_rt/signal_handler.cc.o[0m
[19.181s] [01m[K/code/brickpi/rt_ros2/test/nodo_test.cpp:[m[K In constructor ‘[01m[Krt_ros2::TestAutomatico::TestAutomatico()[m[K’:
[19.186s] [01m[K/code/brickpi/rt_ros2/test/nodo_test.cpp:43:49:[m[K [01;31m[Kerror: [m[Kclass ‘[01m[Krt_ros2::TestAutomatico[m[K’ does not have any field named ‘[01m[Ktick_[m[K’
[19.190s]    43 |     TestAutomatico() : Node("test_automatico"), [01;31m[Ktick_[m[K(0)
[19.193s]       |                                                 [01;31m[K^~~~~[m[K
[19.738s] [ 84%] [32mBuilding CXX object vendor/cactus-rt/CMakeFiles/cactus_rt.dir/src/cactus_rt/tracing/tracing_enabled.cc.o[0m
[20.205s] [ 85%] [32mBuilding CXX object vendor/cactus-rt/CMakeFiles/cactus_rt.dir/src/cactus_rt/tracing/sink.cc.o[0m
[27.462s] [ 87%] [32mBuilding CXX object vendor/cactus-rt/CMakeFiles/cactus_rt.dir/src/cactus_rt/tracing/thread_tracer.cc.o[0m
[29.195s] [ 89%] [32mBuilding CXX object vendor/cactus-rt/CMakeFiles/cactus_rt.dir/src/cactus_rt/tracing/trace_aggregator.cc.o[0m
[40.493s] gmake[2]: *** [CMakeFiles/nodo_test.dir/build.make:76: CMakeFiles/nodo_test.dir/test/nodo_test.cpp.o] Error 1
[40.495s] gmake[1]: *** [CMakeFiles/Makefile2:267: CMakeFiles/nodo_test.dir/all] Error 2
[40.496s] gmake[1]: *** Waiting for unfinished jobs....
[45.769s] [ 91%] [32m[1mLinking CXX static library libcactus_rt.a[0m
[45.970s] [ 91%] Built target cactus_rt
[45.974s] gmake: *** [Makefile:146: all] Error 2
[45.982s] Invoked command in '/code/brickpi/rt_ros2/build/rt_ros2' returned '2': CMAKE_PREFIX_PATH=${CMAKE_PREFIX_PATH}:/opt/ros/humble /usr/bin/cmake --build /code/brickpi/rt_ros2/build/rt_ros2 -- -j4 -l4
