running develop
running egg_info
creating brickpi3_charlie.egg-info
writing brickpi3_charlie.egg-info/PKG-INFO
writing dependency_links to brickpi3_charlie.egg-info/dependency_links.txt
writing entry points to brickpi3_charlie.egg-info/entry_points.txt
writing requirements to brickpi3_charlie.egg-info/requires.txt
writing top-level names to brickpi3_charlie.egg-info/top_level.txt
writing manifest file 'brickpi3_charlie.egg-info/SOURCES.txt'
reading manifest file 'brickpi3_charlie.egg-info/SOURCES.txt'
writing manifest file 'brickpi3_charlie.egg-info/SOURCES.txt'
running build_ext
Creating /code/brickpi/install/brickpi3_charlie/lib/python3.10/site-packages/brickpi3-charlie.egg-link (link to .)

Installed /code/brickpi/build/brickpi3_charlie
running symlink_data
creating /code/brickpi/install/brickpi3_charlie/share/ament_index
creating /code/brickpi/install/brickpi3_charlie/share/ament_index/resource_index
creating /code/brickpi/install/brickpi3_charlie/share/ament_index/resource_index/packages
symbolically linking /code/brickpi/build/brickpi3_charlie/resource/brickpi3_charlie -> /code/brickpi/install/brickpi3_charlie/share/ament_index/resource_index/packages
symbolically linking /code/brickpi/build/brickpi3_charlie/package.xml -> /code/brickpi/install/brickpi3_charlie/share/brickpi3_charlie
creating /code/brickpi/install/brickpi3_charlie/share/brickpi3_charlie/launch
symbolically linking /code/brickpi/build/brickpi3_charlie/launch/motors_launch.py -> /code/brickpi/install/brickpi3_charlie/share/brickpi3_charlie/launch
creating /code/brickpi/install/brickpi3_charlie/share/brickpi3_charlie/config
symbolically linking /code/brickpi/build/brickpi3_charlie/config/controller_description.yaml -> /code/brickpi/install/brickpi3_charlie/share/brickpi3_charlie/config
symbolically linking /code/brickpi/build/brickpi3_charlie/config/robot_hardware_description.urdf -> /code/brickpi/install/brickpi3_charlie/share/brickpi3_charlie/config
