[2.872s] Invoking command in '/code/brickpi/build/brickpi3_charlie': AMENT_PREFIX_PATH=/code/brickpi/install/brickpi3_motors:${AMENT_PREFIX_PATH} CMAKE_PREFIX_PATH=/code/brickpi/install/brickpi3_motors LD_LIBRARY_PATH=/code/brickpi/install/brickpi3_motors/lib:${LD_LIBRARY_PATH} PYTHONPATH=/code/brickpi/build/brickpi3_charlie/prefix_override:/usr/lib/python3/dist-packages/colcon_core/task/python/colcon_distutils_commands:/code/brickpi/install/brickpi3_charlie/lib/python3.10/site-packages:${PYTHONPATH} /usr/bin/python3 -W ignore:setup.py install is deprecated -W ignore:easy_install command is deprecated setup.py develop --editable --build-directory /code/brickpi/build/brickpi3_charlie/build --no-deps symlink_data
[4.034s] running develop
[4.708s] running egg_info
[4.708s] creating brickpi3_charlie.egg-info
[4.709s] writing brickpi3_charlie.egg-info/PKG-INFO
[4.710s] writing dependency_links to brickpi3_charlie.egg-info/dependency_links.txt
[4.710s] writing entry points to brickpi3_charlie.egg-info/entry_points.txt
[4.711s] writing requirements to brickpi3_charlie.egg-info/requires.txt
[4.711s] writing top-level names to brickpi3_charlie.egg-info/top_level.txt
[4.712s] writing manifest file 'brickpi3_charlie.egg-info/SOURCES.txt'
[4.719s] reading manifest file 'brickpi3_charlie.egg-info/SOURCES.txt'
[4.723s] writing manifest file 'brickpi3_charlie.egg-info/SOURCES.txt'
[4.729s] running build_ext
[4.730s] Creating /code/brickpi/install/brickpi3_charlie/lib/python3.10/site-packages/brickpi3-charlie.egg-link (link to .)
[4.734s] 
[4.735s] Installed /code/brickpi/build/brickpi3_charlie
[4.735s] running symlink_data
[4.736s] creating /code/brickpi/install/brickpi3_charlie/share/ament_index
[4.736s] creating /code/brickpi/install/brickpi3_charlie/share/ament_index/resource_index
[4.737s] creating /code/brickpi/install/brickpi3_charlie/share/ament_index/resource_index/packages
[4.738s] symbolically linking /code/brickpi/build/brickpi3_charlie/resource/brickpi3_charlie -> /code/brickpi/install/brickpi3_charlie/share/ament_index/resource_index/packages
[4.738s] symbolically linking /code/brickpi/build/brickpi3_charlie/package.xml -> /code/brickpi/install/brickpi3_charlie/share/brickpi3_charlie
[4.739s] creating /code/brickpi/install/brickpi3_charlie/share/brickpi3_charlie/launch
[4.739s] symbolically linking /code/brickpi/build/brickpi3_charlie/launch/motors_launch.py -> /code/brickpi/install/brickpi3_charlie/share/brickpi3_charlie/launch
[4.740s] creating /code/brickpi/install/brickpi3_charlie/share/brickpi3_charlie/config
[4.741s] symbolically linking /code/brickpi/build/brickpi3_charlie/config/controller_description.yaml -> /code/brickpi/install/brickpi3_charlie/share/brickpi3_charlie/config
[4.742s] symbolically linking /code/brickpi/build/brickpi3_charlie/config/robot_hardware_description.urdf -> /code/brickpi/install/brickpi3_charlie/share/brickpi3_charlie/config
[4.875s] Invoked command in '/code/brickpi/build/brickpi3_charlie' returned '0': AMENT_PREFIX_PATH=/code/brickpi/install/brickpi3_motors:${AMENT_PREFIX_PATH} CMAKE_PREFIX_PATH=/code/brickpi/install/brickpi3_motors LD_LIBRARY_PATH=/code/brickpi/install/brickpi3_motors/lib:${LD_LIBRARY_PATH} PYTHONPATH=/code/brickpi/build/brickpi3_charlie/prefix_override:/usr/lib/python3/dist-packages/colcon_core/task/python/colcon_distutils_commands:/code/brickpi/install/brickpi3_charlie/lib/python3.10/site-packages:${PYTHONPATH} /usr/bin/python3 -W ignore:setup.py install is deprecated -W ignore:easy_install command is deprecated setup.py develop --editable --build-directory /code/brickpi/build/brickpi3_charlie/build --no-deps symlink_data
