[0.071s] Invoking command in '/code/brickpi/rt_ros2/build/rt_ros2': CMAKE_PREFIX_PATH=/opt/ros/humble /usr/bin/cmake /code/brickpi/rt_ros2 -DCMAKE_INSTALL_PREFIX=/code/brickpi/rt_ros2/install/rt_ros2
[0.435s] -- The CXX compiler identification is GNU 11.4.0
[0.475s] -- Detecting CXX compiler ABI info
[0.910s] -- Detecting CXX compiler ABI info - done
[0.943s] -- Check for working CXX compiler: /usr/bin/c++ - skipped
[0.944s] -- Detecting CXX compile features
[0.946s] -- Detecting CXX compile features - done
[0.972s] -- Found ament_cmake: 1.3.14 (/opt/ros/humble/share/ament_cmake/cmake)
[1.848s] -- Found Python3: /usr/bin/python3 (found version "3.10.12") found components: Interpreter 
[2.401s] -- Found rclcpp: 16.0.18 (/opt/ros/humble/share/rclcpp/cmake)
[2.698s] -- Found rosidl_generator_c: 3.1.8 (/opt/ros/humble/share/rosidl_generator_c/cmake)
[2.738s] -- Found rosidl_adapter: 3.1.8 (/opt/ros/humble/share/rosidl_adapter/cmake)
[2.794s] -- Found rosidl_generator_cpp: 3.1.8 (/opt/ros/humble/share/rosidl_generator_cpp/cmake)
[2.869s] -- Using all available rosidl_typesupport_c: rosidl_typesupport_fastrtps_c;rosidl_typesupport_introspection_c
[2.973s] -- Using all available rosidl_typesupport_cpp: rosidl_typesupport_fastrtps_cpp;rosidl_typesupport_introspection_cpp
[3.267s] -- Found rmw_implementation_cmake: 6.1.2 (/opt/ros/humble/share/rmw_implementation_cmake/cmake)
[3.287s] -- Found rmw_fastrtps_cpp: 6.2.10 (/opt/ros/humble/share/rmw_fastrtps_cpp/cmake)
[3.766s] -- Found OpenSSL: /usr/lib/aarch64-linux-gnu/libcrypto.so (found version "3.0.2")  
[3.899s] -- Found FastRTPS: /opt/ros/humble/include  
[4.126s] -- Using RMW implementation 'rmw_fastrtps_cpp' as default
[4.194s] -- Looking for C++ include pthread.h
[4.654s] -- Looking for C++ include pthread.h - found
[4.656s] -- Performing Test CMAKE_HAVE_LIBC_PTHREAD
[5.174s] -- Performing Test CMAKE_HAVE_LIBC_PTHREAD - Success
[5.183s] -- Found Threads: TRUE  
[5.555s] -- Found geometry_msgs: 4.9.1 (/opt/ros/humble/share/geometry_msgs/cmake)
[5.652s] -- Found sensor_msgs: 4.9.1 (/opt/ros/humble/share/sensor_msgs/cmake)
[6.155s] -- Configuring done
[6.231s] -- Generating done
[6.254s] -- Build files have been written to: /code/brickpi/rt_ros2/build/rt_ros2
[6.289s] Invoked command in '/code/brickpi/rt_ros2/build/rt_ros2' returned '0': CMAKE_PREFIX_PATH=/opt/ros/humble /usr/bin/cmake /code/brickpi/rt_ros2 -DCMAKE_INSTALL_PREFIX=/code/brickpi/rt_ros2/install/rt_ros2
[6.301s] Invoking command in '/code/brickpi/rt_ros2/build/rt_ros2': CMAKE_PREFIX_PATH=/opt/ros/humble /usr/bin/cmake --build /code/brickpi/rt_ros2/build/rt_ros2 -- -j4 -l4
[6.556s] [ 25%] [32mBuilding CXX object CMakeFiles/rt_ros2.dir/src/main.cc.o[0m
[6.588s] [ 50%] [32mBuilding CXX object CMakeFiles/rt_ros2.dir/src/nodo_maquina_estados.cpp.o[0m
[6.595s] [ 75%] [32mBuilding CXX object CMakeFiles/rt_ros2.dir/src/nodo_actuador.cpp.o[0m
[67.621s] [100%] [32m[1mLinking CXX executable rt_ros2[0m
[71.787s] [100%] Built target rt_ros2
[71.834s] Invoked command in '/code/brickpi/rt_ros2/build/rt_ros2' returned '0': CMAKE_PREFIX_PATH=/opt/ros/humble /usr/bin/cmake --build /code/brickpi/rt_ros2/build/rt_ros2 -- -j4 -l4
[71.876s] Invoking command in '/code/brickpi/rt_ros2/build/rt_ros2': CMAKE_PREFIX_PATH=/opt/ros/humble /usr/bin/cmake --install /code/brickpi/rt_ros2/build/rt_ros2
[71.905s] -- Install configuration: ""
[71.906s] -- Installing: /code/brickpi/rt_ros2/install/rt_ros2/lib/rt_ros2/rt_ros2
[71.973s] -- Set runtime path of "/code/brickpi/rt_ros2/install/rt_ros2/lib/rt_ros2/rt_ros2" to ""
[71.974s] -- Installing: /code/brickpi/rt_ros2/install/rt_ros2/share/ament_index/resource_index/package_run_dependencies/rt_ros2
[71.976s] -- Installing: /code/brickpi/rt_ros2/install/rt_ros2/share/ament_index/resource_index/parent_prefix_path/rt_ros2
[71.978s] -- Installing: /code/brickpi/rt_ros2/install/rt_ros2/share/rt_ros2/environment/ament_prefix_path.sh
[71.979s] -- Installing: /code/brickpi/rt_ros2/install/rt_ros2/share/rt_ros2/environment/ament_prefix_path.dsv
[71.981s] -- Installing: /code/brickpi/rt_ros2/install/rt_ros2/share/rt_ros2/environment/path.sh
[71.982s] -- Installing: /code/brickpi/rt_ros2/install/rt_ros2/share/rt_ros2/environment/path.dsv
[71.983s] -- Installing: /code/brickpi/rt_ros2/install/rt_ros2/share/rt_ros2/local_setup.bash
[71.984s] -- Installing: /code/brickpi/rt_ros2/install/rt_ros2/share/rt_ros2/local_setup.sh
[71.986s] -- Installing: /code/brickpi/rt_ros2/install/rt_ros2/share/rt_ros2/local_setup.zsh
[71.987s] -- Installing: /code/brickpi/rt_ros2/install/rt_ros2/share/rt_ros2/local_setup.dsv
[71.988s] -- Installing: /code/brickpi/rt_ros2/install/rt_ros2/share/rt_ros2/package.dsv
[71.990s] -- Installing: /code/brickpi/rt_ros2/install/rt_ros2/share/ament_index/resource_index/packages/rt_ros2
[71.992s] -- Installing: /code/brickpi/rt_ros2/install/rt_ros2/share/rt_ros2/cmake/rt_ros2Config.cmake
[71.993s] -- Installing: /code/brickpi/rt_ros2/install/rt_ros2/share/rt_ros2/cmake/rt_ros2Config-version.cmake
[71.994s] -- Installing: /code/brickpi/rt_ros2/install/rt_ros2/share/rt_ros2/package.xml
[72.002s] Invoked command in '/code/brickpi/rt_ros2/build/rt_ros2' returned '0': CMAKE_PREFIX_PATH=/opt/ros/humble /usr/bin/cmake --install /code/brickpi/rt_ros2/build/rt_ros2
