[0.055s] Invoking command in '/code/brickpi/build/rt_ros2': CMAKE_PREFIX_PATH=${CMAKE_PREFIX_PATH}:/code/brickpi/install/brickpi3_sensors:/code/brickpi/install/brickpi3_charlie:/opt/ros/humble /usr/bin/cmake /code/brickpi/rt_ros2 -DCMAKE_INSTALL_PREFIX=/code/brickpi/install/rt_ros2
[0.405s] -- The CXX compiler identification is GNU 11.4.0
[0.445s] -- Detecting CXX compiler ABI info
[0.879s] -- Detecting CXX compiler ABI info - done
[0.912s] -- Check for working CXX compiler: /usr/bin/c++ - skipped
[0.913s] -- Detecting CXX compile features
[0.915s] -- Detecting CXX compile features - done
[0.947s] -- Found ament_cmake: 1.3.14 (/opt/ros/humble/share/ament_cmake/cmake)
[1.847s] -- Found Python3: /usr/bin/python3 (found version "3.10.12") found components: Interpreter 
[2.541s] -- Found rclcpp: 16.0.18 (/opt/ros/humble/share/rclcpp/cmake)
[2.928s] -- Found rosidl_generator_c: 3.1.8 (/opt/ros/humble/share/rosidl_generator_c/cmake)
[2.982s] -- Found rosidl_adapter: 3.1.8 (/opt/ros/humble/share/rosidl_adapter/cmake)
[3.058s] -- Found rosidl_generator_cpp: 3.1.8 (/opt/ros/humble/share/rosidl_generator_cpp/cmake)
[3.155s] -- Using all available rosidl_typesupport_c: rosidl_typesupport_fastrtps_c;rosidl_typesupport_introspection_c
[3.281s] -- Using all available rosidl_typesupport_cpp: rosidl_typesupport_fastrtps_cpp;rosidl_typesupport_introspection_cpp
[3.636s] -- Found rmw_implementation_cmake: 6.1.2 (/opt/ros/humble/share/rmw_implementation_cmake/cmake)
[3.665s] -- Found rmw_fastrtps_cpp: 6.2.10 (/opt/ros/humble/share/rmw_fastrtps_cpp/cmake)
[4.214s] -- Found OpenSSL: /usr/lib/aarch64-linux-gnu/libcrypto.so (found version "3.0.2")  
[4.361s] -- Found FastRTPS: /opt/ros/humble/include  
[4.606s] -- Using RMW implementation 'rmw_fastrtps_cpp' as default
[4.696s] -- Looking for C++ include pthread.h
[5.181s] -- Looking for C++ include pthread.h - found
[5.183s] -- Performing Test CMAKE_HAVE_LIBC_PTHREAD
[5.694s] -- Performing Test CMAKE_HAVE_LIBC_PTHREAD - Success
[5.700s] -- Found Threads: TRUE  
[6.074s] -- Found geometry_msgs: 4.9.1 (/opt/ros/humble/share/geometry_msgs/cmake)
[6.164s] -- Found sensor_msgs: 4.9.1 (/opt/ros/humble/share/sensor_msgs/cmake)
[6.609s] -- Configuring done
[6.675s] -- Generating done
[6.695s] -- Build files have been written to: /code/brickpi/build/rt_ros2
[6.725s] Invoked command in '/code/brickpi/build/rt_ros2' returned '0': CMAKE_PREFIX_PATH=${CMAKE_PREFIX_PATH}:/code/brickpi/install/brickpi3_sensors:/code/brickpi/install/brickpi3_charlie:/opt/ros/humble /usr/bin/cmake /code/brickpi/rt_ros2 -DCMAKE_INSTALL_PREFIX=/code/brickpi/install/rt_ros2
[6.735s] Invoking command in '/code/brickpi/build/rt_ros2': CMAKE_PREFIX_PATH=${CMAKE_PREFIX_PATH}:/code/brickpi/install/brickpi3_sensors:/code/brickpi/install/brickpi3_charlie:/opt/ros/humble /usr/bin/cmake --build /code/brickpi/build/rt_ros2 -- -j4 -l4
[6.996s] [ 25%] [32mBuilding CXX object CMakeFiles/rt_ros2.dir/src/main.cc.o[0m
[7.007s] [ 50%] [32mBuilding CXX object CMakeFiles/rt_ros2.dir/src/nodo_actuador.cpp.o[0m
[7.038s] [ 75%] [32mBuilding CXX object CMakeFiles/rt_ros2.dir/src/nodo_maquina_estados.cpp.o[0m
[66.333s] [100%] [32m[1mLinking CXX executable rt_ros2[0m
[70.168s] [100%] Built target rt_ros2
[70.218s] Invoked command in '/code/brickpi/build/rt_ros2' returned '0': CMAKE_PREFIX_PATH=${CMAKE_PREFIX_PATH}:/code/brickpi/install/brickpi3_sensors:/code/brickpi/install/brickpi3_charlie:/opt/ros/humble /usr/bin/cmake --build /code/brickpi/build/rt_ros2 -- -j4 -l4
[70.262s] Invoking command in '/code/brickpi/build/rt_ros2': CMAKE_PREFIX_PATH=${CMAKE_PREFIX_PATH}:/code/brickpi/install/brickpi3_sensors:/code/brickpi/install/brickpi3_charlie:/opt/ros/humble /usr/bin/cmake --install /code/brickpi/build/rt_ros2
[70.294s] -- Install configuration: ""
[70.294s] -- Installing: /code/brickpi/install/rt_ros2/lib/rt_ros2/rt_ros2
[70.361s] -- Set runtime path of "/code/brickpi/install/rt_ros2/lib/rt_ros2/rt_ros2" to ""
[70.361s] -- Installing: /code/brickpi/install/rt_ros2/share/ament_index/resource_index/package_run_dependencies/rt_ros2
[70.363s] -- Installing: /code/brickpi/install/rt_ros2/share/ament_index/resource_index/parent_prefix_path/rt_ros2
[70.365s] -- Installing: /code/brickpi/install/rt_ros2/share/rt_ros2/environment/ament_prefix_path.sh
[70.366s] -- Installing: /code/brickpi/install/rt_ros2/share/rt_ros2/environment/ament_prefix_path.dsv
[70.368s] -- Installing: /code/brickpi/install/rt_ros2/share/rt_ros2/environment/path.sh
[70.369s] -- Installing: /code/brickpi/install/rt_ros2/share/rt_ros2/environment/path.dsv
[70.370s] -- Installing: /code/brickpi/install/rt_ros2/share/rt_ros2/local_setup.bash
[70.371s] -- Installing: /code/brickpi/install/rt_ros2/share/rt_ros2/local_setup.sh
[70.373s] -- Installing: /code/brickpi/install/rt_ros2/share/rt_ros2/local_setup.zsh
[70.374s] -- Installing: /code/brickpi/install/rt_ros2/share/rt_ros2/local_setup.dsv
[70.375s] -- Installing: /code/brickpi/install/rt_ros2/share/rt_ros2/package.dsv
[70.377s] -- Installing: /code/brickpi/install/rt_ros2/share/ament_index/resource_index/packages/rt_ros2
[70.378s] -- Installing: /code/brickpi/install/rt_ros2/share/rt_ros2/cmake/rt_ros2Config.cmake
[70.380s] -- Installing: /code/brickpi/install/rt_ros2/share/rt_ros2/cmake/rt_ros2Config-version.cmake
[70.381s] -- Installing: /code/brickpi/install/rt_ros2/share/rt_ros2/package.xml
[70.389s] Invoked command in '/code/brickpi/build/rt_ros2' returned '0': CMAKE_PREFIX_PATH=${CMAKE_PREFIX_PATH}:/code/brickpi/install/brickpi3_sensors:/code/brickpi/install/brickpi3_charlie:/opt/ros/humble /usr/bin/cmake --install /code/brickpi/build/rt_ros2
