[0.056s] Invoking command in '/code/brickpi/build/rt_ros2': CMAKE_PREFIX_PATH=${CMAKE_PREFIX_PATH}:/code/brickpi/install/brickpi3_sensors:/code/brickpi/install/brickpi3_charlie:/opt/ros/humble /usr/bin/cmake --build /code/brickpi/build/rt_ros2 -- -j4 -l4
[0.273s] [35m[1mConsolidate compiler generated dependencies of target rt_ros2[0m
[0.402s] [ 25%] [32mBuilding CXX object CMakeFiles/rt_ros2.dir/src/nodo_maquina_estados.cpp.o[0m
[38.281s] [ 50%] [32m[1mLinking CXX executable rt_ros2[0m
[40.454s] [100%] Built target rt_ros2
[40.504s] Invoked command in '/code/brickpi/build/rt_ros2' returned '0': CMAKE_PREFIX_PATH=${CMAKE_PREFIX_PATH}:/code/brickpi/install/brickpi3_sensors:/code/brickpi/install/brickpi3_charlie:/opt/ros/humble /usr/bin/cmake --build /code/brickpi/build/rt_ros2 -- -j4 -l4
[40.550s] Invoking command in '/code/brickpi/build/rt_ros2': CMAKE_PREFIX_PATH=${CMAKE_PREFIX_PATH}:/code/brickpi/install/brickpi3_sensors:/code/brickpi/install/brickpi3_charlie:/opt/ros/humble /usr/bin/cmake --install /code/brickpi/build/rt_ros2
[40.581s] -- Install configuration: ""
[40.582s] -- Installing: /code/brickpi/install/rt_ros2/lib/rt_ros2/rt_ros2
[40.618s] -- Set runtime path of "/code/brickpi/install/rt_ros2/lib/rt_ros2/rt_ros2" to ""
[40.619s] -- Up-to-date: /code/brickpi/install/rt_ros2/share/ament_index/resource_index/package_run_dependencies/rt_ros2
[40.619s] -- Up-to-date: /code/brickpi/install/rt_ros2/share/ament_index/resource_index/parent_prefix_path/rt_ros2
[40.620s] -- Up-to-date: /code/brickpi/install/rt_ros2/share/rt_ros2/environment/ament_prefix_path.sh
[40.620s] -- Up-to-date: /code/brickpi/install/rt_ros2/share/rt_ros2/environment/ament_prefix_path.dsv
[40.621s] -- Up-to-date: /code/brickpi/install/rt_ros2/share/rt_ros2/environment/path.sh
[40.621s] -- Up-to-date: /code/brickpi/install/rt_ros2/share/rt_ros2/environment/path.dsv
[40.622s] -- Up-to-date: /code/brickpi/install/rt_ros2/share/rt_ros2/local_setup.bash
[40.623s] -- Up-to-date: /code/brickpi/install/rt_ros2/share/rt_ros2/local_setup.sh
[40.624s] -- Up-to-date: /code/brickpi/install/rt_ros2/share/rt_ros2/local_setup.zsh
[40.625s] -- Up-to-date: /code/brickpi/install/rt_ros2/share/rt_ros2/local_setup.dsv
[40.625s] -- Installing: /code/brickpi/install/rt_ros2/share/rt_ros2/package.dsv
[40.626s] -- Up-to-date: /code/brickpi/install/rt_ros2/share/ament_index/resource_index/packages/rt_ros2
[40.626s] -- Up-to-date: /code/brickpi/install/rt_ros2/share/rt_ros2/cmake/rt_ros2Config.cmake
[40.627s] -- Up-to-date: /code/brickpi/install/rt_ros2/share/rt_ros2/cmake/rt_ros2Config-version.cmake
[40.627s] -- Up-to-date: /code/brickpi/install/rt_ros2/share/rt_ros2/package.xml
[40.633s] Invoked command in '/code/brickpi/build/rt_ros2' returned '0': CMAKE_PREFIX_PATH=${CMAKE_PREFIX_PATH}:/code/brickpi/install/brickpi3_sensors:/code/brickpi/install/brickpi3_charlie:/opt/ros/humble /usr/bin/cmake --install /code/brickpi/build/rt_ros2
