[0.064s] Invoking command in '/code/brickpi/build/rt_ros2': CMAKE_PREFIX_PATH=${CMAKE_PREFIX_PATH}:/opt/ros/humble /usr/bin/cmake --build /code/brickpi/build/rt_ros2 -- -j4 -l4
[0.458s] -- Found ament_cmake: 1.3.14 (/opt/ros/humble/share/ament_cmake/cmake)
[1.135s] -- Found rclcpp: 16.0.18 (/opt/ros/humble/share/rclcpp/cmake)
[1.333s] -- Found rosidl_generator_c: 3.1.8 (/opt/ros/humble/share/rosidl_generator_c/cmake)
[1.349s] -- Found rosidl_adapter: 3.1.8 (/opt/ros/humble/share/rosidl_adapter/cmake)
[1.388s] -- Found rosidl_generator_cpp: 3.1.8 (/opt/ros/humble/share/rosidl_generator_cpp/cmake)
[1.447s] -- Using all available rosidl_typesupport_c: rosidl_typesupport_fastrtps_c;rosidl_typesupport_introspection_c
[1.521s] -- Using all available rosidl_typesupport_cpp: rosidl_typesupport_fastrtps_cpp;rosidl_typesupport_introspection_cpp
[1.717s] -- Found rmw_implementation_cmake: 6.1.2 (/opt/ros/humble/share/rmw_implementation_cmake/cmake)
[1.727s] -- Found rmw_fastrtps_cpp: 6.2.10 (/opt/ros/humble/share/rmw_fastrtps_cpp/cmake)
[2.296s] -- Using RMW implementation 'rmw_fastrtps_cpp' as default
[2.577s] -- Found geometry_msgs: 4.9.1 (/opt/ros/humble/share/geometry_msgs/cmake)
[2.649s] -- Found sensor_msgs: 4.9.1 (/opt/ros/humble/share/sensor_msgs/cmake)
[2.767s] -- QUILL_NO_EXCEPTIONS: OFF
[2.768s] -- QUILL_FMT_EXTERNAL: OFF
[2.768s] -- QUILL_NO_THREAD_NAME_SUPPORT: OFF
[3.290s] -- Configuring done
[3.328s] [31mCMake Error at CMakeLists.txt:49 (add_executable):
[3.328s]   Cannot find source file:
[3.329s] 
[3.329s]     test/test_automatico.cpp
[3.329s] 
[3.330s]   Tried extensions .c .C .c++ .cc .cpp .cxx .cu .mpp .m .M .mm .ixx .cppm .h
[3.330s]   .hh .h++ .hm .hpp .hxx .in .txx .f .F .for .f77 .f90 .f95 .f03 .hip .ispc
[3.331s] 
[3.331s] [0m
[3.340s] [31mCMake Error at CMakeLists.txt:49 (add_executable):
[3.340s]   No SOURCES given to target: test_automatico
[3.341s] 
[3.341s] [0m
[3.342s] [0mCMake Generate step failed.  Build files cannot be regenerated correctly.[0m
[3.382s] gmake: *** [Makefile:363: cmake_check_build_system] Error 1
[3.391s] Invoked command in '/code/brickpi/build/rt_ros2' returned '2': CMAKE_PREFIX_PATH=${CMAKE_PREFIX_PATH}:/opt/ros/humble /usr/bin/cmake --build /code/brickpi/build/rt_ros2 -- -j4 -l4
