running develop
Removing /code/brickpi/install/brickpi3_charlie/lib/python3.10/site-packages/brickpi3-charlie.egg-link (link to .)
running egg_info
writing ../build/brickpi3_charlie/brickpi3_charlie.egg-info/PKG-INFO
writing dependency_links to ../build/brickpi3_charlie/brickpi3_charlie.egg-info/dependency_links.txt
writing entry points to ../build/brickpi3_charlie/brickpi3_charlie.egg-info/entry_points.txt
writing requirements to ../build/brickpi3_charlie/brickpi3_charlie.egg-info/requires.txt
writing top-level names to ../build/brickpi3_charlie/brickpi3_charlie.egg-info/top_level.txt
reading manifest file '../build/brickpi3_charlie/brickpi3_charlie.egg-info/SOURCES.txt'
writing manifest file '../build/brickpi3_charlie/brickpi3_charlie.egg-info/SOURCES.txt'
running build
running build_py
creating /code/brickpi/build/brickpi3_charlie/build
creating /code/brickpi/build/brickpi3_charlie/build/lib
creating /code/brickpi/build/brickpi3_charlie/build/lib/brickpi3_charlie
copying brickpi3_charlie/__init__.py -> /code/brickpi/build/brickpi3_charlie/build/lib/brickpi3_charlie
running install
running install_lib
creating /code/brickpi/install/brickpi3_charlie/lib/python3.10/site-packages/brickpi3_charlie
copying /code/brickpi/build/brickpi3_charlie/build/lib/brickpi3_charlie/__init__.py -> /code/brickpi/install/brickpi3_charlie/lib/python3.10/site-packages/brickpi3_charlie
byte-compiling /code/brickpi/install/brickpi3_charlie/lib/python3.10/site-packages/brickpi3_charlie/__init__.py to __init__.cpython-310.pyc
running install_data
copying resource/brickpi3_charlie -> /code/brickpi/install/brickpi3_charlie/share/ament_index/resource_index/packages
copying package.xml -> /code/brickpi/install/brickpi3_charlie/share/brickpi3_charlie
copying launch/motors_launch.py -> /code/brickpi/install/brickpi3_charlie/share/brickpi3_charlie/launch
copying config/controller_description.yaml -> /code/brickpi/install/brickpi3_charlie/share/brickpi3_charlie/config
copying config/robot_hardware_description.urdf -> /code/brickpi/install/brickpi3_charlie/share/brickpi3_charlie/config
running install_egg_info
Copying ../build/brickpi3_charlie/brickpi3_charlie.egg-info to /code/brickpi/install/brickpi3_charlie/lib/python3.10/site-packages/brickpi3_charlie-0.0.0-py3.10.egg-info
running install_scripts
writing list of installed files to '/code/brickpi/build/brickpi3_charlie/install.log'
