[0.580s] Invoking command in '/code/brickpi/build/rt_ros2': CMAKE_PREFIX_PATH=/opt/ros/humble /usr/bin/cmake --build /code/brickpi/build/rt_ros2 -- -j4 -l4
[0.947s] [ 30%] Built target cactus_tracing_embedded_perfetto_protos
[0.987s] [ 76%] Built target quill
[1.120s] [ 92%] Built target cactus_rt
[1.190s] [35m[1mConsolidate compiler generated dependencies of target rt_ros2[0m
[1.543s] [ 94%] [32mBuilding CXX object CMakeFiles/rt_ros2.dir/src/main.cc.o[0m
[23.564s] In file included from [01m[K/usr/include/aarch64-linux-gnu/c++/11/bits/c++allocator.h:33[m[K,
[23.565s]                  from [01m[K/usr/include/c++/11/bits/allocator.h:46[m[K,
[23.565s]                  from [01m[K/usr/include/c++/11/memory:64[m[K,
[23.566s]                  from [01m[K/opt/ros/humble/include/rclcpp/rclcpp/rclcpp.hpp:153[m[K,
[23.567s]                  from [01m[K/code/brickpi/rt_ros2/src/main.cc:1[m[K:
[23.567s] /usr/include/c++/11/ext/new_allocator.h: In instantiation of ‘[01m[Kvoid __gnu_cxx::new_allocator<_Tp>::construct(_Up*, _Args&& ...) [with _Up = cactus_rt::tracing::FileSink; _Args = {std::__cxx11::basic_string<char, std::char_traits<char>, std::allocator<char> >&}; _Tp = cactus_rt::tracing::FileSink][m[K’:
[23.568s] [01m[K/usr/include/c++/11/bits/alloc_traits.h:516:17:[m[K   required from ‘[01m[Kstatic void std::allocator_traits<std::allocator<_Tp1> >::construct(std::allocator_traits<std::allocator<_Tp1> >::allocator_type&, _Up*, _Args&& ...) [with _Up = cactus_rt::tracing::FileSink; _Args = {std::__cxx11::basic_string<char, std::char_traits<char>, std::allocator<char> >&}; _Tp = cactus_rt::tracing::FileSink; std::allocator_traits<std::allocator<_Tp1> >::allocator_type = std::allocator<cactus_rt::tracing::FileSink>][m[K’
[23.568s] [01m[K/usr/include/c++/11/bits/shared_ptr_base.h:519:39:[m[K   required from ‘[01m[Kstd::_Sp_counted_ptr_inplace<_Tp, _Alloc, _Lp>::_Sp_counted_ptr_inplace(_Alloc, _Args&& ...) [with _Args = {std::__cxx11::basic_string<char, std::char_traits<char>, std::allocator<char> >&}; _Tp = cactus_rt::tracing::FileSink; _Alloc = std::allocator<cactus_rt::tracing::FileSink>; __gnu_cxx::_Lock_policy _Lp = __gnu_cxx::_S_atomic][m[K’
[23.569s] [01m[K/usr/include/c++/11/bits/shared_ptr_base.h:650:16:[m[K   required from ‘[01m[Kstd::__shared_count<_Lp>::__shared_count(_Tp*&, std::_Sp_alloc_shared_tag<_Alloc>, _Args&& ...) [with _Tp = cactus_rt::tracing::FileSink; _Alloc = std::allocator<cactus_rt::tracing::FileSink>; _Args = {std::__cxx11::basic_string<char, std::char_traits<char>, std::allocator<char> >&}; __gnu_cxx::_Lock_policy _Lp = __gnu_cxx::_S_atomic][m[K’
[23.570s] [01m[K/usr/include/c++/11/bits/shared_ptr_base.h:1342:14:[m[K   required from ‘[01m[Kstd::__shared_ptr<_Tp, _Lp>::__shared_ptr(std::_Sp_alloc_shared_tag<_Tp>, _Args&& ...) [with _Alloc = std::allocator<cactus_rt::tracing::FileSink>; _Args = {std::__cxx11::basic_string<char, std::char_traits<char>, std::allocator<char> >&}; _Tp = cactus_rt::tracing::FileSink; __gnu_cxx::_Lock_policy _Lp = __gnu_cxx::_S_atomic][m[K’
[23.570s] [01m[K/usr/include/c++/11/bits/shared_ptr.h:409:59:[m[K   required from ‘[01m[Kstd::shared_ptr<_Tp>::shared_ptr(std::_Sp_alloc_shared_tag<_Tp>, _Args&& ...) [with _Alloc = std::allocator<cactus_rt::tracing::FileSink>; _Args = {std::__cxx11::basic_string<char, std::char_traits<char>, std::allocator<char> >&}; _Tp = cactus_rt::tracing::FileSink][m[K’
[23.571s] [01m[K/usr/include/c++/11/bits/shared_ptr.h:862:14:[m[K   required from ‘[01m[Kstd::shared_ptr<_Tp> std::allocate_shared(const _Alloc&, _Args&& ...) [with _Tp = cactus_rt::tracing::FileSink; _Alloc = std::allocator<cactus_rt::tracing::FileSink>; _Args = {std::__cxx11::basic_string<char, std::char_traits<char>, std::allocator<char> >&}][m[K’
[23.571s] [01m[K/usr/include/c++/11/bits/shared_ptr.h:878:39:[m[K   required from ‘[01m[Kstd::shared_ptr<_Tp> std::make_shared(_Args&& ...) [with _Tp = cactus_rt::tracing::FileSink; _Args = {std::__cxx11::basic_string<char, std::char_traits<char>, std::allocator<char> >&}][m[K’
[23.572s] [01m[K/code/brickpi/rt_ros2/src/main.cc:37:73:[m[K   required from here
[23.572s] [01m[K/usr/include/c++/11/ext/new_allocator.h:162:11:[m[K [01;31m[Kerror: [m[Kno matching function for call to ‘[01m[Kcactus_rt::tracing::FileSink::FileSink(std::__cxx11::basic_string<char>&)[m[K’
[23.573s]   162 |         { [01;31m[K::new((void *)__p) _Up(std::forward<_Args>(__args)...)[m[K; }
[23.574s]       |           [01;31m[K^~~~~~~~~~~~~~~~~~~~~~~~~~~~~~~~~~~~~~~~~~~~~~~~~~~~~~[m[K
[23.575s] In file included from [01m[K/code/brickpi/rt_ros2/vendor/cactus-rt/include/cactus_rt/tracing.h:1[m[K,
[23.575s]                  from [01m[K/code/brickpi/rt_ros2/src/main.cc:2[m[K:
[23.576s] [01m[K/code/brickpi/rt_ros2/vendor/cactus-rt/include/cactus_rt/tracing/sink.h:28:12:[m[K [01;36m[Knote: [m[Kcandidate: ‘[01m[Kcactus_rt::tracing::FileSink::FileSink(const char*)[m[K’
[23.576s]    28 |   explicit [01;36m[KFileSink[m[K(const char* filename);
[23.577s]       |            [01;36m[K^~~~~~~~[m[K
[23.577s] [01m[K/code/brickpi/rt_ros2/vendor/cactus-rt/include/cactus_rt/tracing/sink.h:28:33:[m[K [01;36m[Knote: [m[K  no known conversion for argument 1 from ‘[01m[Kstd::__cxx11::basic_string<char>[m[K’ to ‘[01m[Kconst char*[m[K’
[23.578s]    28 |   explicit FileSink([01;36m[Kconst char* filename[m[K);
[23.578s]       |                     [01;36m[K~~~~~~~~~~~~^~~~~~~~[m[K
[23.579s] [01m[K/code/brickpi/rt_ros2/vendor/cactus-rt/include/cactus_rt/tracing/sink.h:24:7:[m[K [01;36m[Knote: [m[Kcandidate: ‘[01m[Kcactus_rt::tracing::FileSink::FileSink(cactus_rt::tracing::FileSink&&)[m[K’
[23.579s]    24 | class [01;36m[KFileSink[m[K : public Sink {
[23.580s]       |       [01;36m[K^~~~~~~~[m[K
[23.580s] [01m[K/code/brickpi/rt_ros2/vendor/cactus-rt/include/cactus_rt/tracing/sink.h:24:7:[m[K [01;36m[Knote: [m[K  no known conversion for argument 1 from ‘[01m[Kstd::__cxx11::basic_string<char>[m[K’ to ‘[01m[Kcactus_rt::tracing::FileSink&&[m[K’
[24.273s] gmake[2]: *** [CMakeFiles/rt_ros2.dir/build.make:76: CMakeFiles/rt_ros2.dir/src/main.cc.o] Error 1
[24.275s] gmake[1]: *** [CMakeFiles/Makefile2:239: CMakeFiles/rt_ros2.dir/all] Error 2
[24.275s] gmake: *** [Makefile:146: all] Error 2
[24.285s] Invoked command in '/code/brickpi/build/rt_ros2' returned '2': CMAKE_PREFIX_PATH=/opt/ros/humble /usr/bin/cmake --build /code/brickpi/build/rt_ros2 -- -j4 -l4
