[0.507s] DEBUG:colcon:Command line arguments: ['/usr/bin/colcon', 'build', '--packages-select', 'rt_ros2']
[0.508s] DEBUG:colcon:Parsed command line arguments: Namespace(log_base=None, log_level=None, verb_name='build', build_base='build', install_base='install', merge_install=False, symlink_install=False, test_result_base=None, continue_on_error=False, executor='parallel', parallel_workers=4, event_handlers=None, ignore_user_meta=False, metas=['./colcon.meta'], base_paths=['.'], packages_ignore=None, packages_ignore_regex=None, paths=None, packages_up_to=None, packages_up_to_regex=None, packages_above=None, packages_above_and_dependencies=None, packages_above_depth=None, packages_select_by_dep=None, packages_skip_by_dep=None, packages_skip_up_to=None, packages_select_build_failed=False, packages_skip_build_finished=False, packages_select_test_failures=False, packages_skip_test_passed=False, packages_select=['rt_ros2'], packages_skip=None, packages_select_regex=None, packages_skip_regex=None, packages_start=None, packages_end=None, allow_overriding=[], cmake_args=None, cmake_target=None, cmake_target_skip_unavailable=False, cmake_clean_cache=False, cmake_clean_first=False, cmake_force_configure=False, ament_cmake_args=None, catkin_cmake_args=None, catkin_skip_building_tests=False, verb_parser=<colcon_defaults.argument_parser.defaults.DefaultArgumentsDecorator object at 0xffff92c2b250>, verb_extension=<colcon_core.verb.build.BuildVerb object at 0xffff92c2ad70>, main=<bound method BuildVerb.main of <colcon_core.verb.build.BuildVerb object at 0xffff92c2ad70>>)
[1.310s] Level 1:colcon.colcon_core.package_discovery:discover_packages(colcon_meta) check parameters
[1.311s] Level 1:colcon.colcon_core.package_discovery:discover_packages(recursive) check parameters
[1.311s] Level 1:colcon.colcon_core.package_discovery:discover_packages(ignore) check parameters
[1.311s] Level 1:colcon.colcon_core.package_discovery:discover_packages(path) check parameters
[1.311s] Level 1:colcon.colcon_core.package_discovery:discover_packages(colcon_meta) discover
[1.312s] Level 1:colcon.colcon_core.package_discovery:discover_packages(recursive) discover
[1.312s] INFO:colcon.colcon_core.package_discovery:Crawling recursively for packages in '/code/brickpi'
[1.313s] Level 1:colcon.colcon_core.package_identification:_identify(.) by extensions ['ignore', 'ignore_ament_install']
[1.313s] Level 1:colcon.colcon_core.package_identification:_identify(.) by extension 'ignore'
[1.314s] Level 1:colcon.colcon_core.package_identification:_identify(.) by extension 'ignore_ament_install'
[1.314s] Level 1:colcon.colcon_core.package_identification:_identify(.) by extensions ['colcon_pkg']
[1.314s] Level 1:colcon.colcon_core.package_identification:_identify(.) by extension 'colcon_pkg'
[1.315s] Level 1:colcon.colcon_core.package_identification:_identify(.) by extensions ['colcon_meta']
[1.315s] Level 1:colcon.colcon_core.package_identification:_identify(.) by extension 'colcon_meta'
[1.315s] Level 1:colcon.colcon_core.package_identification:_identify(.) by extensions ['ros']
[1.315s] Level 1:colcon.colcon_core.package_identification:_identify(.) by extension 'ros'
[1.368s] Level 1:colcon.colcon_core.package_identification:_identify(.) by extensions ['cmake', 'python']
[1.368s] Level 1:colcon.colcon_core.package_identification:_identify(.) by extension 'cmake'
[1.368s] Level 1:colcon.colcon_core.package_identification:_identify(.) by extension 'python'
[1.369s] Level 1:colcon.colcon_core.package_identification:_identify(.) by extensions ['python_setup_py']
[1.369s] Level 1:colcon.colcon_core.package_identification:_identify(.) by extension 'python_setup_py'
[1.370s] Level 1:colcon.colcon_core.package_identification:_identify(brickpi3_charlie) by extensions ['ignore', 'ignore_ament_install']
[1.370s] Level 1:colcon.colcon_core.package_identification:_identify(brickpi3_charlie) by extension 'ignore'
[1.370s] Level 1:colcon.colcon_core.package_identification:_identify(brickpi3_charlie) by extension 'ignore_ament_install'
[1.371s] Level 1:colcon.colcon_core.package_identification:_identify(brickpi3_charlie) by extensions ['colcon_pkg']
[1.371s] Level 1:colcon.colcon_core.package_identification:_identify(brickpi3_charlie) by extension 'colcon_pkg'
[1.371s] Level 1:colcon.colcon_core.package_identification:_identify(brickpi3_charlie) by extensions ['colcon_meta']
[1.371s] Level 1:colcon.colcon_core.package_identification:_identify(brickpi3_charlie) by extension 'colcon_meta'
[1.372s] Level 1:colcon.colcon_core.package_identification:_identify(brickpi3_charlie) by extensions ['ros']
[1.372s] Level 1:colcon.colcon_core.package_identification:_identify(brickpi3_charlie) by extension 'ros'
[1.388s] DEBUG:colcon.colcon_core.package_identification:Package 'brickpi3_charlie' with type 'ros.ament_python' and name 'brickpi3_charlie'
[1.389s] Level 1:colcon.colcon_core.package_identification:_identify(brickpi3_motors) by extensions ['ignore', 'ignore_ament_install']
[1.389s] Level 1:colcon.colcon_core.package_identification:_identify(brickpi3_motors) by extension 'ignore'
[1.390s] Level 1:colcon.colcon_core.package_identification:_identify(brickpi3_motors) by extension 'ignore_ament_install'
[1.390s] Level 1:colcon.colcon_core.package_identification:_identify(brickpi3_motors) by extensions ['colcon_pkg']
[1.390s] Level 1:colcon.colcon_core.package_identification:_identify(brickpi3_motors) by extension 'colcon_pkg'
[1.391s] Level 1:colcon.colcon_core.package_identification:_identify(brickpi3_motors) by extensions ['colcon_meta']
[1.391s] Level 1:colcon.colcon_core.package_identification:_identify(brickpi3_motors) by extension 'colcon_meta'
[1.391s] Level 1:colcon.colcon_core.package_identification:_identify(brickpi3_motors) by extensions ['ros']
[1.391s] Level 1:colcon.colcon_core.package_identification:_identify(brickpi3_motors) by extension 'ros'
[1.394s] DEBUG:colcon.colcon_core.package_identification:Package 'brickpi3_motors' with type 'ros.ament_cmake' and name 'brickpi3_motors'
[1.394s] Level 1:colcon.colcon_core.package_identification:_identify(brickpi3_sensors) by extensions ['ignore', 'ignore_ament_install']
[1.395s] Level 1:colcon.colcon_core.package_identification:_identify(brickpi3_sensors) by extension 'ignore'
[1.395s] Level 1:colcon.colcon_core.package_identification:_identify(brickpi3_sensors) by extension 'ignore_ament_install'
[1.395s] Level 1:colcon.colcon_core.package_identification:_identify(brickpi3_sensors) by extensions ['colcon_pkg']
[1.396s] Level 1:colcon.colcon_core.package_identification:_identify(brickpi3_sensors) by extension 'colcon_pkg'
[1.396s] Level 1:colcon.colcon_core.package_identification:_identify(brickpi3_sensors) by extensions ['colcon_meta']
[1.396s] Level 1:colcon.colcon_core.package_identification:_identify(brickpi3_sensors) by extension 'colcon_meta'
[1.396s] Level 1:colcon.colcon_core.package_identification:_identify(brickpi3_sensors) by extensions ['ros']
[1.396s] Level 1:colcon.colcon_core.package_identification:_identify(brickpi3_sensors) by extension 'ros'
[1.399s] DEBUG:colcon.colcon_core.package_identification:Package 'brickpi3_sensors' with type 'ros.ament_python' and name 'brickpi3_sensors'
[1.400s] Level 1:colcon.colcon_core.package_identification:_identify(build) by extensions ['ignore', 'ignore_ament_install']
[1.400s] Level 1:colcon.colcon_core.package_identification:_identify(build) by extension 'ignore'
[1.401s] Level 1:colcon.colcon_core.package_identification:_identify(build) ignored
[1.401s] Level 1:colcon.colcon_core.package_identification:_identify(docker) by extensions ['ignore', 'ignore_ament_install']
[1.402s] Level 1:colcon.colcon_core.package_identification:_identify(docker) by extension 'ignore'
[1.402s] Level 1:colcon.colcon_core.package_identification:_identify(docker) by extension 'ignore_ament_install'
[1.402s] Level 1:colcon.colcon_core.package_identification:_identify(docker) by extensions ['colcon_pkg']
[1.402s] Level 1:colcon.colcon_core.package_identification:_identify(docker) by extension 'colcon_pkg'
[1.403s] Level 1:colcon.colcon_core.package_identification:_identify(docker) by extensions ['colcon_meta']
[1.403s] Level 1:colcon.colcon_core.package_identification:_identify(docker) by extension 'colcon_meta'
[1.403s] Level 1:colcon.colcon_core.package_identification:_identify(docker) by extensions ['ros']
[1.403s] Level 1:colcon.colcon_core.package_identification:_identify(docker) by extension 'ros'
[1.404s] Level 1:colcon.colcon_core.package_identification:_identify(docker) by extensions ['cmake', 'python']
[1.404s] Level 1:colcon.colcon_core.package_identification:_identify(docker) by extension 'cmake'
[1.404s] Level 1:colcon.colcon_core.package_identification:_identify(docker) by extension 'python'
[1.404s] Level 1:colcon.colcon_core.package_identification:_identify(docker) by extensions ['python_setup_py']
[1.405s] Level 1:colcon.colcon_core.package_identification:_identify(docker) by extension 'python_setup_py'
[1.405s] Level 1:colcon.colcon_core.package_identification:_identify(docker/brickpi3) by extensions ['ignore', 'ignore_ament_install']
[1.406s] Level 1:colcon.colcon_core.package_identification:_identify(docker/brickpi3) by extension 'ignore'
[1.406s] Level 1:colcon.colcon_core.package_identification:_identify(docker/brickpi3) by extension 'ignore_ament_install'
[1.406s] Level 1:colcon.colcon_core.package_identification:_identify(docker/brickpi3) by extensions ['colcon_pkg']
[1.406s] Level 1:colcon.colcon_core.package_identification:_identify(docker/brickpi3) by extension 'colcon_pkg'
[1.407s] Level 1:colcon.colcon_core.package_identification:_identify(docker/brickpi3) by extensions ['colcon_meta']
[1.407s] Level 1:colcon.colcon_core.package_identification:_identify(docker/brickpi3) by extension 'colcon_meta'
[1.407s] Level 1:colcon.colcon_core.package_identification:_identify(docker/brickpi3) by extensions ['ros']
[1.407s] Level 1:colcon.colcon_core.package_identification:_identify(docker/brickpi3) by extension 'ros'
[1.408s] Level 1:colcon.colcon_core.package_identification:_identify(docker/brickpi3) by extensions ['cmake', 'python']
[1.408s] Level 1:colcon.colcon_core.package_identification:_identify(docker/brickpi3) by extension 'cmake'
[1.408s] Level 1:colcon.colcon_core.package_identification:_identify(docker/brickpi3) by extension 'python'
[1.408s] Level 1:colcon.colcon_core.package_identification:_identify(docker/brickpi3) by extensions ['python_setup_py']
[1.409s] Level 1:colcon.colcon_core.package_identification:_identify(docker/brickpi3) by extension 'python_setup_py'
[1.409s] Level 1:colcon.colcon_core.package_identification:_identify(ev3_sensor_msgs) by extensions ['ignore', 'ignore_ament_install']
[1.410s] Level 1:colcon.colcon_core.package_identification:_identify(ev3_sensor_msgs) by extension 'ignore'
[1.410s] Level 1:colcon.colcon_core.package_identification:_identify(ev3_sensor_msgs) by extension 'ignore_ament_install'
[1.410s] Level 1:colcon.colcon_core.package_identification:_identify(ev3_sensor_msgs) by extensions ['colcon_pkg']
[1.410s] Level 1:colcon.colcon_core.package_identification:_identify(ev3_sensor_msgs) by extension 'colcon_pkg'
[1.411s] Level 1:colcon.colcon_core.package_identification:_identify(ev3_sensor_msgs) by extensions ['colcon_meta']
[1.411s] Level 1:colcon.colcon_core.package_identification:_identify(ev3_sensor_msgs) by extension 'colcon_meta'
[1.411s] Level 1:colcon.colcon_core.package_identification:_identify(ev3_sensor_msgs) by extensions ['ros']
[1.411s] Level 1:colcon.colcon_core.package_identification:_identify(ev3_sensor_msgs) by extension 'ros'
[1.414s] DEBUG:colcon.colcon_core.package_identification:Package 'ev3_sensor_msgs' with type 'ros.ament_cmake' and name 'ev3_sensor_msgs'
[1.415s] Level 1:colcon.colcon_core.package_identification:_identify(install) by extensions ['ignore', 'ignore_ament_install']
[1.415s] Level 1:colcon.colcon_core.package_identification:_identify(install) by extension 'ignore'
[1.415s] Level 1:colcon.colcon_core.package_identification:_identify(install) ignored
[1.416s] Level 1:colcon.colcon_core.package_identification:_identify(log) by extensions ['ignore', 'ignore_ament_install']
[1.417s] Level 1:colcon.colcon_core.package_identification:_identify(log) by extension 'ignore'
[1.417s] Level 1:colcon.colcon_core.package_identification:_identify(log) ignored
[1.418s] Level 1:colcon.colcon_core.package_identification:_identify(rt_ros2) by extensions ['ignore', 'ignore_ament_install']
[1.418s] Level 1:colcon.colcon_core.package_identification:_identify(rt_ros2) by extension 'ignore'
[1.419s] Level 1:colcon.colcon_core.package_identification:_identify(rt_ros2) by extension 'ignore_ament_install'
[1.419s] Level 1:colcon.colcon_core.package_identification:_identify(rt_ros2) by extensions ['colcon_pkg']
[1.419s] Level 1:colcon.colcon_core.package_identification:_identify(rt_ros2) by extension 'colcon_pkg'
[1.419s] Level 1:colcon.colcon_core.package_identification:_identify(rt_ros2) by extensions ['colcon_meta']
[1.420s] Level 1:colcon.colcon_core.package_identification:_identify(rt_ros2) by extension 'colcon_meta'
[1.420s] Level 1:colcon.colcon_core.package_identification:_identify(rt_ros2) by extensions ['ros']
[1.420s] Level 1:colcon.colcon_core.package_identification:_identify(rt_ros2) by extension 'ros'
[1.424s] DEBUG:colcon.colcon_core.package_identification:Package 'rt_ros2' with type 'ros.ament_cmake' and name 'rt_ros2'
[1.425s] Level 1:colcon.colcon_core.package_identification:_identify(trazas) by extensions ['ignore', 'ignore_ament_install']
[1.425s] Level 1:colcon.colcon_core.package_identification:_identify(trazas) by extension 'ignore'
[1.425s] Level 1:colcon.colcon_core.package_identification:_identify(trazas) by extension 'ignore_ament_install'
[1.426s] Level 1:colcon.colcon_core.package_identification:_identify(trazas) by extensions ['colcon_pkg']
[1.426s] Level 1:colcon.colcon_core.package_identification:_identify(trazas) by extension 'colcon_pkg'
[1.426s] Level 1:colcon.colcon_core.package_identification:_identify(trazas) by extensions ['colcon_meta']
[1.426s] Level 1:colcon.colcon_core.package_identification:_identify(trazas) by extension 'colcon_meta'
[1.427s] Level 1:colcon.colcon_core.package_identification:_identify(trazas) by extensions ['ros']
[1.427s] Level 1:colcon.colcon_core.package_identification:_identify(trazas) by extension 'ros'
[1.427s] Level 1:colcon.colcon_core.package_identification:_identify(trazas) by extensions ['cmake', 'python']
[1.427s] Level 1:colcon.colcon_core.package_identification:_identify(trazas) by extension 'cmake'
[1.428s] Level 1:colcon.colcon_core.package_identification:_identify(trazas) by extension 'python'
[1.428s] Level 1:colcon.colcon_core.package_identification:_identify(trazas) by extensions ['python_setup_py']
[1.428s] Level 1:colcon.colcon_core.package_identification:_identify(trazas) by extension 'python_setup_py'
[1.428s] Level 1:colcon.colcon_core.package_discovery:discover_packages(recursive) using defaults
[1.429s] Level 1:colcon.colcon_core.package_discovery:discover_packages(ignore) discover
[1.429s] Level 1:colcon.colcon_core.package_discovery:discover_packages(ignore) using defaults
[1.429s] Level 1:colcon.colcon_core.package_discovery:discover_packages(path) discover
[1.429s] Level 1:colcon.colcon_core.package_discovery:discover_packages(path) using defaults
[1.520s] INFO:colcon.colcon_core.package_selection:Skipping not selected package 'brickpi3_motors' in 'brickpi3_motors'
[1.521s] INFO:colcon.colcon_core.package_selection:Skipping not selected package 'brickpi3_sensors' in 'brickpi3_sensors'
[1.521s] INFO:colcon.colcon_core.package_selection:Skipping not selected package 'ev3_sensor_msgs' in 'ev3_sensor_msgs'
[1.521s] INFO:colcon.colcon_core.package_selection:Skipping not selected package 'brickpi3_charlie' in 'brickpi3_charlie'
[1.523s] Level 1:colcon.colcon_core.package_discovery:discover_packages(prefix_path) check parameters
[1.523s] Level 1:colcon.colcon_core.package_discovery:discover_packages(prefix_path) discover
[1.534s] DEBUG:colcon.colcon_installed_package_information.package_discovery:Found 5 installed packages in /code/brickpi/install
[1.542s] DEBUG:colcon.colcon_installed_package_information.package_discovery:Found 200 installed packages in /opt/ros/humble
[1.548s] Level 1:colcon.colcon_core.package_discovery:discover_packages(prefix_path) using defaults
[1.738s] Level 5:colcon.colcon_core.verb:set package 'rt_ros2' build argument 'cmake_args' from command line to 'None'
[1.739s] Level 5:colcon.colcon_core.verb:set package 'rt_ros2' build argument 'cmake_target' from command line to 'None'
[1.739s] Level 5:colcon.colcon_core.verb:set package 'rt_ros2' build argument 'cmake_target_skip_unavailable' from command line to 'False'
[1.739s] Level 5:colcon.colcon_core.verb:set package 'rt_ros2' build argument 'cmake_clean_cache' from command line to 'False'
[1.739s] Level 5:colcon.colcon_core.verb:set package 'rt_ros2' build argument 'cmake_clean_first' from command line to 'False'
[1.739s] Level 5:colcon.colcon_core.verb:set package 'rt_ros2' build argument 'cmake_force_configure' from command line to 'False'
[1.739s] Level 5:colcon.colcon_core.verb:set package 'rt_ros2' build argument 'ament_cmake_args' from command line to 'None'
[1.740s] Level 5:colcon.colcon_core.verb:set package 'rt_ros2' build argument 'catkin_cmake_args' from command line to 'None'
[1.740s] Level 5:colcon.colcon_core.verb:set package 'rt_ros2' build argument 'catkin_skip_building_tests' from command line to 'False'
[1.740s] DEBUG:colcon.colcon_core.verb:Building package 'rt_ros2' with the following arguments: {'ament_cmake_args': None, 'build_base': '/code/brickpi/build/rt_ros2', 'catkin_cmake_args': None, 'catkin_skip_building_tests': False, 'cmake_args': None, 'cmake_clean_cache': False, 'cmake_clean_first': False, 'cmake_force_configure': False, 'cmake_target': None, 'cmake_target_skip_unavailable': False, 'install_base': '/code/brickpi/install/rt_ros2', 'merge_install': False, 'path': '/code/brickpi/rt_ros2', 'symlink_install': False, 'test_result_base': None}
[1.741s] INFO:colcon.colcon_core.executor:Executing jobs using 'parallel' executor
[1.745s] DEBUG:colcon.colcon_parallel_executor.executor.parallel:run_until_complete
[1.746s] INFO:colcon.colcon_ros.task.ament_cmake.build:Building ROS package in '/code/brickpi/rt_ros2' with build type 'ament_cmake'
[1.747s] INFO:colcon.colcon_cmake.task.cmake.build:Building CMake package in '/code/brickpi/rt_ros2'
[1.758s] INFO:colcon.colcon_core.plugin_system:Skipping extension 'colcon_core.shell.bat': Not used on non-Windows systems
[1.759s] INFO:colcon.colcon_core.shell:Skip shell extension 'powershell' for command environment: Not usable outside of PowerShell
[1.759s] DEBUG:colcon.colcon_core.shell:Skip shell extension 'dsv' for command environment
[1.804s] DEBUG:colcon.colcon_core.event_handler.log_command:Invoking command in '/code/brickpi/build/rt_ros2': CMAKE_PREFIX_PATH=${CMAKE_PREFIX_PATH}:/code/brickpi/install/brickpi3_sensors:/code/brickpi/install/brickpi3_charlie:/opt/ros/humble /usr/bin/cmake --build /code/brickpi/build/rt_ros2 -- -j4 -l4
[2.771s] DEBUG:colcon.colcon_core.event_handler.log_command:Invoked command in '/code/brickpi/build/rt_ros2' returned '0': CMAKE_PREFIX_PATH=${CMAKE_PREFIX_PATH}:/code/brickpi/install/brickpi3_sensors:/code/brickpi/install/brickpi3_charlie:/opt/ros/humble /usr/bin/cmake --build /code/brickpi/build/rt_ros2 -- -j4 -l4
[2.815s] DEBUG:colcon.colcon_core.event_handler.log_command:Invoking command in '/code/brickpi/build/rt_ros2': CMAKE_PREFIX_PATH=${CMAKE_PREFIX_PATH}:/code/brickpi/install/brickpi3_sensors:/code/brickpi/install/brickpi3_charlie:/opt/ros/humble /usr/bin/cmake --install /code/brickpi/build/rt_ros2
[2.924s] Level 1:colcon.colcon_core.environment:create_environment_scripts_only(rt_ros2)
[2.926s] DEBUG:colcon.colcon_core.event_handler.log_command:Invoked command in '/code/brickpi/build/rt_ros2' returned '0': CMAKE_PREFIX_PATH=${CMAKE_PREFIX_PATH}:/code/brickpi/install/brickpi3_sensors:/code/brickpi/install/brickpi3_charlie:/opt/ros/humble /usr/bin/cmake --install /code/brickpi/build/rt_ros2
[2.938s] Level 1:colcon.colcon_core.environment:checking '/code/brickpi/install/rt_ros2' for CMake module files
[2.941s] Level 1:colcon.colcon_core.environment:checking '/code/brickpi/install/rt_ros2' for CMake config files
[2.944s] Level 1:colcon.colcon_core.shell:create_environment_hook('rt_ros2', 'cmake_prefix_path')
[2.945s] INFO:colcon.colcon_core.shell:Creating environment hook '/code/brickpi/install/rt_ros2/share/rt_ros2/hook/cmake_prefix_path.ps1'
[2.948s] INFO:colcon.colcon_core.shell:Creating environment descriptor '/code/brickpi/install/rt_ros2/share/rt_ros2/hook/cmake_prefix_path.dsv'
[2.950s] INFO:colcon.colcon_core.shell:Creating environment hook '/code/brickpi/install/rt_ros2/share/rt_ros2/hook/cmake_prefix_path.sh'
[2.956s] Level 1:colcon.colcon_core.environment:checking '/code/brickpi/install/rt_ros2/lib'
[2.957s] Level 1:colcon.colcon_core.environment:checking '/code/brickpi/install/rt_ros2/bin'
[2.957s] Level 1:colcon.colcon_core.environment:checking '/code/brickpi/install/rt_ros2/lib/pkgconfig/rt_ros2.pc'
[2.958s] Level 1:colcon.colcon_core.environment:checking '/code/brickpi/install/rt_ros2/lib/python3.10/site-packages'
[2.960s] Level 1:colcon.colcon_core.environment:checking '/code/brickpi/install/rt_ros2/bin'
[2.962s] INFO:colcon.colcon_core.shell:Creating package script '/code/brickpi/install/rt_ros2/share/rt_ros2/package.ps1'
[2.966s] INFO:colcon.colcon_core.shell:Creating package descriptor '/code/brickpi/install/rt_ros2/share/rt_ros2/package.dsv'
[2.969s] INFO:colcon.colcon_core.shell:Creating package script '/code/brickpi/install/rt_ros2/share/rt_ros2/package.sh'
[2.973s] INFO:colcon.colcon_core.shell:Creating package script '/code/brickpi/install/rt_ros2/share/rt_ros2/package.bash'
[2.977s] INFO:colcon.colcon_core.shell:Creating package script '/code/brickpi/install/rt_ros2/share/rt_ros2/package.zsh'
[2.981s] Level 1:colcon.colcon_core.environment:create_file_with_runtime_dependencies(/code/brickpi/install/rt_ros2/share/colcon-core/packages/rt_ros2)
[2.985s] Level 1:colcon.colcon_core.environment:create_environment_scripts_only(rt_ros2)
[2.986s] Level 1:colcon.colcon_core.environment:checking '/code/brickpi/install/rt_ros2' for CMake module files
[2.989s] Level 1:colcon.colcon_core.environment:checking '/code/brickpi/install/rt_ros2' for CMake config files
[2.991s] Level 1:colcon.colcon_core.shell:create_environment_hook('rt_ros2', 'cmake_prefix_path')
[2.993s] INFO:colcon.colcon_core.shell:Creating environment hook '/code/brickpi/install/rt_ros2/share/rt_ros2/hook/cmake_prefix_path.ps1'
[2.995s] INFO:colcon.colcon_core.shell:Creating environment descriptor '/code/brickpi/install/rt_ros2/share/rt_ros2/hook/cmake_prefix_path.dsv'
[2.997s] INFO:colcon.colcon_core.shell:Creating environment hook '/code/brickpi/install/rt_ros2/share/rt_ros2/hook/cmake_prefix_path.sh'
[3.000s] Level 1:colcon.colcon_core.environment:checking '/code/brickpi/install/rt_ros2/lib'
[3.001s] Level 1:colcon.colcon_core.environment:checking '/code/brickpi/install/rt_ros2/bin'
[3.001s] Level 1:colcon.colcon_core.environment:checking '/code/brickpi/install/rt_ros2/lib/pkgconfig/rt_ros2.pc'
[3.002s] Level 1:colcon.colcon_core.environment:checking '/code/brickpi/install/rt_ros2/lib/python3.10/site-packages'
[3.004s] Level 1:colcon.colcon_core.environment:checking '/code/brickpi/install/rt_ros2/bin'
[3.005s] INFO:colcon.colcon_core.shell:Creating package script '/code/brickpi/install/rt_ros2/share/rt_ros2/package.ps1'
[3.008s] INFO:colcon.colcon_core.shell:Creating package descriptor '/code/brickpi/install/rt_ros2/share/rt_ros2/package.dsv'
[3.011s] INFO:colcon.colcon_core.shell:Creating package script '/code/brickpi/install/rt_ros2/share/rt_ros2/package.sh'
[3.013s] INFO:colcon.colcon_core.shell:Creating package script '/code/brickpi/install/rt_ros2/share/rt_ros2/package.bash'
[3.016s] INFO:colcon.colcon_core.shell:Creating package script '/code/brickpi/install/rt_ros2/share/rt_ros2/package.zsh'
[3.019s] Level 1:colcon.colcon_core.environment:create_file_with_runtime_dependencies(/code/brickpi/install/rt_ros2/share/colcon-core/packages/rt_ros2)
[3.020s] DEBUG:colcon.colcon_parallel_executor.executor.parallel:closing loop
[3.021s] DEBUG:colcon.colcon_parallel_executor.executor.parallel:loop closed
[3.022s] DEBUG:colcon.colcon_parallel_executor.executor.parallel:run_until_complete finished with '0'
[3.022s] DEBUG:colcon.colcon_core.event_reactor:joining thread
[3.050s] INFO:colcon.colcon_core.plugin_system:Skipping extension 'colcon_notification.desktop_notification.notify_send': Could not find 'notify-send'
[3.051s] INFO:colcon.colcon_core.plugin_system:Skipping extension 'colcon_notification.desktop_notification.terminal_notifier': Not used on non-Darwin systems
[3.052s] INFO:colcon.colcon_core.plugin_system:Skipping extension 'colcon_notification.desktop_notification.win32': Not used on non-Windows systems
[3.052s] INFO:colcon.colcon_notification.desktop_notification:Sending desktop notification using 'notify2'
[3.056s] DEBUG:colcon.colcon_notification.desktop_notification.notify2:Failed to initialize notify2: org.freedesktop.DBus.Error.ServiceUnknown: The name org.freedesktop.Notifications was not provided by any .service files
[3.056s] DEBUG:colcon.colcon_core.event_reactor:joined thread
[3.058s] INFO:colcon.colcon_core.shell:Creating prefix script '/code/brickpi/install/local_setup.ps1'
[3.064s] INFO:colcon.colcon_core.shell:Creating prefix util module '/code/brickpi/install/_local_setup_util_ps1.py'
[3.074s] INFO:colcon.colcon_core.shell:Creating prefix chain script '/code/brickpi/install/setup.ps1'
[3.082s] INFO:colcon.colcon_core.shell:Creating prefix script '/code/brickpi/install/local_setup.sh'
[3.085s] INFO:colcon.colcon_core.shell:Creating prefix util module '/code/brickpi/install/_local_setup_util_sh.py'
[3.089s] INFO:colcon.colcon_core.shell:Creating prefix chain script '/code/brickpi/install/setup.sh'
[3.098s] INFO:colcon.colcon_core.shell:Creating prefix script '/code/brickpi/install/local_setup.bash'
[3.102s] INFO:colcon.colcon_core.shell:Creating prefix chain script '/code/brickpi/install/setup.bash'
[3.109s] INFO:colcon.colcon_core.shell:Creating prefix script '/code/brickpi/install/local_setup.zsh'
[3.112s] INFO:colcon.colcon_core.shell:Creating prefix chain script '/code/brickpi/install/setup.zsh'
