[01m[K/code/brickpi/rt_ros2/src/main.cc:[m[K In function ‘[01m[Kint main(int, char**)[m[K’:
[01m[K/code/brickpi/rt_ros2/src/main.cc:7:32:[m[K [01;31m[Kerror: [m[K‘[01m[Krt_ros[m[K’ was not declared in this scope; did you mean ‘[01m[Krt_ros2[m[K’?
    7 |   auto nodo = std::make_shared<[01;31m[Krt_ros[m[K::NodoMaquinaEstados>();
      |                                [01;31m[K^~~~~~[m[K
      |                                [32m[Krt_ros2[m[K
[01m[K/code/brickpi/rt_ros2/src/main.cc:7:20:[m[K [01;31m[Kerror: [m[Kparse error in template argument list
    7 |   auto nodo = std::[01;31m[Kmake_shared<rt_ros::NodoMaquinaEstados>[m[K();
      |                    [01;31m[K^~~~~~~~~~~~~~~~~~~~~~~~~~~~~~~~~~~~~~~[m[K
[01m[K/code/brickpi/rt_ros2/src/main.cc:7:59:[m[K [01;31m[Kerror: [m[Kno matching function for call to ‘[01m[Kmake_shared<<expression error> >()[m[K’
    7 |   auto nodo = [01;31m[Kstd::make_shared<rt_ros::NodoMaquinaEstados>()[m[K;
      |               [01;31m[K~~~~~~~~~~~~~~~~~~~~~~~~~~~~~~~~~~~~~~~~~~~~^~[m[K
In file included from [01m[K/usr/include/c++/11/memory:77[m[K,
                 from [01m[K/opt/ros/humble/include/rclcpp/rclcpp/rclcpp.hpp:153[m[K,
                 from [01m[K/code/brickpi/rt_ros2/src/main.cc:1[m[K:
[01m[K/usr/include/c++/11/bits/shared_ptr.h:875:5:[m[K [01;36m[Knote: [m[Kcandidate: ‘[01m[Ktemplate<class _Tp, class ... _Args> std::shared_ptr<_Tp> std::make_shared(_Args&& ...)[m[K’
  875 |     [01;36m[Kmake_shared[m[K(_Args&&... __args)
      |     [01;36m[K^~~~~~~~~~~[m[K
[01m[K/usr/include/c++/11/bits/shared_ptr.h:875:5:[m[K [01;36m[Knote: [m[K  template argument deduction/substitution failed:
[01m[K/code/brickpi/rt_ros2/src/main.cc:7:59:[m[K [01;31m[Kerror: [m[Ktemplate argument 1 is invalid
    7 |   auto nodo = [01;31m[Kstd::make_shared<rt_ros::NodoMaquinaEstados>()[m[K;
      |               [01;31m[K~~~~~~~~~~~~~~~~~~~~~~~~~~~~~~~~~~~~~~~~~~~~^~[m[K
[01m[K/code/brickpi/rt_ros2/src/nodo_maquina_estados.cpp:[m[K In constructor ‘[01m[Krt_ros2::NodoMaquinaEstados::NodoMaquinaEstados()[m[K’:
[01m[K/code/brickpi/rt_ros2/src/nodo_maquina_estados.cpp:24:5:[m[K [01;31m[Kerror: [m[K‘[01m[Ktimer_publicacion_[m[K’ was not declared in this scope
   24 |     [01;31m[Ktimer_publicacion_[m[K = this->create_timer( std::chrono::milliseconds(FREC_TOPIC_MS), cb_timer);
      |     [01;31m[K^~~~~~~~~~~~~~~~~~[m[K
[01m[K/code/brickpi/rt_ros2/src/nodo_maquina_estados.cpp:24:32:[m[K [01;31m[Kerror: [m[K‘[01m[Kclass rt_ros2::NodoMaquinaEstados[m[K’ has no member named ‘[01m[Kcreate_timer[m[K’; did you mean ‘[01m[Kcreate_wall_timer[m[K’?
   24 |     timer_publicacion_ = this->[01;31m[Kcreate_timer[m[K( std::chrono::milliseconds(FREC_TOPIC_MS), cb_timer);
      |                                [01;31m[K^~~~~~~~~~~~[m[K
      |                                [32m[Kcreate_wall_timer[m[K
gmake[2]: *** [CMakeFiles/rt_ros2.dir/build.make:76: CMakeFiles/rt_ros2.dir/src/main.cc.o] Error 1
gmake[2]: *** Waiting for unfinished jobs....
gmake[2]: *** [CMakeFiles/rt_ros2.dir/build.make:104: CMakeFiles/rt_ros2.dir/src/nodo_maquina_estados.cpp.o] Error 1
gmake[1]: *** [CMakeFiles/Makefile2:137: CMakeFiles/rt_ros2.dir/all] Error 2
gmake: *** [Makefile:146: all] Error 2
