[0.050s] Invoking command in '/code/brickpi/build/rt_ros2': CMAKE_PREFIX_PATH=/opt/ros/humble /usr/bin/cmake --build /code/brickpi/build/rt_ros2 -- -j4 -l4
[0.159s] -- Found ament_cmake: 1.3.14 (/opt/ros/humble/share/ament_cmake/cmake)
[0.837s] -- Found rclcpp: 16.0.18 (/opt/ros/humble/share/rclcpp/cmake)
[0.998s] -- Found rosidl_generator_c: 3.1.8 (/opt/ros/humble/share/rosidl_generator_c/cmake)
[1.011s] -- Found rosidl_adapter: 3.1.8 (/opt/ros/humble/share/rosidl_adapter/cmake)
[1.040s] -- Found rosidl_generator_cpp: 3.1.8 (/opt/ros/humble/share/rosidl_generator_cpp/cmake)
[1.086s] -- Using all available rosidl_typesupport_c: rosidl_typesupport_fastrtps_c;rosidl_typesupport_introspection_c
[1.146s] -- Using all available rosidl_typesupport_cpp: rosidl_typesupport_fastrtps_cpp;rosidl_typesupport_introspection_cpp
[1.302s] -- Found rmw_implementation_cmake: 6.1.2 (/opt/ros/humble/share/rmw_implementation_cmake/cmake)
[1.308s] -- Found rmw_fastrtps_cpp: 6.2.10 (/opt/ros/humble/share/rmw_fastrtps_cpp/cmake)
[1.851s] -- Using RMW implementation 'rmw_fastrtps_cpp' as default
[2.078s] -- Found geometry_msgs: 4.9.1 (/opt/ros/humble/share/geometry_msgs/cmake)
[2.138s] -- Found sensor_msgs: 4.9.1 (/opt/ros/humble/share/sensor_msgs/cmake)
[2.545s] -- Configuring done
[2.613s] -- Generating done
[2.634s] -- Build files have been written to: /code/brickpi/build/rt_ros2
[2.742s] [35m[1mConsolidate compiler generated dependencies of target rt_ros2[0m
[2.872s] [ 25%] [32mBuilding CXX object CMakeFiles/rt_ros2.dir/src/main.cc.o[0m
[2.876s] [ 50%] [32mBuilding CXX object CMakeFiles/rt_ros2.dir/src/nodo_maquina_estados.cpp.o[0m
[15.816s] [01m[K/code/brickpi/rt_ros2/src/main.cc:[m[K In function ‘[01m[Kint main(int, char**)[m[K’:
[15.818s] [01m[K/code/brickpi/rt_ros2/src/main.cc:7:32:[m[K [01;31m[Kerror: [m[K‘[01m[Krt_ros[m[K’ was not declared in this scope; did you mean ‘[01m[Krt_ros2[m[K’?
[15.819s]     7 |   auto nodo = std::make_shared<[01;31m[Krt_ros[m[K::NodoMaquinaEstados>();
[15.820s]       |                                [01;31m[K^~~~~~[m[K
[15.821s]       |                                [32m[Krt_ros2[m[K
[15.821s] [01m[K/code/brickpi/rt_ros2/src/main.cc:7:20:[m[K [01;31m[Kerror: [m[Kparse error in template argument list
[15.822s]     7 |   auto nodo = std::[01;31m[Kmake_shared<rt_ros::NodoMaquinaEstados>[m[K();
[15.823s]       |                    [01;31m[K^~~~~~~~~~~~~~~~~~~~~~~~~~~~~~~~~~~~~~~[m[K
[15.824s] [01m[K/code/brickpi/rt_ros2/src/main.cc:7:59:[m[K [01;31m[Kerror: [m[Kno matching function for call to ‘[01m[Kmake_shared<<expression error> >()[m[K’
[15.824s]     7 |   auto nodo = [01;31m[Kstd::make_shared<rt_ros::NodoMaquinaEstados>()[m[K;
[15.825s]       |               [01;31m[K~~~~~~~~~~~~~~~~~~~~~~~~~~~~~~~~~~~~~~~~~~~~^~[m[K
[15.826s] In file included from [01m[K/usr/include/c++/11/memory:77[m[K,
[15.827s]                  from [01m[K/opt/ros/humble/include/rclcpp/rclcpp/rclcpp.hpp:153[m[K,
[15.827s]                  from [01m[K/code/brickpi/rt_ros2/src/main.cc:1[m[K:
[15.828s] [01m[K/usr/include/c++/11/bits/shared_ptr.h:875:5:[m[K [01;36m[Knote: [m[Kcandidate: ‘[01m[Ktemplate<class _Tp, class ... _Args> std::shared_ptr<_Tp> std::make_shared(_Args&& ...)[m[K’
[15.829s]   875 |     [01;36m[Kmake_shared[m[K(_Args&&... __args)
[15.829s]       |     [01;36m[K^~~~~~~~~~~[m[K
[15.830s] [01m[K/usr/include/c++/11/bits/shared_ptr.h:875:5:[m[K [01;36m[Knote: [m[K  template argument deduction/substitution failed:
[15.831s] [01m[K/code/brickpi/rt_ros2/src/main.cc:7:59:[m[K [01;31m[Kerror: [m[Ktemplate argument 1 is invalid
[15.831s]     7 |   auto nodo = [01;31m[Kstd::make_shared<rt_ros::NodoMaquinaEstados>()[m[K;
[15.832s]       |               [01;31m[K~~~~~~~~~~~~~~~~~~~~~~~~~~~~~~~~~~~~~~~~~~~~^~[m[K
[15.959s] [01m[K/code/brickpi/rt_ros2/src/nodo_maquina_estados.cpp:[m[K In constructor ‘[01m[Krt_ros2::NodoMaquinaEstados::NodoMaquinaEstados()[m[K’:
[15.960s] [01m[K/code/brickpi/rt_ros2/src/nodo_maquina_estados.cpp:24:5:[m[K [01;31m[Kerror: [m[K‘[01m[Ktimer_publicacion_[m[K’ was not declared in this scope
[15.961s]    24 |     [01;31m[Ktimer_publicacion_[m[K = this->create_timer( std::chrono::milliseconds(FREC_TOPIC_MS), cb_timer);
[15.961s]       |     [01;31m[K^~~~~~~~~~~~~~~~~~[m[K
[15.962s] [01m[K/code/brickpi/rt_ros2/src/nodo_maquina_estados.cpp:24:32:[m[K [01;31m[Kerror: [m[K‘[01m[Kclass rt_ros2::NodoMaquinaEstados[m[K’ has no member named ‘[01m[Kcreate_timer[m[K’; did you mean ‘[01m[Kcreate_wall_timer[m[K’?
[15.963s]    24 |     timer_publicacion_ = this->[01;31m[Kcreate_timer[m[K( std::chrono::milliseconds(FREC_TOPIC_MS), cb_timer);
[15.964s]       |                                [01;31m[K^~~~~~~~~~~~[m[K
[15.965s]       |                                [32m[Kcreate_wall_timer[m[K
[17.772s] gmake[2]: *** [CMakeFiles/rt_ros2.dir/build.make:76: CMakeFiles/rt_ros2.dir/src/main.cc.o] Error 1
[17.773s] gmake[2]: *** Waiting for unfinished jobs....
[26.202s] gmake[2]: *** [CMakeFiles/rt_ros2.dir/build.make:104: CMakeFiles/rt_ros2.dir/src/nodo_maquina_estados.cpp.o] Error 1
[26.202s] gmake[1]: *** [CMakeFiles/Makefile2:137: CMakeFiles/rt_ros2.dir/all] Error 2
[26.203s] gmake: *** [Makefile:146: all] Error 2
[26.212s] Invoked command in '/code/brickpi/build/rt_ros2' returned '2': CMAKE_PREFIX_PATH=/opt/ros/humble /usr/bin/cmake --build /code/brickpi/build/rt_ros2 -- -j4 -l4
