[6.141s] Invoking command in '/code/brickpi/brickpi3_sensors': PYTHONPATH=/code/brickpi/build/brickpi3_sensors/prefix_override:/usr/lib/python3/dist-packages/colcon_core/task/python/colcon_distutils_commands:/code/brickpi/install/brickpi3_sensors/lib/python3.10/site-packages:${PYTHONPATH} /usr/bin/python3 -W ignore:setup.py install is deprecated -W ignore:easy_install command is deprecated setup.py egg_info --egg-base ../build/brickpi3_sensors build --build-base /code/brickpi/build/brickpi3_sensors/build install --record /code/brickpi/build/brickpi3_sensors/install.log --single-version-externally-managed install_data
[8.162s] running egg_info
[8.165s] writing ../build/brickpi3_sensors/brickpi3_sensors.egg-info/PKG-INFO
[8.178s] writing dependency_links to ../build/brickpi3_sensors/brickpi3_sensors.egg-info/dependency_links.txt
[8.182s] writing entry points to ../build/brickpi3_sensors/brickpi3_sensors.egg-info/entry_points.txt
[8.186s] writing requirements to ../build/brickpi3_sensors/brickpi3_sensors.egg-info/requires.txt
[8.221s] writing top-level names to ../build/brickpi3_sensors/brickpi3_sensors.egg-info/top_level.txt
[8.257s] reading manifest file '../build/brickpi3_sensors/brickpi3_sensors.egg-info/SOURCES.txt'
[8.268s] writing manifest file '../build/brickpi3_sensors/brickpi3_sensors.egg-info/SOURCES.txt'
[8.275s] running build
[8.279s] running build_py
[8.285s] copying brickpi3_sensors/light_sensor_node.py -> /code/brickpi/build/brickpi3_sensors/build/lib/brickpi3_sensors
[8.304s] running install
[8.312s] running install_lib
[8.333s] copying /code/brickpi/build/brickpi3_sensors/build/lib/brickpi3_sensors/light_sensor_node.py -> /code/brickpi/install/brickpi3_sensors/lib/python3.10/site-packages/brickpi3_sensors
[8.351s] byte-compiling /code/brickpi/install/brickpi3_sensors/lib/python3.10/site-packages/brickpi3_sensors/light_sensor_node.py to light_sensor_node.cpython-310.pyc
[8.372s] running install_data
[8.379s] running install_egg_info
[8.409s] removing '/code/brickpi/install/brickpi3_sensors/lib/python3.10/site-packages/brickpi3_sensors-0.0.0-py3.10.egg-info' (and everything under it)
[8.434s] Copying ../build/brickpi3_sensors/brickpi3_sensors.egg-info to /code/brickpi/install/brickpi3_sensors/lib/python3.10/site-packages/brickpi3_sensors-0.0.0-py3.10.egg-info
[8.477s] running install_scripts
[8.724s] Installing battery_node script to /code/brickpi/install/brickpi3_sensors/lib/brickpi3_sensors
[8.738s] Installing color_sensor_node script to /code/brickpi/install/brickpi3_sensors/lib/brickpi3_sensors
[8.743s] Installing compass_node script to /code/brickpi/install/brickpi3_sensors/lib/brickpi3_sensors
[8.747s] Installing differential_drive_node script to /code/brickpi/install/brickpi3_sensors/lib/brickpi3_sensors
[8.752s] Installing gyro_node script to /code/brickpi/install/brickpi3_sensors/lib/brickpi3_sensors
[8.758s] Installing infrared_distance_node script to /code/brickpi/install/brickpi3_sensors/lib/brickpi3_sensors
[8.764s] Installing light_sensor_node script to /code/brickpi/install/brickpi3_sensors/lib/brickpi3_sensors
[8.769s] Installing touch_sensor_node script to /code/brickpi/install/brickpi3_sensors/lib/brickpi3_sensors
[8.774s] Installing ultrasonic_distance_node script to /code/brickpi/install/brickpi3_sensors/lib/brickpi3_sensors
[8.780s] writing list of installed files to '/code/brickpi/build/brickpi3_sensors/install.log'
[8.990s] Invoked command in '/code/brickpi/brickpi3_sensors' returned '0': PYTHONPATH=/code/brickpi/build/brickpi3_sensors/prefix_override:/usr/lib/python3/dist-packages/colcon_core/task/python/colcon_distutils_commands:/code/brickpi/install/brickpi3_sensors/lib/python3.10/site-packages:${PYTHONPATH} /usr/bin/python3 -W ignore:setup.py install is deprecated -W ignore:easy_install command is deprecated setup.py egg_info --egg-base ../build/brickpi3_sensors build --build-base /code/brickpi/build/brickpi3_sensors/build install --record /code/brickpi/build/brickpi3_sensors/install.log --single-version-externally-managed install_data
