[0.865s] DEBUG:colcon:Command line arguments: ['/usr/bin/colcon', 'build', '--packages-select', 'rt_ros2']
[0.865s] DEBUG:colcon:Parsed command line arguments: Namespace(log_base=None, log_level=None, verb_name='build', build_base='build', install_base='install', merge_install=False, symlink_install=False, test_result_base=None, continue_on_error=False, executor='parallel', parallel_workers=4, event_handlers=None, ignore_user_meta=False, metas=['./colcon.meta'], base_paths=['.'], packages_ignore=None, packages_ignore_regex=None, paths=None, packages_up_to=None, packages_up_to_regex=None, packages_above=None, packages_above_and_dependencies=None, packages_above_depth=None, packages_select_by_dep=None, packages_skip_by_dep=None, packages_skip_up_to=None, packages_select_build_failed=False, packages_skip_build_finished=False, packages_select_test_failures=False, packages_skip_test_passed=False, packages_select=['rt_ros2'], packages_skip=None, packages_select_regex=None, packages_skip_regex=None, packages_start=None, packages_end=None, allow_overriding=[], cmake_args=None, cmake_target=None, cmake_target_skip_unavailable=False, cmake_clean_cache=False, cmake_clean_first=False, cmake_force_configure=False, ament_cmake_args=None, catkin_cmake_args=None, catkin_skip_building_tests=False, verb_parser=<colcon_defaults.argument_parser.defaults.DefaultArgumentsDecorator object at 0xffffa6925d20>, verb_extension=<colcon_core.verb.build.BuildVerb object at 0xffffa6925840>, main=<bound method BuildVerb.main of <colcon_core.verb.build.BuildVerb object at 0xffffa6925840>>)
[1.988s] Level 1:colcon.colcon_core.package_discovery:discover_packages(colcon_meta) check parameters
[1.989s] Level 1:colcon.colcon_core.package_discovery:discover_packages(recursive) check parameters
[1.989s] Level 1:colcon.colcon_core.package_discovery:discover_packages(ignore) check parameters
[1.990s] Level 1:colcon.colcon_core.package_discovery:discover_packages(path) check parameters
[1.990s] Level 1:colcon.colcon_core.package_discovery:discover_packages(colcon_meta) discover
[1.990s] Level 1:colcon.colcon_core.package_discovery:discover_packages(recursive) discover
[1.991s] INFO:colcon.colcon_core.package_discovery:Crawling recursively for packages in '/code/brickpi/rt_ros2'
[1.992s] Level 1:colcon.colcon_core.package_identification:_identify(.) by extensions ['ignore', 'ignore_ament_install']
[1.992s] Level 1:colcon.colcon_core.package_identification:_identify(.) by extension 'ignore'
[1.993s] Level 1:colcon.colcon_core.package_identification:_identify(.) by extension 'ignore_ament_install'
[1.993s] Level 1:colcon.colcon_core.package_identification:_identify(.) by extensions ['colcon_pkg']
[1.993s] Level 1:colcon.colcon_core.package_identification:_identify(.) by extension 'colcon_pkg'
[1.994s] Level 1:colcon.colcon_core.package_identification:_identify(.) by extensions ['colcon_meta']
[1.994s] Level 1:colcon.colcon_core.package_identification:_identify(.) by extension 'colcon_meta'
[1.994s] Level 1:colcon.colcon_core.package_identification:_identify(.) by extensions ['ros']
[1.994s] Level 1:colcon.colcon_core.package_identification:_identify(.) by extension 'ros'
[2.079s] DEBUG:colcon.colcon_core.package_identification:Package '.' with type 'ros.ament_cmake' and name 'rt_ros2'
[2.079s] Level 1:colcon.colcon_core.package_discovery:discover_packages(recursive) using defaults
[2.080s] Level 1:colcon.colcon_core.package_discovery:discover_packages(ignore) discover
[2.080s] Level 1:colcon.colcon_core.package_discovery:discover_packages(ignore) using defaults
[2.081s] Level 1:colcon.colcon_core.package_discovery:discover_packages(path) discover
[2.081s] Level 1:colcon.colcon_core.package_discovery:discover_packages(path) using defaults
[2.228s] Level 1:colcon.colcon_core.package_discovery:discover_packages(prefix_path) check parameters
[2.229s] Level 1:colcon.colcon_core.package_discovery:discover_packages(prefix_path) discover
[2.253s] DEBUG:colcon.colcon_installed_package_information.package_discovery:Found 200 installed packages in /opt/ros/humble
[2.260s] Level 1:colcon.colcon_core.package_discovery:discover_packages(prefix_path) using defaults
[2.497s] Level 5:colcon.colcon_core.verb:set package 'rt_ros2' build argument 'cmake_args' from command line to 'None'
[2.497s] Level 5:colcon.colcon_core.verb:set package 'rt_ros2' build argument 'cmake_target' from command line to 'None'
[2.497s] Level 5:colcon.colcon_core.verb:set package 'rt_ros2' build argument 'cmake_target_skip_unavailable' from command line to 'False'
[2.497s] Level 5:colcon.colcon_core.verb:set package 'rt_ros2' build argument 'cmake_clean_cache' from command line to 'False'
[2.498s] Level 5:colcon.colcon_core.verb:set package 'rt_ros2' build argument 'cmake_clean_first' from command line to 'False'
[2.498s] Level 5:colcon.colcon_core.verb:set package 'rt_ros2' build argument 'cmake_force_configure' from command line to 'False'
[2.498s] Level 5:colcon.colcon_core.verb:set package 'rt_ros2' build argument 'ament_cmake_args' from command line to 'None'
[2.498s] Level 5:colcon.colcon_core.verb:set package 'rt_ros2' build argument 'catkin_cmake_args' from command line to 'None'
[2.498s] Level 5:colcon.colcon_core.verb:set package 'rt_ros2' build argument 'catkin_skip_building_tests' from command line to 'False'
[2.498s] DEBUG:colcon.colcon_core.verb:Building package 'rt_ros2' with the following arguments: {'ament_cmake_args': None, 'build_base': '/code/brickpi/rt_ros2/build/rt_ros2', 'catkin_cmake_args': None, 'catkin_skip_building_tests': False, 'cmake_args': None, 'cmake_clean_cache': False, 'cmake_clean_first': False, 'cmake_force_configure': False, 'cmake_target': None, 'cmake_target_skip_unavailable': False, 'install_base': '/code/brickpi/rt_ros2/install/rt_ros2', 'merge_install': False, 'path': '/code/brickpi/rt_ros2', 'symlink_install': False, 'test_result_base': None}
[2.499s] INFO:colcon.colcon_core.executor:Executing jobs using 'parallel' executor
[2.504s] DEBUG:colcon.colcon_parallel_executor.executor.parallel:run_until_complete
[2.505s] INFO:colcon.colcon_ros.task.ament_cmake.build:Building ROS package in '/code/brickpi/rt_ros2' with build type 'ament_cmake'
[2.506s] INFO:colcon.colcon_cmake.task.cmake.build:Building CMake package in '/code/brickpi/rt_ros2'
[2.533s] INFO:colcon.colcon_core.plugin_system:Skipping extension 'colcon_core.shell.bat': Not used on non-Windows systems
[2.533s] INFO:colcon.colcon_core.shell:Skip shell extension 'powershell' for command environment: Not usable outside of PowerShell
[2.534s] DEBUG:colcon.colcon_core.shell:Skip shell extension 'dsv' for command environment
[2.579s] DEBUG:colcon.colcon_core.event_handler.log_command:Invoking command in '/code/brickpi/rt_ros2/build/rt_ros2': CMAKE_PREFIX_PATH=/opt/ros/humble /usr/bin/cmake /code/brickpi/rt_ros2 -DCMAKE_INSTALL_PREFIX=/code/brickpi/rt_ros2/install/rt_ros2
[8.797s] DEBUG:colcon.colcon_core.event_handler.log_command:Invoked command in '/code/brickpi/rt_ros2/build/rt_ros2' returned '0': CMAKE_PREFIX_PATH=/opt/ros/humble /usr/bin/cmake /code/brickpi/rt_ros2 -DCMAKE_INSTALL_PREFIX=/code/brickpi/rt_ros2/install/rt_ros2
[8.809s] DEBUG:colcon.colcon_core.event_handler.log_command:Invoking command in '/code/brickpi/rt_ros2/build/rt_ros2': CMAKE_PREFIX_PATH=/opt/ros/humble /usr/bin/cmake --build /code/brickpi/rt_ros2/build/rt_ros2 -- -j4 -l4
[74.342s] DEBUG:colcon.colcon_core.event_handler.log_command:Invoked command in '/code/brickpi/rt_ros2/build/rt_ros2' returned '0': CMAKE_PREFIX_PATH=/opt/ros/humble /usr/bin/cmake --build /code/brickpi/rt_ros2/build/rt_ros2 -- -j4 -l4
[74.384s] DEBUG:colcon.colcon_core.event_handler.log_command:Invoking command in '/code/brickpi/rt_ros2/build/rt_ros2': CMAKE_PREFIX_PATH=/opt/ros/humble /usr/bin/cmake --install /code/brickpi/rt_ros2/build/rt_ros2
[74.508s] Level 1:colcon.colcon_core.environment:create_environment_scripts_only(rt_ros2)
[74.510s] DEBUG:colcon.colcon_core.event_handler.log_command:Invoked command in '/code/brickpi/rt_ros2/build/rt_ros2' returned '0': CMAKE_PREFIX_PATH=/opt/ros/humble /usr/bin/cmake --install /code/brickpi/rt_ros2/build/rt_ros2
[74.534s] Level 1:colcon.colcon_core.environment:checking '/code/brickpi/rt_ros2/install/rt_ros2' for CMake module files
[74.537s] Level 1:colcon.colcon_core.environment:checking '/code/brickpi/rt_ros2/install/rt_ros2' for CMake config files
[74.539s] Level 1:colcon.colcon_core.shell:create_environment_hook('rt_ros2', 'cmake_prefix_path')
[74.540s] INFO:colcon.colcon_core.shell:Creating environment hook '/code/brickpi/rt_ros2/install/rt_ros2/share/rt_ros2/hook/cmake_prefix_path.ps1'
[74.545s] INFO:colcon.colcon_core.shell:Creating environment descriptor '/code/brickpi/rt_ros2/install/rt_ros2/share/rt_ros2/hook/cmake_prefix_path.dsv'
[74.548s] INFO:colcon.colcon_core.shell:Creating environment hook '/code/brickpi/rt_ros2/install/rt_ros2/share/rt_ros2/hook/cmake_prefix_path.sh'
[74.554s] Level 1:colcon.colcon_core.environment:checking '/code/brickpi/rt_ros2/install/rt_ros2/lib'
[74.555s] Level 1:colcon.colcon_core.environment:checking '/code/brickpi/rt_ros2/install/rt_ros2/bin'
[74.556s] Level 1:colcon.colcon_core.environment:checking '/code/brickpi/rt_ros2/install/rt_ros2/lib/pkgconfig/rt_ros2.pc'
[74.557s] Level 1:colcon.colcon_core.environment:checking '/code/brickpi/rt_ros2/install/rt_ros2/lib/python3.10/site-packages'
[74.559s] Level 1:colcon.colcon_core.environment:checking '/code/brickpi/rt_ros2/install/rt_ros2/bin'
[74.560s] INFO:colcon.colcon_core.shell:Creating package script '/code/brickpi/rt_ros2/install/rt_ros2/share/rt_ros2/package.ps1'
[74.565s] INFO:colcon.colcon_core.shell:Creating package descriptor '/code/brickpi/rt_ros2/install/rt_ros2/share/rt_ros2/package.dsv'
[74.569s] INFO:colcon.colcon_core.shell:Creating package script '/code/brickpi/rt_ros2/install/rt_ros2/share/rt_ros2/package.sh'
[74.574s] INFO:colcon.colcon_core.shell:Creating package script '/code/brickpi/rt_ros2/install/rt_ros2/share/rt_ros2/package.bash'
[74.579s] INFO:colcon.colcon_core.shell:Creating package script '/code/brickpi/rt_ros2/install/rt_ros2/share/rt_ros2/package.zsh'
[74.584s] Level 1:colcon.colcon_core.environment:create_file_with_runtime_dependencies(/code/brickpi/rt_ros2/install/rt_ros2/share/colcon-core/packages/rt_ros2)
[74.587s] Level 1:colcon.colcon_core.environment:create_environment_scripts_only(rt_ros2)
[74.588s] Level 1:colcon.colcon_core.environment:checking '/code/brickpi/rt_ros2/install/rt_ros2' for CMake module files
[74.591s] Level 1:colcon.colcon_core.environment:checking '/code/brickpi/rt_ros2/install/rt_ros2' for CMake config files
[74.593s] Level 1:colcon.colcon_core.shell:create_environment_hook('rt_ros2', 'cmake_prefix_path')
[74.594s] INFO:colcon.colcon_core.shell:Creating environment hook '/code/brickpi/rt_ros2/install/rt_ros2/share/rt_ros2/hook/cmake_prefix_path.ps1'
[74.596s] INFO:colcon.colcon_core.shell:Creating environment descriptor '/code/brickpi/rt_ros2/install/rt_ros2/share/rt_ros2/hook/cmake_prefix_path.dsv'
[74.598s] INFO:colcon.colcon_core.shell:Creating environment hook '/code/brickpi/rt_ros2/install/rt_ros2/share/rt_ros2/hook/cmake_prefix_path.sh'
[74.601s] Level 1:colcon.colcon_core.environment:checking '/code/brickpi/rt_ros2/install/rt_ros2/lib'
[74.602s] Level 1:colcon.colcon_core.environment:checking '/code/brickpi/rt_ros2/install/rt_ros2/bin'
[74.602s] Level 1:colcon.colcon_core.environment:checking '/code/brickpi/rt_ros2/install/rt_ros2/lib/pkgconfig/rt_ros2.pc'
[74.603s] Level 1:colcon.colcon_core.environment:checking '/code/brickpi/rt_ros2/install/rt_ros2/lib/python3.10/site-packages'
[74.605s] Level 1:colcon.colcon_core.environment:checking '/code/brickpi/rt_ros2/install/rt_ros2/bin'
[74.606s] INFO:colcon.colcon_core.shell:Creating package script '/code/brickpi/rt_ros2/install/rt_ros2/share/rt_ros2/package.ps1'
[74.609s] INFO:colcon.colcon_core.shell:Creating package descriptor '/code/brickpi/rt_ros2/install/rt_ros2/share/rt_ros2/package.dsv'
[74.612s] INFO:colcon.colcon_core.shell:Creating package script '/code/brickpi/rt_ros2/install/rt_ros2/share/rt_ros2/package.sh'
[74.614s] INFO:colcon.colcon_core.shell:Creating package script '/code/brickpi/rt_ros2/install/rt_ros2/share/rt_ros2/package.bash'
[74.617s] INFO:colcon.colcon_core.shell:Creating package script '/code/brickpi/rt_ros2/install/rt_ros2/share/rt_ros2/package.zsh'
[74.620s] Level 1:colcon.colcon_core.environment:create_file_with_runtime_dependencies(/code/brickpi/rt_ros2/install/rt_ros2/share/colcon-core/packages/rt_ros2)
[74.621s] DEBUG:colcon.colcon_parallel_executor.executor.parallel:closing loop
[74.623s] DEBUG:colcon.colcon_parallel_executor.executor.parallel:loop closed
[74.623s] DEBUG:colcon.colcon_parallel_executor.executor.parallel:run_until_complete finished with '0'
[74.623s] DEBUG:colcon.colcon_core.event_reactor:joining thread
[74.653s] INFO:colcon.colcon_core.plugin_system:Skipping extension 'colcon_notification.desktop_notification.notify_send': Could not find 'notify-send'
[74.653s] INFO:colcon.colcon_core.plugin_system:Skipping extension 'colcon_notification.desktop_notification.terminal_notifier': Not used on non-Darwin systems
[74.654s] INFO:colcon.colcon_core.plugin_system:Skipping extension 'colcon_notification.desktop_notification.win32': Not used on non-Windows systems
[74.654s] INFO:colcon.colcon_notification.desktop_notification:Sending desktop notification using 'notify2'
[74.718s] DEBUG:colcon.colcon_notification.desktop_notification.notify2:Failed to initialize notify2: org.freedesktop.DBus.Error.ServiceUnknown: The name org.freedesktop.Notifications was not provided by any .service files
[74.718s] DEBUG:colcon.colcon_core.event_reactor:joined thread
[74.719s] INFO:colcon.colcon_core.shell:Creating prefix script '/code/brickpi/rt_ros2/install/local_setup.ps1'
[74.724s] INFO:colcon.colcon_core.shell:Creating prefix util module '/code/brickpi/rt_ros2/install/_local_setup_util_ps1.py'
[74.732s] INFO:colcon.colcon_core.shell:Creating prefix chain script '/code/brickpi/rt_ros2/install/setup.ps1'
[74.737s] INFO:colcon.colcon_core.shell:Creating prefix script '/code/brickpi/rt_ros2/install/local_setup.sh'
[74.741s] INFO:colcon.colcon_core.shell:Creating prefix util module '/code/brickpi/rt_ros2/install/_local_setup_util_sh.py'
[74.744s] INFO:colcon.colcon_core.shell:Creating prefix chain script '/code/brickpi/rt_ros2/install/setup.sh'
[74.749s] INFO:colcon.colcon_core.shell:Creating prefix script '/code/brickpi/rt_ros2/install/local_setup.bash'
[74.752s] INFO:colcon.colcon_core.shell:Creating prefix chain script '/code/brickpi/rt_ros2/install/setup.bash'
[74.758s] INFO:colcon.colcon_core.shell:Creating prefix script '/code/brickpi/rt_ros2/install/local_setup.zsh'
[74.761s] INFO:colcon.colcon_core.shell:Creating prefix chain script '/code/brickpi/rt_ros2/install/setup.zsh'
