[0.061s] Invoking command in '/code/brickpi/build/rt_ros2': CMAKE_PREFIX_PATH=/opt/ros/humble /usr/bin/cmake --build /code/brickpi/build/rt_ros2 -- -j4 -l4
[0.551s] [35m[1mConsolidate compiler generated dependencies of target cactus_tracing_embedded_perfetto_protos[0m
[0.574s] [35m[1mConsolidate compiler generated dependencies of target quill[0m
[0.722s] [ 30%] Built target cactus_tracing_embedded_perfetto_protos
[0.818s] [ 76%] Built target quill
[0.882s] [35m[1mConsolidate compiler generated dependencies of target cactus_rt[0m
[1.022s] [ 92%] Built target cactus_rt
[1.098s] [35m[1mConsolidate compiler generated dependencies of target rt_ros2[0m
[1.288s] [ 94%] [32mBuilding CXX object CMakeFiles/rt_ros2.dir/src/main.cc.o[0m
[1.293s] [ 96%] [32mBuilding CXX object CMakeFiles/rt_ros2.dir/src/nodo_actuador.cpp.o[0m
[1.297s] [ 98%] [32mBuilding CXX object CMakeFiles/rt_ros2.dir/src/nodo_maquina_estados.cpp.o[0m
[87.983s] [100%] [32m[1mLinking CXX executable rt_ros2[0m
[89.705s] [100%] Built target rt_ros2
[89.756s] Invoked command in '/code/brickpi/build/rt_ros2' returned '0': CMAKE_PREFIX_PATH=/opt/ros/humble /usr/bin/cmake --build /code/brickpi/build/rt_ros2 -- -j4 -l4
[89.797s] Invoking command in '/code/brickpi/build/rt_ros2': CMAKE_PREFIX_PATH=/opt/ros/humble /usr/bin/cmake --install /code/brickpi/build/rt_ros2
[89.828s] -- Install configuration: "Release"
[89.835s] -- Up-to-date: /code/brickpi/install/rt_ros2/include/readerwriterqueue/atomicops.h
[89.836s] -- Up-to-date: /code/brickpi/install/rt_ros2/include/readerwriterqueue/readerwriterqueue.h
[89.836s] -- Up-to-date: /code/brickpi/install/rt_ros2/include/readerwriterqueue/readerwritercircularbuffer.h
[89.837s] -- Up-to-date: /code/brickpi/install/rt_ros2/include/readerwriterqueue/LICENSE.md
[89.841s] -- Installing: /code/brickpi/install/rt_ros2/lib/rt_ros2/rt_ros2
[89.864s] -- Set runtime path of "/code/brickpi/install/rt_ros2/lib/rt_ros2/rt_ros2" to ""
[89.864s] -- Up-to-date: /code/brickpi/install/rt_ros2/share/ament_index/resource_index/package_run_dependencies/rt_ros2
[89.865s] -- Up-to-date: /code/brickpi/install/rt_ros2/share/ament_index/resource_index/parent_prefix_path/rt_ros2
[89.865s] -- Up-to-date: /code/brickpi/install/rt_ros2/share/rt_ros2/environment/ament_prefix_path.sh
[89.866s] -- Up-to-date: /code/brickpi/install/rt_ros2/share/rt_ros2/environment/ament_prefix_path.dsv
[89.866s] -- Up-to-date: /code/brickpi/install/rt_ros2/share/rt_ros2/environment/path.sh
[89.867s] -- Up-to-date: /code/brickpi/install/rt_ros2/share/rt_ros2/environment/path.dsv
[89.867s] -- Up-to-date: /code/brickpi/install/rt_ros2/share/rt_ros2/local_setup.bash
[89.868s] -- Up-to-date: /code/brickpi/install/rt_ros2/share/rt_ros2/local_setup.sh
[89.868s] -- Up-to-date: /code/brickpi/install/rt_ros2/share/rt_ros2/local_setup.zsh
[89.869s] -- Up-to-date: /code/brickpi/install/rt_ros2/share/rt_ros2/local_setup.dsv
[89.869s] -- Installing: /code/brickpi/install/rt_ros2/share/rt_ros2/package.dsv
[89.870s] -- Up-to-date: /code/brickpi/install/rt_ros2/share/ament_index/resource_index/packages/rt_ros2
[89.870s] -- Up-to-date: /code/brickpi/install/rt_ros2/share/rt_ros2/cmake/rt_ros2Config.cmake
[89.871s] -- Up-to-date: /code/brickpi/install/rt_ros2/share/rt_ros2/cmake/rt_ros2Config-version.cmake
[89.871s] -- Up-to-date: /code/brickpi/install/rt_ros2/share/rt_ros2/package.xml
[89.884s] Invoked command in '/code/brickpi/build/rt_ros2' returned '0': CMAKE_PREFIX_PATH=/opt/ros/humble /usr/bin/cmake --install /code/brickpi/build/rt_ros2
