[0.202s] Invoking command in '/code/brickpi/build/brickpi3_motors': CMAKE_PREFIX_PATH=${CMAKE_PREFIX_PATH}:/code/brickpi/install/brickpi3_sensors:/code/brickpi/install/brickpi3_charlie:/opt/ros/humble /usr/bin/cmake --build /code/brickpi/build/brickpi3_motors -- -j4 -l4
[2.487s] [100%] Built target brickpi3_motors
[2.547s] Invoked command in '/code/brickpi/build/brickpi3_motors' returned '0': CMAKE_PREFIX_PATH=${CMAKE_PREFIX_PATH}:/code/brickpi/install/brickpi3_sensors:/code/brickpi/install/brickpi3_charlie:/opt/ros/humble /usr/bin/cmake --build /code/brickpi/build/brickpi3_motors -- -j4 -l4
[2.654s] Invoking command in '/code/brickpi/build/brickpi3_motors': CMAKE_PREFIX_PATH=${CMAKE_PREFIX_PATH}:/code/brickpi/install/brickpi3_sensors:/code/brickpi/install/brickpi3_charlie:/opt/ros/humble /usr/bin/cmake --install /code/brickpi/build/brickpi3_motors
[2.778s] -- Install configuration: ""
[2.788s] -- Execute custom install script
[2.795s] -- Up-to-date symlink: /code/brickpi/install/brickpi3_motors/share/brickpi3_motors//brickpi3_motors.xml
[2.804s] -- Up-to-date symlink: /code/brickpi/install/brickpi3_motors/include/brickpi3_motors/.DS_Store
[2.812s] -- Up-to-date symlink: /code/brickpi/install/brickpi3_motors/include/brickpi3_motors/._.DS_Store
[2.819s] -- Up-to-date symlink: /code/brickpi/install/brickpi3_motors/include/brickpi3_motors/brickpi3_motors/brickpi3_motors.hpp
[2.824s] -- Up-to-date symlink: /code/brickpi/install/brickpi3_motors/share/brickpi3_motors/environment/library_path.sh
[2.833s] -- Up-to-date symlink: /code/brickpi/install/brickpi3_motors/share/brickpi3_motors/environment/library_path.dsv
[2.837s] -- Up-to-date symlink: /code/brickpi/install/brickpi3_motors/share/ament_index/resource_index/package_run_dependencies/brickpi3_motors
[2.854s] -- Up-to-date symlink: /code/brickpi/install/brickpi3_motors/share/ament_index/resource_index/parent_prefix_path/brickpi3_motors
[2.863s] -- Up-to-date symlink: /code/brickpi/install/brickpi3_motors/share/brickpi3_motors/environment/ament_prefix_path.sh
[2.871s] -- Up-to-date symlink: /code/brickpi/install/brickpi3_motors/share/brickpi3_motors/environment/ament_prefix_path.dsv
[2.877s] -- Up-to-date symlink: /code/brickpi/install/brickpi3_motors/share/brickpi3_motors/environment/path.sh
[2.894s] -- Up-to-date symlink: /code/brickpi/install/brickpi3_motors/share/brickpi3_motors/environment/path.dsv
[2.897s] -- Up-to-date symlink: /code/brickpi/install/brickpi3_motors/share/brickpi3_motors/local_setup.bash
[2.908s] -- Up-to-date symlink: /code/brickpi/install/brickpi3_motors/share/brickpi3_motors/local_setup.sh
[2.912s] -- Up-to-date symlink: /code/brickpi/install/brickpi3_motors/share/brickpi3_motors/local_setup.zsh
[2.921s] -- Up-to-date symlink: /code/brickpi/install/brickpi3_motors/share/brickpi3_motors/local_setup.dsv
[2.928s] -- Symlinking: /code/brickpi/install/brickpi3_motors/share/brickpi3_motors/package.dsv
[3.151s] -- Up-to-date symlink: /code/brickpi/install/brickpi3_motors/share/ament_index/resource_index/packages/brickpi3_motors
[3.177s] -- Up-to-date symlink: /code/brickpi/install/brickpi3_motors/share/ament_index/resource_index/hardware_interface__pluginlib__plugin/brickpi3_motors
[3.190s] -- Up-to-date symlink: /code/brickpi/install/brickpi3_motors/share/brickpi3_motors/cmake/ament_cmake_export_targets-extras.cmake
[3.207s] -- Up-to-date symlink: /code/brickpi/install/brickpi3_motors/share/brickpi3_motors/cmake/ament_cmake_export_dependencies-extras.cmake
[3.216s] -- Up-to-date symlink: /code/brickpi/install/brickpi3_motors/share/brickpi3_motors/cmake/brickpi3_motorsConfig.cmake
[3.227s] -- Up-to-date symlink: /code/brickpi/install/brickpi3_motors/share/brickpi3_motors/cmake/brickpi3_motorsConfig-version.cmake
[3.239s] -- Up-to-date symlink: /code/brickpi/install/brickpi3_motors/share/brickpi3_motors/package.xml
[3.262s] -- Up-to-date: /code/brickpi/install/brickpi3_motors/lib/libbrickpi3_motors.so
[3.285s] -- Up-to-date: /code/brickpi/install/brickpi3_motors/share/brickpi3_motors/cmake/export_brickpi3_motorsExport.cmake
[3.290s] -- Up-to-date: /code/brickpi/install/brickpi3_motors/share/brickpi3_motors/cmake/export_brickpi3_motorsExport-noconfig.cmake
[3.326s] Invoked command in '/code/brickpi/build/brickpi3_motors' returned '0': CMAKE_PREFIX_PATH=${CMAKE_PREFIX_PATH}:/code/brickpi/install/brickpi3_sensors:/code/brickpi/install/brickpi3_charlie:/opt/ros/humble /usr/bin/cmake --install /code/brickpi/build/brickpi3_motors
