-- Found ament_cmake: 1.3.14 (/opt/ros/humble/share/ament_cmake/cmake)
-- Found rclcpp: 16.0.18 (/opt/ros/humble/share/rclcpp/cmake)
-- Found rosidl_generator_c: 3.1.8 (/opt/ros/humble/share/rosidl_generator_c/cmake)
-- Found rosidl_adapter: 3.1.8 (/opt/ros/humble/share/rosidl_adapter/cmake)
-- Found rosidl_generator_cpp: 3.1.8 (/opt/ros/humble/share/rosidl_generator_cpp/cmake)
-- Using all available rosidl_typesupport_c: rosidl_typesupport_fastrtps_c;rosidl_typesupport_introspection_c
-- Using all available rosidl_typesupport_cpp: rosidl_typesupport_fastrtps_cpp;rosidl_typesupport_introspection_cpp
-- Found rmw_implementation_cmake: 6.1.2 (/opt/ros/humble/share/rmw_implementation_cmake/cmake)
-- Found rmw_fastrtps_cpp: 6.2.10 (/opt/ros/humble/share/rmw_fastrtps_cpp/cmake)
-- Using RMW implementation 'rmw_fastrtps_cpp' as default
-- Found geometry_msgs: 4.9.1 (/opt/ros/humble/share/geometry_msgs/cmake)
-- Found sensor_msgs: 4.9.1 (/opt/ros/humble/share/sensor_msgs/cmake)
-- The C compiler identification is GNU 11.4.0
-- Detecting C compiler ABI info
-- Detecting C compiler ABI info - done
-- Check for working C compiler: /usr/bin/cc - skipped
-- Detecting C compile features
-- Detecting C compile features - done
-- QUILL_NO_EXCEPTIONS: OFF
-- QUILL_FMT_EXTERNAL: OFF
-- QUILL_NO_THREAD_NAME_SUPPORT: OFF
-- Found Protobuf: /usr/lib/aarch64-linux-gnu/libprotobuf.so (found version "3.12.4") 
-- Configuring done
-- Generating done
-- Build files have been written to: /code/brickpi/rt_ros2/build/rt_ros2
[  1%] [34m[1mRunning cpp protocol buffer compiler on track_event.proto[0m
[  3%] [34m[1mRunning cpp protocol buffer compiler on counter_descriptor.proto[0m
[  5%] [32mBuilding CXX object vendor/quill/quill/CMakeFiles/quill.dir/src/detail/backend/BackendWorker.cpp.o[0m
[  7%] [32mBuilding CXX object CMakeFiles/nodo_test.dir/test/nodo_test.cpp.o[0m
[  8%] [32mBuilding CXX object vendor/quill/quill/CMakeFiles/quill.dir/src/detail/backend/BacktraceStorage.cpp.o[0m
[ 10%] [34m[1mRunning cpp protocol buffer compiler on process_descriptor.proto[0m
[ 12%] [34m[1mRunning cpp protocol buffer compiler on source_location.proto[0m
[ 14%] [34m[1mRunning cpp protocol buffer compiler on thread_descriptor.proto[0m
[ 15%] [34m[1mRunning cpp protocol buffer compiler on trace.proto[0m
[ 17%] [34m[1mRunning cpp protocol buffer compiler on trace_packet.proto[0m
[ 19%] [34m[1mRunning cpp protocol buffer compiler on track_descriptor.proto[0m
[ 21%] [32mBuilding CXX object vendor/cactus-rt/protos/CMakeFiles/cactus_tracing_embedded_perfetto_protos.dir/trace.pb.cc.o[0m
[ 22%] [32mBuilding CXX object vendor/cactus-rt/protos/CMakeFiles/cactus_tracing_embedded_perfetto_protos.dir/trace_packet.pb.cc.o[0m
[ 24%] [32mBuilding CXX object vendor/cactus-rt/protos/CMakeFiles/cactus_tracing_embedded_perfetto_protos.dir/track_descriptor.pb.cc.o[0m
[ 26%] [32mBuilding CXX object vendor/quill/quill/CMakeFiles/quill.dir/src/detail/backend/TimestampFormatter.cpp.o[0m
[ 28%] [32mBuilding CXX object vendor/quill/quill/CMakeFiles/quill.dir/src/detail/backend/StringFromTime.cpp.o[0m
[ 29%] [32mBuilding CXX object vendor/cactus-rt/protos/CMakeFiles/cactus_tracing_embedded_perfetto_protos.dir/thread_descriptor.pb.cc.o[0m
[ 31%] [32mBuilding CXX object vendor/quill/quill/CMakeFiles/quill.dir/src/detail/backend/TransitEventBuffer.cpp.o[0m
[ 33%] [32mBuilding CXX object vendor/cactus-rt/protos/CMakeFiles/cactus_tracing_embedded_perfetto_protos.dir/process_descriptor.pb.cc.o[0m
[ 35%] [32mBuilding CXX object vendor/quill/quill/CMakeFiles/quill.dir/src/detail/misc/FileUtilities.cpp.o[0m
[ 36%] [32mBuilding CXX object vendor/quill/quill/CMakeFiles/quill.dir/src/detail/misc/Os.cpp.o[0m
[ 38%] [32mBuilding CXX object vendor/cactus-rt/protos/CMakeFiles/cactus_tracing_embedded_perfetto_protos.dir/counter_descriptor.pb.cc.o[0m
[ 40%] [32mBuilding CXX object vendor/quill/quill/CMakeFiles/quill.dir/src/detail/misc/RdtscClock.cpp.o[0m
[ 42%] [32mBuilding CXX object vendor/quill/quill/CMakeFiles/quill.dir/src/detail/misc/Utilities.cpp.o[0m
[ 43%] [32mBuilding CXX object vendor/quill/quill/CMakeFiles/quill.dir/src/detail/HandlerCollection.cpp.o[0m
[ 45%] [32mBuilding CXX object vendor/cactus-rt/protos/CMakeFiles/cactus_tracing_embedded_perfetto_protos.dir/track_event.pb.cc.o[0m
[ 47%] [32mBuilding CXX object vendor/quill/quill/CMakeFiles/quill.dir/src/detail/LoggerCollection.cpp.o[0m
[ 49%] [32mBuilding CXX object vendor/quill/quill/CMakeFiles/quill.dir/src/detail/SignalHandler.cpp.o[0m
[ 50%] [32mBuilding CXX object vendor/cactus-rt/protos/CMakeFiles/cactus_tracing_embedded_perfetto_protos.dir/source_location.pb.cc.o[0m
[ 52%] [32mBuilding CXX object vendor/quill/quill/CMakeFiles/quill.dir/src/handlers/ConsoleHandler.cpp.o[0m
[ 54%] [32m[1mLinking CXX static library libcactus_tracing_embedded_perfetto_protos.a[0m
[ 54%] Built target cactus_tracing_embedded_perfetto_protos
[ 56%] [32mBuilding CXX object vendor/quill/quill/CMakeFiles/quill.dir/src/handlers/FileHandler.cpp.o[0m
[ 57%] [32mBuilding CXX object vendor/quill/quill/CMakeFiles/quill.dir/src/handlers/Handler.cpp.o[0m
[ 59%] [32mBuilding CXX object vendor/quill/quill/CMakeFiles/quill.dir/src/handlers/JsonFileHandler.cpp.o[0m
[ 61%] [32mBuilding CXX object vendor/quill/quill/CMakeFiles/quill.dir/src/handlers/RotatingFileHandler.cpp.o[0m
[ 63%] [32mBuilding CXX object vendor/quill/quill/CMakeFiles/quill.dir/src/handlers/StreamHandler.cpp.o[0m
[ 64%] [32mBuilding CXX object vendor/quill/quill/CMakeFiles/quill.dir/src/LogLevel.cpp.o[0m
[ 66%] [32mBuilding CXX object vendor/quill/quill/CMakeFiles/quill.dir/src/PatternFormatter.cpp.o[0m
[ 68%] [32mBuilding CXX object vendor/quill/quill/CMakeFiles/quill.dir/src/Quill.cpp.o[0m
[ 70%] [32mBuilding CXX object vendor/quill/quill/CMakeFiles/quill.dir/src/Utility.cpp.o[0m
[ 71%] [32mBuilding CXX object vendor/quill/quill/CMakeFiles/quill.dir/src/bundled/fmt/format.cc.o[0m
[ 73%] [32mBuilding CXX object vendor/quill/quill/CMakeFiles/quill.dir/src/bundled/fmt/os.cc.o[0m
[ 75%] [32m[1mLinking CXX static library libquill.a[0m
[ 75%] Built target quill
