[0.490s] DEBUG:colcon:Command line arguments: ['/usr/bin/colcon', 'build', '--packages-select', 'rt_ros2']
[0.491s] DEBUG:colcon:Parsed command line arguments: Namespace(log_base=None, log_level=None, verb_name='build', build_base='build', install_base='install', merge_install=False, symlink_install=False, test_result_base=None, continue_on_error=False, executor='parallel', parallel_workers=4, event_handlers=None, ignore_user_meta=False, metas=['./colcon.meta'], base_paths=['.'], packages_ignore=None, packages_ignore_regex=None, paths=None, packages_up_to=None, packages_up_to_regex=None, packages_above=None, packages_above_and_dependencies=None, packages_above_depth=None, packages_select_by_dep=None, packages_skip_by_dep=None, packages_skip_up_to=None, packages_select_build_failed=False, packages_skip_build_finished=False, packages_select_test_failures=False, packages_skip_test_passed=False, packages_select=['rt_ros2'], packages_skip=None, packages_select_regex=None, packages_skip_regex=None, packages_start=None, packages_end=None, allow_overriding=[], cmake_args=None, cmake_target=None, cmake_target_skip_unavailable=False, cmake_clean_cache=False, cmake_clean_first=False, cmake_force_configure=False, ament_cmake_args=None, catkin_cmake_args=None, catkin_skip_building_tests=False, verb_parser=<colcon_defaults.argument_parser.defaults.DefaultArgumentsDecorator object at 0xffffac835c00>, verb_extension=<colcon_core.verb.build.BuildVerb object at 0xffffac835720>, main=<bound method BuildVerb.main of <colcon_core.verb.build.BuildVerb object at 0xffffac835720>>)
[1.246s] Level 1:colcon.colcon_core.package_discovery:discover_packages(colcon_meta) check parameters
[1.247s] Level 1:colcon.colcon_core.package_discovery:discover_packages(recursive) check parameters
[1.247s] Level 1:colcon.colcon_core.package_discovery:discover_packages(ignore) check parameters
[1.247s] Level 1:colcon.colcon_core.package_discovery:discover_packages(path) check parameters
[1.248s] Level 1:colcon.colcon_core.package_discovery:discover_packages(colcon_meta) discover
[1.248s] Level 1:colcon.colcon_core.package_discovery:discover_packages(recursive) discover
[1.248s] INFO:colcon.colcon_core.package_discovery:Crawling recursively for packages in '/code/brickpi/rt_ros2'
[1.249s] Level 1:colcon.colcon_core.package_identification:_identify(.) by extensions ['ignore', 'ignore_ament_install']
[1.249s] Level 1:colcon.colcon_core.package_identification:_identify(.) by extension 'ignore'
[1.250s] Level 1:colcon.colcon_core.package_identification:_identify(.) by extension 'ignore_ament_install'
[1.250s] Level 1:colcon.colcon_core.package_identification:_identify(.) by extensions ['colcon_pkg']
[1.250s] Level 1:colcon.colcon_core.package_identification:_identify(.) by extension 'colcon_pkg'
[1.250s] Level 1:colcon.colcon_core.package_identification:_identify(.) by extensions ['colcon_meta']
[1.250s] Level 1:colcon.colcon_core.package_identification:_identify(.) by extension 'colcon_meta'
[1.251s] Level 1:colcon.colcon_core.package_identification:_identify(.) by extensions ['ros']
[1.251s] Level 1:colcon.colcon_core.package_identification:_identify(.) by extension 'ros'
[1.313s] DEBUG:colcon.colcon_core.package_identification:Package '.' with type 'ros.ament_cmake' and name 'rt_ros2'
[1.313s] Level 1:colcon.colcon_core.package_discovery:discover_packages(recursive) using defaults
[1.314s] Level 1:colcon.colcon_core.package_discovery:discover_packages(ignore) discover
[1.314s] Level 1:colcon.colcon_core.package_discovery:discover_packages(ignore) using defaults
[1.314s] Level 1:colcon.colcon_core.package_discovery:discover_packages(path) discover
[1.314s] Level 1:colcon.colcon_core.package_discovery:discover_packages(path) using defaults
[1.406s] Level 1:colcon.colcon_core.package_discovery:discover_packages(prefix_path) check parameters
[1.407s] Level 1:colcon.colcon_core.package_discovery:discover_packages(prefix_path) discover
[1.416s] DEBUG:colcon.colcon_installed_package_information.package_discovery:Found 1 installed packages in /code/brickpi/rt_ros2/install
[1.424s] DEBUG:colcon.colcon_installed_package_information.package_discovery:Found 200 installed packages in /opt/ros/humble
[1.430s] Level 1:colcon.colcon_core.package_discovery:discover_packages(prefix_path) using defaults
[1.610s] Level 5:colcon.colcon_core.verb:set package 'rt_ros2' build argument 'cmake_args' from command line to 'None'
[1.610s] Level 5:colcon.colcon_core.verb:set package 'rt_ros2' build argument 'cmake_target' from command line to 'None'
[1.610s] Level 5:colcon.colcon_core.verb:set package 'rt_ros2' build argument 'cmake_target_skip_unavailable' from command line to 'False'
[1.610s] Level 5:colcon.colcon_core.verb:set package 'rt_ros2' build argument 'cmake_clean_cache' from command line to 'False'
[1.611s] Level 5:colcon.colcon_core.verb:set package 'rt_ros2' build argument 'cmake_clean_first' from command line to 'False'
[1.611s] Level 5:colcon.colcon_core.verb:set package 'rt_ros2' build argument 'cmake_force_configure' from command line to 'False'
[1.611s] Level 5:colcon.colcon_core.verb:set package 'rt_ros2' build argument 'ament_cmake_args' from command line to 'None'
[1.611s] Level 5:colcon.colcon_core.verb:set package 'rt_ros2' build argument 'catkin_cmake_args' from command line to 'None'
[1.611s] Level 5:colcon.colcon_core.verb:set package 'rt_ros2' build argument 'catkin_skip_building_tests' from command line to 'False'
[1.611s] DEBUG:colcon.colcon_core.verb:Building package 'rt_ros2' with the following arguments: {'ament_cmake_args': None, 'build_base': '/code/brickpi/rt_ros2/build/rt_ros2', 'catkin_cmake_args': None, 'catkin_skip_building_tests': False, 'cmake_args': None, 'cmake_clean_cache': False, 'cmake_clean_first': False, 'cmake_force_configure': False, 'cmake_target': None, 'cmake_target_skip_unavailable': False, 'install_base': '/code/brickpi/rt_ros2/install/rt_ros2', 'merge_install': False, 'path': '/code/brickpi/rt_ros2', 'symlink_install': False, 'test_result_base': None}
[1.612s] INFO:colcon.colcon_core.executor:Executing jobs using 'parallel' executor
[1.616s] DEBUG:colcon.colcon_parallel_executor.executor.parallel:run_until_complete
[1.617s] INFO:colcon.colcon_ros.task.ament_cmake.build:Building ROS package in '/code/brickpi/rt_ros2' with build type 'ament_cmake'
[1.618s] INFO:colcon.colcon_cmake.task.cmake.build:Building CMake package in '/code/brickpi/rt_ros2'
[1.628s] INFO:colcon.colcon_core.plugin_system:Skipping extension 'colcon_core.shell.bat': Not used on non-Windows systems
[1.628s] INFO:colcon.colcon_core.shell:Skip shell extension 'powershell' for command environment: Not usable outside of PowerShell
[1.629s] DEBUG:colcon.colcon_core.shell:Skip shell extension 'dsv' for command environment
[1.674s] DEBUG:colcon.colcon_core.event_handler.log_command:Invoking command in '/code/brickpi/rt_ros2/build/rt_ros2': CMAKE_PREFIX_PATH=${CMAKE_PREFIX_PATH}:/opt/ros/humble /usr/bin/cmake --build /code/brickpi/rt_ros2/build/rt_ros2 -- -j4 -l4
[117.322s] DEBUG:colcon.colcon_core.event_handler.log_command:Invoked command in '/code/brickpi/rt_ros2/build/rt_ros2' returned '2': CMAKE_PREFIX_PATH=${CMAKE_PREFIX_PATH}:/opt/ros/humble /usr/bin/cmake --build /code/brickpi/rt_ros2/build/rt_ros2 -- -j4 -l4
[117.324s] Level 1:colcon.colcon_core.environment:create_environment_scripts_only(rt_ros2)
[117.336s] Level 1:colcon.colcon_core.environment:checking '/code/brickpi/rt_ros2/install/rt_ros2' for CMake module files
[117.339s] Level 1:colcon.colcon_core.environment:checking '/code/brickpi/rt_ros2/install/rt_ros2' for CMake config files
[117.340s] Level 1:colcon.colcon_core.shell:create_environment_hook('rt_ros2', 'cmake_prefix_path')
[117.342s] INFO:colcon.colcon_core.shell:Creating environment hook '/code/brickpi/rt_ros2/install/rt_ros2/share/rt_ros2/hook/cmake_prefix_path.ps1'
[117.345s] INFO:colcon.colcon_core.shell:Creating environment descriptor '/code/brickpi/rt_ros2/install/rt_ros2/share/rt_ros2/hook/cmake_prefix_path.dsv'
[117.348s] INFO:colcon.colcon_core.shell:Creating environment hook '/code/brickpi/rt_ros2/install/rt_ros2/share/rt_ros2/hook/cmake_prefix_path.sh'
[117.352s] Level 1:colcon.colcon_core.environment:checking '/code/brickpi/rt_ros2/install/rt_ros2/lib'
[117.353s] Level 1:colcon.colcon_core.environment:checking '/code/brickpi/rt_ros2/install/rt_ros2/bin'
[117.354s] Level 1:colcon.colcon_core.environment:checking '/code/brickpi/rt_ros2/install/rt_ros2/lib/pkgconfig/rt_ros2.pc'
[117.355s] Level 1:colcon.colcon_core.environment:checking '/code/brickpi/rt_ros2/install/rt_ros2/lib/python3.10/site-packages'
[117.357s] Level 1:colcon.colcon_core.environment:checking '/code/brickpi/rt_ros2/install/rt_ros2/bin'
[117.358s] INFO:colcon.colcon_core.shell:Creating package script '/code/brickpi/rt_ros2/install/rt_ros2/share/rt_ros2/package.ps1'
[117.362s] INFO:colcon.colcon_core.shell:Creating package descriptor '/code/brickpi/rt_ros2/install/rt_ros2/share/rt_ros2/package.dsv'
[117.366s] INFO:colcon.colcon_core.shell:Creating package script '/code/brickpi/rt_ros2/install/rt_ros2/share/rt_ros2/package.sh'
[117.370s] INFO:colcon.colcon_core.shell:Creating package script '/code/brickpi/rt_ros2/install/rt_ros2/share/rt_ros2/package.bash'
[117.375s] INFO:colcon.colcon_core.shell:Creating package script '/code/brickpi/rt_ros2/install/rt_ros2/share/rt_ros2/package.zsh'
[117.379s] Level 1:colcon.colcon_core.environment:create_file_with_runtime_dependencies(/code/brickpi/rt_ros2/install/rt_ros2/share/colcon-core/packages/rt_ros2)
[117.391s] DEBUG:colcon.colcon_parallel_executor.executor.parallel:closing loop
[117.392s] DEBUG:colcon.colcon_parallel_executor.executor.parallel:loop closed
[117.392s] DEBUG:colcon.colcon_parallel_executor.executor.parallel:run_until_complete finished with '2'
[117.392s] DEBUG:colcon.colcon_core.event_reactor:joining thread
[117.415s] INFO:colcon.colcon_core.plugin_system:Skipping extension 'colcon_notification.desktop_notification.notify_send': Could not find 'notify-send'
[117.415s] INFO:colcon.colcon_core.plugin_system:Skipping extension 'colcon_notification.desktop_notification.terminal_notifier': Not used on non-Darwin systems
[117.416s] INFO:colcon.colcon_core.plugin_system:Skipping extension 'colcon_notification.desktop_notification.win32': Not used on non-Windows systems
[117.416s] INFO:colcon.colcon_notification.desktop_notification:Sending desktop notification using 'notify2'
[117.419s] DEBUG:colcon.colcon_notification.desktop_notification.notify2:Failed to initialize notify2: org.freedesktop.DBus.Error.ServiceUnknown: The name org.freedesktop.Notifications was not provided by any .service files
[117.420s] DEBUG:colcon.colcon_core.event_reactor:joined thread
[117.421s] INFO:colcon.colcon_core.shell:Creating prefix script '/code/brickpi/rt_ros2/install/local_setup.ps1'
[117.425s] INFO:colcon.colcon_core.shell:Creating prefix util module '/code/brickpi/rt_ros2/install/_local_setup_util_ps1.py'
[117.432s] INFO:colcon.colcon_core.shell:Creating prefix chain script '/code/brickpi/rt_ros2/install/setup.ps1'
[117.438s] INFO:colcon.colcon_core.shell:Creating prefix script '/code/brickpi/rt_ros2/install/local_setup.sh'
[117.441s] INFO:colcon.colcon_core.shell:Creating prefix util module '/code/brickpi/rt_ros2/install/_local_setup_util_sh.py'
[117.445s] INFO:colcon.colcon_core.shell:Creating prefix chain script '/code/brickpi/rt_ros2/install/setup.sh'
[117.450s] INFO:colcon.colcon_core.shell:Creating prefix script '/code/brickpi/rt_ros2/install/local_setup.bash'
[117.453s] INFO:colcon.colcon_core.shell:Creating prefix chain script '/code/brickpi/rt_ros2/install/setup.bash'
[117.459s] INFO:colcon.colcon_core.shell:Creating prefix script '/code/brickpi/rt_ros2/install/local_setup.zsh'
[117.462s] INFO:colcon.colcon_core.shell:Creating prefix chain script '/code/brickpi/rt_ros2/install/setup.zsh'
