[35m[1mConsolidate compiler generated dependencies of target rt_ros2[0m
[ 25%] [32mBuilding CXX object CMakeFiles/rt_ros2.dir/src/main.cc.o[0m
[ 50%] [32mBuilding CXX object CMakeFiles/rt_ros2.dir/src/nodo_actuador.cpp.o[0m
[ 75%] [32mBuilding CXX object CMakeFiles/rt_ros2.dir/src/nodo_maquina_estados.cpp.o[0m
In file included from [01m[K/code/brickpi/rt_ros2/src/nodo_actuador.cpp:1[m[K:
[01m[K/code/brickpi/rt_ros2/include/rt_ros2/nodo_actuador.h:15:26:[m[K [01;31m[Kerror: [m[K‘[01m[Ksensor_msgs[m[K’ was not declared in this scope
   15 |     rclcpp::Subscription<[01;31m[Ksensor_msgs[m[K::msg::Float32>::SharedPtr error_pos;    // y al error de posición
      |                          [01;31m[K^~~~~~~~~~~[m[K
[01m[K/code/brickpi/rt_ros2/include/rt_ros2/nodo_actuador.h:15:51:[m[K [01;31m[Kerror: [m[Ktemplate argument 1 is invalid
   15 |     rclcpp::Subscription<sensor_msgs::msg::Float32[01;31m[K>[m[K::SharedPtr error_pos;    // y al error de posición
      |                                                   [01;31m[K^[m[K
[01m[K/code/brickpi/rt_ros2/include/rt_ros2/nodo_actuador.h:15:51:[m[K [01;31m[Kerror: [m[Ktemplate argument 3 is invalid
[01m[K/code/brickpi/rt_ros2/include/rt_ros2/nodo_actuador.h:15:51:[m[K [01;31m[Kerror: [m[Ktemplate argument 4 is invalid
[01m[K/code/brickpi/rt_ros2/include/rt_ros2/nodo_actuador.h:15:51:[m[K [01;31m[Kerror: [m[Ktemplate argument 5 is invalid
[01m[K/code/brickpi/rt_ros2/include/rt_ros2/nodo_actuador.h:15:54:[m[K [01;31m[Kerror: [m[Kexpected ‘[01m[K;[m[K’ at end of member declaration
   15 |     rclcpp::Subscription<sensor_msgs::msg::Float32>::[01;31m[KSharedPtr[m[K error_pos;    // y al error de posición
      |                                                      [01;31m[K^~~~~~~~~[m[K
      |                                                               [32m[K;[m[K
[01m[K/code/brickpi/rt_ros2/include/rt_ros2/nodo_actuador.h:15:64:[m[K [01;31m[Kerror: [m[K‘[01m[Kerror_pos[m[K’ does not name a type; did you mean ‘[01m[Kerror_t[m[K’?
   15 |     rclcpp::Subscription<sensor_msgs::msg::Float32>::SharedPtr [01;31m[Kerror_pos[m[K;    // y al error de posición
      |                                                                [01;31m[K^~~~~~~~~[m[K
      |                                                                [32m[Kerror_t[m[K
[01m[K/code/brickpi/rt_ros2/include/rt_ros2/nodo_actuador.h:25:31:[m[K [01;31m[Kerror: [m[K‘[01m[Ksensor_msgs[m[K’ does not name a type
   25 |     void error_callback(const [01;31m[Ksensor_msgs[m[K::msg::Illuminance::SharedPtr msg);
      |                               [01;31m[K^~~~~~~~~~~[m[K
[01m[K/code/brickpi/rt_ros2/include/rt_ros2/nodo_actuador.h:25:47:[m[K [01;31m[Kerror: [m[Kexpected unqualified-id before ‘[01m[K::[m[K’ token
   25 |     void error_callback(const sensor_msgs::msg[01;31m[K::[m[KIlluminance::SharedPtr msg);
      |                                               [01;31m[K^~[m[K
[01m[K/code/brickpi/rt_ros2/include/rt_ros2/nodo_actuador.h:25:47:[m[K [01;31m[Kerror: [m[Kexpected ‘[01m[K)[m[K’ before ‘[01m[K::[m[K’ token
   25 |     void error_callback[34m[K([m[Kconst sensor_msgs::msg[01;31m[K:[m[K[32m[K:[m[KIlluminance::SharedPtr msg);
      |                        [34m[K~[m[K                      [01;31m[K^[m[K[32m[K~[m[K
      |                                               [32m[K)[m[K
[01m[K/code/brickpi/rt_ros2/include/rt_ros2/nodo_actuador.h:25:44:[m[K [01;31m[Kerror: [m[Kexpected ‘[01m[K;[m[K’ at end of member declaration
   25 |     void error_callback(const sensor_msgs::[01;31m[Kmsg[m[K::Illuminance::SharedPtr msg);
      |                                            [01;31m[K^~~[m[K
      |                                               [32m[K;[m[K
[01m[K/code/brickpi/rt_ros2/include/rt_ros2/nodo_actuador.h:25:49:[m[K [01;31m[Kerror: [m[K‘[01m[KIlluminance[m[K’ in namespace ‘[01m[K::[m[K’ does not name a type
   25 |     void error_callback(const sensor_msgs::msg::[01;31m[KIlluminance[m[K::SharedPtr msg);
      |                                                 [01;31m[K^~~~~~~~~~~[m[K
[01m[K/code/brickpi/rt_ros2/src/nodo_actuador.cpp:[m[K In constructor ‘[01m[Krt_ros2::NodoActuador::NodoActuador()[m[K’:
[01m[K/code/brickpi/rt_ros2/src/nodo_actuador.cpp:20:5:[m[K [01;31m[Kerror: [m[K‘[01m[Kerror_pos[m[K’ was not declared in this scope; did you mean ‘[01m[Kerror_t[m[K’?
   20 |     [01;31m[Kerror_pos[m[K = this->create_subscription<std_msgs::msg::Float32>("/error_pos", TAM_COLA_ROS, cb_error);
      |     [01;31m[K^~~~~~~~~[m[K
      |     [32m[Kerror_t[m[K
[01m[K/code/brickpi/rt_ros2/src/nodo_actuador.cpp:[m[K At global scope:
[01m[K/code/brickpi/rt_ros2/src/nodo_actuador.cpp:35:6:[m[K [01;31m[Kerror: [m[Kno declaration matches ‘[01m[Kvoid rt_ros2::NodoActuador::error_callback(std_msgs::msg::Float32_<std::allocator<void> >::SharedPtr)[m[K’
   35 | void [01;31m[KNodoActuador[m[K::error_callback(const std_msgs::msg::Float32::SharedPtr msg)
      |      [01;31m[K^~~~~~~~~~~~[m[K
In file included from [01m[K/code/brickpi/rt_ros2/src/nodo_actuador.cpp:1[m[K:
[01m[K/code/brickpi/rt_ros2/include/rt_ros2/nodo_actuador.h:25:10:[m[K [01;36m[Knote: [m[Kcandidate is: ‘[01m[Kvoid rt_ros2::NodoActuador::error_callback(...)[m[K’
   25 |     void [01;36m[Kerror_callback[m[K(const sensor_msgs::msg::Illuminance::SharedPtr msg);
      |          [01;36m[K^~~~~~~~~~~~~~[m[K
[01m[K/code/brickpi/rt_ros2/include/rt_ros2/nodo_actuador.h:11:7:[m[K [01;36m[Knote: [m[K‘[01m[Kclass rt_ros2::NodoActuador[m[K’ defined here
   11 | class [01;36m[KNodoActuador[m[K : public rclcpp::Node {
      |       [01;36m[K^~~~~~~~~~~~[m[K
In file included from [01m[K/code/brickpi/rt_ros2/src/main.cc:3[m[K:
[01m[K/code/brickpi/rt_ros2/include/rt_ros2/nodo_actuador.h:15:44:[m[K [01;31m[Kerror: [m[K‘[01m[KFloat32[m[K’ is not a member of ‘[01m[Ksensor_msgs::msg[m[K’; did you mean ‘[01m[Kstd_msgs::msg::Float32[m[K’?
   15 |     rclcpp::Subscription<sensor_msgs::msg::[01;31m[KFloat32[m[K>::SharedPtr error_pos;    // y al error de posición
      |                                            [01;31m[K^~~~~~~[m[K
In file included from [01m[K/opt/ros/humble/include/std_msgs/std_msgs/msg/float32.hpp:7[m[K,
                 from [01m[K/code/brickpi/rt_ros2/include/rt_ros2/nodo_maquina_estados.h:7[m[K,
                 from [01m[K/code/brickpi/rt_ros2/src/main.cc:2[m[K:
[01m[K/opt/ros/humble/include/std_msgs/std_msgs/msg/detail/float32__struct.hpp:123:7:[m[K [01;36m[Knote: [m[K‘[01m[Kstd_msgs::msg::Float32[m[K’ declared here
  123 | using [01;36m[KFloat32[m[K =
      |       [01;36m[K^~~~~~~[m[K
In file included from [01m[K/code/brickpi/rt_ros2/src/main.cc:3[m[K:
[01m[K/code/brickpi/rt_ros2/include/rt_ros2/nodo_actuador.h:15:51:[m[K [01;31m[Kerror: [m[Ktemplate argument 1 is invalid
   15 |     rclcpp::Subscription<sensor_msgs::msg::Float32[01;31m[K>[m[K::SharedPtr error_pos;    // y al error de posición
      |                                                   [01;31m[K^[m[K
[01m[K/code/brickpi/rt_ros2/include/rt_ros2/nodo_actuador.h:15:51:[m[K [01;31m[Kerror: [m[Ktemplate argument 3 is invalid
[01m[K/code/brickpi/rt_ros2/include/rt_ros2/nodo_actuador.h:15:51:[m[K [01;31m[Kerror: [m[Ktemplate argument 4 is invalid
[01m[K/code/brickpi/rt_ros2/include/rt_ros2/nodo_actuador.h:15:51:[m[K [01;31m[Kerror: [m[Ktemplate argument 5 is invalid
[01m[K/code/brickpi/rt_ros2/include/rt_ros2/nodo_actuador.h:15:54:[m[K [01;31m[Kerror: [m[Kexpected ‘[01m[K;[m[K’ at end of member declaration
   15 |     rclcpp::Subscription<sensor_msgs::msg::Float32>::[01;31m[KSharedPtr[m[K error_pos;    // y al error de posición
      |                                                      [01;31m[K^~~~~~~~~[m[K
      |                                                               [32m[K;[m[K
[01m[K/code/brickpi/rt_ros2/include/rt_ros2/nodo_actuador.h:15:64:[m[K [01;31m[Kerror: [m[K‘[01m[Kerror_pos[m[K’ does not name a type; did you mean ‘[01m[Kerror_t[m[K’?
   15 |     rclcpp::Subscription<sensor_msgs::msg::Float32>::SharedPtr [01;31m[Kerror_pos[m[K;    // y al error de posición
      |                                                                [01;31m[K^~~~~~~~~[m[K
      |                                                                [32m[Kerror_t[m[K
gmake[2]: *** [CMakeFiles/rt_ros2.dir/build.make:76: CMakeFiles/rt_ros2.dir/src/main.cc.o] Error 1
gmake[2]: *** Waiting for unfinished jobs....
gmake[2]: *** [CMakeFiles/rt_ros2.dir/build.make:90: CMakeFiles/rt_ros2.dir/src/nodo_actuador.cpp.o] Error 1
gmake[1]: *** [CMakeFiles/Makefile2:137: CMakeFiles/rt_ros2.dir/all] Error 2
gmake: *** [Makefile:146: all] Error 2
