[0.073s] Invoking command in '/code/brickpi/build/rt_ros2': CMAKE_PREFIX_PATH=${CMAKE_PREFIX_PATH}:/code/brickpi/install/brickpi3_sensors:/code/brickpi/install/brickpi3_charlie:/opt/ros/humble /usr/bin/cmake --build /code/brickpi/build/rt_ros2 -- -j4 -l4
[0.280s] [35m[1mConsolidate compiler generated dependencies of target rt_ros2[0m
[0.439s] [ 25%] [32mBuilding CXX object CMakeFiles/rt_ros2.dir/src/main.cc.o[0m
[0.444s] [ 50%] [32mBuilding CXX object CMakeFiles/rt_ros2.dir/src/nodo_actuador.cpp.o[0m
[0.454s] [ 75%] [32mBuilding CXX object CMakeFiles/rt_ros2.dir/src/nodo_maquina_estados.cpp.o[0m
[15.364s] In file included from [01m[K/code/brickpi/rt_ros2/src/nodo_actuador.cpp:1[m[K:
[15.365s] [01m[K/code/brickpi/rt_ros2/include/rt_ros2/nodo_actuador.h:15:26:[m[K [01;31m[Kerror: [m[K‘[01m[Ksensor_msgs[m[K’ was not declared in this scope
[15.366s]    15 |     rclcpp::Subscription<[01;31m[Ksensor_msgs[m[K::msg::Float32>::SharedPtr error_pos;    // y al error de posición
[15.377s]       |                          [01;31m[K^~~~~~~~~~~[m[K
[15.380s] [01m[K/code/brickpi/rt_ros2/include/rt_ros2/nodo_actuador.h:15:51:[m[K [01;31m[Kerror: [m[Ktemplate argument 1 is invalid
[15.384s]    15 |     rclcpp::Subscription<sensor_msgs::msg::Float32[01;31m[K>[m[K::SharedPtr error_pos;    // y al error de posición
[15.387s]       |                                                   [01;31m[K^[m[K
[15.391s] [01m[K/code/brickpi/rt_ros2/include/rt_ros2/nodo_actuador.h:15:51:[m[K [01;31m[Kerror: [m[Ktemplate argument 3 is invalid
[15.395s] [01m[K/code/brickpi/rt_ros2/include/rt_ros2/nodo_actuador.h:15:51:[m[K [01;31m[Kerror: [m[Ktemplate argument 4 is invalid
[15.399s] [01m[K/code/brickpi/rt_ros2/include/rt_ros2/nodo_actuador.h:15:51:[m[K [01;31m[Kerror: [m[Ktemplate argument 5 is invalid
[15.403s] [01m[K/code/brickpi/rt_ros2/include/rt_ros2/nodo_actuador.h:15:54:[m[K [01;31m[Kerror: [m[Kexpected ‘[01m[K;[m[K’ at end of member declaration
[15.406s]    15 |     rclcpp::Subscription<sensor_msgs::msg::Float32>::[01;31m[KSharedPtr[m[K error_pos;    // y al error de posición
[15.412s]       |                                                      [01;31m[K^~~~~~~~~[m[K
[15.416s]       |                                                               [32m[K;[m[K
[15.420s] [01m[K/code/brickpi/rt_ros2/include/rt_ros2/nodo_actuador.h:15:64:[m[K [01;31m[Kerror: [m[K‘[01m[Kerror_pos[m[K’ does not name a type; did you mean ‘[01m[Kerror_t[m[K’?
[15.424s]    15 |     rclcpp::Subscription<sensor_msgs::msg::Float32>::SharedPtr [01;31m[Kerror_pos[m[K;    // y al error de posición
[15.430s]       |                                                                [01;31m[K^~~~~~~~~[m[K
[15.435s]       |                                                                [32m[Kerror_t[m[K
[15.439s] [01m[K/code/brickpi/rt_ros2/include/rt_ros2/nodo_actuador.h:25:31:[m[K [01;31m[Kerror: [m[K‘[01m[Ksensor_msgs[m[K’ does not name a type
[15.442s]    25 |     void error_callback(const [01;31m[Ksensor_msgs[m[K::msg::Illuminance::SharedPtr msg);
[15.451s]       |                               [01;31m[K^~~~~~~~~~~[m[K
[15.455s] [01m[K/code/brickpi/rt_ros2/include/rt_ros2/nodo_actuador.h:25:47:[m[K [01;31m[Kerror: [m[Kexpected unqualified-id before ‘[01m[K::[m[K’ token
[15.459s]    25 |     void error_callback(const sensor_msgs::msg[01;31m[K::[m[KIlluminance::SharedPtr msg);
[15.463s]       |                                               [01;31m[K^~[m[K
[15.467s] [01m[K/code/brickpi/rt_ros2/include/rt_ros2/nodo_actuador.h:25:47:[m[K [01;31m[Kerror: [m[Kexpected ‘[01m[K)[m[K’ before ‘[01m[K::[m[K’ token
[15.479s]    25 |     void error_callback[34m[K([m[Kconst sensor_msgs::msg[01;31m[K:[m[K[32m[K:[m[KIlluminance::SharedPtr msg);
[15.482s]       |                        [34m[K~[m[K                      [01;31m[K^[m[K[32m[K~[m[K
[15.486s]       |                                               [32m[K)[m[K
[15.489s] [01m[K/code/brickpi/rt_ros2/include/rt_ros2/nodo_actuador.h:25:44:[m[K [01;31m[Kerror: [m[Kexpected ‘[01m[K;[m[K’ at end of member declaration
[15.493s]    25 |     void error_callback(const sensor_msgs::[01;31m[Kmsg[m[K::Illuminance::SharedPtr msg);
[15.497s]       |                                            [01;31m[K^~~[m[K
[15.500s]       |                                               [32m[K;[m[K
[15.504s] [01m[K/code/brickpi/rt_ros2/include/rt_ros2/nodo_actuador.h:25:49:[m[K [01;31m[Kerror: [m[K‘[01m[KIlluminance[m[K’ in namespace ‘[01m[K::[m[K’ does not name a type
[15.508s]    25 |     void error_callback(const sensor_msgs::msg::[01;31m[KIlluminance[m[K::SharedPtr msg);
[15.513s]       |                                                 [01;31m[K^~~~~~~~~~~[m[K
[15.533s] [01m[K/code/brickpi/rt_ros2/src/nodo_actuador.cpp:[m[K In constructor ‘[01m[Krt_ros2::NodoActuador::NodoActuador()[m[K’:
[15.537s] [01m[K/code/brickpi/rt_ros2/src/nodo_actuador.cpp:20:5:[m[K [01;31m[Kerror: [m[K‘[01m[Kerror_pos[m[K’ was not declared in this scope; did you mean ‘[01m[Kerror_t[m[K’?
[15.541s]    20 |     [01;31m[Kerror_pos[m[K = this->create_subscription<std_msgs::msg::Float32>("/error_pos", TAM_COLA_ROS, cb_error);
[15.544s]       |     [01;31m[K^~~~~~~~~[m[K
[15.548s]       |     [32m[Kerror_t[m[K
[15.830s] [01m[K/code/brickpi/rt_ros2/src/nodo_actuador.cpp:[m[K At global scope:
[15.831s] [01m[K/code/brickpi/rt_ros2/src/nodo_actuador.cpp:35:6:[m[K [01;31m[Kerror: [m[Kno declaration matches ‘[01m[Kvoid rt_ros2::NodoActuador::error_callback(std_msgs::msg::Float32_<std::allocator<void> >::SharedPtr)[m[K’
[15.841s]    35 | void [01;31m[KNodoActuador[m[K::error_callback(const std_msgs::msg::Float32::SharedPtr msg)
[15.843s]       |      [01;31m[K^~~~~~~~~~~~[m[K
[15.844s] In file included from [01m[K/code/brickpi/rt_ros2/src/nodo_actuador.cpp:1[m[K:
[15.849s] [01m[K/code/brickpi/rt_ros2/include/rt_ros2/nodo_actuador.h:25:10:[m[K [01;36m[Knote: [m[Kcandidate is: ‘[01m[Kvoid rt_ros2::NodoActuador::error_callback(...)[m[K’
[15.852s]    25 |     void [01;36m[Kerror_callback[m[K(const sensor_msgs::msg::Illuminance::SharedPtr msg);
[15.856s]       |          [01;36m[K^~~~~~~~~~~~~~[m[K
[15.859s] [01m[K/code/brickpi/rt_ros2/include/rt_ros2/nodo_actuador.h:11:7:[m[K [01;36m[Knote: [m[K‘[01m[Kclass rt_ros2::NodoActuador[m[K’ defined here
[15.863s]    11 | class [01;36m[KNodoActuador[m[K : public rclcpp::Node {
[15.866s]       |       [01;36m[K^~~~~~~~~~~~[m[K
[15.999s] In file included from [01m[K/code/brickpi/rt_ros2/src/main.cc:3[m[K:
[16.003s] [01m[K/code/brickpi/rt_ros2/include/rt_ros2/nodo_actuador.h:15:44:[m[K [01;31m[Kerror: [m[K‘[01m[KFloat32[m[K’ is not a member of ‘[01m[Ksensor_msgs::msg[m[K’; did you mean ‘[01m[Kstd_msgs::msg::Float32[m[K’?
[16.007s]    15 |     rclcpp::Subscription<sensor_msgs::msg::[01;31m[KFloat32[m[K>::SharedPtr error_pos;    // y al error de posición
[16.011s]       |                                            [01;31m[K^~~~~~~[m[K
[16.014s] In file included from [01m[K/opt/ros/humble/include/std_msgs/std_msgs/msg/float32.hpp:7[m[K,
[16.020s]                  from [01m[K/code/brickpi/rt_ros2/include/rt_ros2/nodo_maquina_estados.h:7[m[K,
[16.027s]                  from [01m[K/code/brickpi/rt_ros2/src/main.cc:2[m[K:
[16.030s] [01m[K/opt/ros/humble/include/std_msgs/std_msgs/msg/detail/float32__struct.hpp:123:7:[m[K [01;36m[Knote: [m[K‘[01m[Kstd_msgs::msg::Float32[m[K’ declared here
[16.034s]   123 | using [01;36m[KFloat32[m[K =
[16.040s]       |       [01;36m[K^~~~~~~[m[K
[16.046s] In file included from [01m[K/code/brickpi/rt_ros2/src/main.cc:3[m[K:
[16.050s] [01m[K/code/brickpi/rt_ros2/include/rt_ros2/nodo_actuador.h:15:51:[m[K [01;31m[Kerror: [m[Ktemplate argument 1 is invalid
[16.053s]    15 |     rclcpp::Subscription<sensor_msgs::msg::Float32[01;31m[K>[m[K::SharedPtr error_pos;    // y al error de posición
[16.057s]       |                                                   [01;31m[K^[m[K
[16.060s] [01m[K/code/brickpi/rt_ros2/include/rt_ros2/nodo_actuador.h:15:51:[m[K [01;31m[Kerror: [m[Ktemplate argument 3 is invalid
[16.064s] [01m[K/code/brickpi/rt_ros2/include/rt_ros2/nodo_actuador.h:15:51:[m[K [01;31m[Kerror: [m[Ktemplate argument 4 is invalid
[16.067s] [01m[K/code/brickpi/rt_ros2/include/rt_ros2/nodo_actuador.h:15:51:[m[K [01;31m[Kerror: [m[Ktemplate argument 5 is invalid
[16.071s] [01m[K/code/brickpi/rt_ros2/include/rt_ros2/nodo_actuador.h:15:54:[m[K [01;31m[Kerror: [m[Kexpected ‘[01m[K;[m[K’ at end of member declaration
[16.075s]    15 |     rclcpp::Subscription<sensor_msgs::msg::Float32>::[01;31m[KSharedPtr[m[K error_pos;    // y al error de posición
[16.079s]       |                                                      [01;31m[K^~~~~~~~~[m[K
[16.090s]       |                                                               [32m[K;[m[K
[16.094s] [01m[K/code/brickpi/rt_ros2/include/rt_ros2/nodo_actuador.h:15:64:[m[K [01;31m[Kerror: [m[K‘[01m[Kerror_pos[m[K’ does not name a type; did you mean ‘[01m[Kerror_t[m[K’?
[16.097s]    15 |     rclcpp::Subscription<sensor_msgs::msg::Float32>::SharedPtr [01;31m[Kerror_pos[m[K;    // y al error de posición
[16.100s]       |                                                                [01;31m[K^~~~~~~~~[m[K
[16.104s]       |                                                                [32m[Kerror_t[m[K
[18.455s] gmake[2]: *** [CMakeFiles/rt_ros2.dir/build.make:76: CMakeFiles/rt_ros2.dir/src/main.cc.o] Error 1
[18.456s] gmake[2]: *** Waiting for unfinished jobs....
[31.936s] gmake[2]: *** [CMakeFiles/rt_ros2.dir/build.make:90: CMakeFiles/rt_ros2.dir/src/nodo_actuador.cpp.o] Error 1
[45.609s] gmake[1]: *** [CMakeFiles/Makefile2:137: CMakeFiles/rt_ros2.dir/all] Error 2
[45.609s] gmake: *** [Makefile:146: all] Error 2
[45.617s] Invoked command in '/code/brickpi/build/rt_ros2' returned '2': CMAKE_PREFIX_PATH=${CMAKE_PREFIX_PATH}:/code/brickpi/install/brickpi3_sensors:/code/brickpi/install/brickpi3_charlie:/opt/ros/humble /usr/bin/cmake --build /code/brickpi/build/rt_ros2 -- -j4 -l4
