[0.091s] Invoking command in '/code/brickpi/build/rt_ros2': CMAKE_PREFIX_PATH=${CMAKE_PREFIX_PATH}:/code/brickpi/install/brickpi3_sensors:/code/brickpi/install/brickpi3_charlie:/opt/ros/humble /usr/bin/cmake --build /code/brickpi/build/rt_ros2 -- -j4 -l4
[0.388s] [35m[1mConsolidate compiler generated dependencies of target rt_ros2[0m
[0.572s] [ 25%] [32mBuilding CXX object CMakeFiles/rt_ros2.dir/src/nodo_maquina_estados.cpp.o[0m
[0.588s] [ 50%] [32mBuilding CXX object CMakeFiles/rt_ros2.dir/src/main.cc.o[0m
[47.112s] [ 75%] [32m[1mLinking CXX executable rt_ros2[0m
[49.415s] [100%] Built target rt_ros2
[49.465s] Invoked command in '/code/brickpi/build/rt_ros2' returned '0': CMAKE_PREFIX_PATH=${CMAKE_PREFIX_PATH}:/code/brickpi/install/brickpi3_sensors:/code/brickpi/install/brickpi3_charlie:/opt/ros/humble /usr/bin/cmake --build /code/brickpi/build/rt_ros2 -- -j4 -l4
[49.516s] Invoking command in '/code/brickpi/build/rt_ros2': CMAKE_PREFIX_PATH=${CMAKE_PREFIX_PATH}:/code/brickpi/install/brickpi3_sensors:/code/brickpi/install/brickpi3_charlie:/opt/ros/humble /usr/bin/cmake --install /code/brickpi/build/rt_ros2
[49.546s] -- Install configuration: ""
[49.548s] -- Installing: /code/brickpi/install/rt_ros2/lib/rt_ros2/rt_ros2
[49.585s] -- Set runtime path of "/code/brickpi/install/rt_ros2/lib/rt_ros2/rt_ros2" to ""
[49.586s] -- Up-to-date: /code/brickpi/install/rt_ros2/share/ament_index/resource_index/package_run_dependencies/rt_ros2
[49.587s] -- Up-to-date: /code/brickpi/install/rt_ros2/share/ament_index/resource_index/parent_prefix_path/rt_ros2
[49.592s] -- Up-to-date: /code/brickpi/install/rt_ros2/share/rt_ros2/environment/ament_prefix_path.sh
[49.594s] -- Up-to-date: /code/brickpi/install/rt_ros2/share/rt_ros2/environment/ament_prefix_path.dsv
[49.595s] -- Up-to-date: /code/brickpi/install/rt_ros2/share/rt_ros2/environment/path.sh
[49.596s] -- Up-to-date: /code/brickpi/install/rt_ros2/share/rt_ros2/environment/path.dsv
[49.597s] -- Up-to-date: /code/brickpi/install/rt_ros2/share/rt_ros2/local_setup.bash
[49.600s] -- Up-to-date: /code/brickpi/install/rt_ros2/share/rt_ros2/local_setup.sh
[49.602s] -- Up-to-date: /code/brickpi/install/rt_ros2/share/rt_ros2/local_setup.zsh
[49.603s] -- Up-to-date: /code/brickpi/install/rt_ros2/share/rt_ros2/local_setup.dsv
[49.605s] -- Installing: /code/brickpi/install/rt_ros2/share/rt_ros2/package.dsv
[49.606s] -- Up-to-date: /code/brickpi/install/rt_ros2/share/ament_index/resource_index/packages/rt_ros2
[49.607s] -- Up-to-date: /code/brickpi/install/rt_ros2/share/rt_ros2/cmake/rt_ros2Config.cmake
[49.608s] -- Up-to-date: /code/brickpi/install/rt_ros2/share/rt_ros2/cmake/rt_ros2Config-version.cmake
[49.609s] -- Up-to-date: /code/brickpi/install/rt_ros2/share/rt_ros2/package.xml
[49.610s] Invoked command in '/code/brickpi/build/rt_ros2' returned '0': CMAKE_PREFIX_PATH=${CMAKE_PREFIX_PATH}:/code/brickpi/install/brickpi3_sensors:/code/brickpi/install/brickpi3_charlie:/opt/ros/humble /usr/bin/cmake --install /code/brickpi/build/rt_ros2
