[0.823s] DEBUG:colcon:Command line arguments: ['/usr/bin/colcon', 'build', '--packages-select', 'rt_ros2']
[0.824s] DEBUG:colcon:Parsed command line arguments: Namespace(log_base=None, log_level=None, verb_name='build', build_base='build', install_base='install', merge_install=False, symlink_install=False, test_result_base=None, continue_on_error=False, executor='parallel', parallel_workers=4, event_handlers=None, ignore_user_meta=False, metas=['./colcon.meta'], base_paths=['.'], packages_ignore=None, packages_ignore_regex=None, paths=None, packages_up_to=None, packages_up_to_regex=None, packages_above=None, packages_above_and_dependencies=None, packages_above_depth=None, packages_select_by_dep=None, packages_skip_by_dep=None, packages_skip_up_to=None, packages_select_build_failed=False, packages_skip_build_finished=False, packages_select_test_failures=False, packages_skip_test_passed=False, packages_select=['rt_ros2'], packages_skip=None, packages_select_regex=None, packages_skip_regex=None, packages_start=None, packages_end=None, allow_overriding=[], cmake_args=None, cmake_target=None, cmake_target_skip_unavailable=False, cmake_clean_cache=False, cmake_clean_first=False, cmake_force_configure=False, ament_cmake_args=None, catkin_cmake_args=None, catkin_skip_building_tests=False, verb_parser=<colcon_defaults.argument_parser.defaults.DefaultArgumentsDecorator object at 0xffff9505add0>, verb_extension=<colcon_core.verb.build.BuildVerb object at 0xffff9505a8f0>, main=<bound method BuildVerb.main of <colcon_core.verb.build.BuildVerb object at 0xffff9505a8f0>>)
[2.155s] Level 1:colcon.colcon_core.package_discovery:discover_packages(colcon_meta) check parameters
[2.156s] Level 1:colcon.colcon_core.package_discovery:discover_packages(recursive) check parameters
[2.156s] Level 1:colcon.colcon_core.package_discovery:discover_packages(ignore) check parameters
[2.157s] Level 1:colcon.colcon_core.package_discovery:discover_packages(path) check parameters
[2.157s] Level 1:colcon.colcon_core.package_discovery:discover_packages(colcon_meta) discover
[2.158s] Level 1:colcon.colcon_core.package_discovery:discover_packages(recursive) discover
[2.158s] INFO:colcon.colcon_core.package_discovery:Crawling recursively for packages in '/code/brickpi'
[2.159s] Level 1:colcon.colcon_core.package_identification:_identify(.) by extensions ['ignore', 'ignore_ament_install']
[2.160s] Level 1:colcon.colcon_core.package_identification:_identify(.) by extension 'ignore'
[2.161s] Level 1:colcon.colcon_core.package_identification:_identify(.) by extension 'ignore_ament_install'
[2.162s] Level 1:colcon.colcon_core.package_identification:_identify(.) by extensions ['colcon_pkg']
[2.162s] Level 1:colcon.colcon_core.package_identification:_identify(.) by extension 'colcon_pkg'
[2.163s] Level 1:colcon.colcon_core.package_identification:_identify(.) by extensions ['colcon_meta']
[2.163s] Level 1:colcon.colcon_core.package_identification:_identify(.) by extension 'colcon_meta'
[2.164s] Level 1:colcon.colcon_core.package_identification:_identify(.) by extensions ['ros']
[2.164s] Level 1:colcon.colcon_core.package_identification:_identify(.) by extension 'ros'
[2.237s] Level 1:colcon.colcon_core.package_identification:_identify(.) by extensions ['cmake', 'python']
[2.238s] Level 1:colcon.colcon_core.package_identification:_identify(.) by extension 'cmake'
[2.239s] Level 1:colcon.colcon_core.package_identification:_identify(.) by extension 'python'
[2.239s] Level 1:colcon.colcon_core.package_identification:_identify(.) by extensions ['python_setup_py']
[2.240s] Level 1:colcon.colcon_core.package_identification:_identify(.) by extension 'python_setup_py'
[2.241s] Level 1:colcon.colcon_core.package_identification:_identify(brickpi3_charlie) by extensions ['ignore', 'ignore_ament_install']
[2.242s] Level 1:colcon.colcon_core.package_identification:_identify(brickpi3_charlie) by extension 'ignore'
[2.243s] Level 1:colcon.colcon_core.package_identification:_identify(brickpi3_charlie) by extension 'ignore_ament_install'
[2.243s] Level 1:colcon.colcon_core.package_identification:_identify(brickpi3_charlie) by extensions ['colcon_pkg']
[2.244s] Level 1:colcon.colcon_core.package_identification:_identify(brickpi3_charlie) by extension 'colcon_pkg'
[2.245s] Level 1:colcon.colcon_core.package_identification:_identify(brickpi3_charlie) by extensions ['colcon_meta']
[2.245s] Level 1:colcon.colcon_core.package_identification:_identify(brickpi3_charlie) by extension 'colcon_meta'
[2.246s] Level 1:colcon.colcon_core.package_identification:_identify(brickpi3_charlie) by extensions ['ros']
[2.246s] Level 1:colcon.colcon_core.package_identification:_identify(brickpi3_charlie) by extension 'ros'
[2.269s] DEBUG:colcon.colcon_core.package_identification:Package 'brickpi3_charlie' with type 'ros.ament_python' and name 'brickpi3_charlie'
[2.270s] Level 1:colcon.colcon_core.package_identification:_identify(brickpi3_motors) by extensions ['ignore', 'ignore_ament_install']
[2.270s] Level 1:colcon.colcon_core.package_identification:_identify(brickpi3_motors) by extension 'ignore'
[2.271s] Level 1:colcon.colcon_core.package_identification:_identify(brickpi3_motors) by extension 'ignore_ament_install'
[2.272s] Level 1:colcon.colcon_core.package_identification:_identify(brickpi3_motors) by extensions ['colcon_pkg']
[2.272s] Level 1:colcon.colcon_core.package_identification:_identify(brickpi3_motors) by extension 'colcon_pkg'
[2.273s] Level 1:colcon.colcon_core.package_identification:_identify(brickpi3_motors) by extensions ['colcon_meta']
[2.274s] Level 1:colcon.colcon_core.package_identification:_identify(brickpi3_motors) by extension 'colcon_meta'
[2.274s] Level 1:colcon.colcon_core.package_identification:_identify(brickpi3_motors) by extensions ['ros']
[2.275s] Level 1:colcon.colcon_core.package_identification:_identify(brickpi3_motors) by extension 'ros'
[2.278s] DEBUG:colcon.colcon_core.package_identification:Package 'brickpi3_motors' with type 'ros.ament_cmake' and name 'brickpi3_motors'
[2.279s] Level 1:colcon.colcon_core.package_identification:_identify(brickpi3_sensors) by extensions ['ignore', 'ignore_ament_install']
[2.280s] Level 1:colcon.colcon_core.package_identification:_identify(brickpi3_sensors) by extension 'ignore'
[2.281s] Level 1:colcon.colcon_core.package_identification:_identify(brickpi3_sensors) by extension 'ignore_ament_install'
[2.282s] Level 1:colcon.colcon_core.package_identification:_identify(brickpi3_sensors) by extensions ['colcon_pkg']
[2.282s] Level 1:colcon.colcon_core.package_identification:_identify(brickpi3_sensors) by extension 'colcon_pkg'
[2.283s] Level 1:colcon.colcon_core.package_identification:_identify(brickpi3_sensors) by extensions ['colcon_meta']
[2.283s] Level 1:colcon.colcon_core.package_identification:_identify(brickpi3_sensors) by extension 'colcon_meta'
[2.284s] Level 1:colcon.colcon_core.package_identification:_identify(brickpi3_sensors) by extensions ['ros']
[2.284s] Level 1:colcon.colcon_core.package_identification:_identify(brickpi3_sensors) by extension 'ros'
[2.288s] DEBUG:colcon.colcon_core.package_identification:Package 'brickpi3_sensors' with type 'ros.ament_python' and name 'brickpi3_sensors'
[2.289s] Level 1:colcon.colcon_core.package_identification:_identify(build) by extensions ['ignore', 'ignore_ament_install']
[2.290s] Level 1:colcon.colcon_core.package_identification:_identify(build) by extension 'ignore'
[2.291s] Level 1:colcon.colcon_core.package_identification:_identify(build) ignored
[2.292s] Level 1:colcon.colcon_core.package_identification:_identify(docker) by extensions ['ignore', 'ignore_ament_install']
[2.293s] Level 1:colcon.colcon_core.package_identification:_identify(docker) by extension 'ignore'
[2.293s] Level 1:colcon.colcon_core.package_identification:_identify(docker) by extension 'ignore_ament_install'
[2.294s] Level 1:colcon.colcon_core.package_identification:_identify(docker) by extensions ['colcon_pkg']
[2.295s] Level 1:colcon.colcon_core.package_identification:_identify(docker) by extension 'colcon_pkg'
[2.295s] Level 1:colcon.colcon_core.package_identification:_identify(docker) by extensions ['colcon_meta']
[2.296s] Level 1:colcon.colcon_core.package_identification:_identify(docker) by extension 'colcon_meta'
[2.297s] Level 1:colcon.colcon_core.package_identification:_identify(docker) by extensions ['ros']
[2.297s] Level 1:colcon.colcon_core.package_identification:_identify(docker) by extension 'ros'
[2.298s] Level 1:colcon.colcon_core.package_identification:_identify(docker) by extensions ['cmake', 'python']
[2.299s] Level 1:colcon.colcon_core.package_identification:_identify(docker) by extension 'cmake'
[2.299s] Level 1:colcon.colcon_core.package_identification:_identify(docker) by extension 'python'
[2.300s] Level 1:colcon.colcon_core.package_identification:_identify(docker) by extensions ['python_setup_py']
[2.301s] Level 1:colcon.colcon_core.package_identification:_identify(docker) by extension 'python_setup_py'
[2.302s] Level 1:colcon.colcon_core.package_identification:_identify(docker/brickpi3) by extensions ['ignore', 'ignore_ament_install']
[2.303s] Level 1:colcon.colcon_core.package_identification:_identify(docker/brickpi3) by extension 'ignore'
[2.303s] Level 1:colcon.colcon_core.package_identification:_identify(docker/brickpi3) by extension 'ignore_ament_install'
[2.304s] Level 1:colcon.colcon_core.package_identification:_identify(docker/brickpi3) by extensions ['colcon_pkg']
[2.304s] Level 1:colcon.colcon_core.package_identification:_identify(docker/brickpi3) by extension 'colcon_pkg'
[2.305s] Level 1:colcon.colcon_core.package_identification:_identify(docker/brickpi3) by extensions ['colcon_meta']
[2.305s] Level 1:colcon.colcon_core.package_identification:_identify(docker/brickpi3) by extension 'colcon_meta'
[2.306s] Level 1:colcon.colcon_core.package_identification:_identify(docker/brickpi3) by extensions ['ros']
[2.307s] Level 1:colcon.colcon_core.package_identification:_identify(docker/brickpi3) by extension 'ros'
[2.307s] Level 1:colcon.colcon_core.package_identification:_identify(docker/brickpi3) by extensions ['cmake', 'python']
[2.308s] Level 1:colcon.colcon_core.package_identification:_identify(docker/brickpi3) by extension 'cmake'
[2.309s] Level 1:colcon.colcon_core.package_identification:_identify(docker/brickpi3) by extension 'python'
[2.309s] Level 1:colcon.colcon_core.package_identification:_identify(docker/brickpi3) by extensions ['python_setup_py']
[2.310s] Level 1:colcon.colcon_core.package_identification:_identify(docker/brickpi3) by extension 'python_setup_py'
[2.311s] Level 1:colcon.colcon_core.package_identification:_identify(ev3_sensor_msgs) by extensions ['ignore', 'ignore_ament_install']
[2.312s] Level 1:colcon.colcon_core.package_identification:_identify(ev3_sensor_msgs) by extension 'ignore'
[2.312s] Level 1:colcon.colcon_core.package_identification:_identify(ev3_sensor_msgs) by extension 'ignore_ament_install'
[2.313s] Level 1:colcon.colcon_core.package_identification:_identify(ev3_sensor_msgs) by extensions ['colcon_pkg']
[2.314s] Level 1:colcon.colcon_core.package_identification:_identify(ev3_sensor_msgs) by extension 'colcon_pkg'
[2.314s] Level 1:colcon.colcon_core.package_identification:_identify(ev3_sensor_msgs) by extensions ['colcon_meta']
[2.315s] Level 1:colcon.colcon_core.package_identification:_identify(ev3_sensor_msgs) by extension 'colcon_meta'
[2.315s] Level 1:colcon.colcon_core.package_identification:_identify(ev3_sensor_msgs) by extensions ['ros']
[2.316s] Level 1:colcon.colcon_core.package_identification:_identify(ev3_sensor_msgs) by extension 'ros'
[2.319s] DEBUG:colcon.colcon_core.package_identification:Package 'ev3_sensor_msgs' with type 'ros.ament_cmake' and name 'ev3_sensor_msgs'
[2.321s] Level 1:colcon.colcon_core.package_identification:_identify(install) by extensions ['ignore', 'ignore_ament_install']
[2.322s] Level 1:colcon.colcon_core.package_identification:_identify(install) by extension 'ignore'
[2.322s] Level 1:colcon.colcon_core.package_identification:_identify(install) ignored
[2.324s] Level 1:colcon.colcon_core.package_identification:_identify(log) by extensions ['ignore', 'ignore_ament_install']
[2.325s] Level 1:colcon.colcon_core.package_identification:_identify(log) by extension 'ignore'
[2.326s] Level 1:colcon.colcon_core.package_identification:_identify(log) ignored
[2.327s] Level 1:colcon.colcon_core.package_identification:_identify(rt_ros2) by extensions ['ignore', 'ignore_ament_install']
[2.328s] Level 1:colcon.colcon_core.package_identification:_identify(rt_ros2) by extension 'ignore'
[2.329s] Level 1:colcon.colcon_core.package_identification:_identify(rt_ros2) by extension 'ignore_ament_install'
[2.329s] Level 1:colcon.colcon_core.package_identification:_identify(rt_ros2) by extensions ['colcon_pkg']
[2.330s] Level 1:colcon.colcon_core.package_identification:_identify(rt_ros2) by extension 'colcon_pkg'
[2.330s] Level 1:colcon.colcon_core.package_identification:_identify(rt_ros2) by extensions ['colcon_meta']
[2.331s] Level 1:colcon.colcon_core.package_identification:_identify(rt_ros2) by extension 'colcon_meta'
[2.332s] Level 1:colcon.colcon_core.package_identification:_identify(rt_ros2) by extensions ['ros']
[2.332s] Level 1:colcon.colcon_core.package_identification:_identify(rt_ros2) by extension 'ros'
[2.337s] DEBUG:colcon.colcon_core.package_identification:Package 'rt_ros2' with type 'ros.ament_cmake' and name 'rt_ros2'
[2.339s] Level 1:colcon.colcon_core.package_identification:_identify(trazas) by extensions ['ignore', 'ignore_ament_install']
[2.339s] Level 1:colcon.colcon_core.package_identification:_identify(trazas) by extension 'ignore'
[2.340s] Level 1:colcon.colcon_core.package_identification:_identify(trazas) by extension 'ignore_ament_install'
[2.341s] Level 1:colcon.colcon_core.package_identification:_identify(trazas) by extensions ['colcon_pkg']
[2.341s] Level 1:colcon.colcon_core.package_identification:_identify(trazas) by extension 'colcon_pkg'
[2.342s] Level 1:colcon.colcon_core.package_identification:_identify(trazas) by extensions ['colcon_meta']
[2.342s] Level 1:colcon.colcon_core.package_identification:_identify(trazas) by extension 'colcon_meta'
[2.343s] Level 1:colcon.colcon_core.package_identification:_identify(trazas) by extensions ['ros']
[2.343s] Level 1:colcon.colcon_core.package_identification:_identify(trazas) by extension 'ros'
[2.344s] Level 1:colcon.colcon_core.package_identification:_identify(trazas) by extensions ['cmake', 'python']
[2.345s] Level 1:colcon.colcon_core.package_identification:_identify(trazas) by extension 'cmake'
[2.345s] Level 1:colcon.colcon_core.package_identification:_identify(trazas) by extension 'python'
[2.346s] Level 1:colcon.colcon_core.package_identification:_identify(trazas) by extensions ['python_setup_py']
[2.347s] Level 1:colcon.colcon_core.package_identification:_identify(trazas) by extension 'python_setup_py'
[2.347s] Level 1:colcon.colcon_core.package_discovery:discover_packages(recursive) using defaults
[2.348s] Level 1:colcon.colcon_core.package_discovery:discover_packages(ignore) discover
[2.348s] Level 1:colcon.colcon_core.package_discovery:discover_packages(ignore) using defaults
[2.348s] Level 1:colcon.colcon_core.package_discovery:discover_packages(path) discover
[2.349s] Level 1:colcon.colcon_core.package_discovery:discover_packages(path) using defaults
[2.480s] INFO:colcon.colcon_core.package_selection:Skipping not selected package 'brickpi3_motors' in 'brickpi3_motors'
[2.481s] INFO:colcon.colcon_core.package_selection:Skipping not selected package 'brickpi3_sensors' in 'brickpi3_sensors'
[2.481s] INFO:colcon.colcon_core.package_selection:Skipping not selected package 'ev3_sensor_msgs' in 'ev3_sensor_msgs'
[2.482s] INFO:colcon.colcon_core.package_selection:Skipping not selected package 'brickpi3_charlie' in 'brickpi3_charlie'
[2.485s] Level 1:colcon.colcon_core.package_discovery:discover_packages(prefix_path) check parameters
[2.485s] Level 1:colcon.colcon_core.package_discovery:discover_packages(prefix_path) discover
[2.503s] DEBUG:colcon.colcon_installed_package_information.package_discovery:Found 5 installed packages in /code/brickpi/install
[2.513s] DEBUG:colcon.colcon_installed_package_information.package_discovery:Found 200 installed packages in /opt/ros/humble
[2.520s] Level 1:colcon.colcon_core.package_discovery:discover_packages(prefix_path) using defaults
[2.816s] Level 5:colcon.colcon_core.verb:set package 'rt_ros2' build argument 'cmake_args' from command line to 'None'
[2.816s] Level 5:colcon.colcon_core.verb:set package 'rt_ros2' build argument 'cmake_target' from command line to 'None'
[2.817s] Level 5:colcon.colcon_core.verb:set package 'rt_ros2' build argument 'cmake_target_skip_unavailable' from command line to 'False'
[2.817s] Level 5:colcon.colcon_core.verb:set package 'rt_ros2' build argument 'cmake_clean_cache' from command line to 'False'
[2.817s] Level 5:colcon.colcon_core.verb:set package 'rt_ros2' build argument 'cmake_clean_first' from command line to 'False'
[2.818s] Level 5:colcon.colcon_core.verb:set package 'rt_ros2' build argument 'cmake_force_configure' from command line to 'False'
[2.818s] Level 5:colcon.colcon_core.verb:set package 'rt_ros2' build argument 'ament_cmake_args' from command line to 'None'
[2.818s] Level 5:colcon.colcon_core.verb:set package 'rt_ros2' build argument 'catkin_cmake_args' from command line to 'None'
[2.819s] Level 5:colcon.colcon_core.verb:set package 'rt_ros2' build argument 'catkin_skip_building_tests' from command line to 'False'
[2.819s] DEBUG:colcon.colcon_core.verb:Building package 'rt_ros2' with the following arguments: {'ament_cmake_args': None, 'build_base': '/code/brickpi/build/rt_ros2', 'catkin_cmake_args': None, 'catkin_skip_building_tests': False, 'cmake_args': None, 'cmake_clean_cache': False, 'cmake_clean_first': False, 'cmake_force_configure': False, 'cmake_target': None, 'cmake_target_skip_unavailable': False, 'install_base': '/code/brickpi/install/rt_ros2', 'merge_install': False, 'path': '/code/brickpi/rt_ros2', 'symlink_install': False, 'test_result_base': None}
[2.820s] INFO:colcon.colcon_core.executor:Executing jobs using 'parallel' executor
[2.825s] DEBUG:colcon.colcon_parallel_executor.executor.parallel:run_until_complete
[2.827s] INFO:colcon.colcon_ros.task.ament_cmake.build:Building ROS package in '/code/brickpi/rt_ros2' with build type 'ament_cmake'
[2.828s] INFO:colcon.colcon_cmake.task.cmake.build:Building CMake package in '/code/brickpi/rt_ros2'
[2.848s] INFO:colcon.colcon_core.plugin_system:Skipping extension 'colcon_core.shell.bat': Not used on non-Windows systems
[2.848s] INFO:colcon.colcon_core.shell:Skip shell extension 'powershell' for command environment: Not usable outside of PowerShell
[2.849s] DEBUG:colcon.colcon_core.shell:Skip shell extension 'dsv' for command environment
[2.917s] DEBUG:colcon.colcon_core.event_handler.log_command:Invoking command in '/code/brickpi/build/rt_ros2': CMAKE_PREFIX_PATH=${CMAKE_PREFIX_PATH}:/code/brickpi/install/brickpi3_sensors:/code/brickpi/install/brickpi3_charlie:/opt/ros/humble /usr/bin/cmake --build /code/brickpi/build/rt_ros2 -- -j4 -l4
[58.922s] DEBUG:colcon.colcon_core.event_handler.log_command:Invoked command in '/code/brickpi/build/rt_ros2' returned '2': CMAKE_PREFIX_PATH=${CMAKE_PREFIX_PATH}:/code/brickpi/install/brickpi3_sensors:/code/brickpi/install/brickpi3_charlie:/opt/ros/humble /usr/bin/cmake --build /code/brickpi/build/rt_ros2 -- -j4 -l4
[58.926s] Level 1:colcon.colcon_core.environment:create_environment_scripts_only(rt_ros2)
[58.946s] Level 1:colcon.colcon_core.environment:checking '/code/brickpi/install/rt_ros2' for CMake module files
[58.951s] Level 1:colcon.colcon_core.environment:checking '/code/brickpi/install/rt_ros2' for CMake config files
[58.955s] Level 1:colcon.colcon_core.shell:create_environment_hook('rt_ros2', 'cmake_prefix_path')
[58.957s] INFO:colcon.colcon_core.shell:Creating environment hook '/code/brickpi/install/rt_ros2/share/rt_ros2/hook/cmake_prefix_path.ps1'
[58.962s] INFO:colcon.colcon_core.shell:Creating environment descriptor '/code/brickpi/install/rt_ros2/share/rt_ros2/hook/cmake_prefix_path.dsv'
[58.965s] INFO:colcon.colcon_core.shell:Creating environment hook '/code/brickpi/install/rt_ros2/share/rt_ros2/hook/cmake_prefix_path.sh'
[58.972s] Level 1:colcon.colcon_core.environment:checking '/code/brickpi/install/rt_ros2/lib'
[58.973s] Level 1:colcon.colcon_core.environment:checking '/code/brickpi/install/rt_ros2/bin'
[58.974s] Level 1:colcon.colcon_core.environment:checking '/code/brickpi/install/rt_ros2/lib/pkgconfig/rt_ros2.pc'
[58.976s] Level 1:colcon.colcon_core.environment:checking '/code/brickpi/install/rt_ros2/lib/python3.10/site-packages'
[58.979s] Level 1:colcon.colcon_core.environment:checking '/code/brickpi/install/rt_ros2/bin'
[58.981s] INFO:colcon.colcon_core.shell:Creating package script '/code/brickpi/install/rt_ros2/share/rt_ros2/package.ps1'
[58.987s] INFO:colcon.colcon_core.shell:Creating package descriptor '/code/brickpi/install/rt_ros2/share/rt_ros2/package.dsv'
[58.993s] INFO:colcon.colcon_core.shell:Creating package script '/code/brickpi/install/rt_ros2/share/rt_ros2/package.sh'
[58.999s] INFO:colcon.colcon_core.shell:Creating package script '/code/brickpi/install/rt_ros2/share/rt_ros2/package.bash'
[59.006s] INFO:colcon.colcon_core.shell:Creating package script '/code/brickpi/install/rt_ros2/share/rt_ros2/package.zsh'
[59.012s] Level 1:colcon.colcon_core.environment:create_file_with_runtime_dependencies(/code/brickpi/install/rt_ros2/share/colcon-core/packages/rt_ros2)
[59.026s] DEBUG:colcon.colcon_parallel_executor.executor.parallel:closing loop
[59.028s] DEBUG:colcon.colcon_parallel_executor.executor.parallel:loop closed
[59.028s] DEBUG:colcon.colcon_parallel_executor.executor.parallel:run_until_complete finished with '2'
[59.029s] DEBUG:colcon.colcon_core.event_reactor:joining thread
[59.065s] INFO:colcon.colcon_core.plugin_system:Skipping extension 'colcon_notification.desktop_notification.notify_send': Could not find 'notify-send'
[59.066s] INFO:colcon.colcon_core.plugin_system:Skipping extension 'colcon_notification.desktop_notification.terminal_notifier': Not used on non-Darwin systems
[59.067s] INFO:colcon.colcon_core.plugin_system:Skipping extension 'colcon_notification.desktop_notification.win32': Not used on non-Windows systems
[59.067s] INFO:colcon.colcon_notification.desktop_notification:Sending desktop notification using 'notify2'
[59.072s] DEBUG:colcon.colcon_notification.desktop_notification.notify2:Failed to initialize notify2: org.freedesktop.DBus.Error.ServiceUnknown: The name org.freedesktop.Notifications was not provided by any .service files
[59.073s] DEBUG:colcon.colcon_core.event_reactor:joined thread
[59.074s] INFO:colcon.colcon_core.shell:Creating prefix script '/code/brickpi/install/local_setup.ps1'
[59.081s] INFO:colcon.colcon_core.shell:Creating prefix util module '/code/brickpi/install/_local_setup_util_ps1.py'
[59.090s] INFO:colcon.colcon_core.shell:Creating prefix chain script '/code/brickpi/install/setup.ps1'
[59.102s] INFO:colcon.colcon_core.shell:Creating prefix script '/code/brickpi/install/local_setup.sh'
[59.107s] INFO:colcon.colcon_core.shell:Creating prefix util module '/code/brickpi/install/_local_setup_util_sh.py'
[59.112s] INFO:colcon.colcon_core.shell:Creating prefix chain script '/code/brickpi/install/setup.sh'
[59.123s] INFO:colcon.colcon_core.shell:Creating prefix script '/code/brickpi/install/local_setup.bash'
[59.127s] INFO:colcon.colcon_core.shell:Creating prefix chain script '/code/brickpi/install/setup.bash'
[59.137s] INFO:colcon.colcon_core.shell:Creating prefix script '/code/brickpi/install/local_setup.zsh'
[59.141s] INFO:colcon.colcon_core.shell:Creating prefix chain script '/code/brickpi/install/setup.zsh'
