[10.596s] Invoking command in '/code/brickpi/brickpi3_charlie': CMAKE_PREFIX_PATH=/code/brickpi/install/brickpi3_motors:/code/brickpi/install/rt_ros2:/code/brickpi/install/ev3_sensor_msgs LD_LIBRARY_PATH=/code/brickpi/install/brickpi3_motors/lib:/code/brickpi/install/ev3_sensor_msgs/lib:/opt/ros/humble/lib/aarch64-linux-gnu:/opt/ros/humble/lib PYTHONPATH=/code/brickpi/build/brickpi3_charlie/prefix_override:/usr/lib/python3/dist-packages/colcon_core/task/python/colcon_distutils_commands:/code/brickpi/install/brickpi3_charlie/lib/python3.10/site-packages:${PYTHONPATH} /usr/bin/python3 -W ignore:setup.py install is deprecated -W ignore:easy_install command is deprecated setup.py egg_info --egg-base ../build/brickpi3_charlie build --build-base /code/brickpi/build/brickpi3_charlie/build install --record /code/brickpi/build/brickpi3_charlie/install.log --single-version-externally-managed install_data
[13.638s] running egg_info
[13.641s] writing ../build/brickpi3_charlie/brickpi3_charlie.egg-info/PKG-INFO
[13.646s] writing dependency_links to ../build/brickpi3_charlie/brickpi3_charlie.egg-info/dependency_links.txt
[13.655s] writing entry points to ../build/brickpi3_charlie/brickpi3_charlie.egg-info/entry_points.txt
[13.657s] writing requirements to ../build/brickpi3_charlie/brickpi3_charlie.egg-info/requires.txt
[13.658s] writing top-level names to ../build/brickpi3_charlie/brickpi3_charlie.egg-info/top_level.txt
[13.664s] reading manifest file '../build/brickpi3_charlie/brickpi3_charlie.egg-info/SOURCES.txt'
[13.671s] writing manifest file '../build/brickpi3_charlie/brickpi3_charlie.egg-info/SOURCES.txt'
[13.677s] running build
[13.679s] running build_py
[13.680s] running install
[13.681s] running install_lib
[13.688s] running install_data
[13.691s] running install_egg_info
[13.700s] removing '/code/brickpi/install/brickpi3_charlie/lib/python3.10/site-packages/brickpi3_charlie-0.0.0-py3.10.egg-info' (and everything under it)
[13.706s] Copying ../build/brickpi3_charlie/brickpi3_charlie.egg-info to /code/brickpi/install/brickpi3_charlie/lib/python3.10/site-packages/brickpi3_charlie-0.0.0-py3.10.egg-info
[13.734s] running install_scripts
[13.867s] writing list of installed files to '/code/brickpi/build/brickpi3_charlie/install.log'
[14.064s] Invoked command in '/code/brickpi/brickpi3_charlie' returned '0': CMAKE_PREFIX_PATH=/code/brickpi/install/brickpi3_motors:/code/brickpi/install/rt_ros2:/code/brickpi/install/ev3_sensor_msgs LD_LIBRARY_PATH=/code/brickpi/install/brickpi3_motors/lib:/code/brickpi/install/ev3_sensor_msgs/lib:/opt/ros/humble/lib/aarch64-linux-gnu:/opt/ros/humble/lib PYTHONPATH=/code/brickpi/build/brickpi3_charlie/prefix_override:/usr/lib/python3/dist-packages/colcon_core/task/python/colcon_distutils_commands:/code/brickpi/install/brickpi3_charlie/lib/python3.10/site-packages:${PYTHONPATH} /usr/bin/python3 -W ignore:setup.py install is deprecated -W ignore:easy_install command is deprecated setup.py egg_info --egg-base ../build/brickpi3_charlie build --build-base /code/brickpi/build/brickpi3_charlie/build install --record /code/brickpi/build/brickpi3_charlie/install.log --single-version-externally-managed install_data
