[9.340s] Invoking command in '/code/brickpi/brickpi3_sensors': PYTHONPATH=/code/brickpi/build/brickpi3_sensors/prefix_override:/usr/lib/python3/dist-packages/colcon_core/task/python/colcon_distutils_commands:/code/brickpi/install/brickpi3_sensors/lib/python3.10/site-packages:${PYTHONPATH} /usr/bin/python3 -W ignore:setup.py install is deprecated -W ignore:easy_install command is deprecated setup.py egg_info --egg-base ../build/brickpi3_sensors build --build-base /code/brickpi/build/brickpi3_sensors/build install --record /code/brickpi/build/brickpi3_sensors/install.log --single-version-externally-managed install_data
[13.350s] running egg_info
[13.368s] writing ../build/brickpi3_sensors/brickpi3_sensors.egg-info/PKG-INFO
[13.374s] writing dependency_links to ../build/brickpi3_sensors/brickpi3_sensors.egg-info/dependency_links.txt
[13.378s] writing entry points to ../build/brickpi3_sensors/brickpi3_sensors.egg-info/entry_points.txt
[13.387s] writing requirements to ../build/brickpi3_sensors/brickpi3_sensors.egg-info/requires.txt
[13.394s] writing top-level names to ../build/brickpi3_sensors/brickpi3_sensors.egg-info/top_level.txt
[13.426s] reading manifest file '../build/brickpi3_sensors/brickpi3_sensors.egg-info/SOURCES.txt'
[13.448s] writing manifest file '../build/brickpi3_sensors/brickpi3_sensors.egg-info/SOURCES.txt'
[13.449s] running build
[13.451s] running build_py
[13.469s] running install
[13.477s] running install_lib
[13.517s] running install_data
[13.522s] running install_egg_info
[13.552s] removing '/code/brickpi/install/brickpi3_sensors/lib/python3.10/site-packages/brickpi3_sensors-0.0.0-py3.10.egg-info' (and everything under it)
[13.560s] Copying ../build/brickpi3_sensors/brickpi3_sensors.egg-info to /code/brickpi/install/brickpi3_sensors/lib/python3.10/site-packages/brickpi3_sensors-0.0.0-py3.10.egg-info
[13.588s] running install_scripts
[13.865s] Installing battery_node script to /code/brickpi/install/brickpi3_sensors/lib/brickpi3_sensors
[13.870s] Installing color_sensor_node script to /code/brickpi/install/brickpi3_sensors/lib/brickpi3_sensors
[13.874s] Installing compass_node script to /code/brickpi/install/brickpi3_sensors/lib/brickpi3_sensors
[13.878s] Installing differential_drive_node script to /code/brickpi/install/brickpi3_sensors/lib/brickpi3_sensors
[13.881s] Installing gyro_node script to /code/brickpi/install/brickpi3_sensors/lib/brickpi3_sensors
[13.886s] Installing infrared_distance_node script to /code/brickpi/install/brickpi3_sensors/lib/brickpi3_sensors
[13.890s] Installing light_sensor_node script to /code/brickpi/install/brickpi3_sensors/lib/brickpi3_sensors
[13.898s] Installing touch_sensor_node script to /code/brickpi/install/brickpi3_sensors/lib/brickpi3_sensors
[13.903s] Installing ultrasonic_distance_node script to /code/brickpi/install/brickpi3_sensors/lib/brickpi3_sensors
[13.908s] writing list of installed files to '/code/brickpi/build/brickpi3_sensors/install.log'
[14.099s] Invoked command in '/code/brickpi/brickpi3_sensors' returned '0': PYTHONPATH=/code/brickpi/build/brickpi3_sensors/prefix_override:/usr/lib/python3/dist-packages/colcon_core/task/python/colcon_distutils_commands:/code/brickpi/install/brickpi3_sensors/lib/python3.10/site-packages:${PYTHONPATH} /usr/bin/python3 -W ignore:setup.py install is deprecated -W ignore:easy_install command is deprecated setup.py egg_info --egg-base ../build/brickpi3_sensors build --build-base /code/brickpi/build/brickpi3_sensors/build install --record /code/brickpi/build/brickpi3_sensors/install.log --single-version-externally-managed install_data
