-- Found ament_cmake: 1.3.14 (/opt/ros/humble/share/ament_cmake/cmake)
-- Override CMake install command with custom implementation using symlinks instead of copying resources
-- Found rclcpp: 16.0.18 (/opt/ros/humble/share/rclcpp/cmake)
-- Found rosidl_generator_c: 3.1.8 (/opt/ros/humble/share/rosidl_generator_c/cmake)
-- Found rosidl_adapter: 3.1.8 (/opt/ros/humble/share/rosidl_adapter/cmake)
-- Found rosidl_generator_cpp: 3.1.8 (/opt/ros/humble/share/rosidl_generator_cpp/cmake)
-- Using all available rosidl_typesupport_c: rosidl_typesupport_fastrtps_c;rosidl_typesupport_introspection_c
-- Using all available rosidl_typesupport_cpp: rosidl_typesupport_fastrtps_cpp;rosidl_typesupport_introspection_cpp
-- Found rmw_implementation_cmake: 6.1.2 (/opt/ros/humble/share/rmw_implementation_cmake/cmake)
-- Found rmw_fastrtps_cpp: 6.2.10 (/opt/ros/humble/share/rmw_fastrtps_cpp/cmake)
-- Using RMW implementation 'rmw_fastrtps_cpp' as default
-- Found geometry_msgs: 4.9.1 (/opt/ros/humble/share/geometry_msgs/cmake)
-- Found sensor_msgs: 4.9.1 (/opt/ros/humble/share/sensor_msgs/cmake)
-- QUILL_NO_EXCEPTIONS: OFF
-- QUILL_FMT_EXTERNAL: OFF
-- QUILL_NO_THREAD_NAME_SUPPORT: OFF
-- Configuring done
-- Generating done
-- Build files have been written to: /code/brickpi/build/rt_ros2
[35m[1mConsolidate compiler generated dependencies of target nodo_test[0m
[35m[1mConsolidate compiler generated dependencies of target cactus_tracing_embedded_perfetto_protos[0m
[35m[1mConsolidate compiler generated dependencies of target quill[0m
[  3%] Built target nodo_test
[ 30%] Built target cactus_tracing_embedded_perfetto_protos
[ 69%] Built target quill
[35m[1mConsolidate compiler generated dependencies of target cactus_rt[0m
[ 84%] Built target cactus_rt
[35m[1mConsolidate compiler generated dependencies of target main_be[0m
[35m[1mConsolidate compiler generated dependencies of target main_rt[0m
[ 85%] [32mBuilding CXX object CMakeFiles/main_rt.dir/src/mainRT.cc.o[0m
[ 87%] [32mBuilding CXX object CMakeFiles/main_be.dir/src/mainBE.cc.o[0m
[ 88%] [32mBuilding CXX object CMakeFiles/main_rt.dir/src/nodo_maquina_estados.cpp.o[0m
[ 90%] [32mBuilding CXX object CMakeFiles/main_rt.dir/src/nodo_actuador.cpp.o[0m
[01m[K/code/brickpi/rt_ros2/src/mainBE.cc:[m[K In function ‘[01m[Kint main(int, char**)[m[K’:
[01m[K/code/brickpi/rt_ros2/src/mainBE.cc:21:50:[m[K [01;31m[Kerror: [m[K‘[01m[KNodoRuido[m[K’ is not a member of ‘[01m[Krt_ros2[m[K’
   21 |     auto nodo_ruido  = std::make_shared<rt_ros2::[01;31m[KNodoRuido[m[K>(tracer_ruido);
      |                                                  [01;31m[K^~~~~~~~~[m[K
[01m[K/code/brickpi/rt_ros2/src/mainBE.cc:21:60:[m[K [01;31m[Kerror: [m[Kno matching function for call to ‘[01m[Kmake_shared<<expression error> >(std::shared_ptr<cactus_rt::tracing::ThreadTracer>&)[m[K’
   21 |     auto nodo_ruido  = [01;31m[Kstd::make_shared<rt_ros2::NodoRuido>(tracer_ruido)[m[K;
      |                        [01;31m[K~~~~~~~~~~~~~~~~~~~~~~~~~~~~~~~~~~~~^~~~~~~~~~~~~~[m[K
In file included from [01m[K/usr/include/c++/11/memory:77[m[K,
                 from [01m[K/opt/ros/humble/include/rclcpp/rclcpp/rclcpp.hpp:153[m[K,
                 from [01m[K/code/brickpi/rt_ros2/src/mainBE.cc:1[m[K:
[01m[K/usr/include/c++/11/bits/shared_ptr.h:875:5:[m[K [01;36m[Knote: [m[Kcandidate: ‘[01m[Ktemplate<class _Tp, class ... _Args> std::shared_ptr<_Tp> std::make_shared(_Args&& ...)[m[K’
  875 |     [01;36m[Kmake_shared[m[K(_Args&&... __args)
      |     [01;36m[K^~~~~~~~~~~[m[K
[01m[K/usr/include/c++/11/bits/shared_ptr.h:875:5:[m[K [01;36m[Knote: [m[K  template argument deduction/substitution failed:
[01m[K/code/brickpi/rt_ros2/src/mainBE.cc:21:60:[m[K [01;31m[Kerror: [m[Ktemplate argument 1 is invalid
   21 |     auto nodo_ruido  = [01;31m[Kstd::make_shared<rt_ros2::NodoRuido>(tracer_ruido)[m[K;
      |                        [01;31m[K~~~~~~~~~~~~~~~~~~~~~~~~~~~~~~~~~~~~^~~~~~~~~~~~~~[m[K
[01m[K/code/brickpi/rt_ros2/src/mainRT.cc:[m[K In function ‘[01m[Kint main(int, char**)[m[K’:
[01m[K/code/brickpi/rt_ros2/src/mainRT.cc:23:50:[m[K [01;31m[Kerror: [m[K‘[01m[KNodoRuido[m[K’ is not a member of ‘[01m[Krt_ros2[m[K’
   23 | make_shared<rt_ros2::[01;31m[KNodoRuido[m[K>(tracer_ruido);
      |                      [01;31m[K^~~~~~~~~[m[K

[01m[K/code/brickpi/rt_ros2/src/mainRT.cc:23:60:[m[K [01;31m[Kerror: [m[Kno matching function for call to ‘[01m[Kmake_shared<<expression error> >(std::shared_ptr<cactus_rt::tracing::ThreadTracer>&)[m[K’
   23 | [01;31m[Kd<rt_ros2::NodoRuido>(tracer_ruido)[m[K;
      | [01;31m[K~~~~~~~~~~~~~~~~~~~~~^~~~~~~~~~~~~~[m[K

In file included from [01m[K/usr/include/c++/11/memory:77[m[K,
                 from [01m[K/opt/ros/humble/include/rclcpp/rclcpp/rclcpp.hpp:153[m[K,
                 from [01m[K/code/brickpi/rt_ros2/src/mainRT.cc:1[m[K:
[01m[K/usr/include/c++/11/bits/shared_ptr.h:875:5:[m[K [01;36m[Knote: [m[Kcandidate: ‘[01m[Ktemplate<class _Tp, class ... _Args> std::shared_ptr<_Tp> std::make_shared(_Args&& ...)[m[K’
  875 |     [01;36m[Kmake_shared[m[K(_Args&&... __args)
      |     [01;36m[K^~~~~~~~~~~[m[K
[01m[K/usr/include/c++/11/bits/shared_ptr.h:875:5:[m[K [01;36m[Knote: [m[K  template argument deduction/substitution failed:
[01m[K/code/brickpi/rt_ros2/src/mainRT.cc:23:60:[m[K [01;31m[Kerror: [m[Ktemplate argument 1 is invalid
   23 | [01;31m[Kd<rt_ros2::NodoRuido>(tracer_ruido)[m[K;
      | [01;31m[K~~~~~~~~~~~~~~~~~~~~~^~~~~~~~~~~~~~[m[K

gmake[2]: *** [CMakeFiles/main_be.dir/build.make:76: CMakeFiles/main_be.dir/src/mainBE.cc.o] Error 1
gmake[1]: *** [CMakeFiles/Makefile2:271: CMakeFiles/main_be.dir/all] Error 2
gmake[1]: *** Waiting for unfinished jobs....
[ 92%] [32mBuilding CXX object CMakeFiles/main_rt.dir/src/nodo_ruido.cpp.o[0m
gmake[2]: *** [CMakeFiles/main_rt.dir/build.make:76: CMakeFiles/main_rt.dir/src/mainRT.cc.o] Error 1
gmake[2]: *** Waiting for unfinished jobs....
gmake[1]: *** [CMakeFiles/Makefile2:243: CMakeFiles/main_rt.dir/all] Error 2
gmake: *** [Makefile:146: all] Error 2
