[0.077s] Invoking command in '/code/brickpi/build/rt_ros2': CMAKE_PREFIX_PATH=${CMAKE_PREFIX_PATH}:/code/brickpi/install/brickpi3_sensors:/code/brickpi/install/brickpi3_charlie:/opt/ros/humble /usr/bin/cmake --build /code/brickpi/build/rt_ros2 -- -j4 -l4
[0.210s] -- Found ament_cmake: 1.3.14 (/opt/ros/humble/share/ament_cmake/cmake)
[0.953s] -- Override CMake install command with custom implementation using symlinks instead of copying resources
[0.998s] -- Found rclcpp: 16.0.18 (/opt/ros/humble/share/rclcpp/cmake)
[1.162s] -- Found rosidl_generator_c: 3.1.8 (/opt/ros/humble/share/rosidl_generator_c/cmake)
[1.175s] -- Found rosidl_adapter: 3.1.8 (/opt/ros/humble/share/rosidl_adapter/cmake)
[1.207s] -- Found rosidl_generator_cpp: 3.1.8 (/opt/ros/humble/share/rosidl_generator_cpp/cmake)
[1.256s] -- Using all available rosidl_typesupport_c: rosidl_typesupport_fastrtps_c;rosidl_typesupport_introspection_c
[1.318s] -- Using all available rosidl_typesupport_cpp: rosidl_typesupport_fastrtps_cpp;rosidl_typesupport_introspection_cpp
[1.485s] -- Found rmw_implementation_cmake: 6.1.2 (/opt/ros/humble/share/rmw_implementation_cmake/cmake)
[1.493s] -- Found rmw_fastrtps_cpp: 6.2.10 (/opt/ros/humble/share/rmw_fastrtps_cpp/cmake)
[2.077s] -- Using RMW implementation 'rmw_fastrtps_cpp' as default
[2.317s] -- Found geometry_msgs: 4.9.1 (/opt/ros/humble/share/geometry_msgs/cmake)
[2.376s] -- Found sensor_msgs: 4.9.1 (/opt/ros/humble/share/sensor_msgs/cmake)
[2.477s] -- QUILL_NO_EXCEPTIONS: OFF
[2.477s] -- QUILL_FMT_EXTERNAL: OFF
[2.478s] -- QUILL_NO_THREAD_NAME_SUPPORT: OFF
[2.966s] -- Configuring done
[3.212s] -- Generating done
[3.269s] -- Build files have been written to: /code/brickpi/build/rt_ros2
[3.429s] [35m[1mConsolidate compiler generated dependencies of target nodo_test[0m
[3.450s] [35m[1mConsolidate compiler generated dependencies of target cactus_tracing_embedded_perfetto_protos[0m
[3.482s] [35m[1mConsolidate compiler generated dependencies of target quill[0m
[3.624s] [  3%] Built target nodo_test
[3.711s] [ 30%] Built target cactus_tracing_embedded_perfetto_protos
[3.840s] [ 69%] Built target quill
[3.922s] [35m[1mConsolidate compiler generated dependencies of target cactus_rt[0m
[4.101s] [ 84%] Built target cactus_rt
[4.195s] [35m[1mConsolidate compiler generated dependencies of target main_be[0m
[4.197s] [35m[1mConsolidate compiler generated dependencies of target main_rt[0m
[4.400s] [ 85%] [32mBuilding CXX object CMakeFiles/main_rt.dir/src/mainRT.cc.o[0m
[4.439s] [ 87%] [32mBuilding CXX object CMakeFiles/main_be.dir/src/mainBE.cc.o[0m
[4.448s] [ 88%] [32mBuilding CXX object CMakeFiles/main_rt.dir/src/nodo_maquina_estados.cpp.o[0m
[4.450s] [ 90%] [32mBuilding CXX object CMakeFiles/main_rt.dir/src/nodo_actuador.cpp.o[0m
[30.836s] [01m[K/code/brickpi/rt_ros2/src/mainBE.cc:[m[K In function ‘[01m[Kint main(int, char**)[m[K’:
[30.839s] [01m[K/code/brickpi/rt_ros2/src/mainBE.cc:21:50:[m[K [01;31m[Kerror: [m[K‘[01m[KNodoRuido[m[K’ is not a member of ‘[01m[Krt_ros2[m[K’
[30.841s]    21 |     auto nodo_ruido  = std::make_shared<rt_ros2::[01;31m[KNodoRuido[m[K>(tracer_ruido);
[30.844s]       |                                                  [01;31m[K^~~~~~~~~[m[K
[30.848s] [01m[K/code/brickpi/rt_ros2/src/mainBE.cc:21:60:[m[K [01;31m[Kerror: [m[Kno matching function for call to ‘[01m[Kmake_shared<<expression error> >(std::shared_ptr<cactus_rt::tracing::ThreadTracer>&)[m[K’
[30.852s]    21 |     auto nodo_ruido  = [01;31m[Kstd::make_shared<rt_ros2::NodoRuido>(tracer_ruido)[m[K;
[30.862s]       |                        [01;31m[K~~~~~~~~~~~~~~~~~~~~~~~~~~~~~~~~~~~~^~~~~~~~~~~~~~[m[K
[30.863s] In file included from [01m[K/usr/include/c++/11/memory:77[m[K,
[30.864s]                  from [01m[K/opt/ros/humble/include/rclcpp/rclcpp/rclcpp.hpp:153[m[K,
[30.865s]                  from [01m[K/code/brickpi/rt_ros2/src/mainBE.cc:1[m[K:
[30.866s] [01m[K/usr/include/c++/11/bits/shared_ptr.h:875:5:[m[K [01;36m[Knote: [m[Kcandidate: ‘[01m[Ktemplate<class _Tp, class ... _Args> std::shared_ptr<_Tp> std::make_shared(_Args&& ...)[m[K’
[30.869s]   875 |     [01;36m[Kmake_shared[m[K(_Args&&... __args)
[30.870s]       |     [01;36m[K^~~~~~~~~~~[m[K
[30.871s] [01m[K/usr/include/c++/11/bits/shared_ptr.h:875:5:[m[K [01;36m[Knote: [m[K  template argument deduction/substitution failed:
[30.872s] [01m[K/code/brickpi/rt_ros2/src/mainBE.cc:21:60:[m[K [01;31m[Kerror: [m[Ktemplate argument 1 is invalid
[30.873s]    21 |     auto nodo_ruido  = [01;31m[Kstd::make_shared<rt_ros2::NodoRuido>(tracer_ruido)[m[K;
[30.880s]       |                        [01;31m[K~~~~~~~~~~~~~~~~~~~~~~~~~~~~~~~~~~~~^~~~~~~~~~~~~~[m[K
[31.209s] [01m[K/code/brickpi/rt_ros2/src/mainRT.cc:[m[K In function ‘[01m[Kint main(int, char**)[m[K’:
[31.210s] [01m[K/code/brickpi/rt_ros2/src/mainRT.cc:23:50:[m[K [01;31m[Kerror: [m[K‘[01m[KNodoRuido[m[K’ is not a member of ‘[01m[Krt_ros2[m[K’
[31.211s]    23 | make_shared<rt_ros2::[01;31m[KNodoRuido[m[K>(tracer_ruido);
[31.214s]       |                      [01;31m[K^~~~~~~~~[m[K
[31.217s] 
[31.220s] [01m[K/code/brickpi/rt_ros2/src/mainRT.cc:23:60:[m[K [01;31m[Kerror: [m[Kno matching function for call to ‘[01m[Kmake_shared<<expression error> >(std::shared_ptr<cactus_rt::tracing::ThreadTracer>&)[m[K’
[31.233s]    23 | [01;31m[Kd<rt_ros2::NodoRuido>(tracer_ruido)[m[K;
[31.236s]       | [01;31m[K~~~~~~~~~~~~~~~~~~~~~^~~~~~~~~~~~~~[m[K
[31.239s] 
[31.242s] In file included from [01m[K/usr/include/c++/11/memory:77[m[K,
[31.245s]                  from [01m[K/opt/ros/humble/include/rclcpp/rclcpp/rclcpp.hpp:153[m[K,
[31.249s]                  from [01m[K/code/brickpi/rt_ros2/src/mainRT.cc:1[m[K:
[31.262s] [01m[K/usr/include/c++/11/bits/shared_ptr.h:875:5:[m[K [01;36m[Knote: [m[Kcandidate: ‘[01m[Ktemplate<class _Tp, class ... _Args> std::shared_ptr<_Tp> std::make_shared(_Args&& ...)[m[K’
[31.265s]   875 |     [01;36m[Kmake_shared[m[K(_Args&&... __args)
[31.270s]       |     [01;36m[K^~~~~~~~~~~[m[K
[31.273s] [01m[K/usr/include/c++/11/bits/shared_ptr.h:875:5:[m[K [01;36m[Knote: [m[K  template argument deduction/substitution failed:
[31.277s] [01m[K/code/brickpi/rt_ros2/src/mainRT.cc:23:60:[m[K [01;31m[Kerror: [m[Ktemplate argument 1 is invalid
[31.284s]    23 | [01;31m[Kd<rt_ros2::NodoRuido>(tracer_ruido)[m[K;
[31.288s]       | [01;31m[K~~~~~~~~~~~~~~~~~~~~~^~~~~~~~~~~~~~[m[K
[31.301s] 
[40.517s] gmake[2]: *** [CMakeFiles/main_be.dir/build.make:76: CMakeFiles/main_be.dir/src/mainBE.cc.o] Error 1
[40.524s] gmake[1]: *** [CMakeFiles/Makefile2:271: CMakeFiles/main_be.dir/all] Error 2
[40.529s] gmake[1]: *** Waiting for unfinished jobs....
[40.589s] [ 92%] [32mBuilding CXX object CMakeFiles/main_rt.dir/src/nodo_ruido.cpp.o[0m
[40.752s] gmake[2]: *** [CMakeFiles/main_rt.dir/build.make:76: CMakeFiles/main_rt.dir/src/mainRT.cc.o] Error 1
[40.755s] gmake[2]: *** Waiting for unfinished jobs....
[104.958s] gmake[1]: *** [CMakeFiles/Makefile2:243: CMakeFiles/main_rt.dir/all] Error 2
[104.959s] gmake: *** [Makefile:146: all] Error 2
[104.968s] Invoked command in '/code/brickpi/build/rt_ros2' returned '2': CMAKE_PREFIX_PATH=${CMAKE_PREFIX_PATH}:/code/brickpi/install/brickpi3_sensors:/code/brickpi/install/brickpi3_charlie:/opt/ros/humble /usr/bin/cmake --build /code/brickpi/build/rt_ros2 -- -j4 -l4
