[2.959s] Invoking command in '/code/brickpi/build/brickpi3_sensors': PYTHONPATH=/code/brickpi/build/brickpi3_sensors/prefix_override:/usr/lib/python3/dist-packages/colcon_core/task/python/colcon_distutils_commands:/code/brickpi/install/brickpi3_sensors/lib/python3.10/site-packages:${PYTHONPATH} /usr/bin/python3 -W ignore:setup.py install is deprecated -W ignore:easy_install command is deprecated setup.py develop --editable --build-directory /code/brickpi/build/brickpi3_sensors/build --no-deps symlink_data --force
[4.168s] running develop
[4.851s] running egg_info
[4.852s] writing brickpi3_sensors.egg-info/PKG-INFO
[4.853s] writing dependency_links to brickpi3_sensors.egg-info/dependency_links.txt
[4.855s] writing entry points to brickpi3_sensors.egg-info/entry_points.txt
[4.856s] writing requirements to brickpi3_sensors.egg-info/requires.txt
[4.857s] writing top-level names to brickpi3_sensors.egg-info/top_level.txt
[4.866s] reading manifest file 'brickpi3_sensors.egg-info/SOURCES.txt'
[4.871s] writing manifest file 'brickpi3_sensors.egg-info/SOURCES.txt'
[4.877s] running build_ext
[4.878s] Creating /code/brickpi/install/brickpi3_sensors/lib/python3.10/site-packages/brickpi3-sensors.egg-link (link to .)
[4.883s] Installing battery_node script to /code/brickpi/install/brickpi3_sensors/lib/brickpi3_sensors
[4.884s] Installing color_sensor_node script to /code/brickpi/install/brickpi3_sensors/lib/brickpi3_sensors
[4.885s] Installing compass_node script to /code/brickpi/install/brickpi3_sensors/lib/brickpi3_sensors
[4.886s] Installing differential_drive_node script to /code/brickpi/install/brickpi3_sensors/lib/brickpi3_sensors
[4.887s] Installing gyro_node script to /code/brickpi/install/brickpi3_sensors/lib/brickpi3_sensors
[4.888s] Installing infrared_distance_node script to /code/brickpi/install/brickpi3_sensors/lib/brickpi3_sensors
[4.889s] Installing light_sensor_node script to /code/brickpi/install/brickpi3_sensors/lib/brickpi3_sensors
[4.890s] Installing touch_sensor_node script to /code/brickpi/install/brickpi3_sensors/lib/brickpi3_sensors
[4.891s] Installing ultrasonic_distance_node script to /code/brickpi/install/brickpi3_sensors/lib/brickpi3_sensors
[4.892s] 
[4.893s] Installed /code/brickpi/build/brickpi3_sensors
[4.894s] running symlink_data
[4.894s] symbolically linking /code/brickpi/build/brickpi3_sensors/resource/brickpi3_sensors -> /code/brickpi/install/brickpi3_sensors/share/ament_index/resource_index/packages
[4.895s] symbolically linking /code/brickpi/build/brickpi3_sensors/package.xml -> /code/brickpi/install/brickpi3_sensors/share/brickpi3_sensors
[5.032s] Invoked command in '/code/brickpi/build/brickpi3_sensors' returned '0': PYTHONPATH=/code/brickpi/build/brickpi3_sensors/prefix_override:/usr/lib/python3/dist-packages/colcon_core/task/python/colcon_distutils_commands:/code/brickpi/install/brickpi3_sensors/lib/python3.10/site-packages:${PYTHONPATH} /usr/bin/python3 -W ignore:setup.py install is deprecated -W ignore:easy_install command is deprecated setup.py develop --editable --build-directory /code/brickpi/build/brickpi3_sensors/build --no-deps symlink_data --force
