[3.065s] Invoking command in '/code/brickpi/build/brickpi3_sensors': PYTHONPATH=/code/brickpi/build/brickpi3_sensors/prefix_override:/usr/lib/python3/dist-packages/colcon_core/task/python/colcon_distutils_commands:/code/brickpi/install/brickpi3_sensors/lib/python3.10/site-packages:${PYTHONPATH} /usr/bin/python3 -W ignore:setup.py install is deprecated -W ignore:easy_install command is deprecated setup.py develop --editable --build-directory /code/brickpi/build/brickpi3_sensors/build --no-deps symlink_data
[4.298s] running develop
[5.055s] running egg_info
[5.056s] writing brickpi3_sensors.egg-info/PKG-INFO
[5.057s] writing dependency_links to brickpi3_sensors.egg-info/dependency_links.txt
[5.058s] writing entry points to brickpi3_sensors.egg-info/entry_points.txt
[5.059s] writing requirements to brickpi3_sensors.egg-info/requires.txt
[5.060s] writing top-level names to brickpi3_sensors.egg-info/top_level.txt
[5.069s] reading manifest file 'brickpi3_sensors.egg-info/SOURCES.txt'
[5.073s] writing manifest file 'brickpi3_sensors.egg-info/SOURCES.txt'
[5.080s] running build_ext
[5.081s] Creating /code/brickpi/install/brickpi3_sensors/lib/python3.10/site-packages/brickpi3-sensors.egg-link (link to .)
[5.086s] Installing battery_node script to /code/brickpi/install/brickpi3_sensors/lib/brickpi3_sensors
[5.087s] Installing color_sensor_node script to /code/brickpi/install/brickpi3_sensors/lib/brickpi3_sensors
[5.088s] Installing compass_node script to /code/brickpi/install/brickpi3_sensors/lib/brickpi3_sensors
[5.088s] Installing differential_drive_node script to /code/brickpi/install/brickpi3_sensors/lib/brickpi3_sensors
[5.089s] Installing gyro_node script to /code/brickpi/install/brickpi3_sensors/lib/brickpi3_sensors
[5.090s] Installing infrared_distance_node script to /code/brickpi/install/brickpi3_sensors/lib/brickpi3_sensors
[5.091s] Installing light_sensor_node script to /code/brickpi/install/brickpi3_sensors/lib/brickpi3_sensors
[5.092s] Installing touch_sensor_node script to /code/brickpi/install/brickpi3_sensors/lib/brickpi3_sensors
[5.093s] Installing ultrasonic_distance_node script to /code/brickpi/install/brickpi3_sensors/lib/brickpi3_sensors
[5.095s] 
[5.096s] Installed /code/brickpi/build/brickpi3_sensors
[5.097s] running symlink_data
[5.238s] Invoked command in '/code/brickpi/build/brickpi3_sensors' returned '0': PYTHONPATH=/code/brickpi/build/brickpi3_sensors/prefix_override:/usr/lib/python3/dist-packages/colcon_core/task/python/colcon_distutils_commands:/code/brickpi/install/brickpi3_sensors/lib/python3.10/site-packages:${PYTHONPATH} /usr/bin/python3 -W ignore:setup.py install is deprecated -W ignore:easy_install command is deprecated setup.py develop --editable --build-directory /code/brickpi/build/brickpi3_sensors/build --no-deps symlink_data
