[0.090s] Invoking command in '/code/brickpi/build/rt_ros2': AMENT_PREFIX_PATH=/code/brickpi/install/ev3_sensor_msgs:${AMENT_PREFIX_PATH} CMAKE_PREFIX_PATH=/code/brickpi/install/ev3_sensor_msgs:/opt/ros/humble LD_LIBRARY_PATH=/code/brickpi/install/ev3_sensor_msgs/lib:${LD_LIBRARY_PATH} PYTHONPATH=/code/brickpi/install/ev3_sensor_msgs/local/lib/python3.10/dist-packages:${PYTHONPATH} /usr/bin/cmake /code/brickpi/rt_ros2 -DCMAKE_INSTALL_PREFIX=/code/brickpi/install/rt_ros2
[0.453s] -- The CXX compiler identification is GNU 11.4.0
[0.495s] -- Detecting CXX compiler ABI info
[0.944s] -- Detecting CXX compiler ABI info - done
[0.992s] -- Check for working CXX compiler: /usr/bin/c++ - skipped
[0.998s] -- Detecting CXX compile features
[1.004s] -- Detecting CXX compile features - done
[1.039s] -- Found ament_cmake: 1.3.14 (/opt/ros/humble/share/ament_cmake/cmake)
[1.904s] -- Found Python3: /usr/bin/python3 (found version "3.10.12") found components: Interpreter 
[2.513s] -- Found rclcpp: 16.0.18 (/opt/ros/humble/share/rclcpp/cmake)
[2.830s] -- Found rosidl_generator_c: 3.1.8 (/opt/ros/humble/share/rosidl_generator_c/cmake)
[2.873s] -- Found rosidl_adapter: 3.1.8 (/opt/ros/humble/share/rosidl_adapter/cmake)
[2.941s] -- Found rosidl_generator_cpp: 3.1.8 (/opt/ros/humble/share/rosidl_generator_cpp/cmake)
[3.021s] -- Using all available rosidl_typesupport_c: rosidl_typesupport_fastrtps_c;rosidl_typesupport_introspection_c
[3.134s] -- Using all available rosidl_typesupport_cpp: rosidl_typesupport_fastrtps_cpp;rosidl_typesupport_introspection_cpp
[3.436s] -- Found rmw_implementation_cmake: 6.1.2 (/opt/ros/humble/share/rmw_implementation_cmake/cmake)
[3.458s] -- Found rmw_fastrtps_cpp: 6.2.10 (/opt/ros/humble/share/rmw_fastrtps_cpp/cmake)
[3.957s] -- Found OpenSSL: /usr/lib/aarch64-linux-gnu/libcrypto.so (found version "3.0.2")  
[4.093s] -- Found FastRTPS: /opt/ros/humble/include  
[4.324s] -- Using RMW implementation 'rmw_fastrtps_cpp' as default
[4.397s] -- Looking for C++ include pthread.h
[4.867s] -- Looking for C++ include pthread.h - found
[4.870s] -- Performing Test CMAKE_HAVE_LIBC_PTHREAD
[5.381s] -- Performing Test CMAKE_HAVE_LIBC_PTHREAD - Success
[5.387s] -- Found Threads: TRUE  
[5.740s] -- Found ev3_sensor_msgs: 0.0.0 (/code/brickpi/install/ev3_sensor_msgs/share/ev3_sensor_msgs/cmake)
[5.863s] -- Found geometry_msgs: 4.9.1 (/opt/ros/humble/share/geometry_msgs/cmake)
[6.300s] -- Configuring done
[6.371s] -- Generating done
[6.389s] -- Build files have been written to: /code/brickpi/build/rt_ros2
[6.420s] Invoked command in '/code/brickpi/build/rt_ros2' returned '0': AMENT_PREFIX_PATH=/code/brickpi/install/ev3_sensor_msgs:${AMENT_PREFIX_PATH} CMAKE_PREFIX_PATH=/code/brickpi/install/ev3_sensor_msgs:/opt/ros/humble LD_LIBRARY_PATH=/code/brickpi/install/ev3_sensor_msgs/lib:${LD_LIBRARY_PATH} PYTHONPATH=/code/brickpi/install/ev3_sensor_msgs/local/lib/python3.10/dist-packages:${PYTHONPATH} /usr/bin/cmake /code/brickpi/rt_ros2 -DCMAKE_INSTALL_PREFIX=/code/brickpi/install/rt_ros2
[6.429s] Invoking command in '/code/brickpi/build/rt_ros2': AMENT_PREFIX_PATH=/code/brickpi/install/ev3_sensor_msgs:${AMENT_PREFIX_PATH} CMAKE_PREFIX_PATH=/code/brickpi/install/ev3_sensor_msgs:/opt/ros/humble LD_LIBRARY_PATH=/code/brickpi/install/ev3_sensor_msgs/lib:${LD_LIBRARY_PATH} PYTHONPATH=/code/brickpi/install/ev3_sensor_msgs/local/lib/python3.10/dist-packages:${PYTHONPATH} /usr/bin/cmake --build /code/brickpi/build/rt_ros2 -- -j4 -l4
[6.692s] [ 25%] [32mBuilding CXX object CMakeFiles/rt_ros2.dir/src/nodo_actuador.cpp.o[0m
[6.698s] [ 50%] [32mBuilding CXX object CMakeFiles/rt_ros2.dir/src/main.cc.o[0m
[6.740s] [ 75%] [32mBuilding CXX object CMakeFiles/rt_ros2.dir/src/nodo_maquina_estados.cpp.o[0m
[8.738s] In file included from [01m[K/code/brickpi/rt_ros2/src/main.cc:2[m[K:
[8.739s] [01m[K/code/brickpi/rt_ros2/include/rt_ros2/nodo_maquina_estados.h:6:10:[m[K [01;31m[Kfatal error: [m[Ksensor_msgs/msg/illuminance.hpp: No such file or directory
[8.740s]     6 | #include [01;31m[K<sensor_msgs/msg/illuminance.hpp>[m[K
[8.740s]       |          [01;31m[K^~~~~~~~~~~~~~~~~~~~~~~~~~~~~~~~~[m[K
[8.741s] compilation terminated.
[8.751s] gmake[2]: *** [CMakeFiles/rt_ros2.dir/build.make:76: CMakeFiles/rt_ros2.dir/src/main.cc.o] Error 1
[8.751s] gmake[2]: *** Waiting for unfinished jobs....
[8.799s] In file included from [01m[K/code/brickpi/rt_ros2/src/nodo_maquina_estados.cpp:1[m[K:
[8.799s] [01m[K/code/brickpi/rt_ros2/include/rt_ros2/nodo_maquina_estados.h:6:10:[m[K [01;31m[Kfatal error: [m[Ksensor_msgs/msg/illuminance.hpp: No such file or directory
[8.800s]     6 | #include [01;31m[K<sensor_msgs/msg/illuminance.hpp>[m[K
[8.801s]       |          [01;31m[K^~~~~~~~~~~~~~~~~~~~~~~~~~~~~~~~~[m[K
[8.801s] compilation terminated.
[8.810s] gmake[2]: *** [CMakeFiles/rt_ros2.dir/build.make:104: CMakeFiles/rt_ros2.dir/src/nodo_maquina_estados.cpp.o] Error 1
[8.811s] gmake[1]: *** [CMakeFiles/Makefile2:137: CMakeFiles/rt_ros2.dir/all] Error 2
[8.812s] gmake: *** [Makefile:146: all] Error 2
[8.820s] Invoked command in '/code/brickpi/build/rt_ros2' returned '2': AMENT_PREFIX_PATH=/code/brickpi/install/ev3_sensor_msgs:${AMENT_PREFIX_PATH} CMAKE_PREFIX_PATH=/code/brickpi/install/ev3_sensor_msgs:/opt/ros/humble LD_LIBRARY_PATH=/code/brickpi/install/ev3_sensor_msgs/lib:${LD_LIBRARY_PATH} PYTHONPATH=/code/brickpi/install/ev3_sensor_msgs/local/lib/python3.10/dist-packages:${PYTHONPATH} /usr/bin/cmake --build /code/brickpi/build/rt_ros2 -- -j4 -l4
