-- Found ament_cmake: 1.3.14 (/opt/ros/humble/share/ament_cmake/cmake)
-- Found rclcpp: 16.0.18 (/opt/ros/humble/share/rclcpp/cmake)
-- Found rosidl_generator_c: 3.1.8 (/opt/ros/humble/share/rosidl_generator_c/cmake)
-- Found rosidl_adapter: 3.1.8 (/opt/ros/humble/share/rosidl_adapter/cmake)
-- Found rosidl_generator_cpp: 3.1.8 (/opt/ros/humble/share/rosidl_generator_cpp/cmake)
-- Using all available rosidl_typesupport_c: rosidl_typesupport_fastrtps_c;rosidl_typesupport_introspection_c
-- Using all available rosidl_typesupport_cpp: rosidl_typesupport_fastrtps_cpp;rosidl_typesupport_introspection_cpp
-- Found rmw_implementation_cmake: 6.1.2 (/opt/ros/humble/share/rmw_implementation_cmake/cmake)
-- Found rmw_fastrtps_cpp: 6.2.10 (/opt/ros/humble/share/rmw_fastrtps_cpp/cmake)
-- Using RMW implementation 'rmw_fastrtps_cpp' as default
-- Found geometry_msgs: 4.9.1 (/opt/ros/humble/share/geometry_msgs/cmake)
-- Found sensor_msgs: 4.9.1 (/opt/ros/humble/share/sensor_msgs/cmake)
-- The C compiler identification is GNU 11.4.0
-- Detecting C compiler ABI info
-- Detecting C compiler ABI info - done
-- Check for working C compiler: /usr/bin/cc - skipped
-- Detecting C compile features
-- Detecting C compile features - done
-- QUILL_NO_EXCEPTIONS: OFF
-- QUILL_FMT_EXTERNAL: OFF
-- QUILL_NO_THREAD_NAME_SUPPORT: OFF
-- Found Protobuf: /usr/lib/aarch64-linux-gnu/libprotobuf.so (found version "3.12.4") 
-- Configuring done
-- Generating done
-- Build files have been written to: /code/brickpi/build/rt_ros2
[  3%] [34m[1mRunning cpp protocol buffer compiler on track_event.proto[0m
[  3%] [34m[1mRunning cpp protocol buffer compiler on counter_descriptor.proto[0m
[  5%] [34m[1mRunning cpp protocol buffer compiler on process_descriptor.proto[0m
[  7%] [32mBuilding CXX object vendor/quill/quill/CMakeFiles/quill.dir/src/detail/backend/BackendWorker.cpp.o[0m
[  9%] [32mBuilding CXX object vendor/quill/quill/CMakeFiles/quill.dir/src/detail/backend/BacktraceStorage.cpp.o[0m
[ 10%] [34m[1mRunning cpp protocol buffer compiler on source_location.proto[0m
[ 12%] [34m[1mRunning cpp protocol buffer compiler on thread_descriptor.proto[0m
[ 14%] [34m[1mRunning cpp protocol buffer compiler on trace.proto[0m
[ 16%] [34m[1mRunning cpp protocol buffer compiler on trace_packet.proto[0m
[ 18%] [34m[1mRunning cpp protocol buffer compiler on track_descriptor.proto[0m
[ 20%] [32mBuilding CXX object vendor/quill/quill/CMakeFiles/quill.dir/src/detail/backend/TimestampFormatter.cpp.o[0m
[ 21%] [32mBuilding CXX object vendor/cactus-rt/protos/CMakeFiles/cactus_tracing_embedded_perfetto_protos.dir/trace.pb.cc.o[0m
[ 23%] [32mBuilding CXX object vendor/cactus-rt/protos/CMakeFiles/cactus_tracing_embedded_perfetto_protos.dir/trace_packet.pb.cc.o[0m
[ 25%] [32mBuilding CXX object vendor/quill/quill/CMakeFiles/quill.dir/src/detail/backend/StringFromTime.cpp.o[0m
[ 27%] [32mBuilding CXX object vendor/quill/quill/CMakeFiles/quill.dir/src/detail/backend/TransitEventBuffer.cpp.o[0m
[ 29%] [32mBuilding CXX object vendor/quill/quill/CMakeFiles/quill.dir/src/detail/misc/FileUtilities.cpp.o[0m
[ 30%] [32mBuilding CXX object vendor/cactus-rt/protos/CMakeFiles/cactus_tracing_embedded_perfetto_protos.dir/track_descriptor.pb.cc.o[0m
[ 32%] [32mBuilding CXX object vendor/quill/quill/CMakeFiles/quill.dir/src/detail/misc/Os.cpp.o[0m
[ 34%] [32mBuilding CXX object vendor/quill/quill/CMakeFiles/quill.dir/src/detail/misc/RdtscClock.cpp.o[0m
[ 36%] [32mBuilding CXX object vendor/quill/quill/CMakeFiles/quill.dir/src/detail/misc/Utilities.cpp.o[0m
[ 38%] [32mBuilding CXX object vendor/cactus-rt/protos/CMakeFiles/cactus_tracing_embedded_perfetto_protos.dir/thread_descriptor.pb.cc.o[0m
[ 40%] [32mBuilding CXX object vendor/quill/quill/CMakeFiles/quill.dir/src/detail/HandlerCollection.cpp.o[0m
[ 41%] [32mBuilding CXX object vendor/quill/quill/CMakeFiles/quill.dir/src/detail/LoggerCollection.cpp.o[0m
[ 43%] [32mBuilding CXX object vendor/quill/quill/CMakeFiles/quill.dir/src/detail/SignalHandler.cpp.o[0m
[ 45%] [32mBuilding CXX object vendor/cactus-rt/protos/CMakeFiles/cactus_tracing_embedded_perfetto_protos.dir/process_descriptor.pb.cc.o[0m
[ 47%] [32mBuilding CXX object vendor/cactus-rt/protos/CMakeFiles/cactus_tracing_embedded_perfetto_protos.dir/counter_descriptor.pb.cc.o[0m
[ 49%] [32mBuilding CXX object vendor/quill/quill/CMakeFiles/quill.dir/src/handlers/ConsoleHandler.cpp.o[0m
[ 50%] [32mBuilding CXX object vendor/quill/quill/CMakeFiles/quill.dir/src/handlers/FileHandler.cpp.o[0m
[ 52%] [32mBuilding CXX object vendor/cactus-rt/protos/CMakeFiles/cactus_tracing_embedded_perfetto_protos.dir/track_event.pb.cc.o[0m
[ 54%] [32mBuilding CXX object vendor/quill/quill/CMakeFiles/quill.dir/src/handlers/Handler.cpp.o[0m
[ 56%] [32mBuilding CXX object vendor/quill/quill/CMakeFiles/quill.dir/src/handlers/RotatingFileHandler.cpp.o[0m
[ 58%] [32mBuilding CXX object vendor/cactus-rt/protos/CMakeFiles/cactus_tracing_embedded_perfetto_protos.dir/source_location.pb.cc.o[0m
[ 60%] [32mBuilding CXX object vendor/quill/quill/CMakeFiles/quill.dir/src/handlers/JsonFileHandler.cpp.o[0m
[ 61%] [32mBuilding CXX object vendor/quill/quill/CMakeFiles/quill.dir/src/handlers/StreamHandler.cpp.o[0m
[ 63%] [32m[1mLinking CXX static library libcactus_tracing_embedded_perfetto_protos.a[0m
[ 63%] Built target cactus_tracing_embedded_perfetto_protos
[ 65%] [32mBuilding CXX object vendor/quill/quill/CMakeFiles/quill.dir/src/LogLevel.cpp.o[0m
[ 67%] [32mBuilding CXX object vendor/quill/quill/CMakeFiles/quill.dir/src/PatternFormatter.cpp.o[0m
[ 69%] [32mBuilding CXX object vendor/quill/quill/CMakeFiles/quill.dir/src/Quill.cpp.o[0m
[ 70%] [32mBuilding CXX object vendor/quill/quill/CMakeFiles/quill.dir/src/Utility.cpp.o[0m
[ 72%] [32mBuilding CXX object vendor/quill/quill/CMakeFiles/quill.dir/src/bundled/fmt/format.cc.o[0m
[ 74%] [32mBuilding CXX object vendor/quill/quill/CMakeFiles/quill.dir/src/bundled/fmt/os.cc.o[0m
[ 76%] [32m[1mLinking CXX static library libquill.a[0m
[ 76%] Built target quill
[ 78%] [32mBuilding CXX object vendor/cactus-rt/CMakeFiles/cactus_rt.dir/src/cactus_rt/app.cc.o[0m
[ 80%] [32mBuilding CXX object vendor/cactus-rt/CMakeFiles/cactus_rt.dir/src/cactus_rt/thread.cc.o[0m
[ 81%] [32mBuilding CXX object vendor/cactus-rt/CMakeFiles/cactus_rt.dir/src/cactus_rt/cyclic_thread.cc.o[0m
[ 83%] [32mBuilding CXX object vendor/cactus-rt/CMakeFiles/cactus_rt.dir/src/cactus_rt/signal_handler.cc.o[0m
[ 85%] [32mBuilding CXX object vendor/cactus-rt/CMakeFiles/cactus_rt.dir/src/cactus_rt/tracing/thread_tracer.cc.o[0m
[ 87%] [32mBuilding CXX object vendor/cactus-rt/CMakeFiles/cactus_rt.dir/src/cactus_rt/tracing/sink.cc.o[0m
[ 89%] [32mBuilding CXX object vendor/cactus-rt/CMakeFiles/cactus_rt.dir/src/cactus_rt/tracing/tracing_enabled.cc.o[0m
[ 90%] [32mBuilding CXX object vendor/cactus-rt/CMakeFiles/cactus_rt.dir/src/cactus_rt/tracing/trace_aggregator.cc.o[0m
[ 92%] [32m[1mLinking CXX static library libcactus_rt.a[0m
[ 92%] Built target cactus_rt
[35m[1mConsolidate compiler generated dependencies of target rt_ros2[0m
[ 94%] [32mBuilding CXX object CMakeFiles/rt_ros2.dir/src/main.cc.o[0m
[ 96%] [32mBuilding CXX object CMakeFiles/rt_ros2.dir/src/nodo_actuador.cpp.o[0m
[ 98%] [32mBuilding CXX object CMakeFiles/rt_ros2.dir/src/nodo_maquina_estados.cpp.o[0m
[100%] [32m[1mLinking CXX executable rt_ros2[0m
[100%] Built target rt_ros2
-- Install configuration: "Release"
-- Installing: /code/brickpi/install/rt_ros2/include/readerwriterqueue/atomicops.h
-- Installing: /code/brickpi/install/rt_ros2/include/readerwriterqueue/readerwriterqueue.h
-- Installing: /code/brickpi/install/rt_ros2/include/readerwriterqueue/readerwritercircularbuffer.h
-- Installing: /code/brickpi/install/rt_ros2/include/readerwriterqueue/LICENSE.md
-- Installing: /code/brickpi/install/rt_ros2/lib/rt_ros2/rt_ros2
-- Set runtime path of "/code/brickpi/install/rt_ros2/lib/rt_ros2/rt_ros2" to ""
-- Up-to-date: /code/brickpi/install/rt_ros2/share/ament_index/resource_index/package_run_dependencies/rt_ros2
-- Installing: /code/brickpi/install/rt_ros2/share/ament_index/resource_index/parent_prefix_path/rt_ros2
-- Up-to-date: /code/brickpi/install/rt_ros2/share/rt_ros2/environment/ament_prefix_path.sh
-- Installing: /code/brickpi/install/rt_ros2/share/rt_ros2/environment/ament_prefix_path.dsv
-- Up-to-date: /code/brickpi/install/rt_ros2/share/rt_ros2/environment/path.sh
-- Installing: /code/brickpi/install/rt_ros2/share/rt_ros2/environment/path.dsv
-- Up-to-date: /code/brickpi/install/rt_ros2/share/rt_ros2/local_setup.bash
-- Up-to-date: /code/brickpi/install/rt_ros2/share/rt_ros2/local_setup.sh
-- Up-to-date: /code/brickpi/install/rt_ros2/share/rt_ros2/local_setup.zsh
-- Installing: /code/brickpi/install/rt_ros2/share/rt_ros2/local_setup.dsv
-- Installing: /code/brickpi/install/rt_ros2/share/rt_ros2/package.dsv
-- Up-to-date: /code/brickpi/install/rt_ros2/share/ament_index/resource_index/packages/rt_ros2
-- Up-to-date: /code/brickpi/install/rt_ros2/share/rt_ros2/cmake/rt_ros2Config.cmake
-- Up-to-date: /code/brickpi/install/rt_ros2/share/rt_ros2/cmake/rt_ros2Config-version.cmake
-- Up-to-date: /code/brickpi/install/rt_ros2/share/rt_ros2/package.xml
