[0.050s] Invoking command in '/code/brickpi/build/rt_ros2': CMAKE_PREFIX_PATH=/opt/ros/humble /usr/bin/cmake --build /code/brickpi/build/rt_ros2 -- -j4 -l4
[0.163s] -- Found ament_cmake: 1.3.14 (/opt/ros/humble/share/ament_cmake/cmake)
[0.810s] -- Found rclcpp: 16.0.18 (/opt/ros/humble/share/rclcpp/cmake)
[0.969s] -- Found rosidl_generator_c: 3.1.8 (/opt/ros/humble/share/rosidl_generator_c/cmake)
[0.983s] -- Found rosidl_adapter: 3.1.8 (/opt/ros/humble/share/rosidl_adapter/cmake)
[1.013s] -- Found rosidl_generator_cpp: 3.1.8 (/opt/ros/humble/share/rosidl_generator_cpp/cmake)
[1.059s] -- Using all available rosidl_typesupport_c: rosidl_typesupport_fastrtps_c;rosidl_typesupport_introspection_c
[1.120s] -- Using all available rosidl_typesupport_cpp: rosidl_typesupport_fastrtps_cpp;rosidl_typesupport_introspection_cpp
[1.277s] -- Found rmw_implementation_cmake: 6.1.2 (/opt/ros/humble/share/rmw_implementation_cmake/cmake)
[1.283s] -- Found rmw_fastrtps_cpp: 6.2.10 (/opt/ros/humble/share/rmw_fastrtps_cpp/cmake)
[1.837s] -- Using RMW implementation 'rmw_fastrtps_cpp' as default
[2.066s] -- Found geometry_msgs: 4.9.1 (/opt/ros/humble/share/geometry_msgs/cmake)
[2.125s] -- Found sensor_msgs: 4.9.1 (/opt/ros/humble/share/sensor_msgs/cmake)
[2.606s] -- The C compiler identification is GNU 11.4.0
[2.643s] -- Detecting C compiler ABI info
[3.038s] -- Detecting C compiler ABI info - done
[3.069s] -- Check for working C compiler: /usr/bin/cc - skipped
[3.070s] -- Detecting C compile features
[3.072s] -- Detecting C compile features - done
[3.093s] -- QUILL_NO_EXCEPTIONS: OFF
[3.093s] -- QUILL_FMT_EXTERNAL: OFF
[3.094s] -- QUILL_NO_THREAD_NAME_SUPPORT: OFF
[3.285s] -- Found Protobuf: /usr/lib/aarch64-linux-gnu/libprotobuf.so (found version "3.12.4") 
[3.627s] -- Configuring done
[3.787s] -- Generating done
[3.823s] -- Build files have been written to: /code/brickpi/build/rt_ros2
[3.963s] [  3%] [34m[1mRunning cpp protocol buffer compiler on track_event.proto[0m
[3.966s] [  3%] [34m[1mRunning cpp protocol buffer compiler on counter_descriptor.proto[0m
[3.976s] [  5%] [34m[1mRunning cpp protocol buffer compiler on process_descriptor.proto[0m
[4.035s] [  7%] [32mBuilding CXX object vendor/quill/quill/CMakeFiles/quill.dir/src/detail/backend/BackendWorker.cpp.o[0m
[4.053s] [  9%] [32mBuilding CXX object vendor/quill/quill/CMakeFiles/quill.dir/src/detail/backend/BacktraceStorage.cpp.o[0m
[4.063s] [ 10%] [34m[1mRunning cpp protocol buffer compiler on source_location.proto[0m
[4.177s] [ 12%] [34m[1mRunning cpp protocol buffer compiler on thread_descriptor.proto[0m
[4.257s] [ 14%] [34m[1mRunning cpp protocol buffer compiler on trace.proto[0m
[4.383s] [ 16%] [34m[1mRunning cpp protocol buffer compiler on trace_packet.proto[0m
[4.477s] [ 18%] [34m[1mRunning cpp protocol buffer compiler on track_descriptor.proto[0m
[4.579s] [ 20%] [32mBuilding CXX object vendor/quill/quill/CMakeFiles/quill.dir/src/detail/backend/TimestampFormatter.cpp.o[0m
[5.185s] [ 21%] [32mBuilding CXX object vendor/cactus-rt/protos/CMakeFiles/cactus_tracing_embedded_perfetto_protos.dir/trace.pb.cc.o[0m
[16.336s] [ 23%] [32mBuilding CXX object vendor/cactus-rt/protos/CMakeFiles/cactus_tracing_embedded_perfetto_protos.dir/trace_packet.pb.cc.o[0m
[17.796s] [ 25%] [32mBuilding CXX object vendor/quill/quill/CMakeFiles/quill.dir/src/detail/backend/StringFromTime.cpp.o[0m
[20.226s] [ 27%] [32mBuilding CXX object vendor/quill/quill/CMakeFiles/quill.dir/src/detail/backend/TransitEventBuffer.cpp.o[0m
[23.065s] [ 29%] [32mBuilding CXX object vendor/quill/quill/CMakeFiles/quill.dir/src/detail/misc/FileUtilities.cpp.o[0m
[29.666s] [ 30%] [32mBuilding CXX object vendor/cactus-rt/protos/CMakeFiles/cactus_tracing_embedded_perfetto_protos.dir/track_descriptor.pb.cc.o[0m
[34.205s] [ 32%] [32mBuilding CXX object vendor/quill/quill/CMakeFiles/quill.dir/src/detail/misc/Os.cpp.o[0m
[34.984s] [ 34%] [32mBuilding CXX object vendor/quill/quill/CMakeFiles/quill.dir/src/detail/misc/RdtscClock.cpp.o[0m
[36.570s] [ 36%] [32mBuilding CXX object vendor/quill/quill/CMakeFiles/quill.dir/src/detail/misc/Utilities.cpp.o[0m
[41.593s] [ 38%] [32mBuilding CXX object vendor/cactus-rt/protos/CMakeFiles/cactus_tracing_embedded_perfetto_protos.dir/thread_descriptor.pb.cc.o[0m
[46.375s] [ 40%] [32mBuilding CXX object vendor/quill/quill/CMakeFiles/quill.dir/src/detail/HandlerCollection.cpp.o[0m
[46.523s] [ 41%] [32mBuilding CXX object vendor/quill/quill/CMakeFiles/quill.dir/src/detail/LoggerCollection.cpp.o[0m
[49.447s] [ 43%] [32mBuilding CXX object vendor/quill/quill/CMakeFiles/quill.dir/src/detail/SignalHandler.cpp.o[0m
[50.583s] [ 45%] [32mBuilding CXX object vendor/cactus-rt/protos/CMakeFiles/cactus_tracing_embedded_perfetto_protos.dir/process_descriptor.pb.cc.o[0m
[58.864s] [ 47%] [32mBuilding CXX object vendor/cactus-rt/protos/CMakeFiles/cactus_tracing_embedded_perfetto_protos.dir/counter_descriptor.pb.cc.o[0m
[60.237s] [ 49%] [32mBuilding CXX object vendor/quill/quill/CMakeFiles/quill.dir/src/handlers/ConsoleHandler.cpp.o[0m
[61.984s] [ 50%] [32mBuilding CXX object vendor/quill/quill/CMakeFiles/quill.dir/src/handlers/FileHandler.cpp.o[0m
[67.463s] [ 52%] [32mBuilding CXX object vendor/cactus-rt/protos/CMakeFiles/cactus_tracing_embedded_perfetto_protos.dir/track_event.pb.cc.o[0m
[68.001s] [ 54%] [32mBuilding CXX object vendor/quill/quill/CMakeFiles/quill.dir/src/handlers/Handler.cpp.o[0m
[75.826s] [ 56%] [32mBuilding CXX object vendor/quill/quill/CMakeFiles/quill.dir/src/handlers/RotatingFileHandler.cpp.o[0m
[76.343s] [ 58%] [32mBuilding CXX object vendor/cactus-rt/protos/CMakeFiles/cactus_tracing_embedded_perfetto_protos.dir/source_location.pb.cc.o[0m
[76.894s] [ 60%] [32mBuilding CXX object vendor/quill/quill/CMakeFiles/quill.dir/src/handlers/JsonFileHandler.cpp.o[0m
[77.032s] [ 61%] [32mBuilding CXX object vendor/quill/quill/CMakeFiles/quill.dir/src/handlers/StreamHandler.cpp.o[0m
[84.540s] [ 63%] [32m[1mLinking CXX static library libcactus_tracing_embedded_perfetto_protos.a[0m
[84.940s] [ 63%] Built target cactus_tracing_embedded_perfetto_protos
[84.989s] [ 65%] [32mBuilding CXX object vendor/quill/quill/CMakeFiles/quill.dir/src/LogLevel.cpp.o[0m
[87.123s] [ 67%] [32mBuilding CXX object vendor/quill/quill/CMakeFiles/quill.dir/src/PatternFormatter.cpp.o[0m
[94.718s] [ 69%] [32mBuilding CXX object vendor/quill/quill/CMakeFiles/quill.dir/src/Quill.cpp.o[0m
[96.914s] [ 70%] [32mBuilding CXX object vendor/quill/quill/CMakeFiles/quill.dir/src/Utility.cpp.o[0m
[98.736s] [ 72%] [32mBuilding CXX object vendor/quill/quill/CMakeFiles/quill.dir/src/bundled/fmt/format.cc.o[0m
[112.241s] [ 74%] [32mBuilding CXX object vendor/quill/quill/CMakeFiles/quill.dir/src/bundled/fmt/os.cc.o[0m
[119.339s] [ 76%] [32m[1mLinking CXX static library libquill.a[0m
[119.613s] [ 76%] Built target quill
[119.710s] [ 78%] [32mBuilding CXX object vendor/cactus-rt/CMakeFiles/cactus_rt.dir/src/cactus_rt/app.cc.o[0m
[119.715s] [ 80%] [32mBuilding CXX object vendor/cactus-rt/CMakeFiles/cactus_rt.dir/src/cactus_rt/thread.cc.o[0m
[119.718s] [ 81%] [32mBuilding CXX object vendor/cactus-rt/CMakeFiles/cactus_rt.dir/src/cactus_rt/cyclic_thread.cc.o[0m
[119.767s] [ 83%] [32mBuilding CXX object vendor/cactus-rt/CMakeFiles/cactus_rt.dir/src/cactus_rt/signal_handler.cc.o[0m
[140.748s] [ 85%] [32mBuilding CXX object vendor/cactus-rt/CMakeFiles/cactus_rt.dir/src/cactus_rt/tracing/thread_tracer.cc.o[0m
[141.807s] [ 87%] [32mBuilding CXX object vendor/cactus-rt/CMakeFiles/cactus_rt.dir/src/cactus_rt/tracing/sink.cc.o[0m
[142.923s] [ 89%] [32mBuilding CXX object vendor/cactus-rt/CMakeFiles/cactus_rt.dir/src/cactus_rt/tracing/tracing_enabled.cc.o[0m
[143.456s] [ 90%] [32mBuilding CXX object vendor/cactus-rt/CMakeFiles/cactus_rt.dir/src/cactus_rt/tracing/trace_aggregator.cc.o[0m
[159.491s] [ 92%] [32m[1mLinking CXX static library libcactus_rt.a[0m
[159.681s] [ 92%] Built target cactus_rt
[159.734s] [35m[1mConsolidate compiler generated dependencies of target rt_ros2[0m
[159.886s] [ 94%] [32mBuilding CXX object CMakeFiles/rt_ros2.dir/src/main.cc.o[0m
[159.892s] [ 96%] [32mBuilding CXX object CMakeFiles/rt_ros2.dir/src/nodo_actuador.cpp.o[0m
[176.402s] [ 98%] [32mBuilding CXX object CMakeFiles/rt_ros2.dir/src/nodo_maquina_estados.cpp.o[0m
[238.110s] [100%] [32m[1mLinking CXX executable rt_ros2[0m
[239.244s] [100%] Built target rt_ros2
[239.297s] Invoked command in '/code/brickpi/build/rt_ros2' returned '0': CMAKE_PREFIX_PATH=/opt/ros/humble /usr/bin/cmake --build /code/brickpi/build/rt_ros2 -- -j4 -l4
[239.339s] Invoking command in '/code/brickpi/build/rt_ros2': CMAKE_PREFIX_PATH=/opt/ros/humble /usr/bin/cmake --install /code/brickpi/build/rt_ros2
[239.368s] -- Install configuration: "Release"
[239.371s] -- Installing: /code/brickpi/install/rt_ros2/include/readerwriterqueue/atomicops.h
[239.372s] -- Installing: /code/brickpi/install/rt_ros2/include/readerwriterqueue/readerwriterqueue.h
[239.374s] -- Installing: /code/brickpi/install/rt_ros2/include/readerwriterqueue/readerwritercircularbuffer.h
[239.375s] -- Installing: /code/brickpi/install/rt_ros2/include/readerwriterqueue/LICENSE.md
[239.378s] -- Installing: /code/brickpi/install/rt_ros2/lib/rt_ros2/rt_ros2
[239.398s] -- Set runtime path of "/code/brickpi/install/rt_ros2/lib/rt_ros2/rt_ros2" to ""
[239.399s] -- Up-to-date: /code/brickpi/install/rt_ros2/share/ament_index/resource_index/package_run_dependencies/rt_ros2
[239.400s] -- Installing: /code/brickpi/install/rt_ros2/share/ament_index/resource_index/parent_prefix_path/rt_ros2
[239.401s] -- Up-to-date: /code/brickpi/install/rt_ros2/share/rt_ros2/environment/ament_prefix_path.sh
[239.401s] -- Installing: /code/brickpi/install/rt_ros2/share/rt_ros2/environment/ament_prefix_path.dsv
[239.403s] -- Up-to-date: /code/brickpi/install/rt_ros2/share/rt_ros2/environment/path.sh
[239.403s] -- Installing: /code/brickpi/install/rt_ros2/share/rt_ros2/environment/path.dsv
[239.404s] -- Up-to-date: /code/brickpi/install/rt_ros2/share/rt_ros2/local_setup.bash
[239.405s] -- Up-to-date: /code/brickpi/install/rt_ros2/share/rt_ros2/local_setup.sh
[239.405s] -- Up-to-date: /code/brickpi/install/rt_ros2/share/rt_ros2/local_setup.zsh
[239.406s] -- Installing: /code/brickpi/install/rt_ros2/share/rt_ros2/local_setup.dsv
[239.407s] -- Installing: /code/brickpi/install/rt_ros2/share/rt_ros2/package.dsv
[239.409s] -- Up-to-date: /code/brickpi/install/rt_ros2/share/ament_index/resource_index/packages/rt_ros2
[239.410s] -- Up-to-date: /code/brickpi/install/rt_ros2/share/rt_ros2/cmake/rt_ros2Config.cmake
[239.410s] -- Up-to-date: /code/brickpi/install/rt_ros2/share/rt_ros2/cmake/rt_ros2Config-version.cmake
[239.411s] -- Up-to-date: /code/brickpi/install/rt_ros2/share/rt_ros2/package.xml
[239.417s] Invoked command in '/code/brickpi/build/rt_ros2' returned '0': CMAKE_PREFIX_PATH=/opt/ros/humble /usr/bin/cmake --install /code/brickpi/build/rt_ros2
