[0.059s] Invoking command in '/code/brickpi/build/rt_ros2': CMAKE_PREFIX_PATH=${CMAKE_PREFIX_PATH}:/code/brickpi/install/brickpi3_sensors:/code/brickpi/install/brickpi3_charlie:/opt/ros/humble /usr/bin/cmake --build /code/brickpi/build/rt_ros2 -- -j4 -l4
[0.388s] [ 22%] Built target nodo_test
[0.393s] [ 30%] Built target cactus_tracing_embedded_perfetto_protos
[0.435s] [ 69%] Built target quill
[0.585s] [ 84%] Built target cactus_rt
[0.688s] [35m[1mConsolidate compiler generated dependencies of target main_rt[0m
[0.824s] [ 92%] Built target main_be
[0.942s] [ 93%] [32mBuilding CXX object CMakeFiles/main_rt.dir/src/mainRT.cc.o[0m
[29.769s] [ 95%] [32m[1mLinking CXX executable main_rt[0m
[31.437s] [100%] Built target main_rt
[31.491s] Invoked command in '/code/brickpi/build/rt_ros2' returned '0': CMAKE_PREFIX_PATH=${CMAKE_PREFIX_PATH}:/code/brickpi/install/brickpi3_sensors:/code/brickpi/install/brickpi3_charlie:/opt/ros/humble /usr/bin/cmake --build /code/brickpi/build/rt_ros2 -- -j4 -l4
[31.537s] Invoking command in '/code/brickpi/build/rt_ros2': CMAKE_PREFIX_PATH=${CMAKE_PREFIX_PATH}:/code/brickpi/install/brickpi3_sensors:/code/brickpi/install/brickpi3_charlie:/opt/ros/humble /usr/bin/cmake --install /code/brickpi/build/rt_ros2
[31.569s] -- Install configuration: "Release"
[31.571s] -- Execute custom install script
[31.572s] -- Up-to-date symlink: /code/brickpi/install/rt_ros2/include/readerwriterqueue/atomicops.h
[31.573s] -- Up-to-date symlink: /code/brickpi/install/rt_ros2/include/readerwriterqueue/readerwriterqueue.h
[31.574s] -- Up-to-date symlink: /code/brickpi/install/rt_ros2/include/readerwriterqueue/readerwritercircularbuffer.h
[31.574s] -- Up-to-date symlink: /code/brickpi/install/rt_ros2/include/readerwriterqueue/LICENSE.md
[31.576s] -- Up-to-date symlink: /code/brickpi/install/rt_ros2/lib/rt_ros2/main_rt
[31.577s] -- Up-to-date symlink: /code/brickpi/install/rt_ros2/lib/rt_ros2/main_be
[31.579s] -- Up-to-date symlink: /code/brickpi/install/rt_ros2/share/rt_ros2/._infraestructura.launch.py
[31.580s] -- Up-to-date symlink: /code/brickpi/install/rt_ros2/share/rt_ros2/infraestructura.launch.py
[31.581s] -- Up-to-date symlink: /code/brickpi/install/rt_ros2/lib/rt_ros2/nodo_test
[31.582s] -- Up-to-date symlink: /code/brickpi/install/rt_ros2/share/ament_index/resource_index/package_run_dependencies/rt_ros2
[31.583s] -- Up-to-date symlink: /code/brickpi/install/rt_ros2/share/ament_index/resource_index/parent_prefix_path/rt_ros2
[31.585s] -- Up-to-date symlink: /code/brickpi/install/rt_ros2/share/rt_ros2/environment/ament_prefix_path.sh
[31.586s] -- Up-to-date symlink: /code/brickpi/install/rt_ros2/share/rt_ros2/environment/ament_prefix_path.dsv
[31.587s] -- Up-to-date symlink: /code/brickpi/install/rt_ros2/share/rt_ros2/environment/path.sh
[31.588s] -- Up-to-date symlink: /code/brickpi/install/rt_ros2/share/rt_ros2/environment/path.dsv
[31.589s] -- Up-to-date symlink: /code/brickpi/install/rt_ros2/share/rt_ros2/local_setup.bash
[31.589s] -- Up-to-date symlink: /code/brickpi/install/rt_ros2/share/rt_ros2/local_setup.sh
[31.590s] -- Up-to-date symlink: /code/brickpi/install/rt_ros2/share/rt_ros2/local_setup.zsh
[31.591s] -- Up-to-date symlink: /code/brickpi/install/rt_ros2/share/rt_ros2/local_setup.dsv
[31.592s] -- Symlinking: /code/brickpi/install/rt_ros2/share/rt_ros2/package.dsv
[31.632s] -- Up-to-date symlink: /code/brickpi/install/rt_ros2/share/ament_index/resource_index/packages/rt_ros2
[31.633s] -- Up-to-date symlink: /code/brickpi/install/rt_ros2/share/rt_ros2/cmake/rt_ros2Config.cmake
[31.634s] -- Up-to-date symlink: /code/brickpi/install/rt_ros2/share/rt_ros2/cmake/rt_ros2Config-version.cmake
[31.635s] -- Up-to-date symlink: /code/brickpi/install/rt_ros2/share/rt_ros2/package.xml
[31.646s] Invoked command in '/code/brickpi/build/rt_ros2' returned '0': CMAKE_PREFIX_PATH=${CMAKE_PREFIX_PATH}:/code/brickpi/install/brickpi3_sensors:/code/brickpi/install/brickpi3_charlie:/opt/ros/humble /usr/bin/cmake --install /code/brickpi/build/rt_ros2
