[0.506s] DEBUG:colcon:Command line arguments: ['/usr/bin/colcon', 'build', '--packages-select', 'brickpi3_sensors']
[0.507s] DEBUG:colcon:Parsed command line arguments: Namespace(log_base=None, log_level=None, verb_name='build', build_base='build', install_base='install', merge_install=False, symlink_install=False, test_result_base=None, continue_on_error=False, executor='parallel', parallel_workers=4, event_handlers=None, ignore_user_meta=False, metas=['./colcon.meta'], base_paths=['.'], packages_ignore=None, packages_ignore_regex=None, paths=None, packages_up_to=None, packages_up_to_regex=None, packages_above=None, packages_above_and_dependencies=None, packages_above_depth=None, packages_select_by_dep=None, packages_skip_by_dep=None, packages_skip_up_to=None, packages_select_build_failed=False, packages_skip_build_finished=False, packages_select_test_failures=False, packages_skip_test_passed=False, packages_select=['brickpi3_sensors'], packages_skip=None, packages_select_regex=None, packages_skip_regex=None, packages_start=None, packages_end=None, allow_overriding=[], cmake_args=None, cmake_target=None, cmake_target_skip_unavailable=False, cmake_clean_cache=False, cmake_clean_first=False, cmake_force_configure=False, ament_cmake_args=None, catkin_cmake_args=None, catkin_skip_building_tests=False, verb_parser=<colcon_defaults.argument_parser.defaults.DefaultArgumentsDecorator object at 0xffff87baada0>, verb_extension=<colcon_core.verb.build.BuildVerb object at 0xffff87baa8c0>, main=<bound method BuildVerb.main of <colcon_core.verb.build.BuildVerb object at 0xffff87baa8c0>>)
[1.524s] Level 1:colcon.colcon_core.package_discovery:discover_packages(colcon_meta) check parameters
[1.525s] Level 1:colcon.colcon_core.package_discovery:discover_packages(recursive) check parameters
[1.525s] Level 1:colcon.colcon_core.package_discovery:discover_packages(ignore) check parameters
[1.525s] Level 1:colcon.colcon_core.package_discovery:discover_packages(path) check parameters
[1.526s] Level 1:colcon.colcon_core.package_discovery:discover_packages(colcon_meta) discover
[1.526s] Level 1:colcon.colcon_core.package_discovery:discover_packages(recursive) discover
[1.526s] INFO:colcon.colcon_core.package_discovery:Crawling recursively for packages in '/code/brickpi'
[1.527s] Level 1:colcon.colcon_core.package_identification:_identify(.) by extensions ['ignore', 'ignore_ament_install']
[1.527s] Level 1:colcon.colcon_core.package_identification:_identify(.) by extension 'ignore'
[1.528s] Level 1:colcon.colcon_core.package_identification:_identify(.) by extension 'ignore_ament_install'
[1.528s] Level 1:colcon.colcon_core.package_identification:_identify(.) by extensions ['colcon_pkg']
[1.528s] Level 1:colcon.colcon_core.package_identification:_identify(.) by extension 'colcon_pkg'
[1.528s] Level 1:colcon.colcon_core.package_identification:_identify(.) by extensions ['colcon_meta']
[1.528s] Level 1:colcon.colcon_core.package_identification:_identify(.) by extension 'colcon_meta'
[1.529s] Level 1:colcon.colcon_core.package_identification:_identify(.) by extensions ['ros']
[1.529s] Level 1:colcon.colcon_core.package_identification:_identify(.) by extension 'ros'
[1.581s] Level 1:colcon.colcon_core.package_identification:_identify(.) by extensions ['cmake', 'python']
[1.581s] Level 1:colcon.colcon_core.package_identification:_identify(.) by extension 'cmake'
[1.582s] Level 1:colcon.colcon_core.package_identification:_identify(.) by extension 'python'
[1.582s] Level 1:colcon.colcon_core.package_identification:_identify(.) by extensions ['python_setup_py']
[1.582s] Level 1:colcon.colcon_core.package_identification:_identify(.) by extension 'python_setup_py'
[1.583s] Level 1:colcon.colcon_core.package_identification:_identify(brickpi3_charlie) by extensions ['ignore', 'ignore_ament_install']
[1.583s] Level 1:colcon.colcon_core.package_identification:_identify(brickpi3_charlie) by extension 'ignore'
[1.584s] Level 1:colcon.colcon_core.package_identification:_identify(brickpi3_charlie) by extension 'ignore_ament_install'
[1.584s] Level 1:colcon.colcon_core.package_identification:_identify(brickpi3_charlie) by extensions ['colcon_pkg']
[1.584s] Level 1:colcon.colcon_core.package_identification:_identify(brickpi3_charlie) by extension 'colcon_pkg'
[1.585s] Level 1:colcon.colcon_core.package_identification:_identify(brickpi3_charlie) by extensions ['colcon_meta']
[1.585s] Level 1:colcon.colcon_core.package_identification:_identify(brickpi3_charlie) by extension 'colcon_meta'
[1.585s] Level 1:colcon.colcon_core.package_identification:_identify(brickpi3_charlie) by extensions ['ros']
[1.585s] Level 1:colcon.colcon_core.package_identification:_identify(brickpi3_charlie) by extension 'ros'
[1.604s] DEBUG:colcon.colcon_core.package_identification:Package 'brickpi3_charlie' with type 'ros.ament_python' and name 'brickpi3_charlie'
[1.605s] Level 1:colcon.colcon_core.package_identification:_identify(brickpi3_motors) by extensions ['ignore', 'ignore_ament_install']
[1.606s] Level 1:colcon.colcon_core.package_identification:_identify(brickpi3_motors) by extension 'ignore'
[1.606s] Level 1:colcon.colcon_core.package_identification:_identify(brickpi3_motors) by extension 'ignore_ament_install'
[1.607s] Level 1:colcon.colcon_core.package_identification:_identify(brickpi3_motors) by extensions ['colcon_pkg']
[1.607s] Level 1:colcon.colcon_core.package_identification:_identify(brickpi3_motors) by extension 'colcon_pkg'
[1.608s] Level 1:colcon.colcon_core.package_identification:_identify(brickpi3_motors) by extensions ['colcon_meta']
[1.608s] Level 1:colcon.colcon_core.package_identification:_identify(brickpi3_motors) by extension 'colcon_meta'
[1.608s] Level 1:colcon.colcon_core.package_identification:_identify(brickpi3_motors) by extensions ['ros']
[1.609s] Level 1:colcon.colcon_core.package_identification:_identify(brickpi3_motors) by extension 'ros'
[1.611s] DEBUG:colcon.colcon_core.package_identification:Package 'brickpi3_motors' with type 'ros.ament_cmake' and name 'brickpi3_motors'
[1.612s] Level 1:colcon.colcon_core.package_identification:_identify(brickpi3_sensors) by extensions ['ignore', 'ignore_ament_install']
[1.612s] Level 1:colcon.colcon_core.package_identification:_identify(brickpi3_sensors) by extension 'ignore'
[1.613s] Level 1:colcon.colcon_core.package_identification:_identify(brickpi3_sensors) by extension 'ignore_ament_install'
[1.613s] Level 1:colcon.colcon_core.package_identification:_identify(brickpi3_sensors) by extensions ['colcon_pkg']
[1.613s] Level 1:colcon.colcon_core.package_identification:_identify(brickpi3_sensors) by extension 'colcon_pkg'
[1.614s] Level 1:colcon.colcon_core.package_identification:_identify(brickpi3_sensors) by extensions ['colcon_meta']
[1.614s] Level 1:colcon.colcon_core.package_identification:_identify(brickpi3_sensors) by extension 'colcon_meta'
[1.614s] Level 1:colcon.colcon_core.package_identification:_identify(brickpi3_sensors) by extensions ['ros']
[1.614s] Level 1:colcon.colcon_core.package_identification:_identify(brickpi3_sensors) by extension 'ros'
[1.617s] DEBUG:colcon.colcon_core.package_identification:Package 'brickpi3_sensors' with type 'ros.ament_python' and name 'brickpi3_sensors'
[1.619s] Level 1:colcon.colcon_core.package_identification:_identify(build) by extensions ['ignore', 'ignore_ament_install']
[1.620s] Level 1:colcon.colcon_core.package_identification:_identify(build) by extension 'ignore'
[1.620s] Level 1:colcon.colcon_core.package_identification:_identify(build) ignored
[1.622s] Level 1:colcon.colcon_core.package_identification:_identify(docker) by extensions ['ignore', 'ignore_ament_install']
[1.623s] Level 1:colcon.colcon_core.package_identification:_identify(docker) by extension 'ignore'
[1.623s] Level 1:colcon.colcon_core.package_identification:_identify(docker) by extension 'ignore_ament_install'
[1.624s] Level 1:colcon.colcon_core.package_identification:_identify(docker) by extensions ['colcon_pkg']
[1.624s] Level 1:colcon.colcon_core.package_identification:_identify(docker) by extension 'colcon_pkg'
[1.625s] Level 1:colcon.colcon_core.package_identification:_identify(docker) by extensions ['colcon_meta']
[1.626s] Level 1:colcon.colcon_core.package_identification:_identify(docker) by extension 'colcon_meta'
[1.626s] Level 1:colcon.colcon_core.package_identification:_identify(docker) by extensions ['ros']
[1.626s] Level 1:colcon.colcon_core.package_identification:_identify(docker) by extension 'ros'
[1.627s] Level 1:colcon.colcon_core.package_identification:_identify(docker) by extensions ['cmake', 'python']
[1.627s] Level 1:colcon.colcon_core.package_identification:_identify(docker) by extension 'cmake'
[1.628s] Level 1:colcon.colcon_core.package_identification:_identify(docker) by extension 'python'
[1.629s] Level 1:colcon.colcon_core.package_identification:_identify(docker) by extensions ['python_setup_py']
[1.629s] Level 1:colcon.colcon_core.package_identification:_identify(docker) by extension 'python_setup_py'
[1.630s] Level 1:colcon.colcon_core.package_identification:_identify(docker/brickpi3) by extensions ['ignore', 'ignore_ament_install']
[1.630s] Level 1:colcon.colcon_core.package_identification:_identify(docker/brickpi3) by extension 'ignore'
[1.631s] Level 1:colcon.colcon_core.package_identification:_identify(docker/brickpi3) by extension 'ignore_ament_install'
[1.631s] Level 1:colcon.colcon_core.package_identification:_identify(docker/brickpi3) by extensions ['colcon_pkg']
[1.631s] Level 1:colcon.colcon_core.package_identification:_identify(docker/brickpi3) by extension 'colcon_pkg'
[1.632s] Level 1:colcon.colcon_core.package_identification:_identify(docker/brickpi3) by extensions ['colcon_meta']
[1.632s] Level 1:colcon.colcon_core.package_identification:_identify(docker/brickpi3) by extension 'colcon_meta'
[1.633s] Level 1:colcon.colcon_core.package_identification:_identify(docker/brickpi3) by extensions ['ros']
[1.633s] Level 1:colcon.colcon_core.package_identification:_identify(docker/brickpi3) by extension 'ros'
[1.634s] Level 1:colcon.colcon_core.package_identification:_identify(docker/brickpi3) by extensions ['cmake', 'python']
[1.634s] Level 1:colcon.colcon_core.package_identification:_identify(docker/brickpi3) by extension 'cmake'
[1.635s] Level 1:colcon.colcon_core.package_identification:_identify(docker/brickpi3) by extension 'python'
[1.635s] Level 1:colcon.colcon_core.package_identification:_identify(docker/brickpi3) by extensions ['python_setup_py']
[1.636s] Level 1:colcon.colcon_core.package_identification:_identify(docker/brickpi3) by extension 'python_setup_py'
[1.637s] Level 1:colcon.colcon_core.package_identification:_identify(ev3_sensor_msgs) by extensions ['ignore', 'ignore_ament_install']
[1.637s] Level 1:colcon.colcon_core.package_identification:_identify(ev3_sensor_msgs) by extension 'ignore'
[1.638s] Level 1:colcon.colcon_core.package_identification:_identify(ev3_sensor_msgs) by extension 'ignore_ament_install'
[1.638s] Level 1:colcon.colcon_core.package_identification:_identify(ev3_sensor_msgs) by extensions ['colcon_pkg']
[1.639s] Level 1:colcon.colcon_core.package_identification:_identify(ev3_sensor_msgs) by extension 'colcon_pkg'
[1.639s] Level 1:colcon.colcon_core.package_identification:_identify(ev3_sensor_msgs) by extensions ['colcon_meta']
[1.639s] Level 1:colcon.colcon_core.package_identification:_identify(ev3_sensor_msgs) by extension 'colcon_meta'
[1.640s] Level 1:colcon.colcon_core.package_identification:_identify(ev3_sensor_msgs) by extensions ['ros']
[1.641s] Level 1:colcon.colcon_core.package_identification:_identify(ev3_sensor_msgs) by extension 'ros'
[1.644s] DEBUG:colcon.colcon_core.package_identification:Package 'ev3_sensor_msgs' with type 'ros.ament_cmake' and name 'ev3_sensor_msgs'
[1.646s] Level 1:colcon.colcon_core.package_identification:_identify(install) by extensions ['ignore', 'ignore_ament_install']
[1.646s] Level 1:colcon.colcon_core.package_identification:_identify(install) by extension 'ignore'
[1.647s] Level 1:colcon.colcon_core.package_identification:_identify(install) ignored
[1.649s] Level 1:colcon.colcon_core.package_identification:_identify(log) by extensions ['ignore', 'ignore_ament_install']
[1.650s] Level 1:colcon.colcon_core.package_identification:_identify(log) by extension 'ignore'
[1.650s] Level 1:colcon.colcon_core.package_identification:_identify(log) ignored
[1.651s] Level 1:colcon.colcon_core.package_identification:_identify(rt_ros2) by extensions ['ignore', 'ignore_ament_install']
[1.652s] Level 1:colcon.colcon_core.package_identification:_identify(rt_ros2) by extension 'ignore'
[1.652s] Level 1:colcon.colcon_core.package_identification:_identify(rt_ros2) by extension 'ignore_ament_install'
[1.652s] Level 1:colcon.colcon_core.package_identification:_identify(rt_ros2) by extensions ['colcon_pkg']
[1.652s] Level 1:colcon.colcon_core.package_identification:_identify(rt_ros2) by extension 'colcon_pkg'
[1.653s] Level 1:colcon.colcon_core.package_identification:_identify(rt_ros2) by extensions ['colcon_meta']
[1.653s] Level 1:colcon.colcon_core.package_identification:_identify(rt_ros2) by extension 'colcon_meta'
[1.653s] Level 1:colcon.colcon_core.package_identification:_identify(rt_ros2) by extensions ['ros']
[1.653s] Level 1:colcon.colcon_core.package_identification:_identify(rt_ros2) by extension 'ros'
[1.657s] DEBUG:colcon.colcon_core.package_identification:Package 'rt_ros2' with type 'ros.ament_cmake' and name 'rt_ros2'
[1.658s] Level 1:colcon.colcon_core.package_identification:_identify(trazas) by extensions ['ignore', 'ignore_ament_install']
[1.659s] Level 1:colcon.colcon_core.package_identification:_identify(trazas) by extension 'ignore'
[1.660s] Level 1:colcon.colcon_core.package_identification:_identify(trazas) by extension 'ignore_ament_install'
[1.661s] Level 1:colcon.colcon_core.package_identification:_identify(trazas) by extensions ['colcon_pkg']
[1.661s] Level 1:colcon.colcon_core.package_identification:_identify(trazas) by extension 'colcon_pkg'
[1.662s] Level 1:colcon.colcon_core.package_identification:_identify(trazas) by extensions ['colcon_meta']
[1.662s] Level 1:colcon.colcon_core.package_identification:_identify(trazas) by extension 'colcon_meta'
[1.663s] Level 1:colcon.colcon_core.package_identification:_identify(trazas) by extensions ['ros']
[1.663s] Level 1:colcon.colcon_core.package_identification:_identify(trazas) by extension 'ros'
[1.664s] Level 1:colcon.colcon_core.package_identification:_identify(trazas) by extensions ['cmake', 'python']
[1.665s] Level 1:colcon.colcon_core.package_identification:_identify(trazas) by extension 'cmake'
[1.665s] Level 1:colcon.colcon_core.package_identification:_identify(trazas) by extension 'python'
[1.666s] Level 1:colcon.colcon_core.package_identification:_identify(trazas) by extensions ['python_setup_py']
[1.666s] Level 1:colcon.colcon_core.package_identification:_identify(trazas) by extension 'python_setup_py'
[1.667s] Level 1:colcon.colcon_core.package_discovery:discover_packages(recursive) using defaults
[1.667s] Level 1:colcon.colcon_core.package_discovery:discover_packages(ignore) discover
[1.667s] Level 1:colcon.colcon_core.package_discovery:discover_packages(ignore) using defaults
[1.668s] Level 1:colcon.colcon_core.package_discovery:discover_packages(path) discover
[1.668s] Level 1:colcon.colcon_core.package_discovery:discover_packages(path) using defaults
[1.785s] INFO:colcon.colcon_core.package_selection:Skipping not selected package 'brickpi3_motors' in 'brickpi3_motors'
[1.785s] INFO:colcon.colcon_core.package_selection:Skipping not selected package 'ev3_sensor_msgs' in 'ev3_sensor_msgs'
[1.786s] INFO:colcon.colcon_core.package_selection:Skipping not selected package 'rt_ros2' in 'rt_ros2'
[1.786s] INFO:colcon.colcon_core.package_selection:Skipping not selected package 'brickpi3_charlie' in 'brickpi3_charlie'
[1.788s] Level 1:colcon.colcon_core.package_discovery:discover_packages(prefix_path) check parameters
[1.788s] Level 1:colcon.colcon_core.package_discovery:discover_packages(prefix_path) discover
[1.800s] DEBUG:colcon.colcon_installed_package_information.package_discovery:Found 5 installed packages in /code/brickpi/install
[1.808s] DEBUG:colcon.colcon_installed_package_information.package_discovery:Found 200 installed packages in /opt/ros/humble
[1.815s] Level 1:colcon.colcon_core.package_discovery:discover_packages(prefix_path) using defaults
[2.007s] Level 5:colcon.colcon_core.verb:set package 'brickpi3_sensors' build argument 'cmake_args' from command line to 'None'
[2.007s] Level 5:colcon.colcon_core.verb:set package 'brickpi3_sensors' build argument 'cmake_target' from command line to 'None'
[2.007s] Level 5:colcon.colcon_core.verb:set package 'brickpi3_sensors' build argument 'cmake_target_skip_unavailable' from command line to 'False'
[2.008s] Level 5:colcon.colcon_core.verb:set package 'brickpi3_sensors' build argument 'cmake_clean_cache' from command line to 'False'
[2.008s] Level 5:colcon.colcon_core.verb:set package 'brickpi3_sensors' build argument 'cmake_clean_first' from command line to 'False'
[2.008s] Level 5:colcon.colcon_core.verb:set package 'brickpi3_sensors' build argument 'cmake_force_configure' from command line to 'False'
[2.008s] Level 5:colcon.colcon_core.verb:set package 'brickpi3_sensors' build argument 'ament_cmake_args' from command line to 'None'
[2.008s] Level 5:colcon.colcon_core.verb:set package 'brickpi3_sensors' build argument 'catkin_cmake_args' from command line to 'None'
[2.008s] Level 5:colcon.colcon_core.verb:set package 'brickpi3_sensors' build argument 'catkin_skip_building_tests' from command line to 'False'
[2.008s] DEBUG:colcon.colcon_core.verb:Building package 'brickpi3_sensors' with the following arguments: {'ament_cmake_args': None, 'build_base': '/code/brickpi/build/brickpi3_sensors', 'catkin_cmake_args': None, 'catkin_skip_building_tests': False, 'cmake_args': None, 'cmake_clean_cache': False, 'cmake_clean_first': False, 'cmake_force_configure': False, 'cmake_target': None, 'cmake_target_skip_unavailable': False, 'install_base': '/code/brickpi/install/brickpi3_sensors', 'merge_install': False, 'path': '/code/brickpi/brickpi3_sensors', 'symlink_install': False, 'test_result_base': None}
[2.009s] INFO:colcon.colcon_core.executor:Executing jobs using 'parallel' executor
[2.013s] DEBUG:colcon.colcon_parallel_executor.executor.parallel:run_until_complete
[2.014s] INFO:colcon.colcon_ros.task.ament_python.build:Building ROS package in '/code/brickpi/brickpi3_sensors' with build type 'ament_python'
[2.015s] Level 1:colcon.colcon_core.shell:create_environment_hook('brickpi3_sensors', 'ament_prefix_path')
[2.027s] INFO:colcon.colcon_core.plugin_system:Skipping extension 'colcon_core.shell.bat': Not used on non-Windows systems
[2.027s] INFO:colcon.colcon_core.shell:Creating environment hook '/code/brickpi/install/brickpi3_sensors/share/brickpi3_sensors/hook/ament_prefix_path.ps1'
[2.031s] INFO:colcon.colcon_core.shell:Creating environment descriptor '/code/brickpi/install/brickpi3_sensors/share/brickpi3_sensors/hook/ament_prefix_path.dsv'
[2.033s] INFO:colcon.colcon_core.shell:Creating environment hook '/code/brickpi/install/brickpi3_sensors/share/brickpi3_sensors/hook/ament_prefix_path.sh'
[2.038s] INFO:colcon.colcon_core.shell:Skip shell extension 'powershell' for command environment: Not usable outside of PowerShell
[2.038s] DEBUG:colcon.colcon_core.shell:Skip shell extension 'dsv' for command environment
[3.512s] INFO:colcon.colcon_core.task.python.build:Building Python package in '/code/brickpi/brickpi3_sensors'
[3.513s] INFO:colcon.colcon_core.shell:Skip shell extension 'powershell' for command environment: Not usable outside of PowerShell
[3.513s] DEBUG:colcon.colcon_core.shell:Skip shell extension 'dsv' for command environment
[5.617s] DEBUG:colcon.colcon_core.event_handler.log_command:Invoking command in '/code/brickpi/brickpi3_sensors': PYTHONPATH=/code/brickpi/build/brickpi3_sensors/prefix_override:/usr/lib/python3/dist-packages/colcon_core/task/python/colcon_distutils_commands:/code/brickpi/install/brickpi3_sensors/lib/python3.10/site-packages:${PYTHONPATH} /usr/bin/python3 -W ignore:setup.py install is deprecated -W ignore:easy_install command is deprecated setup.py egg_info --egg-base ../build/brickpi3_sensors build --build-base /code/brickpi/build/brickpi3_sensors/build install --record /code/brickpi/build/brickpi3_sensors/install.log --single-version-externally-managed install_data
[7.292s] DEBUG:colcon.colcon_core.event_handler.log_command:Invoked command in '/code/brickpi/brickpi3_sensors' returned '0': PYTHONPATH=/code/brickpi/build/brickpi3_sensors/prefix_override:/usr/lib/python3/dist-packages/colcon_core/task/python/colcon_distutils_commands:/code/brickpi/install/brickpi3_sensors/lib/python3.10/site-packages:${PYTHONPATH} /usr/bin/python3 -W ignore:setup.py install is deprecated -W ignore:easy_install command is deprecated setup.py egg_info --egg-base ../build/brickpi3_sensors build --build-base /code/brickpi/build/brickpi3_sensors/build install --record /code/brickpi/build/brickpi3_sensors/install.log --single-version-externally-managed install_data
[7.304s] Level 1:colcon.colcon_core.environment:checking '/code/brickpi/install/brickpi3_sensors' for CMake module files
[7.307s] Level 1:colcon.colcon_core.environment:checking '/code/brickpi/install/brickpi3_sensors' for CMake config files
[7.312s] Level 1:colcon.colcon_core.environment:checking '/code/brickpi/install/brickpi3_sensors/lib'
[7.312s] Level 1:colcon.colcon_core.environment:checking '/code/brickpi/install/brickpi3_sensors/bin'
[7.313s] Level 1:colcon.colcon_core.environment:checking '/code/brickpi/install/brickpi3_sensors/lib/pkgconfig/brickpi3_sensors.pc'
[7.314s] Level 1:colcon.colcon_core.environment:checking '/code/brickpi/install/brickpi3_sensors/lib/python3.10/site-packages'
[7.314s] Level 1:colcon.colcon_core.shell:create_environment_hook('brickpi3_sensors', 'pythonpath')
[7.315s] INFO:colcon.colcon_core.shell:Creating environment hook '/code/brickpi/install/brickpi3_sensors/share/brickpi3_sensors/hook/pythonpath.ps1'
[7.318s] INFO:colcon.colcon_core.shell:Creating environment descriptor '/code/brickpi/install/brickpi3_sensors/share/brickpi3_sensors/hook/pythonpath.dsv'
[7.321s] INFO:colcon.colcon_core.shell:Creating environment hook '/code/brickpi/install/brickpi3_sensors/share/brickpi3_sensors/hook/pythonpath.sh'
[7.325s] Level 1:colcon.colcon_core.environment:checking '/code/brickpi/install/brickpi3_sensors/bin'
[7.326s] Level 1:colcon.colcon_core.environment:create_environment_scripts_only(brickpi3_sensors)
[7.327s] INFO:colcon.colcon_core.shell:Creating package script '/code/brickpi/install/brickpi3_sensors/share/brickpi3_sensors/package.ps1'
[7.333s] INFO:colcon.colcon_core.shell:Creating package descriptor '/code/brickpi/install/brickpi3_sensors/share/brickpi3_sensors/package.dsv'
[7.337s] INFO:colcon.colcon_core.shell:Creating package script '/code/brickpi/install/brickpi3_sensors/share/brickpi3_sensors/package.sh'
[7.342s] INFO:colcon.colcon_core.shell:Creating package script '/code/brickpi/install/brickpi3_sensors/share/brickpi3_sensors/package.bash'
[7.347s] INFO:colcon.colcon_core.shell:Creating package script '/code/brickpi/install/brickpi3_sensors/share/brickpi3_sensors/package.zsh'
[7.352s] Level 1:colcon.colcon_core.environment:create_file_with_runtime_dependencies(/code/brickpi/install/brickpi3_sensors/share/colcon-core/packages/brickpi3_sensors)
[7.355s] DEBUG:colcon.colcon_parallel_executor.executor.parallel:closing loop
[7.357s] DEBUG:colcon.colcon_parallel_executor.executor.parallel:loop closed
[7.357s] DEBUG:colcon.colcon_parallel_executor.executor.parallel:run_until_complete finished with '0'
[7.358s] DEBUG:colcon.colcon_core.event_reactor:joining thread
[7.389s] INFO:colcon.colcon_core.plugin_system:Skipping extension 'colcon_notification.desktop_notification.notify_send': Could not find 'notify-send'
[7.390s] INFO:colcon.colcon_core.plugin_system:Skipping extension 'colcon_notification.desktop_notification.terminal_notifier': Not used on non-Darwin systems
[7.391s] INFO:colcon.colcon_core.plugin_system:Skipping extension 'colcon_notification.desktop_notification.win32': Not used on non-Windows systems
[7.392s] INFO:colcon.colcon_notification.desktop_notification:Sending desktop notification using 'notify2'
[7.396s] DEBUG:colcon.colcon_notification.desktop_notification.notify2:Failed to initialize notify2: org.freedesktop.DBus.Error.ServiceUnknown: The name org.freedesktop.Notifications was not provided by any .service files
[7.396s] DEBUG:colcon.colcon_core.event_reactor:joined thread
[7.398s] INFO:colcon.colcon_core.shell:Creating prefix script '/code/brickpi/install/local_setup.ps1'
[7.404s] INFO:colcon.colcon_core.shell:Creating prefix util module '/code/brickpi/install/_local_setup_util_ps1.py'
[7.414s] INFO:colcon.colcon_core.shell:Creating prefix chain script '/code/brickpi/install/setup.ps1'
[7.427s] INFO:colcon.colcon_core.shell:Creating prefix script '/code/brickpi/install/local_setup.sh'
[7.433s] INFO:colcon.colcon_core.shell:Creating prefix util module '/code/brickpi/install/_local_setup_util_sh.py'
[7.443s] INFO:colcon.colcon_core.shell:Creating prefix chain script '/code/brickpi/install/setup.sh'
[7.457s] INFO:colcon.colcon_core.shell:Creating prefix script '/code/brickpi/install/local_setup.bash'
[7.464s] INFO:colcon.colcon_core.shell:Creating prefix chain script '/code/brickpi/install/setup.bash'
[7.475s] INFO:colcon.colcon_core.shell:Creating prefix script '/code/brickpi/install/local_setup.zsh'
[7.482s] INFO:colcon.colcon_core.shell:Creating prefix chain script '/code/brickpi/install/setup.zsh'
