[0.094s] Invoking command in '/code/brickpi/build/rt_ros2': CMAKE_PREFIX_PATH=${CMAKE_PREFIX_PATH}:/code/brickpi/install/brickpi3_sensors:/code/brickpi/install/brickpi3_charlie:/opt/ros/humble /usr/bin/cmake --build /code/brickpi/build/rt_ros2 -- -j4 -l4
[0.349s] [35m[1mConsolidate compiler generated dependencies of target rt_ros2[0m
[0.550s] [ 25%] [32mBuilding CXX object CMakeFiles/rt_ros2.dir/src/main.cc.o[0m
[0.554s] [ 50%] [32mBuilding CXX object CMakeFiles/rt_ros2.dir/src/nodo_actuador.cpp.o[0m
[0.593s] [ 75%] [32mBuilding CXX object CMakeFiles/rt_ros2.dir/src/nodo_maquina_estados.cpp.o[0m
[65.523s] [100%] [32m[1mLinking CXX executable rt_ros2[0m
[69.452s] [100%] Built target rt_ros2
[69.501s] Invoked command in '/code/brickpi/build/rt_ros2' returned '0': CMAKE_PREFIX_PATH=${CMAKE_PREFIX_PATH}:/code/brickpi/install/brickpi3_sensors:/code/brickpi/install/brickpi3_charlie:/opt/ros/humble /usr/bin/cmake --build /code/brickpi/build/rt_ros2 -- -j4 -l4
[69.545s] Invoking command in '/code/brickpi/build/rt_ros2': CMAKE_PREFIX_PATH=${CMAKE_PREFIX_PATH}:/code/brickpi/install/brickpi3_sensors:/code/brickpi/install/brickpi3_charlie:/opt/ros/humble /usr/bin/cmake --install /code/brickpi/build/rt_ros2
[69.577s] -- Install configuration: ""
[69.578s] -- Installing: /code/brickpi/install/rt_ros2/lib/rt_ros2/rt_ros2
[69.654s] -- Set runtime path of "/code/brickpi/install/rt_ros2/lib/rt_ros2/rt_ros2" to ""
[69.655s] -- Up-to-date: /code/brickpi/install/rt_ros2/share/ament_index/resource_index/package_run_dependencies/rt_ros2
[69.656s] -- Up-to-date: /code/brickpi/install/rt_ros2/share/ament_index/resource_index/parent_prefix_path/rt_ros2
[69.656s] -- Up-to-date: /code/brickpi/install/rt_ros2/share/rt_ros2/environment/ament_prefix_path.sh
[69.657s] -- Up-to-date: /code/brickpi/install/rt_ros2/share/rt_ros2/environment/ament_prefix_path.dsv
[69.657s] -- Up-to-date: /code/brickpi/install/rt_ros2/share/rt_ros2/environment/path.sh
[69.658s] -- Up-to-date: /code/brickpi/install/rt_ros2/share/rt_ros2/environment/path.dsv
[69.658s] -- Up-to-date: /code/brickpi/install/rt_ros2/share/rt_ros2/local_setup.bash
[69.659s] -- Up-to-date: /code/brickpi/install/rt_ros2/share/rt_ros2/local_setup.sh
[69.660s] -- Up-to-date: /code/brickpi/install/rt_ros2/share/rt_ros2/local_setup.zsh
[69.660s] -- Up-to-date: /code/brickpi/install/rt_ros2/share/rt_ros2/local_setup.dsv
[69.661s] -- Installing: /code/brickpi/install/rt_ros2/share/rt_ros2/package.dsv
[69.661s] -- Up-to-date: /code/brickpi/install/rt_ros2/share/ament_index/resource_index/packages/rt_ros2
[69.662s] -- Up-to-date: /code/brickpi/install/rt_ros2/share/rt_ros2/cmake/rt_ros2Config.cmake
[69.662s] -- Up-to-date: /code/brickpi/install/rt_ros2/share/rt_ros2/cmake/rt_ros2Config-version.cmake
[69.663s] -- Up-to-date: /code/brickpi/install/rt_ros2/share/rt_ros2/package.xml
[69.668s] Invoked command in '/code/brickpi/build/rt_ros2' returned '0': CMAKE_PREFIX_PATH=${CMAKE_PREFIX_PATH}:/code/brickpi/install/brickpi3_sensors:/code/brickpi/install/brickpi3_charlie:/opt/ros/humble /usr/bin/cmake --install /code/brickpi/build/rt_ros2
