[5.128s] Invoking command in '/code/brickpi/build/brickpi3_sensors': PYTHONPATH=/code/brickpi/build/brickpi3_sensors/prefix_override:/usr/lib/python3/dist-packages/colcon_core/task/python/colcon_distutils_commands:/code/brickpi/install/brickpi3_sensors/lib/python3.10/site-packages:${PYTHONPATH} /usr/bin/python3 -W ignore:setup.py install is deprecated -W ignore:easy_install command is deprecated setup.py develop --editable --build-directory /code/brickpi/build/brickpi3_sensors/build --no-deps symlink_data
[8.219s] running develop
[10.411s] running egg_info
[10.412s] creating brickpi3_sensors.egg-info
[10.414s] writing brickpi3_sensors.egg-info/PKG-INFO
[10.418s] writing dependency_links to brickpi3_sensors.egg-info/dependency_links.txt
[10.420s] writing entry points to brickpi3_sensors.egg-info/entry_points.txt
[10.421s] writing requirements to brickpi3_sensors.egg-info/requires.txt
[10.425s] writing top-level names to brickpi3_sensors.egg-info/top_level.txt
[10.428s] writing manifest file 'brickpi3_sensors.egg-info/SOURCES.txt'
[10.454s] reading manifest file 'brickpi3_sensors.egg-info/SOURCES.txt'
[10.476s] writing manifest file 'brickpi3_sensors.egg-info/SOURCES.txt'
[10.488s] running build_ext
[10.491s] Creating /code/brickpi/install/brickpi3_sensors/lib/python3.10/site-packages/brickpi3-sensors.egg-link (link to .)
[10.516s] Installing battery_node script to /code/brickpi/install/brickpi3_sensors/lib/brickpi3_sensors
[10.517s] Installing color_sensor_node script to /code/brickpi/install/brickpi3_sensors/lib/brickpi3_sensors
[10.518s] Installing compass_node script to /code/brickpi/install/brickpi3_sensors/lib/brickpi3_sensors
[10.520s] Installing differential_drive_node script to /code/brickpi/install/brickpi3_sensors/lib/brickpi3_sensors
[10.521s] Installing gyro_node script to /code/brickpi/install/brickpi3_sensors/lib/brickpi3_sensors
[10.523s] Installing infrared_distance_node script to /code/brickpi/install/brickpi3_sensors/lib/brickpi3_sensors
[10.533s] Installing touch_sensor_node script to /code/brickpi/install/brickpi3_sensors/lib/brickpi3_sensors
[10.534s] Installing ultrasonic_distance_node script to /code/brickpi/install/brickpi3_sensors/lib/brickpi3_sensors
[10.537s] 
[10.538s] Installed /code/brickpi/build/brickpi3_sensors
[10.539s] running symlink_data
[10.540s] creating /code/brickpi/install/brickpi3_sensors/share/ament_index
[10.541s] creating /code/brickpi/install/brickpi3_sensors/share/ament_index/resource_index
[10.542s] creating /code/brickpi/install/brickpi3_sensors/share/ament_index/resource_index/packages
[10.542s] symbolically linking /code/brickpi/build/brickpi3_sensors/resource/brickpi3_sensors -> /code/brickpi/install/brickpi3_sensors/share/ament_index/resource_index/packages
[10.544s] symbolically linking /code/brickpi/build/brickpi3_sensors/package.xml -> /code/brickpi/install/brickpi3_sensors/share/brickpi3_sensors
[10.545s] creating /code/brickpi/install/brickpi3_sensors/share/brickpi3_sensors/launch
[10.846s] Invoked command in '/code/brickpi/build/brickpi3_sensors' returned '0': PYTHONPATH=/code/brickpi/build/brickpi3_sensors/prefix_override:/usr/lib/python3/dist-packages/colcon_core/task/python/colcon_distutils_commands:/code/brickpi/install/brickpi3_sensors/lib/python3.10/site-packages:${PYTHONPATH} /usr/bin/python3 -W ignore:setup.py install is deprecated -W ignore:easy_install command is deprecated setup.py develop --editable --build-directory /code/brickpi/build/brickpi3_sensors/build --no-deps symlink_data
